******************************************************************************
                  TI ARM Linker Unix v18.1.1                   
******************************************************************************
>> Linked Mon Jul 23 20:46:24 2018

OUTPUT FILE NAME:   <LM4F_TM4C_uart.out>
ENTRY POINT SYMBOL: "_c_int00_noargs"  address: 00010879


MEMORY CONFIGURATION

         name            origin    length      used     unused   attr    fill
----------------------  --------  ---------  --------  --------  ----  --------
  FLASH                 00000000   00020000  000121c2  0000de3e  R  X
  SRAM                  20000000   00008000  00002944  000056bc  RW X


SEGMENT ALLOCATION MAP

run origin  load origin   length   init length attrs members
----------  ----------- ---------- ----------- ----- -------
00000000    00000000    000121d0   000121d0    r-x
  00000000    00000000    0000026c   0000026c    r-- .intvecs
  00000270    00000270    00010a2c   00010a2c    r-x .text
  00010ca0    00010ca0    00001496   00001496    r-- .const
  00012138    00012138    0000000c   0000000c    r-- .rodata.str1.4
  00012148    00012148    00000088   00000088    r-- .cinit
20000000    20000000    00002948   00000000    rw-
  20000000    20000000    0000026c   00000000    rw- .vtable
  20000270    20000270    00001618   00000000    rw- .bss
  20001888    20001888    00001000   00000000    rw- .stack
  20002888    20002888    000000c0   00000000    rw- .data


SECTION ALLOCATION MAP

 output                                  attributes/
section   page    origin      length       input sections
--------  ----  ----------  ----------   ----------------
.intvecs   0    00000000    0000026c     
                  00000000    0000026c     startup_ccs.obj (.intvecs)

.text      0    00000270    00010a2c     
                  00000270    00002430     liblibmplmpu-m4-hardfp.a : compass_vec_cal.o (.text)
                  000026a0    00001e44     inv_mpu.obj (.text)
                  000044e4    00000004     driverlib.lib : i2c.obj (.text:I2CMasterControl)
                  000044e8    00000d98     liblibmplmpu-m4-hardfp.a : accel_auto_cal.o (.text)
                  00005280    00000d90                              : fast_no_motion.o (.text)
                  00006010    00000d64     ml_math_func.obj (.text)
                  00006d74    00000b2c     data_builder.obj (.text)
                  000078a0    00000b0c     inv_mpu_dmp_motion_driver.obj (.text)
                  000083ac    00000004     driverlib.lib : i2c.obj (.text:I2CMasterDataGet)
                  000083b0    00000a78     liblibmplmpu-m4-hardfp.a : quaternion_supervisor.o (.text)
                  00008e28    00000a5e     rtsv7M4_T_le_v4SPD16_eabi.lib : _printfi.c.obj (.text:__TI_printfi)
                  00009886    00000002                                   : div0.asm.obj (.text)
                  00009888    00000760     liblibmplmpu-m4-hardfp.a : fusion_9axis.o (.text)
                  00009fe8    00000738     rtsv7M4_T_le_v4SPD16_eabi.lib : k_rem_pio2.c.obj (.text:__kernel_rem_pio2)
                  0000a720    00000680     liblibmplmpu-m4-hardfp.a : mag_disturb.o (.text)
                  0000ada0    00000630     mpu_interface.obj (.text)
                  0000b3d0    000005dc     rtsv7M4_T_le_v4SPD16_eabi.lib : s_cos.c.obj (.text:cos)
                  0000b9ac    000005bc     hal_outputs.obj (.text)
                  0000bf68    000005a0     liblibmplmpu-m4-hardfp.a : gyro_tc.o (.text)
                  0000c508    000004a8     results_holder.obj (.text)
                  0000c9b0    00000440     uart_echo.obj (.text)
                  0000cdf0    0000041c     rtsv7M4_T_le_v4SPD16_eabi.lib : e_acos.c.obj (.text:acos)
                  0000d20c    000003c4                                   : e_log.c.obj (.text:log)
                  0000d5d0    000003b8     eMPL_outputs.obj (.text)
                  0000d988    00000350     uartstdio.obj (.text)
                  0000dcd8    00000290     log_stm32.obj (.text)
                  0000df68    00000270     rtsv7M4_T_le_v4SPD16_eabi.lib : _printfi.c.obj (.text:_pconv_a)
                  0000e1d8    00000208     i2c_TM4C.obj (.text)
                  0000e3e0    000001d0     rtsv7M4_T_le_v4SPD16_eabi.lib : _printfi.c.obj (.text:_pconv_g)
                  0000e5b0    000001c4     storage_manager.obj (.text)
                  0000e774    000001b6     rtsv7M4_T_le_v4SPD16_eabi.lib : fd_add_t2.asm.obj (.text)
                  0000e92a    00000002     --HOLE-- [fill = 0]
                  0000e92c    00000194                                   : e_acosf.c.obj (.text:acosf)
                  0000eac0    00000174                                   : k_sin.c.obj (.text:__kernel_sin)
                  0000ec34    00000170                                   : e_asinf.c.obj (.text:asinf)
                  0000eda4    0000016c                                   : k_cos.c.obj (.text:__kernel_cos)
                  0000ef10    00000158                                   : e_atan2f.c.obj (.text:atan2f)
                  0000f068    00000158                                   : e_sqrt.c.obj (.text:sqrt)
                  0000f1c0    00000150                                   : s_atanf.c.obj (.text:atanf)
                  0000f310    0000013c                                   : _printfi.c.obj (.text:_pconv_e)
                  0000f44c    00000136                                   : fd_div_t2.asm.obj (.text)
                  0000f582    00000132     driverlib.lib : gpio.obj (.text:GPIOPadConfigSet)
                  0000f6b4    00000120     rtsv7M4_T_le_v4SPD16_eabi.lib : _printfi.c.obj (.text:fcvt)
                  0000f7d4    00000110     driverlib.lib : sysctl.obj (.text:SysCtlClockGet)
                  0000f8e4    00000110     rtsv7M4_T_le_v4SPD16_eabi.lib : s_scalbn.c.obj (.text:scalbn)
                  0000f9f4    000000fc                                   : fd_mul_t2.asm.obj (.text)
                  0000faf0    000000f8                                   : s_floor.c.obj (.text:floor)
                  0000fbe8    000000f4     mpl.obj (.text)
                  0000fcdc    000000b4     rtsv7M4_T_le_v4SPD16_eabi.lib : s_cosf.c.obj (.text:cosf)
                  0000fd90    000000b1                                   : _printfi.c.obj (.text:_ltostr)
                  0000fe41    00000003     --HOLE-- [fill = 0]
                  0000fe44    000000a4                                   : s_sinf.c.obj (.text:sinf)
                  0000fee8    0000009c                                   : memcpy_t2.asm.obj (.text)
                  0000ff84    00000096                                   : ull_div_t2.asm.obj (.text)
                  0001001a    00000002     --HOLE-- [fill = 0]
                  0001001c    00000094     start_manager.obj (.text)
                  000100b0    00000086     rtsv7M4_T_le_v4SPD16_eabi.lib : fd_cmp_t2.asm.obj (.text:__aeabi_cdcmple)
                  00010136    00000086                                   : fd_cmp_t2.asm.obj (.text:__aeabi_cdrcmple)
                  000101bc    0000007a                                   : memset_t2.asm.obj (.text)
                  00010236    0000006e                                   : _printfi.c.obj (.text:_mcpy)
                  000102a4    0000006e                                   : fd_tos_t2.asm.obj (.text)
                  00010312    0000006e                                   : ll_div_t2.asm.obj (.text)
                  00010380    0000006c                                   : fs_toll_t2.asm.obj (.text)
                  000103ec    00000068                                   : copy_decompress_lzss.c.obj (.text:decompress:lzss:__TI_decompress_lzss)
                  00010454    00000064                                   : s_frexp.c.obj (.text:frexp)
                  000104b8    00000056                                   : _printfi.c.obj (.text:_pconv_f)
                  0001050e    00000054                                   : ltoa.c.obj (.text:ltoa)
                  00010562    00000052                                   : _printfi.c.obj (.text:_ecpy)
                  000105b4    00000050     driverlib.lib : sysctl.obj (.text:SysCtlPeripheralReset)
                  00010604    0000004c                   : i2c.obj (.text:I2CMasterInitExpClk)
                  00010650    0000004c     rtsv7M4_T_le_v4SPD16_eabi.lib : atoi.c.obj (.text:atoi)
                  0001069c    00000048     driverlib.lib : gpio.obj (.text:GPIOPinConfigure)
                  000106e4    00000048     rtsv7M4_T_le_v4SPD16_eabi.lib : fd_toi_t2.asm.obj (.text)
                  0001072c    00000048                                   : ll_tofs_t2.asm.obj (.text)
                  00010774    00000044                                   : autoinit.c.obj (.text:__TI_auto_init_nobinit_nopinit:__TI_auto_init_nobinit_nopinit)
                  000107b8    00000040                                   : u_divt2.asm.obj (.text)
                  000107f8    00000040                                   : sprintf.c.obj (.text:sprintf)
                  00010838    0000003e                                   : _printfi.c.obj (.text:_fcpy)
                  00010876    00000002     --HOLE-- [fill = 0]
                  00010878    00000038                                   : boot_cortex_m.c.obj (.text:_c_int00_noargs:_c_int00_noargs)
                  000108b0    00000038                                   : fs_tod_t2.asm.obj (.text)
                  000108e8    00000034     driverlib.lib : interrupt.obj (.text:IntRegister)
                  0001091c    00000034                   : sysctl.obj (.text:SysCtlPeripheralEnable)
                  00010950    0000002e     rtsv7M4_T_le_v4SPD16_eabi.lib : i_tofd_t2.asm.obj (.text)
                  0001097e    0000002c     i2c_functions.obj (.text)
                  000109aa    0000002a     driverlib.lib : gpio.obj (.text:GPIODirModeSet)
                  000109d4    00000028     rtsv7M4_T_le_v4SPD16_eabi.lib : e_sqrtf.c.obj (.text:sqrtf)
                  000109fc    00000028                                   : vsprintf.c.obj (.text:vsprintf)
                  00010a24    00000024                                   : memcmp.c.obj (.text:memcmp)
                  00010a48    00000024                                   : memmov.c.obj (.text:memmove)
                  00010a6c    00000024     message_layer.obj (.text)
                  00010a90    0000001e     rtsv7M4_T_le_v4SPD16_eabi.lib : ll_asr_t2.asm.obj (.text)
                  00010aae    00000002     --HOLE-- [fill = 0]
                  00010ab0    0000001c     driverlib.lib : systick.obj (.text:SysTickIntRegister)
                  00010acc    0000001c     rtsv7M4_T_le_v4SPD16_eabi.lib : memccpy.c.obj (.text:memccpy)
                  00010ae8    00000018                                   : sprintf.c.obj (.text:_outs)
                  00010b00    00000018                                   : vsprintf.c.obj (.text:_outs)
                  00010b18    00000018                                   : ll_mul_t2.asm.obj (.text)
                  00010b30    00000016                                   : strchr.c.obj (.text:strchr)
                  00010b46    00000002     --HOLE-- [fill = 0]
                  00010b48    00000014     driverlib.lib : systick.obj (.text:SysTickEnable)
                  00010b5c    00000014                   : systick.obj (.text:SysTickIntEnable)
                  00010b70    00000014     rtsv7M4_T_le_v4SPD16_eabi.lib : s_copysign.c.obj (.text:copysign)
                  00010b84    00000014                                   : strlen.c.obj (.text:strlen)
                  00010b98    00000012     driverlib.lib : gpio.obj (.text:GPIOPinTypeI2C)
                  00010baa    00000012                   : gpio.obj (.text:GPIOPinTypeI2CSCL)
                  00010bbc    00000012                   : gpio.obj (.text:GPIOPinTypeUART)
                  00010bce    00000012     rtsv7M4_T_le_v4SPD16_eabi.lib : wcslen.c.obj (.text:wcslen)
                  00010be0    00000010     driverlib.lib : systick.obj (.text:SysTickPeriodSet)
                  00010bf0    0000000e     rtsv7M4_T_le_v4SPD16_eabi.lib : fd_eabi_t2.asm.obj (.text:__aeabi_dcmpeq)
                  00010bfe    0000000e                                   : fd_eabi_t2.asm.obj (.text:__aeabi_dcmpgt)
                  00010c0c    0000000e                                   : fd_eabi_t2.asm.obj (.text:__aeabi_dcmple)
                  00010c1a    0000000e                                   : fd_eabi_t2.asm.obj (.text:__aeabi_dcmplt)
                  00010c28    0000000e                                   : copy_decompress_none.c.obj (.text:decompress:none:__TI_decompress_none)
                  00010c36    0000000c                                   : copy_zero_init.c.obj (.text:decompress:ZI:__TI_zero_init)
                  00010c42    0000000c     startup_ccs.obj (.text)
                  00010c4e    0000000a     driverlib.lib : i2c.obj (.text:I2CMasterEnable)
                  00010c58    0000000a     rtsv7M4_T_le_v4SPD16_eabi.lib : sprintf.c.obj (.text:_outc)
                  00010c62    0000000a                                   : vsprintf.c.obj (.text:_outc)
                  00010c6c    00000008     driverlib.lib : i2c.obj (.text:I2CMasterBusy)
                  00010c74    00000008                   : i2c.obj (.text:I2CMasterSlaveAddrSet)
                  00010c7c    00000008     rtsv7M4_T_le_v4SPD16_eabi.lib : errno.c.obj (.text:__aeabi_errno_addr)
                  00010c84    00000006     driverlib.lib : sysctl.obj (.text:SysCtlDelay)
                  00010c8a    00000006                   : uart.obj (.text:UARTClockSourceSet)
                  00010c90    00000004                   : i2c.obj (.text:I2CMasterDataPut)
                  00010c94    00000004     rtsv7M4_T_le_v4SPD16_eabi.lib : pre_init.c.obj (.text:_system_pre_init)
                  00010c98    00000004                                   : exit.c.obj (.text:abort:abort)

.const     0    00010ca0    00001496     
                  00010ca0    00000bf6     inv_mpu_dmp_motion_driver.obj (.const:.string:dmp_memory)
                  00011896    00000002     --HOLE-- [fill = 0]
                  00011898    00000400     ml_math_func.obj (.const:sin_lookup)
                  00011c98    00000158     rtsv7M4_T_le_v4SPD16_eabi.lib : k_rem_pio2.c.obj (.const:$O1$$)
                  00011df0    00000101                                   : ctype.c.obj (.const:.string:_ctypes_)
                  00011ef1    00000003     inv_mpu_dmp_motion_driver.obj (.const:.string:$P$T0$1)
                  00011ef4    00000090     driverlib.lib : gpio.obj (.const:g_pui32GPIOBaseAddrs)
                  00011f84    0000006c                   : sysctl.obj (.const:g_pui32Xtals)
                  00011ff0    00000034     rtsv7M4_T_le_v4SPD16_eabi.lib : s_atanf.c.obj (.const:$O1$$)
                  00012024    0000002a     inv_mpu.obj (.const:reg)
                  0001204e    00000002     --HOLE-- [fill = 0]
                  00012050    00000028     inv_mpu.obj (.const:test)
                  00012078    00000020     rtsv7M4_T_le_v4SPD16_eabi.lib : e_asinf.c.obj (.const)
                  00012098    00000014     mpl.obj (.const:.string:ml_ver)
                  000120ac    0000000e     mpl.obj (.const:.string:$P$T1$2)
                  000120ba    0000000e     inv_mpu.obj (.const:hw)
                  000120c8    0000000d     mpl.obj (.const:.string:$P$T0$1)
                  000120d5    0000000c     inv_mpu_dmp_motion_driver.obj (.const:.string:$P$T4$5)
                  000120e1    00000003     inv_mpu_dmp_motion_driver.obj (.const:.string:$P$T1$2)
                  000120e4    0000000c     uartstdio.obj (.const:g_ui32UARTBase)
                  000120f0    0000000c     uartstdio.obj (.const:g_ui32UARTPeriph)
                  000120fc    0000000b     inv_mpu_dmp_motion_driver.obj (.const:.string:$P$T7$8)
                  00012107    0000000b     inv_mpu_dmp_motion_driver.obj (.const:.string:$P$T8$9)
                  00012112    00000002     --HOLE-- [fill = 0]
                  00012114    0000000a     mpu_interface.obj (.const:.string)
                  0001211e    00000009     inv_mpu_dmp_motion_driver.obj (.const:.string:$P$T5$6)
                  00012127    00000009     inv_mpu_dmp_motion_driver.obj (.const:.string:$P$T6$7)
                  00012130    00000003     inv_mpu_dmp_motion_driver.obj (.const:.string:$P$T2$3)
                  00012133    00000003     inv_mpu_dmp_motion_driver.obj (.const:.string:$P$T3$4)

.cinit     0    00012148    00000088     
                  00012148    0000004d     (.cinit..data.load) [load image, compression = lzss]
                  00012195    00000003     --HOLE-- [fill = 0]
                  00012198    0000000c     (__TI_handler_table)
                  000121a4    00000004     --HOLE-- [fill = 0]
                  000121a8    00000008     (.cinit..bss.load) [load image, compression = zero_init]
                  000121b0    00000008     (.cinit..vtable.load) [load image, compression = zero_init]
                  000121b8    00000018     (__TI_cinit_table)

.init_array 
*          0    00000000    00000000     UNINITIALIZED

.vtable    0    20000000    0000026c     UNINITIALIZED
                  20000000    0000026c     driverlib.lib : interrupt.obj (.vtable)

.bss       0    20000270    00001618     UNINITIALIZED
                  20000270    000004b8     liblibmplmpu-m4-hardfp.a : accel_auto_cal.o (.bss)
                  20000728    00000260     (.common:fnm)
                  20000988    000001c4                              : gyro_tc.o (.bss)
                  20000b4c    00000004     message_layer.obj (.bss:mh)
                  20000b50    000001a8     (.common:vc)
                  20000cf8    00000198     storage_manager.obj (.bss:ds)
                  20000e90    00000198     data_builder.obj (.bss:sensors)
                  20001028    00000140     data_builder.obj (.bss:inv_data_builder)
                  20001168    00000138     (.common:s9axis)
                  200012a0    000000e8     (.common:cb)
                  20001388    000000e8     (.common:cb_sim)
                  20001470    000000e8     (.common:cb_test)
                  20001558    000000c4     hal_outputs.obj (.bss:hal_out)
                  2000161c    000000b8     liblibmplmpu-m4-hardfp.a : mag_disturb.o (.bss)
                  200016d4    00000088     results_holder.obj (.bss:rh)
                  2000175c    0000006c     liblibmplmpu-m4-hardfp.a : quaternion_supervisor.o (.bss)
                  200017c8    00000054     start_manager.obj (.bss:inv_start_cb)
                  2000181c    00000004     mpu_interface.obj (.bss)
                  20001820    00000040     liblibmplmpu-m4-hardfp.a : fast_no_motion.o (.bss)
                  20001860    00000028     eMPL_outputs.obj (.bss:eMPL_out)

.data      0    20002888    000000c0     UNINITIALIZED
                  20002888    00000038     inv_mpu.obj (.data:st)
                  200028c0    00000024     mpu_interface.obj (.data:hal)
                  200028e4    00000014     hal_outputs.obj (.data:compass_low_pass_filter_coeff)
                  200028f8    00000010     inv_mpu_dmp_motion_driver.obj (.data:dmp)
                  20002908    00000010     liblibmplmpu-m4-hardfp.a : compass_vec_cal.o (.data)
                  20002918    00000009     mpu_interface.obj (.data:compass_pdata)
                  20002921    00000009     mpu_interface.obj (.data:gyro_pdata)
                  2000292a    00000002     --HOLE--
                  2000292c    00000008     mpu_interface.obj (.data)
                  20002934    00000008     uart_echo.obj (.data)
                  2000293c    00000005     uartstdio.obj (.data)
                  20002941    00000003     --HOLE--
                  20002944    00000004     rtsv7M4_T_le_v4SPD16_eabi.lib : errno.c.obj (.data)

.stack     0    20001888    00001000     UNINITIALIZED
                  20001888    00000004     rtsv7M4_T_le_v4SPD16_eabi.lib : boot_cortex_m.c.obj (.stack)
                  2000188c    00000ffc     --HOLE--

.rodata.str1.4 
*          0    00012138    0000000c     
                  00012138    0000000c     liblibmplmpu-m4-hardfp.a : quaternion_supervisor.o (.rodata.str1.4)

MODULE SUMMARY

       Module                          code    ro data   rw data
       ------                          ----    -------   -------
    ./
       uart_echo.obj                   1088    0         8      
       startup_ccs.obj                 12      620       0      
    +--+-------------------------------+-------+---------+---------+
       Total:                          1100    620       8      
                                                                
    ./MPU/core/driver/eMPL/
       inv_mpu.obj                     7748    96        56     
       inv_mpu_dmp_motion_driver.obj   2828    3126      16     
    +--+-------------------------------+-------+---------+---------+
       Total:                          10576   3222      72     
                                                                
    ./MPU/core/driver/stm32L/
       log_stm32.obj                   656     0         0      
    +--+-------------------------------+-------+---------+---------+
       Total:                          656     0         0      
                                                                
    ./MPU/core/eMPL-hal/
       eMPL_outputs.obj                952     0         40     
    +--+-------------------------------+-------+---------+---------+
       Total:                          952     0         40     
                                                                
    ./MPU/core/mllite/
       ml_math_func.obj                3428    1024      0      
       data_builder.obj                2860    0         728    
       hal_outputs.obj                 1468    0         216    
       results_holder.obj              1192    0         136    
       storage_manager.obj             452     0         408    
       mpl.obj                         244     47        0      
       start_manager.obj               148     0         84     
       message_layer.obj               36      0         4      
    +--+-------------------------------+-------+---------+---------+
       Total:                          9828    1071      1576   
                                                                
    ./MPU_interface/
       mpu_interface.obj               1584    10        66     
    +--+-------------------------------+-------+---------+---------+
       Total:                          1584    10        66     
                                                                
    ./i2c_functions/
       i2c_TM4C.obj                    520     0         0      
       i2c_functions.obj               44      0         0      
    +--+-------------------------------+-------+---------+---------+
       Total:                          564     0         0      
                                                                
    ./include/
       uartstdio.obj                   848     24        5      
    +--+-------------------------------+-------+---------+---------+
       Total:                          848     24        5      
                                                                
    ../MPU/core/mpl/liblibmplmpu-m4-hardfp.a
       compass_vec_cal.o               9264    0         1136   
       accel_auto_cal.o                3480    0         1208   
       fast_no_motion.o                3472    0         672    
       quaternion_supervisor.o         2680    12        108    
       fusion_9axis.o                  1888    0         312    
       gyro_tc.o                       1440    0         452    
       mag_disturb.o                   1664    0         184    
    +--+-------------------------------+-------+---------+---------+
       Total:                          23888   12        4072   
                                                                
    /Applications/ti/TivaWare_C_Series-2.1.4.178/driverlib/ccs/Debug/driverlib.lib
       interrupt.obj                   52      0         620    
       gpio.obj                        474     144       0      
       sysctl.obj                      410     108       0      
       i2c.obj                         114     0         0      
       systick.obj                     84      0         0      
       uart.obj                        6       0         0      
    +--+-------------------------------+-------+---------+---------+
       Total:                          1140    252       620    
                                                                
    /Applications/ti/ccsv8/tools/compiler/ti-cgt-arm_18.1.1.LTS/lib/rtsv7M4_T_le_v4SPD16_eabi.lib
       _printfi.c.obj                  4863    0         0      
       k_rem_pio2.c.obj                1848    344       0      
       s_cos.c.obj                     1500    0         0      
       e_acos.c.obj                    1052    0         0      
       e_log.c.obj                     964     0         0      
       fd_add_t2.asm.obj               438     0         0      
       e_acosf.c.obj                   404     0         0      
       e_asinf.c.obj                   368     32        0      
       s_atanf.c.obj                   336     52        0      
       k_sin.c.obj                     372     0         0      
       k_cos.c.obj                     364     0         0      
       e_atan2f.c.obj                  344     0         0      
       e_sqrt.c.obj                    344     0         0      
       fd_div_t2.asm.obj               310     0         0      
       s_scalbn.c.obj                  272     0         0      
       fd_cmp_t2.asm.obj               268     0         0      
       ctype.c.obj                     0       257       0      
       fd_mul_t2.asm.obj               252     0         0      
       s_floor.c.obj                   248     0         0      
       s_cosf.c.obj                    180     0         0      
       s_sinf.c.obj                    164     0         0      
       memcpy_t2.asm.obj               156     0         0      
       ull_div_t2.asm.obj              150     0         0      
       memset_t2.asm.obj               122     0         0      
       fd_tos_t2.asm.obj               110     0         0      
       ll_div_t2.asm.obj               110     0         0      
       fs_toll_t2.asm.obj              108     0         0      
       copy_decompress_lzss.c.obj      104     0         0      
       s_frexp.c.obj                   100     0         0      
       sprintf.c.obj                   98      0         0      
       ltoa.c.obj                      84      0         0      
       atoi.c.obj                      76      0         0      
       vsprintf.c.obj                  74      0         0      
       fd_toi_t2.asm.obj               72      0         0      
       ll_tofs_t2.asm.obj              72      0         0      
       autoinit.c.obj                  68      0         0      
       u_divt2.asm.obj                 64      0         0      
       boot_cortex_m.c.obj             56      0         0      
       fd_eabi_t2.asm.obj              56      0         0      
       fs_tod_t2.asm.obj               56      0         0      
       i_tofd_t2.asm.obj               46      0         0      
       e_sqrtf.c.obj                   40      0         0      
       memcmp.c.obj                    36      0         0      
       memmov.c.obj                    36      0         0      
       ll_asr_t2.asm.obj               30      0         0      
       memccpy.c.obj                   28      0         0      
       ll_mul_t2.asm.obj               24      0         0      
       strchr.c.obj                    22      0         0      
       s_copysign.c.obj                20      0         0      
       strlen.c.obj                    20      0         0      
       wcslen.c.obj                    18      0         0      
       copy_decompress_none.c.obj      14      0         0      
       copy_zero_init.c.obj            12      0         0      
       errno.c.obj                     8       0         4      
       exit.c.obj                      4       0         0      
       pre_init.c.obj                  4       0         0      
       div0.asm.obj                    2       0         0      
    +--+-------------------------------+-------+---------+---------+
       Total:                          16991   685       4      
                                                                
       Stack:                          0       0         4096   
       Linker Generated:               0       129       0      
    +--+-------------------------------+-------+---------+---------+
       Grand Total:                    68127   6025      10559  


LINKER GENERATED COPY TABLES

__TI_cinit_table @ 000121b8 records: 3, size/record: 8, table size: 24
	.data: load addr=00012148, load size=0000004d bytes, run addr=20002888, run size=000000c0 bytes, compression=lzss
	.bss: load addr=000121a8, load size=00000008 bytes, run addr=20000270, run size=00001618 bytes, compression=zero_init
	.vtable: load addr=000121b0, load size=00000008 bytes, run addr=20000000, run size=0000026c bytes, compression=zero_init


LINKER GENERATED HANDLER TABLE

__TI_handler_table @ 00012198 records: 3, size/record: 4, table size: 12
	index: 0, handler: __TI_zero_init
	index: 1, handler: __TI_decompress_lzss
	index: 2, handler: __TI_decompress_none


GLOBAL SYMBOLS: SORTED ALPHABETICALLY BY Name 

address   name                                    
-------   ----                                    
0000ccc9  AP_send                                 
0000cd09  AP_send_char                            
0000cce9  AP_send_msg                             
00010c99  C$$EXIT                                 
0000a89d  ComputeAngleVelocity                    
0000cb19  ConfigureUART                           
000109ab  GPIODirModeSet                          
0000f583  GPIOPadConfigSet                        
0001069d  GPIOPinConfigure                        
00010b99  GPIOPinTypeI2C                          
00010bab  GPIOPinTypeI2CSCL                       
00010bbd  GPIOPinTypeUART                         
00010c6d  I2CMasterBusy                           
000044e5  I2CMasterControl                        
000083ad  I2CMasterDataGet                        
00010c91  I2CMasterDataPut                        
00010c4f  I2CMasterEnable                         
00010605  I2CMasterInitExpClk                     
00010c75  I2CMasterSlaveAddrSet                   
000108e9  IntRegister                             
0000a8fd  Mag3ofNormalizedLong                    
0000a9d1  MagDisturbCheckSettling                 
0000a951  MagDisturbSetDisturbance                
00010c43  ResetISR                                
0000f7d5  SysCtlClockGet                          
00010c85  SysCtlDelay                             
0001091d  SysCtlPeripheralEnable                  
000105b5  SysCtlPeripheralReset                   
00010b49  SysTickEnable                           
00010b5d  SysTickIntEnable                        
00010ab1  SysTickIntRegister                      
00010be1  SysTickPeriodSet                        
0000cc89  UART0IntHandler                         
00010c8b  UARTClockSourceSet                      
0000dc4d  UARTStdioConfig                         
0000dc33  UARTgetc                                
0000dbaf  UARTgets                                
0000db95  UARTprintf                              
0000d9c9  UARTvprintf                             
0000d989  UARTwrite                               
0000dec5  _MLPrintLog                             
20002888  __STACK_END                             
00001000  __STACK_SIZE                            
20001a88  __STACK_TOP                             
000121b8  __TI_CINIT_Base                         
000121d0  __TI_CINIT_Limit                        
00012198  __TI_Handler_Table_Base                 
000121a4  __TI_Handler_Table_Limit                
00010775  __TI_auto_init_nobinit_nopinit          
000103ed  __TI_decompress_lzss                    
00010c29  __TI_decompress_none                    
ffffffff  __TI_pprof_out_hndl                     
00008e29  __TI_printfi                            
ffffffff  __TI_prof_data_size                     
ffffffff  __TI_prof_data_start                    
00000000  __TI_static_base__                      
00010c37  __TI_zero_init                          
000100b1  __aeabi_cdcmpeq                         
000100b1  __aeabi_cdcmple                         
00010137  __aeabi_cdrcmple                        
000102a5  __aeabi_d2f                             
000106e5  __aeabi_d2iz                            
0000e77f  __aeabi_dadd                            
00010bf1  __aeabi_dcmpeq                          
00010bff  __aeabi_dcmpgt                          
00010c0d  __aeabi_dcmple                          
00010c1b  __aeabi_dcmplt                          
0000f44d  __aeabi_ddiv                            
0000f9f5  __aeabi_dmul                            
0000e775  __aeabi_dsub                            
00010c7d  __aeabi_errno_addr                      
000108b1  __aeabi_f2d                             
00010381  __aeabi_f2lz                            
00010951  __aeabi_i2d                             
00009887  __aeabi_idiv0                           
0001072d  __aeabi_l2f                             
00010a91  __aeabi_lasr                            
00009887  __aeabi_ldiv0                           
00010313  __aeabi_ldivmod                         
00010b19  __aeabi_lmul                            
000101bd  __aeabi_memclr                          
000101bd  __aeabi_memclr4                         
000101bd  __aeabi_memclr8                         
0000fee9  __aeabi_memcpy                          
0000fee9  __aeabi_memcpy4                         
0000fee9  __aeabi_memcpy8                         
000101bf  __aeabi_memset                          
000101bf  __aeabi_memset4                         
000101bf  __aeabi_memset8                         
000107b9  __aeabi_uidiv                           
000107b9  __aeabi_uidivmod                        
0000ff85  __aeabi_uldivmod                        
ffffffff  __binit__                               
ffffffff  __c_args__                              
0000eda5  __kernel_cos                            
00009fe9  __kernel_rem_pio2                       
0000eac1  __kernel_sin                            
UNDEFED   __mpu_init                              
20001888  __stack                                 
00010879  _c_int00_noargs                         
00011df0  _ctypes_                                
UNDEFED   _system_post_cinit                      
00010c95  _system_pre_init                        
00010c99  abort                                   
0000cdf1  acos                                    
0000e92d  acosf                                   
0000cdf1  acosl                                   
0000ec35  asinf                                   
0000ef11  atan2f                                  
0000f1c1  atanf                                   
00010651  atoi                                    
ffffffff  binit                                   
200012a0  cb                                      
20001388  cb_sim                                  
20001470  cb_test                                 
200028e4  compass_low_pass_filter_coeff           
00010b71  copysign                                
00010b71  copysignl                               
0000b3d1  cos                                     
0000fcdd  cosf                                    
0000b3d1  cosl                                    
20002934  data                                    
0000cc37  delay                                   
0000cbe5  delay2                                  
0000cb73  delay_ms                                
000081a7  dmp_enable_6x_lp_quat                   
000081e5  dmp_enable_feature                      
00008183  dmp_enable_gyro_cal                     
00008149  dmp_enable_lp_quat                      
0000813d  dmp_get_enabled_features                
00008131  dmp_get_fifo_rate                       
000080ef  dmp_get_pedometer_step_count            
000080ad  dmp_get_pedometer_walk_time             
00008099  dmp_load_motion_driver_firmware         
00007f0d  dmp_read_fifo                           
00007eaf  dmp_register_android_orient_cb          
00007ea1  dmp_register_tap_cb                     
00007db5  dmp_set_accel_bias                      
00007d55  dmp_set_fifo_rate                       
00007c93  dmp_set_gyro_bias                       
00007c51  dmp_set_interrupt_mode                  
00007b01  dmp_set_orientation                     
00007adb  dmp_set_pedometer_step_count            
00007aaf  dmp_set_pedometer_walk_time             
00007a7f  dmp_set_shake_reject_thresh             
00007a5f  dmp_set_shake_reject_time               
00007a3f  dmp_set_shake_reject_timeout            
000079ff  dmp_set_tap_axes                        
000079dd  dmp_set_tap_count                       
000078e1  dmp_set_tap_thresh                      
000078c1  dmp_set_tap_time                        
000078a1  dmp_set_tap_time_multi                  
0000dd79  eMPL_send_data                          
0000dcd9  eMPL_send_quat                          
0000cb55  enable_systick                          
20002944  errno                                   
0000faf1  floor                                   
0000faf1  floorl                                  
20000728  fnm                                     
00010455  frexp                                   
00010455  frexpl                                  
20000000  g_pfnRAMVectors                         
00000000  g_pfnVectors                            
0000c9bb  get_ms                                  
2000292c  hal_timestamp                           
000120ba  hw                                      
0000e36f  i2c_common_setup                        
0001099d  i2c_read                                
0000e2b5  i2c_read_bytes                          
0001097f  i2c_write                               
0000e22d  i2c_write_bytes                         
0000e1d9  i2c_write_reg                           
000056bd  int_set_fast_nomot_gyro_threshold       
00009f89  inv_9x_fusion_enable_jitter_reduction   
00009f79  inv_9x_fusion_set_mag_fb                
00009f99  inv_9x_fusion_use_timestamps            
0000786b  inv_accel_was_turned_off                
00004791  inv_add_accel_block_data                
00001925  inv_add_compass_block_data              
00004845  inv_add_vector_block_data               
00006d09  inv_angle_diff                          
00006e0d  inv_apply_calibration                   
00004a91  inv_auto_calibrate                      
00006cfd  inv_big8_to_int16                       
00006ce7  inv_big8_to_int32                       
00006c91  inv_biquad_filter_process               
00007807  inv_build_accel                         
0000777f  inv_build_compass                       
00007757  inv_build_gyro                          
0000772d  inv_build_quat                          
00007701  inv_build_temp                          
00006c63  inv_calc_state_to_match_output          
000011c5  inv_center_sum                          
000004dd  inv_cheap_gaussian                      
000004a5  inv_cheap_rand                          
0000aa29  inv_check_magnetic_disturbance          
000048f9  inv_check_sample_balance                
000019d5  inv_check_sim                           
00006c45  inv_checksum                            
000005a1  inv_combine_compass_data                
00006b85  inv_compass_angle                       
000076f1  inv_compass_was_turned_off              
00000a21  inv_compute_bias                        
00006b1d  inv_convert_to_body                     
00006ab9  inv_convert_to_body_with_scale          
00006a6d  inv_convert_to_chip                     
00006a3f  inv_cosf                                
000059d5  inv_detect_motion_by_gyro_accel         
00009fd9  inv_disable_9x_sensor_fusion            
000070db  inv_disable_compass_soft_iron_matrix    
0000a7e5  inv_disable_dip_tracking                
0000d955  inv_disable_eMPL_outputs                
00005fed  inv_disable_fast_nomot                  
0000c4d9  inv_disable_gyro_tc                     
0000bf3d  inv_disable_hal_outputs                 
00005255  inv_disable_in_use_auto_calibration     
0000a7cd  inv_disable_magnetic_disturbance        
00008e09  inv_disable_quaternion                  
00002685  inv_disable_vector_compass_cal          
00009fb5  inv_enable_9x_sensor_fusion             
000076e9  inv_enable_compass_soft_iron_matrix     
0000a7f5  inv_enable_dip_tracking                 
0000d935  inv_enable_eMPL_outputs                 
00005fd5  inv_enable_fast_nomot                   
0000c499  inv_enable_gyro_tc                      
0000bf2f  inv_enable_hal_outputs                  
0000523d  inv_enable_in_use_auto_calibration      
0000a7a1  inv_enable_magnetic_disturbance         
00008df1  inv_enable_quaternion                   
0000c951  inv_enable_results_holder               
0000266d  inv_enable_vector_compass_cal           
00010089  inv_execute_mpl_start_notification      
00007667  inv_execute_on_data                     
0000582d  inv_fast_nomot_get_time_elaps           
000054f5  inv_fast_nomot_parameter                
00005501  inv_fast_nomot_parameter_3rd            
00005839  inv_fast_nomot_parameter_compass        
00005801  inv_fast_nomot_reset_data_compass       
000055e1  inv_fast_nomot_set_gyro_bias            
00005715  inv_fast_nomot_store_data               
000057b5  inv_fast_nomot_store_data_compass       
00009899  inv_filter_correction_angle             
0000600d  inv_fnm_debug_print                     
00008629  inv_generate_accel_gyro_quaternion      
00005bb9  inv_generate_fast_nomot                 
000085ed  inv_generate_gyro_quaternion            
0000bde5  inv_generate_hal_outputs                
0000c943  inv_generate_results                    
0000254d  inv_generate_vector_compass_cal         
0000c935  inv_get_6axis_quaternion                
0000c929  inv_get_acc_state                       
0000c8d9  inv_get_accel                           
00007581  inv_get_accel_accuracy                  
00007561  inv_get_accel_bias                      
00005271  inv_get_accel_bias_stage                
0000c8ed  inv_get_accel_float                     
00007557  inv_get_accel_on                        
0000754b  inv_get_accel_orient                    
00007541  inv_get_accel_sample_rate_ms            
00007539  inv_get_accel_sensitivity               
00007509  inv_get_accel_set                       
000074b1  inv_get_compass_bias                    
0000c8cf  inv_get_compass_bias_error              
0000c8bb  inv_get_compass_correction              
000074ab  inv_get_compass_disturbance             
0000749f  inv_get_compass_on                      
00007495  inv_get_compass_sample_rate_ms          
0000748d  inv_get_compass_sensitivity             
0000745b  inv_get_compass_set                     
00007441  inv_get_compass_soft_iron_input_data    
00007427  inv_get_compass_soft_iron_matrix_d      
00007411  inv_get_compass_soft_iron_matrix_f      
000073f9  inv_get_compass_soft_iron_output_data   
0000c8b5  inv_get_compass_state                   
000069e9  inv_get_cross_product_vec               
00004661  inv_get_current_calibrated_accel        
000018cd  inv_get_current_calibrated_compass      
000056f5  inv_get_fast_nomot_accel_param          
000056d5  inv_get_fast_nomot_compass_param        
00006001  inv_get_fnm_gyro_no_motion_param        
0000c795  inv_get_gravity                         
000073ed  inv_get_gyro                            
000073e1  inv_get_gyro_accuracy                   
000073bd  inv_get_gyro_bias                       
000073a7  inv_get_gyro_bias_tc_set                
0000c877  inv_get_gyro_float                      
0000739d  inv_get_gyro_on                         
0000738f  inv_get_gyro_orient                     
00007385  inv_get_gyro_sample_rate_ms             
0000737d  inv_get_gyro_sensitivity                
00007357  inv_get_gyro_set                        
00007331  inv_get_gyro_set_raw                    
000069cf  inv_get_gyro_sum_of_sqr                 
0000c449  inv_get_gyro_ts                         
0000c86f  inv_get_heading_confidence_interval     
0000c869  inv_get_large_mag_field                 
000072e7  inv_get_last_timestamp                  
0000c7e7  inv_get_linear_accel                    
0000c82d  inv_get_linear_accel_float              
0000c78b  inv_get_local_field                     
000072d3  inv_get_mag_accuracy                    
0000c781  inv_get_mag_scale                       
0000ad95  inv_get_magnetic_disturbance_state      
00010a7d  inv_get_message_level_0                 
0000c775  inv_get_motion_state                    
0000e75f  inv_get_mpl_state_size                  
0000c615  inv_get_quaternion                      
0000c719  inv_get_quaternion_float                
0000c645  inv_get_quaternion_set                  
00005851  inv_get_right_shift_by_rounding         
0000d87d  inv_get_sensor_type_accel               
0000bd85  inv_get_sensor_type_accelerometer       
0000d86d  inv_get_sensor_type_compass             
0000d6cd  inv_get_sensor_type_euler               
0000bd11  inv_get_sensor_type_gravity             
0000d6bb  inv_get_sensor_type_gyro                
0000bcaf  inv_get_sensor_type_gyroscope           
0000bc57  inv_get_sensor_type_gyroscope_raw       
0000d61d  inv_get_sensor_type_heading             
0000bbe7  inv_get_sensor_type_linear_acceleration 
0000bbb1  inv_get_sensor_type_magnetic_field      
0000bb9b  inv_get_sensor_type_orientation         
0000d5fd  inv_get_sensor_type_quat                
0000d5dd  inv_get_sensor_type_rot_mat             
0000b9e3  inv_get_sensor_type_rotation_vector     
000072b1  inv_get_temp_set                        
0000fc93  inv_get_version                         
0000c60d  inv_got_accel_bias                      
0000c605  inv_got_compass_bias                    
000072a5  inv_gyro_was_turned_off                 
00009f3d  inv_init_9x_fusion                      
00004609  inv_init_accel_maxmin                   
000069ab  inv_init_biquad_filter                  
00004749  inv_init_check_sample_balance           
00004765  inv_init_check_sample_balance_parameter 
00007277  inv_init_data_builder                   
00005f55  inv_init_fast_nomot                     
0000c3e1  inv_init_gyro_ts                        
0000b9bf  inv_init_hal_outputs                    
00005199  inv_init_in_use_auto_calibration        
0000a749  inv_init_magnetic_disturbance           
0000541d  inv_init_maxmin                         
0000fc15  inv_init_mpl                            
00008dcd  inv_init_quaternion                     
0000c5dd  inv_init_results_holder                 
00010079  inv_init_start_manager                  
0000e749  inv_init_storage_manager                
00002601  inv_init_vector_compass_cal             
000069a1  inv_int16_to_big8                       
0000698f  inv_int32_to_big8                       
00006983  inv_little8_to_int16                    
0000e6bf  inv_load_mpl_states                     
0000ad5d  inv_magnetic_disturbance_process        
000068f1  inv_matrix_det                          
0000688f  inv_matrix_det_inc                      
0000676f  inv_matrix_det_incd                     
000067d5  inv_matrix_detd                         
000071fd  inv_matrix_vector_mult                  
00006749  inv_orientation_matrix_to_scalar        
00009a89  inv_perform_9x_fusion                   
0000c489  inv_print_gtc_data                      
00009ea5  inv_process_9x_sensor_fusion_cb         
00002431  inv_process_compass_only_cal            
00006215  inv_q29_mult                            
000066fb  inv_q30_div                             
0000606d  inv_q30_mult                            
000066d7  inv_q_add                               
00006695  inv_q_addf                              
000063e9  inv_q_invert                            
00006677  inv_q_invertf                           
00006319  inv_q_mult                              
000065a5  inv_q_multf                             
00006531  inv_q_norm4                             
0000651d  inv_q_normalize                         
00006461  inv_q_normalizef                        
00006411  inv_q_rotate                            
00006301  inv_q_shift_mult                        
000071ef  inv_quaternion_sensor_was_turned_off    
00006221  inv_quaternion_to_rotation              
000061e7  inv_quaternion_to_rotation_vector       
00004629  inv_record_good_accel_maxmin            
00005939  inv_record_max_moment_in_no_motion_accel
00005905  inv_record_max_moment_in_no_motion_gyro 
000059a1  inv_record_min_moment_in_motion_accel   
0000596d  inv_record_min_moment_in_motion_gyro    
00007141  inv_register_data_cb                    
0000e62f  inv_register_load_store                 
0001005d  inv_register_mpl_start_notification     
000070e9  inv_reset_compass_soft_iron_matrix      
00001b41  inv_reset_data_collection               
000058d1  inv_reset_min_max_gyro_accel_statistics 
0000e5b1  inv_save_mpl_states                     
00005b19  inv_sensor_data_preprocess              
0000c5d5  inv_set_acc_state                       
000070c5  inv_set_accel_accuracy                  
000070b7  inv_set_accel_bandwidth                 
00007075  inv_set_accel_bias                      
0000c5cd  inv_set_accel_bias_found                
0000702f  inv_set_accel_bias_mask                 
00007021  inv_set_accel_orientation_and_scale     
00006fff  inv_set_accel_sample_rate               
00006ff7  inv_set_compass_bandwidth               
00006fb7  inv_set_compass_bias                    
0000c5c1  inv_set_compass_bias_error              
0000c5b9  inv_set_compass_bias_found              
0000c59b  inv_set_compass_correction              
00006faf  inv_set_compass_disturbance             
00006fa3  inv_set_compass_orientation_and_scale   
00006f7d  inv_set_compass_sample_rate             
00006f2f  inv_set_compass_soft_iron_input_data    
00006f01  inv_set_compass_soft_iron_matrix_d      
00006ed1  inv_set_compass_soft_iron_matrix_f      
0000c593  inv_set_compass_state                   
00005f05  inv_set_default_number_of_samples       
000056c9  inv_set_fast_nomot_accel_threshold      
000056b1  inv_set_fast_nomot_compass_threshold    
0000c419  inv_set_gtc_max_temp                    
0000c439  inv_set_gtc_min_diff                    
0000c429  inv_set_gtc_min_temp                    
0000c471  inv_set_gtc_order                       
00006ec9  inv_set_gyro_bandwidth                  
00006e75  inv_set_gyro_bias                       
00006dff  inv_set_gyro_orientation_and_scale      
00006de1  inv_set_gyro_sample_rate                
0000c46d  inv_set_gyro_ts                         
0000c589  inv_set_heading_confidence_interval     
0000c581  inv_set_large_mag_field                 
0000c575  inv_set_local_field                     
0000c569  inv_set_mag_scale                       
0000a731  inv_set_magnetic_disturbance            
00010a6d  inv_set_message                         
0000c539  inv_set_motion_state                    
00006dcb  inv_set_quat_sample_rate                
000085f9  inv_set_quaternion                      
00000715  inv_set_terms                           
000061bb  inv_sinf                                
000046a5  inv_sort_order_4_T                      
00009889  inv_start_9x_sensor_fusion              
000054b5  inv_start_fast_nomot                    
0000bf69  inv_start_gyro_tc                       
0000b9b3  inv_start_hal_outputs                   
00004549  inv_start_in_use_auto_calibration       
0000a721  inv_start_magnetic_disturbance          
0000fbe9  inv_start_mpl                           
00008481  inv_start_quaternion                    
0000c527  inv_start_results_holder                
00000271  inv_start_vector_compass_cal            
00009fa9  inv_stop_9x_sensor_fusion               
00005fbd  inv_stop_fast_nomot                     
0000c48d  inv_stop_gyro_tc                        
0000b9ad  inv_stop_hal_outputs                    
00005231  inv_stop_in_use_auto_calibration        
0000a795  inv_stop_magnetic_disturbance           
00008dc1  inv_stop_quaternion                     
000025f5  inv_stop_vector_compass_cal             
0000c509  inv_store_gaming_quaternion             
00006dc3  inv_temperature_was_turned_off          
0000a805  inv_track_dip_angle                     
00006d7b  inv_unregister_data_cb                  
0001001d  inv_unregister_mpl_start_notification   
00000499  inv_vector_compass_cal_sensitivity      
00006187  inv_vector_norm                         
000060e1  inv_vector_normalize                    
000060ab  inv_wrap_angle                          
0000f8e5  ldexp                                   
0000f8e5  ldexpl                                  
0000d20d  log                                     
0000d20d  logl                                    
0001050f  ltoa                                    
2000161c  mag_disturb                             
0000cb8b  main                                    
00010acd  memccpy                                 
00010a25  memcmp                                  
0000fee9  memcpy                                  
00010a49  memmove                                 
000101c5  memset                                  
00006079  mlMatrixVectorMult                      
0000cdf1  ml_acos                                 
0000b3d1  ml_cos                                  
0000faf1  ml_floor                                
0000d20d  ml_log                                  
0000f069  ml_sqrt                                 
00012098  ml_ver                                  
20002930  mpl_key                                 
00002aa3  mpu_configure_fifo                      
00003179  mpu_get_accel_fsr                       
00004461  mpu_get_accel_reg                       
0000441f  mpu_get_accel_sens                      
0000440f  mpu_get_compass_fsr                     
00004361  mpu_get_compass_reg                     
00004353  mpu_get_compass_sample_rate             
00004345  mpu_get_dmp_state                       
0000b351  mpu_get_euler                           
0000320d  mpu_get_fifo_config                     
00003149  mpu_get_gyro_fsr                        
000042e3  mpu_get_gyro_reg                        
000042b7  mpu_get_gyro_sens                       
00004281  mpu_get_int_status                      
000031b3  mpu_get_lpf                             
0000aecf  mpu_get_outputs                         
0000426d  mpu_get_power_state                     
0000b311  mpu_get_rot_mat                         
000031f1  mpu_get_sample_rate                     
000041e5  mpu_get_temperature                     
0000411d  mpu_init                                
00003eab  mpu_load_firmware                       
00002aef  mpu_lp_accel_mode                       
00003df1  mpu_lp_motion_interrupt                 
0000ada1  mpu_open                                
0000302f  mpu_read_6050_accel_bias                
00002f13  mpu_read_6500_accel_bias                
00003d85  mpu_read_6500_gyro_bias                 
00003be5  mpu_read_fifo                           
00003b4d  mpu_read_fifo_stream                    
00003af7  mpu_read_mem                            
00003ac9  mpu_read_reg                            
00003a71  mpu_reg_dump                            
0000293b  mpu_reset_fifo                          
0000395d  mpu_run_self_test                       
0000309b  mpu_set_accel_bias_6050_reg             
00002f85  mpu_set_accel_bias_6500_reg             
00002eb5  mpu_set_accel_fsr                       
00002d4f  mpu_set_bypass                          
00002b93  mpu_set_compass_sample_rate             
00002e3f  mpu_set_dmp_state                       
00002ccb  mpu_set_gyro_bias_reg                   
00002c69  mpu_set_gyro_fsr                        
000026f3  mpu_set_int_latched                     
00002c5f  mpu_set_int_level                       
00002881  mpu_set_lpf                             
00002bd9  mpu_set_sample_rate                     
00002753  mpu_set_sensors                         
0000b051  mpu_update                              
000026a1  mpu_write_mem                           
0000cabf  print_float                             
00006011  quaternion_to_rotation_angle            
00012024  reg                                     
20001168  s9axis                                  
0000f8e5  scalbn                                  
0000f8e5  scalbnl                                 
0000ca9f  send                                    
0000ca8f  send_char                               
0000c9c1  send_msg                                
0000b271  send_status_compass                     
00006d75  set_sensor_orientation_and_scale        
00011898  sin_lookup                              
0000fe45  sinf                                    
000107f9  sprintf                                 
0000f069  sqrt                                    
000109d5  sqrtf                                   
0000f069  sqrtl                                   
00010b31  strchr                                  
00010b85  strlen                                  
0000ca85  systick_int_handler                     
20002938  systick_n                               
00012050  test                                    
0000c9d1  test_invensense                         
0000b247  test_mpu                                
20000b50  vc                                      
000109fd  vsprintf                                
0000c9b1  wait_until                              
00010bcf  wcslen                                  


GLOBAL SYMBOLS: SORTED BY Symbol Address 

address   name                                    
-------   ----                                    
00000000  __TI_static_base__                      
00000000  g_pfnVectors                            
00000271  inv_start_vector_compass_cal            
00000499  inv_vector_compass_cal_sensitivity      
000004a5  inv_cheap_rand                          
000004dd  inv_cheap_gaussian                      
000005a1  inv_combine_compass_data                
00000715  inv_set_terms                           
00000a21  inv_compute_bias                        
00001000  __STACK_SIZE                            
000011c5  inv_center_sum                          
000018cd  inv_get_current_calibrated_compass      
00001925  inv_add_compass_block_data              
000019d5  inv_check_sim                           
00001b41  inv_reset_data_collection               
00002431  inv_process_compass_only_cal            
0000254d  inv_generate_vector_compass_cal         
000025f5  inv_stop_vector_compass_cal             
00002601  inv_init_vector_compass_cal             
0000266d  inv_enable_vector_compass_cal           
00002685  inv_disable_vector_compass_cal          
000026a1  mpu_write_mem                           
000026f3  mpu_set_int_latched                     
00002753  mpu_set_sensors                         
00002881  mpu_set_lpf                             
0000293b  mpu_reset_fifo                          
00002aa3  mpu_configure_fifo                      
00002aef  mpu_lp_accel_mode                       
00002b93  mpu_set_compass_sample_rate             
00002bd9  mpu_set_sample_rate                     
00002c5f  mpu_set_int_level                       
00002c69  mpu_set_gyro_fsr                        
00002ccb  mpu_set_gyro_bias_reg                   
00002d4f  mpu_set_bypass                          
00002e3f  mpu_set_dmp_state                       
00002eb5  mpu_set_accel_fsr                       
00002f13  mpu_read_6500_accel_bias                
00002f85  mpu_set_accel_bias_6500_reg             
0000302f  mpu_read_6050_accel_bias                
0000309b  mpu_set_accel_bias_6050_reg             
00003149  mpu_get_gyro_fsr                        
00003179  mpu_get_accel_fsr                       
000031b3  mpu_get_lpf                             
000031f1  mpu_get_sample_rate                     
0000320d  mpu_get_fifo_config                     
0000395d  mpu_run_self_test                       
00003a71  mpu_reg_dump                            
00003ac9  mpu_read_reg                            
00003af7  mpu_read_mem                            
00003b4d  mpu_read_fifo_stream                    
00003be5  mpu_read_fifo                           
00003d85  mpu_read_6500_gyro_bias                 
00003df1  mpu_lp_motion_interrupt                 
00003eab  mpu_load_firmware                       
0000411d  mpu_init                                
000041e5  mpu_get_temperature                     
0000426d  mpu_get_power_state                     
00004281  mpu_get_int_status                      
000042b7  mpu_get_gyro_sens                       
000042e3  mpu_get_gyro_reg                        
00004345  mpu_get_dmp_state                       
00004353  mpu_get_compass_sample_rate             
00004361  mpu_get_compass_reg                     
0000440f  mpu_get_compass_fsr                     
0000441f  mpu_get_accel_sens                      
00004461  mpu_get_accel_reg                       
000044e5  I2CMasterControl                        
00004549  inv_start_in_use_auto_calibration       
00004609  inv_init_accel_maxmin                   
00004629  inv_record_good_accel_maxmin            
00004661  inv_get_current_calibrated_accel        
000046a5  inv_sort_order_4_T                      
00004749  inv_init_check_sample_balance           
00004765  inv_init_check_sample_balance_parameter 
00004791  inv_add_accel_block_data                
00004845  inv_add_vector_block_data               
000048f9  inv_check_sample_balance                
00004a91  inv_auto_calibrate                      
00005199  inv_init_in_use_auto_calibration        
00005231  inv_stop_in_use_auto_calibration        
0000523d  inv_enable_in_use_auto_calibration      
00005255  inv_disable_in_use_auto_calibration     
00005271  inv_get_accel_bias_stage                
0000541d  inv_init_maxmin                         
000054b5  inv_start_fast_nomot                    
000054f5  inv_fast_nomot_parameter                
00005501  inv_fast_nomot_parameter_3rd            
000055e1  inv_fast_nomot_set_gyro_bias            
000056b1  inv_set_fast_nomot_compass_threshold    
000056bd  int_set_fast_nomot_gyro_threshold       
000056c9  inv_set_fast_nomot_accel_threshold      
000056d5  inv_get_fast_nomot_compass_param        
000056f5  inv_get_fast_nomot_accel_param          
00005715  inv_fast_nomot_store_data               
000057b5  inv_fast_nomot_store_data_compass       
00005801  inv_fast_nomot_reset_data_compass       
0000582d  inv_fast_nomot_get_time_elaps           
00005839  inv_fast_nomot_parameter_compass        
00005851  inv_get_right_shift_by_rounding         
000058d1  inv_reset_min_max_gyro_accel_statistics 
00005905  inv_record_max_moment_in_no_motion_gyro 
00005939  inv_record_max_moment_in_no_motion_accel
0000596d  inv_record_min_moment_in_motion_gyro    
000059a1  inv_record_min_moment_in_motion_accel   
000059d5  inv_detect_motion_by_gyro_accel         
00005b19  inv_sensor_data_preprocess              
00005bb9  inv_generate_fast_nomot                 
00005f05  inv_set_default_number_of_samples       
00005f55  inv_init_fast_nomot                     
00005fbd  inv_stop_fast_nomot                     
00005fd5  inv_enable_fast_nomot                   
00005fed  inv_disable_fast_nomot                  
00006001  inv_get_fnm_gyro_no_motion_param        
0000600d  inv_fnm_debug_print                     
00006011  quaternion_to_rotation_angle            
0000606d  inv_q30_mult                            
00006079  mlMatrixVectorMult                      
000060ab  inv_wrap_angle                          
000060e1  inv_vector_normalize                    
00006187  inv_vector_norm                         
000061bb  inv_sinf                                
000061e7  inv_quaternion_to_rotation_vector       
00006215  inv_q29_mult                            
00006221  inv_quaternion_to_rotation              
00006301  inv_q_shift_mult                        
00006319  inv_q_mult                              
000063e9  inv_q_invert                            
00006411  inv_q_rotate                            
00006461  inv_q_normalizef                        
0000651d  inv_q_normalize                         
00006531  inv_q_norm4                             
000065a5  inv_q_multf                             
00006677  inv_q_invertf                           
00006695  inv_q_addf                              
000066d7  inv_q_add                               
000066fb  inv_q30_div                             
00006749  inv_orientation_matrix_to_scalar        
0000676f  inv_matrix_det_incd                     
000067d5  inv_matrix_detd                         
0000688f  inv_matrix_det_inc                      
000068f1  inv_matrix_det                          
00006983  inv_little8_to_int16                    
0000698f  inv_int32_to_big8                       
000069a1  inv_int16_to_big8                       
000069ab  inv_init_biquad_filter                  
000069cf  inv_get_gyro_sum_of_sqr                 
000069e9  inv_get_cross_product_vec               
00006a3f  inv_cosf                                
00006a6d  inv_convert_to_chip                     
00006ab9  inv_convert_to_body_with_scale          
00006b1d  inv_convert_to_body                     
00006b85  inv_compass_angle                       
00006c45  inv_checksum                            
00006c63  inv_calc_state_to_match_output          
00006c91  inv_biquad_filter_process               
00006ce7  inv_big8_to_int32                       
00006cfd  inv_big8_to_int16                       
00006d09  inv_angle_diff                          
00006d75  set_sensor_orientation_and_scale        
00006d7b  inv_unregister_data_cb                  
00006dc3  inv_temperature_was_turned_off          
00006dcb  inv_set_quat_sample_rate                
00006de1  inv_set_gyro_sample_rate                
00006dff  inv_set_gyro_orientation_and_scale      
00006e0d  inv_apply_calibration                   
00006e75  inv_set_gyro_bias                       
00006ec9  inv_set_gyro_bandwidth                  
00006ed1  inv_set_compass_soft_iron_matrix_f      
00006f01  inv_set_compass_soft_iron_matrix_d      
00006f2f  inv_set_compass_soft_iron_input_data    
00006f7d  inv_set_compass_sample_rate             
00006fa3  inv_set_compass_orientation_and_scale   
00006faf  inv_set_compass_disturbance             
00006fb7  inv_set_compass_bias                    
00006ff7  inv_set_compass_bandwidth               
00006fff  inv_set_accel_sample_rate               
00007021  inv_set_accel_orientation_and_scale     
0000702f  inv_set_accel_bias_mask                 
00007075  inv_set_accel_bias                      
000070b7  inv_set_accel_bandwidth                 
000070c5  inv_set_accel_accuracy                  
000070db  inv_disable_compass_soft_iron_matrix    
000070e9  inv_reset_compass_soft_iron_matrix      
00007141  inv_register_data_cb                    
000071ef  inv_quaternion_sensor_was_turned_off    
000071fd  inv_matrix_vector_mult                  
00007277  inv_init_data_builder                   
000072a5  inv_gyro_was_turned_off                 
000072b1  inv_get_temp_set                        
000072d3  inv_get_mag_accuracy                    
000072e7  inv_get_last_timestamp                  
00007331  inv_get_gyro_set_raw                    
00007357  inv_get_gyro_set                        
0000737d  inv_get_gyro_sensitivity                
00007385  inv_get_gyro_sample_rate_ms             
0000738f  inv_get_gyro_orient                     
0000739d  inv_get_gyro_on                         
000073a7  inv_get_gyro_bias_tc_set                
000073bd  inv_get_gyro_bias                       
000073e1  inv_get_gyro_accuracy                   
000073ed  inv_get_gyro                            
000073f9  inv_get_compass_soft_iron_output_data   
00007411  inv_get_compass_soft_iron_matrix_f      
00007427  inv_get_compass_soft_iron_matrix_d      
00007441  inv_get_compass_soft_iron_input_data    
0000745b  inv_get_compass_set                     
0000748d  inv_get_compass_sensitivity             
00007495  inv_get_compass_sample_rate_ms          
0000749f  inv_get_compass_on                      
000074ab  inv_get_compass_disturbance             
000074b1  inv_get_compass_bias                    
00007509  inv_get_accel_set                       
00007539  inv_get_accel_sensitivity               
00007541  inv_get_accel_sample_rate_ms            
0000754b  inv_get_accel_orient                    
00007557  inv_get_accel_on                        
00007561  inv_get_accel_bias                      
00007581  inv_get_accel_accuracy                  
00007667  inv_execute_on_data                     
000076e9  inv_enable_compass_soft_iron_matrix     
000076f1  inv_compass_was_turned_off              
00007701  inv_build_temp                          
0000772d  inv_build_quat                          
00007757  inv_build_gyro                          
0000777f  inv_build_compass                       
00007807  inv_build_accel                         
0000786b  inv_accel_was_turned_off                
000078a1  dmp_set_tap_time_multi                  
000078c1  dmp_set_tap_time                        
000078e1  dmp_set_tap_thresh                      
000079dd  dmp_set_tap_count                       
000079ff  dmp_set_tap_axes                        
00007a3f  dmp_set_shake_reject_timeout            
00007a5f  dmp_set_shake_reject_time               
00007a7f  dmp_set_shake_reject_thresh             
00007aaf  dmp_set_pedometer_walk_time             
00007adb  dmp_set_pedometer_step_count            
00007b01  dmp_set_orientation                     
00007c51  dmp_set_interrupt_mode                  
00007c93  dmp_set_gyro_bias                       
00007d55  dmp_set_fifo_rate                       
00007db5  dmp_set_accel_bias                      
00007ea1  dmp_register_tap_cb                     
00007eaf  dmp_register_android_orient_cb          
00007f0d  dmp_read_fifo                           
00008099  dmp_load_motion_driver_firmware         
000080ad  dmp_get_pedometer_walk_time             
000080ef  dmp_get_pedometer_step_count            
00008131  dmp_get_fifo_rate                       
0000813d  dmp_get_enabled_features                
00008149  dmp_enable_lp_quat                      
00008183  dmp_enable_gyro_cal                     
000081a7  dmp_enable_6x_lp_quat                   
000081e5  dmp_enable_feature                      
000083ad  I2CMasterDataGet                        
00008481  inv_start_quaternion                    
000085ed  inv_generate_gyro_quaternion            
000085f9  inv_set_quaternion                      
00008629  inv_generate_accel_gyro_quaternion      
00008dc1  inv_stop_quaternion                     
00008dcd  inv_init_quaternion                     
00008df1  inv_enable_quaternion                   
00008e09  inv_disable_quaternion                  
00008e29  __TI_printfi                            
00009887  __aeabi_idiv0                           
00009887  __aeabi_ldiv0                           
00009889  inv_start_9x_sensor_fusion              
00009899  inv_filter_correction_angle             
00009a89  inv_perform_9x_fusion                   
00009ea5  inv_process_9x_sensor_fusion_cb         
00009f3d  inv_init_9x_fusion                      
00009f79  inv_9x_fusion_set_mag_fb                
00009f89  inv_9x_fusion_enable_jitter_reduction   
00009f99  inv_9x_fusion_use_timestamps            
00009fa9  inv_stop_9x_sensor_fusion               
00009fb5  inv_enable_9x_sensor_fusion             
00009fd9  inv_disable_9x_sensor_fusion            
00009fe9  __kernel_rem_pio2                       
0000a721  inv_start_magnetic_disturbance          
0000a731  inv_set_magnetic_disturbance            
0000a749  inv_init_magnetic_disturbance           
0000a795  inv_stop_magnetic_disturbance           
0000a7a1  inv_enable_magnetic_disturbance         
0000a7cd  inv_disable_magnetic_disturbance        
0000a7e5  inv_disable_dip_tracking                
0000a7f5  inv_enable_dip_tracking                 
0000a805  inv_track_dip_angle                     
0000a89d  ComputeAngleVelocity                    
0000a8fd  Mag3ofNormalizedLong                    
0000a951  MagDisturbSetDisturbance                
0000a9d1  MagDisturbCheckSettling                 
0000aa29  inv_check_magnetic_disturbance          
0000ad5d  inv_magnetic_disturbance_process        
0000ad95  inv_get_magnetic_disturbance_state      
0000ada1  mpu_open                                
0000aecf  mpu_get_outputs                         
0000b051  mpu_update                              
0000b247  test_mpu                                
0000b271  send_status_compass                     
0000b311  mpu_get_rot_mat                         
0000b351  mpu_get_euler                           
0000b3d1  cos                                     
0000b3d1  cosl                                    
0000b3d1  ml_cos                                  
0000b9ad  inv_stop_hal_outputs                    
0000b9b3  inv_start_hal_outputs                   
0000b9bf  inv_init_hal_outputs                    
0000b9e3  inv_get_sensor_type_rotation_vector     
0000bb9b  inv_get_sensor_type_orientation         
0000bbb1  inv_get_sensor_type_magnetic_field      
0000bbe7  inv_get_sensor_type_linear_acceleration 
0000bc57  inv_get_sensor_type_gyroscope_raw       
0000bcaf  inv_get_sensor_type_gyroscope           
0000bd11  inv_get_sensor_type_gravity             
0000bd85  inv_get_sensor_type_accelerometer       
0000bde5  inv_generate_hal_outputs                
0000bf2f  inv_enable_hal_outputs                  
0000bf3d  inv_disable_hal_outputs                 
0000bf69  inv_start_gyro_tc                       
0000c3e1  inv_init_gyro_ts                        
0000c419  inv_set_gtc_max_temp                    
0000c429  inv_set_gtc_min_temp                    
0000c439  inv_set_gtc_min_diff                    
0000c449  inv_get_gyro_ts                         
0000c46d  inv_set_gyro_ts                         
0000c471  inv_set_gtc_order                       
0000c489  inv_print_gtc_data                      
0000c48d  inv_stop_gyro_tc                        
0000c499  inv_enable_gyro_tc                      
0000c4d9  inv_disable_gyro_tc                     
0000c509  inv_store_gaming_quaternion             
0000c527  inv_start_results_holder                
0000c539  inv_set_motion_state                    
0000c569  inv_set_mag_scale                       
0000c575  inv_set_local_field                     
0000c581  inv_set_large_mag_field                 
0000c589  inv_set_heading_confidence_interval     
0000c593  inv_set_compass_state                   
0000c59b  inv_set_compass_correction              
0000c5b9  inv_set_compass_bias_found              
0000c5c1  inv_set_compass_bias_error              
0000c5cd  inv_set_accel_bias_found                
0000c5d5  inv_set_acc_state                       
0000c5dd  inv_init_results_holder                 
0000c605  inv_got_compass_bias                    
0000c60d  inv_got_accel_bias                      
0000c615  inv_get_quaternion                      
0000c645  inv_get_quaternion_set                  
0000c719  inv_get_quaternion_float                
0000c775  inv_get_motion_state                    
0000c781  inv_get_mag_scale                       
0000c78b  inv_get_local_field                     
0000c795  inv_get_gravity                         
0000c7e7  inv_get_linear_accel                    
0000c82d  inv_get_linear_accel_float              
0000c869  inv_get_large_mag_field                 
0000c86f  inv_get_heading_confidence_interval     
0000c877  inv_get_gyro_float                      
0000c8b5  inv_get_compass_state                   
0000c8bb  inv_get_compass_correction              
0000c8cf  inv_get_compass_bias_error              
0000c8d9  inv_get_accel                           
0000c8ed  inv_get_accel_float                     
0000c929  inv_get_acc_state                       
0000c935  inv_get_6axis_quaternion                
0000c943  inv_generate_results                    
0000c951  inv_enable_results_holder               
0000c9b1  wait_until                              
0000c9bb  get_ms                                  
0000c9c1  send_msg                                
0000c9d1  test_invensense                         
0000ca85  systick_int_handler                     
0000ca8f  send_char                               
0000ca9f  send                                    
0000cabf  print_float                             
0000cb19  ConfigureUART                           
0000cb55  enable_systick                          
0000cb73  delay_ms                                
0000cb8b  main                                    
0000cbe5  delay2                                  
0000cc37  delay                                   
0000cc89  UART0IntHandler                         
0000ccc9  AP_send                                 
0000cce9  AP_send_msg                             
0000cd09  AP_send_char                            
0000cdf1  acos                                    
0000cdf1  acosl                                   
0000cdf1  ml_acos                                 
0000d20d  log                                     
0000d20d  logl                                    
0000d20d  ml_log                                  
0000d5dd  inv_get_sensor_type_rot_mat             
0000d5fd  inv_get_sensor_type_quat                
0000d61d  inv_get_sensor_type_heading             
0000d6bb  inv_get_sensor_type_gyro                
0000d6cd  inv_get_sensor_type_euler               
0000d86d  inv_get_sensor_type_compass             
0000d87d  inv_get_sensor_type_accel               
0000d935  inv_enable_eMPL_outputs                 
0000d955  inv_disable_eMPL_outputs                
0000d989  UARTwrite                               
0000d9c9  UARTvprintf                             
0000db95  UARTprintf                              
0000dbaf  UARTgets                                
0000dc33  UARTgetc                                
0000dc4d  UARTStdioConfig                         
0000dcd9  eMPL_send_quat                          
0000dd79  eMPL_send_data                          
0000dec5  _MLPrintLog                             
0000e1d9  i2c_write_reg                           
0000e22d  i2c_write_bytes                         
0000e2b5  i2c_read_bytes                          
0000e36f  i2c_common_setup                        
0000e5b1  inv_save_mpl_states                     
0000e62f  inv_register_load_store                 
0000e6bf  inv_load_mpl_states                     
0000e749  inv_init_storage_manager                
0000e75f  inv_get_mpl_state_size                  
0000e775  __aeabi_dsub                            
0000e77f  __aeabi_dadd                            
0000e92d  acosf                                   
0000eac1  __kernel_sin                            
0000ec35  asinf                                   
0000eda5  __kernel_cos                            
0000ef11  atan2f                                  
0000f069  ml_sqrt                                 
0000f069  sqrt                                    
0000f069  sqrtl                                   
0000f1c1  atanf                                   
0000f44d  __aeabi_ddiv                            
0000f583  GPIOPadConfigSet                        
0000f7d5  SysCtlClockGet                          
0000f8e5  ldexp                                   
0000f8e5  ldexpl                                  
0000f8e5  scalbn                                  
0000f8e5  scalbnl                                 
0000f9f5  __aeabi_dmul                            
0000faf1  floor                                   
0000faf1  floorl                                  
0000faf1  ml_floor                                
0000fbe9  inv_start_mpl                           
0000fc15  inv_init_mpl                            
0000fc93  inv_get_version                         
0000fcdd  cosf                                    
0000fe45  sinf                                    
0000fee9  __aeabi_memcpy                          
0000fee9  __aeabi_memcpy4                         
0000fee9  __aeabi_memcpy8                         
0000fee9  memcpy                                  
0000ff85  __aeabi_uldivmod                        
0001001d  inv_unregister_mpl_start_notification   
0001005d  inv_register_mpl_start_notification     
00010079  inv_init_start_manager                  
00010089  inv_execute_mpl_start_notification      
000100b1  __aeabi_cdcmpeq                         
000100b1  __aeabi_cdcmple                         
00010137  __aeabi_cdrcmple                        
000101bd  __aeabi_memclr                          
000101bd  __aeabi_memclr4                         
000101bd  __aeabi_memclr8                         
000101bf  __aeabi_memset                          
000101bf  __aeabi_memset4                         
000101bf  __aeabi_memset8                         
000101c5  memset                                  
000102a5  __aeabi_d2f                             
00010313  __aeabi_ldivmod                         
00010381  __aeabi_f2lz                            
000103ed  __TI_decompress_lzss                    
00010455  frexp                                   
00010455  frexpl                                  
0001050f  ltoa                                    
000105b5  SysCtlPeripheralReset                   
00010605  I2CMasterInitExpClk                     
00010651  atoi                                    
0001069d  GPIOPinConfigure                        
000106e5  __aeabi_d2iz                            
0001072d  __aeabi_l2f                             
00010775  __TI_auto_init_nobinit_nopinit          
000107b9  __aeabi_uidiv                           
000107b9  __aeabi_uidivmod                        
000107f9  sprintf                                 
00010879  _c_int00_noargs                         
000108b1  __aeabi_f2d                             
000108e9  IntRegister                             
0001091d  SysCtlPeripheralEnable                  
00010951  __aeabi_i2d                             
0001097f  i2c_write                               
0001099d  i2c_read                                
000109ab  GPIODirModeSet                          
000109d5  sqrtf                                   
000109fd  vsprintf                                
00010a25  memcmp                                  
00010a49  memmove                                 
00010a6d  inv_set_message                         
00010a7d  inv_get_message_level_0                 
00010a91  __aeabi_lasr                            
00010ab1  SysTickIntRegister                      
00010acd  memccpy                                 
00010b19  __aeabi_lmul                            
00010b31  strchr                                  
00010b49  SysTickEnable                           
00010b5d  SysTickIntEnable                        
00010b71  copysign                                
00010b71  copysignl                               
00010b85  strlen                                  
00010b99  GPIOPinTypeI2C                          
00010bab  GPIOPinTypeI2CSCL                       
00010bbd  GPIOPinTypeUART                         
00010bcf  wcslen                                  
00010be1  SysTickPeriodSet                        
00010bf1  __aeabi_dcmpeq                          
00010bff  __aeabi_dcmpgt                          
00010c0d  __aeabi_dcmple                          
00010c1b  __aeabi_dcmplt                          
00010c29  __TI_decompress_none                    
00010c37  __TI_zero_init                          
00010c43  ResetISR                                
00010c4f  I2CMasterEnable                         
00010c6d  I2CMasterBusy                           
00010c75  I2CMasterSlaveAddrSet                   
00010c7d  __aeabi_errno_addr                      
00010c85  SysCtlDelay                             
00010c8b  UARTClockSourceSet                      
00010c91  I2CMasterDataPut                        
00010c95  _system_pre_init                        
00010c99  C$$EXIT                                 
00010c99  abort                                   
00011898  sin_lookup                              
00011df0  _ctypes_                                
00012024  reg                                     
00012050  test                                    
00012098  ml_ver                                  
000120ba  hw                                      
00012198  __TI_Handler_Table_Base                 
000121a4  __TI_Handler_Table_Limit                
000121b8  __TI_CINIT_Base                         
000121d0  __TI_CINIT_Limit                        
20000000  g_pfnRAMVectors                         
20000728  fnm                                     
20000b50  vc                                      
20001168  s9axis                                  
200012a0  cb                                      
20001388  cb_sim                                  
20001470  cb_test                                 
2000161c  mag_disturb                             
20001888  __stack                                 
20001a88  __STACK_TOP                             
20002888  __STACK_END                             
200028e4  compass_low_pass_filter_coeff           
2000292c  hal_timestamp                           
20002930  mpl_key                                 
20002934  data                                    
20002938  systick_n                               
20002944  errno                                   
ffffffff  __TI_pprof_out_hndl                     
ffffffff  __TI_prof_data_size                     
ffffffff  __TI_prof_data_start                    
ffffffff  __binit__                               
ffffffff  __c_args__                              
ffffffff  binit                                   
UNDEFED   __mpu_init                              
UNDEFED   _system_post_cinit                      

[562 symbols]
