<?xml version="1.0" encoding="ISO-8859-1" ?>
<link_info>
   <banner>TI ARM Linker Unix v18.1.1.LTS</banner>
   <copyright>Copyright (c) 1996-2017 Texas Instruments Incorporated</copyright>
   <link_time>0x5b1eed66</link_time>
   <link_errors>0x0</link_errors>
   <output_file>LM4F_TM4C_uart.out</output_file>
   <entry_point>
      <name>_c_int00_noargs</name>
      <address>0xd9f9</address>
   </entry_point>
   <input_file_list>
      <input_file id="fl-2">
         <path>./</path>
         <kind>object</kind>
         <file>startup_ccs.obj</file>
         <name>startup_ccs.obj</name>
      </input_file>
      <input_file id="fl-3">
         <path>./</path>
         <kind>object</kind>
         <file>uart_echo.obj</file>
         <name>uart_echo.obj</name>
      </input_file>
      <input_file id="fl-4">
         <path>./MPU/core/driver/eMPL/</path>
         <kind>object</kind>
         <file>inv_mpu.obj</file>
         <name>inv_mpu.obj</name>
      </input_file>
      <input_file id="fl-5">
         <path>./MPU/core/driver/eMPL/</path>
         <kind>object</kind>
         <file>inv_mpu_dmp_motion_driver.obj</file>
         <name>inv_mpu_dmp_motion_driver.obj</name>
      </input_file>
      <input_file id="fl-6">
         <path>./MPU/core/driver/stm32L/</path>
         <kind>object</kind>
         <file>log_stm32.obj</file>
         <name>log_stm32.obj</name>
      </input_file>
      <input_file id="fl-7">
         <path>./MPU/core/eMPL-hal/</path>
         <kind>object</kind>
         <file>eMPL_outputs.obj</file>
         <name>eMPL_outputs.obj</name>
      </input_file>
      <input_file id="fl-8">
         <path>./MPU/core/mllite/</path>
         <kind>object</kind>
         <file>data_builder.obj</file>
         <name>data_builder.obj</name>
      </input_file>
      <input_file id="fl-9">
         <path>./MPU/core/mllite/</path>
         <kind>object</kind>
         <file>hal_outputs.obj</file>
         <name>hal_outputs.obj</name>
      </input_file>
      <input_file id="fl-a">
         <path>./MPU/core/mllite/</path>
         <kind>object</kind>
         <file>message_layer.obj</file>
         <name>message_layer.obj</name>
      </input_file>
      <input_file id="fl-b">
         <path>./MPU/core/mllite/</path>
         <kind>object</kind>
         <file>ml_math_func.obj</file>
         <name>ml_math_func.obj</name>
      </input_file>
      <input_file id="fl-c">
         <path>./MPU/core/mllite/</path>
         <kind>object</kind>
         <file>mlmath.obj</file>
         <name>mlmath.obj</name>
      </input_file>
      <input_file id="fl-d">
         <path>./MPU/core/mllite/</path>
         <kind>object</kind>
         <file>mpl.obj</file>
         <name>mpl.obj</name>
      </input_file>
      <input_file id="fl-e">
         <path>./MPU/core/mllite/</path>
         <kind>object</kind>
         <file>results_holder.obj</file>
         <name>results_holder.obj</name>
      </input_file>
      <input_file id="fl-f">
         <path>./MPU/core/mllite/</path>
         <kind>object</kind>
         <file>start_manager.obj</file>
         <name>start_manager.obj</name>
      </input_file>
      <input_file id="fl-10">
         <path>./MPU/core/mllite/</path>
         <kind>object</kind>
         <file>storage_manager.obj</file>
         <name>storage_manager.obj</name>
      </input_file>
      <input_file id="fl-11">
         <path>./MPU_interface/</path>
         <kind>object</kind>
         <file>mpu_interface.obj</file>
         <name>mpu_interface.obj</name>
      </input_file>
      <input_file id="fl-12">
         <path>./i2c_functions/</path>
         <kind>object</kind>
         <file>i2c_TM4C.obj</file>
         <name>i2c_TM4C.obj</name>
      </input_file>
      <input_file id="fl-13">
         <path>./i2c_functions/</path>
         <kind>object</kind>
         <file>i2c_functions.obj</file>
         <name>i2c_functions.obj</name>
      </input_file>
      <input_file id="fl-14">
         <path>./include/</path>
         <kind>object</kind>
         <file>i2c_tm4c.obj</file>
         <name>i2c_tm4c.obj</name>
      </input_file>
      <input_file id="fl-15">
         <path>./include/</path>
         <kind>object</kind>
         <file>imu.obj</file>
         <name>imu.obj</name>
      </input_file>
      <input_file id="fl-16">
         <path>./include/</path>
         <kind>object</kind>
         <file>uartstdio.obj</file>
         <name>uartstdio.obj</name>
      </input_file>
      <input_file id="fl-1d">
         <kind>object</kind>
         <file>&lt;internal&gt;</file>
         <name>&lt;internal&gt;</name>
      </input_file>
      <input_file id="fl-1e">
         <path>/Applications/ti/TivaWare_C_Series-2.1.4.178/driverlib/ccs/Debug/</path>
         <kind>archive</kind>
         <file>driverlib.lib</file>
         <name>gpio.obj</name>
      </input_file>
      <input_file id="fl-1f">
         <path>/Applications/ti/TivaWare_C_Series-2.1.4.178/driverlib/ccs/Debug/</path>
         <kind>archive</kind>
         <file>driverlib.lib</file>
         <name>i2c.obj</name>
      </input_file>
      <input_file id="fl-20">
         <path>/Applications/ti/TivaWare_C_Series-2.1.4.178/driverlib/ccs/Debug/</path>
         <kind>archive</kind>
         <file>driverlib.lib</file>
         <name>interrupt.obj</name>
      </input_file>
      <input_file id="fl-21">
         <path>/Applications/ti/TivaWare_C_Series-2.1.4.178/driverlib/ccs/Debug/</path>
         <kind>archive</kind>
         <file>driverlib.lib</file>
         <name>sysctl.obj</name>
      </input_file>
      <input_file id="fl-22">
         <path>/Applications/ti/TivaWare_C_Series-2.1.4.178/driverlib/ccs/Debug/</path>
         <kind>archive</kind>
         <file>driverlib.lib</file>
         <name>systick.obj</name>
      </input_file>
      <input_file id="fl-23">
         <path>/Applications/ti/TivaWare_C_Series-2.1.4.178/driverlib/ccs/Debug/</path>
         <kind>archive</kind>
         <file>driverlib.lib</file>
         <name>uart.obj</name>
      </input_file>
      <input_file id="fl-24">
         <path>/Applications/ti/TivaWare_C_Series-2.1.4.178/driverlib/ccs/Debug/</path>
         <kind>archive</kind>
         <file>driverlib.lib</file>
         <name>cpu.obj</name>
      </input_file>
      <input_file id="fl-da">
         <path>/Applications/ti/ccsv8/tools/compiler/ti-cgt-arm_18.1.1.LTS/lib/</path>
         <kind>archive</kind>
         <file>rtsv7M4_T_le_v4SPD16_eabi.lib</file>
         <name>e_acos.c.obj</name>
      </input_file>
      <input_file id="fl-db">
         <path>/Applications/ti/ccsv8/tools/compiler/ti-cgt-arm_18.1.1.LTS/lib/</path>
         <kind>archive</kind>
         <file>rtsv7M4_T_le_v4SPD16_eabi.lib</file>
         <name>e_asin.c.obj</name>
      </input_file>
      <input_file id="fl-dc">
         <path>/Applications/ti/ccsv8/tools/compiler/ti-cgt-arm_18.1.1.LTS/lib/</path>
         <kind>archive</kind>
         <file>rtsv7M4_T_le_v4SPD16_eabi.lib</file>
         <name>e_atan2.c.obj</name>
      </input_file>
      <input_file id="fl-dd">
         <path>/Applications/ti/ccsv8/tools/compiler/ti-cgt-arm_18.1.1.LTS/lib/</path>
         <kind>archive</kind>
         <file>rtsv7M4_T_le_v4SPD16_eabi.lib</file>
         <name>e_log.c.obj</name>
      </input_file>
      <input_file id="fl-de">
         <path>/Applications/ti/ccsv8/tools/compiler/ti-cgt-arm_18.1.1.LTS/lib/</path>
         <kind>archive</kind>
         <file>rtsv7M4_T_le_v4SPD16_eabi.lib</file>
         <name>e_pow.c.obj</name>
      </input_file>
      <input_file id="fl-df">
         <path>/Applications/ti/ccsv8/tools/compiler/ti-cgt-arm_18.1.1.LTS/lib/</path>
         <kind>archive</kind>
         <file>rtsv7M4_T_le_v4SPD16_eabi.lib</file>
         <name>e_sqrt.c.obj</name>
      </input_file>
      <input_file id="fl-e0">
         <path>/Applications/ti/ccsv8/tools/compiler/ti-cgt-arm_18.1.1.LTS/lib/</path>
         <kind>archive</kind>
         <file>rtsv7M4_T_le_v4SPD16_eabi.lib</file>
         <name>s_atan.c.obj</name>
      </input_file>
      <input_file id="fl-e1">
         <path>/Applications/ti/ccsv8/tools/compiler/ti-cgt-arm_18.1.1.LTS/lib/</path>
         <kind>archive</kind>
         <file>rtsv7M4_T_le_v4SPD16_eabi.lib</file>
         <name>s_ceil.c.obj</name>
      </input_file>
      <input_file id="fl-e2">
         <path>/Applications/ti/ccsv8/tools/compiler/ti-cgt-arm_18.1.1.LTS/lib/</path>
         <kind>archive</kind>
         <file>rtsv7M4_T_le_v4SPD16_eabi.lib</file>
         <name>s_cos.c.obj</name>
      </input_file>
      <input_file id="fl-e3">
         <path>/Applications/ti/ccsv8/tools/compiler/ti-cgt-arm_18.1.1.LTS/lib/</path>
         <kind>archive</kind>
         <file>rtsv7M4_T_le_v4SPD16_eabi.lib</file>
         <name>s_floor.c.obj</name>
      </input_file>
      <input_file id="fl-e4">
         <path>/Applications/ti/ccsv8/tools/compiler/ti-cgt-arm_18.1.1.LTS/lib/</path>
         <kind>archive</kind>
         <file>rtsv7M4_T_le_v4SPD16_eabi.lib</file>
         <name>s_scalbn.c.obj</name>
      </input_file>
      <input_file id="fl-e5">
         <path>/Applications/ti/ccsv8/tools/compiler/ti-cgt-arm_18.1.1.LTS/lib/</path>
         <kind>archive</kind>
         <file>rtsv7M4_T_le_v4SPD16_eabi.lib</file>
         <name>s_sin.c.obj</name>
      </input_file>
      <input_file id="fl-e6">
         <path>/Applications/ti/ccsv8/tools/compiler/ti-cgt-arm_18.1.1.LTS/lib/</path>
         <kind>archive</kind>
         <file>rtsv7M4_T_le_v4SPD16_eabi.lib</file>
         <name>s_copysign.c.obj</name>
      </input_file>
      <input_file id="fl-e7">
         <path>/Applications/ti/ccsv8/tools/compiler/ti-cgt-arm_18.1.1.LTS/lib/</path>
         <kind>archive</kind>
         <file>rtsv7M4_T_le_v4SPD16_eabi.lib</file>
         <name>e_asinf.c.obj</name>
      </input_file>
      <input_file id="fl-e8">
         <path>/Applications/ti/ccsv8/tools/compiler/ti-cgt-arm_18.1.1.LTS/lib/</path>
         <kind>archive</kind>
         <file>rtsv7M4_T_le_v4SPD16_eabi.lib</file>
         <name>e_atan2f.c.obj</name>
      </input_file>
      <input_file id="fl-e9">
         <path>/Applications/ti/ccsv8/tools/compiler/ti-cgt-arm_18.1.1.LTS/lib/</path>
         <kind>archive</kind>
         <file>rtsv7M4_T_le_v4SPD16_eabi.lib</file>
         <name>s_atanf.c.obj</name>
      </input_file>
      <input_file id="fl-ea">
         <path>/Applications/ti/ccsv8/tools/compiler/ti-cgt-arm_18.1.1.LTS/lib/</path>
         <kind>archive</kind>
         <file>rtsv7M4_T_le_v4SPD16_eabi.lib</file>
         <name>u_divt2.asm.obj</name>
      </input_file>
      <input_file id="fl-eb">
         <path>/Applications/ti/ccsv8/tools/compiler/ti-cgt-arm_18.1.1.LTS/lib/</path>
         <kind>archive</kind>
         <file>rtsv7M4_T_le_v4SPD16_eabi.lib</file>
         <name>fd_add_t2.asm.obj</name>
      </input_file>
      <input_file id="fl-ec">
         <path>/Applications/ti/ccsv8/tools/compiler/ti-cgt-arm_18.1.1.LTS/lib/</path>
         <kind>archive</kind>
         <file>rtsv7M4_T_le_v4SPD16_eabi.lib</file>
         <name>fd_cmp_t2.asm.obj</name>
      </input_file>
      <input_file id="fl-ed">
         <path>/Applications/ti/ccsv8/tools/compiler/ti-cgt-arm_18.1.1.LTS/lib/</path>
         <kind>archive</kind>
         <file>rtsv7M4_T_le_v4SPD16_eabi.lib</file>
         <name>fd_div_t2.asm.obj</name>
      </input_file>
      <input_file id="fl-ee">
         <path>/Applications/ti/ccsv8/tools/compiler/ti-cgt-arm_18.1.1.LTS/lib/</path>
         <kind>archive</kind>
         <file>rtsv7M4_T_le_v4SPD16_eabi.lib</file>
         <name>fd_mul_t2.asm.obj</name>
      </input_file>
      <input_file id="fl-ef">
         <path>/Applications/ti/ccsv8/tools/compiler/ti-cgt-arm_18.1.1.LTS/lib/</path>
         <kind>archive</kind>
         <file>rtsv7M4_T_le_v4SPD16_eabi.lib</file>
         <name>fd_toi_t2.asm.obj</name>
      </input_file>
      <input_file id="fl-f0">
         <path>/Applications/ti/ccsv8/tools/compiler/ti-cgt-arm_18.1.1.LTS/lib/</path>
         <kind>archive</kind>
         <file>rtsv7M4_T_le_v4SPD16_eabi.lib</file>
         <name>fd_tos_t2.asm.obj</name>
      </input_file>
      <input_file id="fl-f1">
         <path>/Applications/ti/ccsv8/tools/compiler/ti-cgt-arm_18.1.1.LTS/lib/</path>
         <kind>archive</kind>
         <file>rtsv7M4_T_le_v4SPD16_eabi.lib</file>
         <name>fs_tod_t2.asm.obj</name>
      </input_file>
      <input_file id="fl-f2">
         <path>/Applications/ti/ccsv8/tools/compiler/ti-cgt-arm_18.1.1.LTS/lib/</path>
         <kind>archive</kind>
         <file>rtsv7M4_T_le_v4SPD16_eabi.lib</file>
         <name>i_tofd_t2.asm.obj</name>
      </input_file>
      <input_file id="fl-f3">
         <path>/Applications/ti/ccsv8/tools/compiler/ti-cgt-arm_18.1.1.LTS/lib/</path>
         <kind>archive</kind>
         <file>rtsv7M4_T_le_v4SPD16_eabi.lib</file>
         <name>ll_asr_t2.asm.obj</name>
      </input_file>
      <input_file id="fl-f4">
         <path>/Applications/ti/ccsv8/tools/compiler/ti-cgt-arm_18.1.1.LTS/lib/</path>
         <kind>archive</kind>
         <file>rtsv7M4_T_le_v4SPD16_eabi.lib</file>
         <name>ll_mul_t2.asm.obj</name>
      </input_file>
      <input_file id="fl-f5">
         <path>/Applications/ti/ccsv8/tools/compiler/ti-cgt-arm_18.1.1.LTS/lib/</path>
         <kind>archive</kind>
         <file>rtsv7M4_T_le_v4SPD16_eabi.lib</file>
         <name>memcpy_t2.asm.obj</name>
      </input_file>
      <input_file id="fl-f6">
         <path>/Applications/ti/ccsv8/tools/compiler/ti-cgt-arm_18.1.1.LTS/lib/</path>
         <kind>archive</kind>
         <file>rtsv7M4_T_le_v4SPD16_eabi.lib</file>
         <name>ll_div_t2.asm.obj</name>
      </input_file>
      <input_file id="fl-f7">
         <path>/Applications/ti/ccsv8/tools/compiler/ti-cgt-arm_18.1.1.LTS/lib/</path>
         <kind>archive</kind>
         <file>rtsv7M4_T_le_v4SPD16_eabi.lib</file>
         <name>ull_div_t2.asm.obj</name>
      </input_file>
      <input_file id="fl-f8">
         <path>/Applications/ti/ccsv8/tools/compiler/ti-cgt-arm_18.1.1.LTS/lib/</path>
         <kind>archive</kind>
         <file>rtsv7M4_T_le_v4SPD16_eabi.lib</file>
         <name>memset_t2.asm.obj</name>
      </input_file>
      <input_file id="fl-f9">
         <path>/Applications/ti/ccsv8/tools/compiler/ti-cgt-arm_18.1.1.LTS/lib/</path>
         <kind>archive</kind>
         <file>rtsv7M4_T_le_v4SPD16_eabi.lib</file>
         <name>copy_zero_init.c.obj</name>
      </input_file>
      <input_file id="fl-fa">
         <path>/Applications/ti/ccsv8/tools/compiler/ti-cgt-arm_18.1.1.LTS/lib/</path>
         <kind>archive</kind>
         <file>rtsv7M4_T_le_v4SPD16_eabi.lib</file>
         <name>copy_decompress_none.c.obj</name>
      </input_file>
      <input_file id="fl-fb">
         <path>/Applications/ti/ccsv8/tools/compiler/ti-cgt-arm_18.1.1.LTS/lib/</path>
         <kind>archive</kind>
         <file>rtsv7M4_T_le_v4SPD16_eabi.lib</file>
         <name>copy_decompress_lzss.c.obj</name>
      </input_file>
      <input_file id="fl-fc">
         <path>/Applications/ti/ccsv8/tools/compiler/ti-cgt-arm_18.1.1.LTS/lib/</path>
         <kind>archive</kind>
         <file>rtsv7M4_T_le_v4SPD16_eabi.lib</file>
         <name>boot_cortex_m.c.obj</name>
      </input_file>
      <input_file id="fl-fd">
         <path>/Applications/ti/ccsv8/tools/compiler/ti-cgt-arm_18.1.1.LTS/lib/</path>
         <kind>archive</kind>
         <file>rtsv7M4_T_le_v4SPD16_eabi.lib</file>
         <name>errno.c.obj</name>
      </input_file>
      <input_file id="fl-fe">
         <path>/Applications/ti/ccsv8/tools/compiler/ti-cgt-arm_18.1.1.LTS/lib/</path>
         <kind>archive</kind>
         <file>rtsv7M4_T_le_v4SPD16_eabi.lib</file>
         <name>exit.c.obj</name>
      </input_file>
      <input_file id="fl-ff">
         <path>/Applications/ti/ccsv8/tools/compiler/ti-cgt-arm_18.1.1.LTS/lib/</path>
         <kind>archive</kind>
         <file>rtsv7M4_T_le_v4SPD16_eabi.lib</file>
         <name>_lock.c.obj</name>
      </input_file>
      <input_file id="fl-100">
         <path>/Applications/ti/ccsv8/tools/compiler/ti-cgt-arm_18.1.1.LTS/lib/</path>
         <kind>archive</kind>
         <file>rtsv7M4_T_le_v4SPD16_eabi.lib</file>
         <name>args_main.c.obj</name>
      </input_file>
      <input_file id="fl-101">
         <path>/Applications/ti/ccsv8/tools/compiler/ti-cgt-arm_18.1.1.LTS/lib/</path>
         <kind>archive</kind>
         <file>rtsv7M4_T_le_v4SPD16_eabi.lib</file>
         <name>memcmp.c.obj</name>
      </input_file>
      <input_file id="fl-102">
         <path>/Applications/ti/ccsv8/tools/compiler/ti-cgt-arm_18.1.1.LTS/lib/</path>
         <kind>archive</kind>
         <file>rtsv7M4_T_le_v4SPD16_eabi.lib</file>
         <name>memmov.c.obj</name>
      </input_file>
      <input_file id="fl-103">
         <path>/Applications/ti/ccsv8/tools/compiler/ti-cgt-arm_18.1.1.LTS/lib/</path>
         <kind>archive</kind>
         <file>rtsv7M4_T_le_v4SPD16_eabi.lib</file>
         <name>sprintf.c.obj</name>
      </input_file>
      <input_file id="fl-104">
         <path>/Applications/ti/ccsv8/tools/compiler/ti-cgt-arm_18.1.1.LTS/lib/</path>
         <kind>archive</kind>
         <file>rtsv7M4_T_le_v4SPD16_eabi.lib</file>
         <name>vsprintf.c.obj</name>
      </input_file>
      <input_file id="fl-105">
         <path>/Applications/ti/ccsv8/tools/compiler/ti-cgt-arm_18.1.1.LTS/lib/</path>
         <kind>archive</kind>
         <file>rtsv7M4_T_le_v4SPD16_eabi.lib</file>
         <name>k_rem_pio2.c.obj</name>
      </input_file>
      <input_file id="fl-106">
         <path>/Applications/ti/ccsv8/tools/compiler/ti-cgt-arm_18.1.1.LTS/lib/</path>
         <kind>archive</kind>
         <file>rtsv7M4_T_le_v4SPD16_eabi.lib</file>
         <name>k_cos.c.obj</name>
      </input_file>
      <input_file id="fl-107">
         <path>/Applications/ti/ccsv8/tools/compiler/ti-cgt-arm_18.1.1.LTS/lib/</path>
         <kind>archive</kind>
         <file>rtsv7M4_T_le_v4SPD16_eabi.lib</file>
         <name>k_sin.c.obj</name>
      </input_file>
      <input_file id="fl-108">
         <path>/Applications/ti/ccsv8/tools/compiler/ti-cgt-arm_18.1.1.LTS/lib/</path>
         <kind>archive</kind>
         <file>rtsv7M4_T_le_v4SPD16_eabi.lib</file>
         <name>div0.asm.obj</name>
      </input_file>
      <input_file id="fl-109">
         <path>/Applications/ti/ccsv8/tools/compiler/ti-cgt-arm_18.1.1.LTS/lib/</path>
         <kind>archive</kind>
         <file>rtsv7M4_T_le_v4SPD16_eabi.lib</file>
         <name>autoinit.c.obj</name>
      </input_file>
      <input_file id="fl-10a">
         <path>/Applications/ti/ccsv8/tools/compiler/ti-cgt-arm_18.1.1.LTS/lib/</path>
         <kind>archive</kind>
         <file>rtsv7M4_T_le_v4SPD16_eabi.lib</file>
         <name>pre_init.c.obj</name>
      </input_file>
      <input_file id="fl-10b">
         <path>/Applications/ti/ccsv8/tools/compiler/ti-cgt-arm_18.1.1.LTS/lib/</path>
         <kind>archive</kind>
         <file>rtsv7M4_T_le_v4SPD16_eabi.lib</file>
         <name>cpy_tbl.c.obj</name>
      </input_file>
      <input_file id="fl-10c">
         <path>/Applications/ti/ccsv8/tools/compiler/ti-cgt-arm_18.1.1.LTS/lib/</path>
         <kind>archive</kind>
         <file>rtsv7M4_T_le_v4SPD16_eabi.lib</file>
         <name>_printfi.c.obj</name>
      </input_file>
      <input_file id="fl-10d">
         <path>/Applications/ti/ccsv8/tools/compiler/ti-cgt-arm_18.1.1.LTS/lib/</path>
         <kind>archive</kind>
         <file>rtsv7M4_T_le_v4SPD16_eabi.lib</file>
         <name>atoi.c.obj</name>
      </input_file>
      <input_file id="fl-10e">
         <path>/Applications/ti/ccsv8/tools/compiler/ti-cgt-arm_18.1.1.LTS/lib/</path>
         <kind>archive</kind>
         <file>rtsv7M4_T_le_v4SPD16_eabi.lib</file>
         <name>ctype.c.obj</name>
      </input_file>
      <input_file id="fl-10f">
         <path>/Applications/ti/ccsv8/tools/compiler/ti-cgt-arm_18.1.1.LTS/lib/</path>
         <kind>archive</kind>
         <file>rtsv7M4_T_le_v4SPD16_eabi.lib</file>
         <name>ltoa.c.obj</name>
      </input_file>
      <input_file id="fl-110">
         <path>/Applications/ti/ccsv8/tools/compiler/ti-cgt-arm_18.1.1.LTS/lib/</path>
         <kind>archive</kind>
         <file>rtsv7M4_T_le_v4SPD16_eabi.lib</file>
         <name>memccpy.c.obj</name>
      </input_file>
      <input_file id="fl-111">
         <path>/Applications/ti/ccsv8/tools/compiler/ti-cgt-arm_18.1.1.LTS/lib/</path>
         <kind>archive</kind>
         <file>rtsv7M4_T_le_v4SPD16_eabi.lib</file>
         <name>strchr.c.obj</name>
      </input_file>
      <input_file id="fl-112">
         <path>/Applications/ti/ccsv8/tools/compiler/ti-cgt-arm_18.1.1.LTS/lib/</path>
         <kind>archive</kind>
         <file>rtsv7M4_T_le_v4SPD16_eabi.lib</file>
         <name>strlen.c.obj</name>
      </input_file>
      <input_file id="fl-113">
         <path>/Applications/ti/ccsv8/tools/compiler/ti-cgt-arm_18.1.1.LTS/lib/</path>
         <kind>archive</kind>
         <file>rtsv7M4_T_le_v4SPD16_eabi.lib</file>
         <name>s_frexp.c.obj</name>
      </input_file>
      <input_file id="fl-114">
         <path>/Applications/ti/ccsv8/tools/compiler/ti-cgt-arm_18.1.1.LTS/lib/</path>
         <kind>archive</kind>
         <file>rtsv7M4_T_le_v4SPD16_eabi.lib</file>
         <name>wcslen.c.obj</name>
      </input_file>
      <input_file id="fl-115">
         <path>/Users/sak/workspace_v7 copy/LM4F_TM4C_uart/MPU/core/mpl/</path>
         <kind>archive</kind>
         <file>liblibmplmpu-m4-hardfp.a</file>
         <name>accel_auto_cal.o</name>
      </input_file>
      <input_file id="fl-116">
         <path>/Users/sak/workspace_v7 copy/LM4F_TM4C_uart/MPU/core/mpl/</path>
         <kind>archive</kind>
         <file>liblibmplmpu-m4-hardfp.a</file>
         <name>compass_vec_cal.o</name>
      </input_file>
      <input_file id="fl-117">
         <path>/Users/sak/workspace_v7 copy/LM4F_TM4C_uart/MPU/core/mpl/</path>
         <kind>archive</kind>
         <file>liblibmplmpu-m4-hardfp.a</file>
         <name>fast_no_motion.o</name>
      </input_file>
      <input_file id="fl-118">
         <path>/Users/sak/workspace_v7 copy/LM4F_TM4C_uart/MPU/core/mpl/</path>
         <kind>archive</kind>
         <file>liblibmplmpu-m4-hardfp.a</file>
         <name>fusion_9axis.o</name>
      </input_file>
      <input_file id="fl-119">
         <path>/Users/sak/workspace_v7 copy/LM4F_TM4C_uart/MPU/core/mpl/</path>
         <kind>archive</kind>
         <file>liblibmplmpu-m4-hardfp.a</file>
         <name>gyro_tc.o</name>
      </input_file>
      <input_file id="fl-11a">
         <path>/Users/sak/workspace_v7 copy/LM4F_TM4C_uart/MPU/core/mpl/</path>
         <kind>archive</kind>
         <file>liblibmplmpu-m4-hardfp.a</file>
         <name>mag_disturb.o</name>
      </input_file>
      <input_file id="fl-11b">
         <path>/Users/sak/workspace_v7 copy/LM4F_TM4C_uart/MPU/core/mpl/</path>
         <kind>archive</kind>
         <file>liblibmplmpu-m4-hardfp.a</file>
         <name>quaternion_supervisor.o</name>
      </input_file>
      <input_file id="fl-11c">
         <path>/Applications/ti/ccsv8/tools/compiler/ti-cgt-arm_18.1.1.LTS/lib/</path>
         <kind>archive</kind>
         <file>rtsv7M4_T_le_v4SPD16_eabi.lib</file>
         <name>e_acosf.c.obj</name>
      </input_file>
      <input_file id="fl-11d">
         <path>/Applications/ti/ccsv8/tools/compiler/ti-cgt-arm_18.1.1.LTS/lib/</path>
         <kind>archive</kind>
         <file>rtsv7M4_T_le_v4SPD16_eabi.lib</file>
         <name>e_sqrtf.c.obj</name>
      </input_file>
      <input_file id="fl-11e">
         <path>/Applications/ti/ccsv8/tools/compiler/ti-cgt-arm_18.1.1.LTS/lib/</path>
         <kind>archive</kind>
         <file>rtsv7M4_T_le_v4SPD16_eabi.lib</file>
         <name>s_cosf.c.obj</name>
      </input_file>
      <input_file id="fl-11f">
         <path>/Applications/ti/ccsv8/tools/compiler/ti-cgt-arm_18.1.1.LTS/lib/</path>
         <kind>archive</kind>
         <file>rtsv7M4_T_le_v4SPD16_eabi.lib</file>
         <name>s_sinf.c.obj</name>
      </input_file>
      <input_file id="fl-120">
         <path>/Applications/ti/ccsv8/tools/compiler/ti-cgt-arm_18.1.1.LTS/lib/</path>
         <kind>archive</kind>
         <file>rtsv7M4_T_le_v4SPD16_eabi.lib</file>
         <name>fs_toll_t2.asm.obj</name>
      </input_file>
      <input_file id="fl-121">
         <path>/Applications/ti/ccsv8/tools/compiler/ti-cgt-arm_18.1.1.LTS/lib/</path>
         <kind>archive</kind>
         <file>rtsv7M4_T_le_v4SPD16_eabi.lib</file>
         <name>ll_tofs_t2.asm.obj</name>
      </input_file>
      <input_file id="fl-122">
         <path>/Applications/ti/ccsv8/tools/compiler/ti-cgt-arm_18.1.1.LTS/lib/</path>
         <kind>archive</kind>
         <file>rtsv7M4_T_le_v4SPD16_eabi.lib</file>
         <name>fd_eabi_t2.asm.obj</name>
      </input_file>
   </input_file_list>
   <object_component_list>
      <object_component id="oc-f">
         <name>.intvecs</name>
         <load_address>0x0</load_address>
         <run_address>0x0</run_address>
         <size>0x26c</size>
         <input_file_ref idref="fl-2"/>
      </object_component>
      <object_component id="oc-266">
         <name>.text</name>
         <load_address>0x270</load_address>
         <run_address>0x270</run_address>
         <size>0x2430</size>
         <input_file_ref idref="fl-116"/>
      </object_component>
      <object_component id="oc-261">
         <name>.text</name>
         <load_address>0x26a0</load_address>
         <run_address>0x26a0</run_address>
         <size>0xd98</size>
         <input_file_ref idref="fl-115"/>
      </object_component>
      <object_component id="oc-257">
         <name>.text</name>
         <load_address>0x3438</load_address>
         <run_address>0x3438</run_address>
         <size>0xd90</size>
         <input_file_ref idref="fl-117"/>
      </object_component>
      <object_component id="oc-24d">
         <name>.text</name>
         <load_address>0x41c8</load_address>
         <run_address>0x41c8</run_address>
         <size>0xa78</size>
         <input_file_ref idref="fl-11b"/>
      </object_component>
      <object_component id="oc-9a6">
         <name>.text:__TI_printfi</name>
         <load_address>0x4c40</load_address>
         <run_address>0x4c40</run_address>
         <size>0xa5e</size>
         <input_file_ref idref="fl-10c"/>
      </object_component>
      <object_component id="oc-30">
         <name>.text:FaultISR</name>
         <load_address>0x569e</load_address>
         <run_address>0x569e</run_address>
         <size>0x2</size>
         <input_file_ref idref="fl-2"/>
      </object_component>
      <object_component id="oc-252">
         <name>.text</name>
         <load_address>0x56a0</load_address>
         <run_address>0x56a0</run_address>
         <size>0x760</size>
         <input_file_ref idref="fl-118"/>
      </object_component>
      <object_component id="oc-8b1">
         <name>.text:__kernel_rem_pio2</name>
         <load_address>0x5e00</load_address>
         <run_address>0x5e00</run_address>
         <size>0x738</size>
         <input_file_ref idref="fl-105"/>
      </object_component>
      <object_component id="oc-26b">
         <name>.text</name>
         <load_address>0x6538</load_address>
         <run_address>0x6538</run_address>
         <size>0x680</size>
         <input_file_ref idref="fl-11a"/>
      </object_component>
      <object_component id="oc-59d">
         <name>.text:cos</name>
         <load_address>0x6bb8</load_address>
         <run_address>0x6bb8</run_address>
         <size>0x5dc</size>
         <input_file_ref idref="fl-e2"/>
      </object_component>
      <object_component id="oc-25c">
         <name>.text</name>
         <load_address>0x7194</load_address>
         <run_address>0x7194</run_address>
         <size>0x5a0</size>
         <input_file_ref idref="fl-119"/>
      </object_component>
      <object_component id="oc-5e0">
         <name>.text:log</name>
         <load_address>0x7734</load_address>
         <run_address>0x7734</run_address>
         <size>0x3c4</size>
         <input_file_ref idref="fl-dd"/>
      </object_component>
      <object_component id="oc-c5">
         <name>.text:main</name>
         <load_address>0x7af8</load_address>
         <run_address>0x7af8</run_address>
         <size>0x2fc</size>
         <input_file_ref idref="fl-3"/>
      </object_component>
      <object_component id="oc-a60">
         <name>.text:_pconv_a</name>
         <load_address>0x7df4</load_address>
         <run_address>0x7df4</run_address>
         <size>0x270</size>
         <input_file_ref idref="fl-10c"/>
      </object_component>
      <object_component id="oc-14b">
         <name>.text:mpu_update</name>
         <load_address>0x8064</load_address>
         <run_address>0x8064</run_address>
         <size>0x1f4</size>
         <input_file_ref idref="fl-11"/>
      </object_component>
      <object_component id="oc-22c">
         <name>.text:UARTvprintf</name>
         <load_address>0x8258</load_address>
         <run_address>0x8258</run_address>
         <size>0x1ea</size>
         <input_file_ref idref="fl-16"/>
      </object_component>
      <object_component id="oc-36">
         <name>.text:IntDefaultHandler</name>
         <load_address>0x8442</load_address>
         <run_address>0x8442</run_address>
         <size>0x2</size>
         <input_file_ref idref="fl-2"/>
      </object_component>
      <object_component id="oc-468">
         <name>.text:setup_compass</name>
         <load_address>0x8444</load_address>
         <run_address>0x8444</run_address>
         <size>0x1dc</size>
         <input_file_ref idref="fl-4"/>
      </object_component>
      <object_component id="oc-a4e">
         <name>.text:_pconv_g</name>
         <load_address>0x8620</load_address>
         <run_address>0x8620</run_address>
         <size>0x1d0</size>
         <input_file_ref idref="fl-10c"/>
      </object_component>
      <object_component id="oc-151">
         <name>.text:read_scaled_imu_data</name>
         <load_address>0x87f0</load_address>
         <run_address>0x87f0</run_address>
         <size>0x1d0</size>
         <input_file_ref idref="fl-15"/>
      </object_component>
      <object_component id="oc-3c1">
         <name>.text:inv_get_sensor_type_euler</name>
         <load_address>0x89c0</load_address>
         <run_address>0x89c0</run_address>
         <size>0x1bc</size>
         <input_file_ref idref="fl-7"/>
      </object_component>
      <object_component id="oc-2e2">
         <name>.text:dmp_enable_feature</name>
         <load_address>0x8b7c</load_address>
         <run_address>0x8b7c</run_address>
         <size>0x1b8</size>
         <input_file_ref idref="fl-5"/>
      </object_component>
      <object_component id="oc-3d4">
         <name>.text</name>
         <load_address>0x8d34</load_address>
         <run_address>0x8d34</run_address>
         <size>0x1b6</size>
         <input_file_ref idref="fl-eb"/>
      </object_component>
      <object_component id="oc-2a">
         <name>.text:NmiSR</name>
         <load_address>0x8eea</load_address>
         <run_address>0x8eea</run_address>
         <size>0x2</size>
         <input_file_ref idref="fl-2"/>
      </object_component>
      <object_component id="oc-127">
         <name>.text:mpu_open</name>
         <load_address>0x8eec</load_address>
         <run_address>0x8eec</run_address>
         <size>0x19c</size>
         <input_file_ref idref="fl-11"/>
      </object_component>
      <object_component id="oc-62e">
         <name>.text:acosf</name>
         <load_address>0x9088</load_address>
         <run_address>0x9088</run_address>
         <size>0x194</size>
         <input_file_ref idref="fl-11c"/>
      </object_component>
      <object_component id="oc-37e">
         <name>.text:dmp_read_fifo</name>
         <load_address>0x921c</load_address>
         <run_address>0x921c</run_address>
         <size>0x190</size>
         <input_file_ref idref="fl-5"/>
      </object_component>
      <object_component id="oc-360">
         <name>.text:mpu_read_fifo</name>
         <load_address>0x93ac</load_address>
         <run_address>0x93ac</run_address>
         <size>0x190</size>
         <input_file_ref idref="fl-4"/>
      </object_component>
      <object_component id="oc-8b7">
         <name>.text:__kernel_sin</name>
         <load_address>0x953c</load_address>
         <run_address>0x953c</run_address>
         <size>0x174</size>
         <input_file_ref idref="fl-107"/>
      </object_component>
      <object_component id="oc-8ab">
         <name>.text:__kernel_cos</name>
         <load_address>0x96b0</load_address>
         <run_address>0x96b0</run_address>
         <size>0x16c</size>
         <input_file_ref idref="fl-106"/>
      </object_component>
      <object_component id="oc-671">
         <name>.text:mpu_reset_fifo</name>
         <load_address>0x981c</load_address>
         <run_address>0x981c</run_address>
         <size>0x164</size>
         <input_file_ref idref="fl-4"/>
      </object_component>
      <object_component id="oc-7b4">
         <name>.text:atan2f</name>
         <load_address>0x9980</load_address>
         <run_address>0x9980</run_address>
         <size>0x158</size>
         <input_file_ref idref="fl-e8"/>
      </object_component>
      <object_component id="oc-5a5">
         <name>.text:sqrt</name>
         <load_address>0x9ad8</load_address>
         <run_address>0x9ad8</run_address>
         <size>0x158</size>
         <input_file_ref idref="fl-df"/>
      </object_component>
      <object_component id="oc-96f">
         <name>.text:atanf</name>
         <load_address>0x9c30</load_address>
         <run_address>0x9c30</run_address>
         <size>0x150</size>
         <input_file_ref idref="fl-e9"/>
      </object_component>
      <object_component id="oc-2dc">
         <name>.text:dmp_set_orientation</name>
         <load_address>0x9d80</load_address>
         <run_address>0x9d80</run_address>
         <size>0x140</size>
         <input_file_ref idref="fl-5"/>
      </object_component>
      <object_component id="oc-a5a">
         <name>.text:_pconv_e</name>
         <load_address>0x9ec0</load_address>
         <run_address>0x9ec0</run_address>
         <size>0x13c</size>
         <input_file_ref idref="fl-10c"/>
      </object_component>
      <object_component id="oc-4a4">
         <name>.text</name>
         <load_address>0x9ffc</load_address>
         <run_address>0x9ffc</run_address>
         <size>0x136</size>
         <input_file_ref idref="fl-ed"/>
      </object_component>
      <object_component id="oc-7fa">
         <name>.text</name>
         <load_address>0xa132</load_address>
         <run_address>0xa132</run_address>
         <size>0x2</size>
         <input_file_ref idref="fl-108"/>
      </object_component>
      <object_component id="oc-27c">
         <name>.text:mpu_set_sensors</name>
         <load_address>0xa134</load_address>
         <run_address>0xa134</run_address>
         <size>0x134</size>
         <input_file_ref idref="fl-4"/>
      </object_component>
      <object_component id="oc-415">
         <name>.text:GPIOPadConfigSet</name>
         <load_address>0xa268</load_address>
         <run_address>0xa268</run_address>
         <size>0x132</size>
         <input_file_ref idref="fl-1e"/>
      </object_component>
      <object_component id="oc-6c3">
         <name>.text:dmp_set_tap_thresh</name>
         <load_address>0xa39c</load_address>
         <run_address>0xa39c</run_address>
         <size>0x120</size>
         <input_file_ref idref="fl-5"/>
      </object_component>
      <object_component id="oc-ae5">
         <name>.text:fcvt</name>
         <load_address>0xa4bc</load_address>
         <run_address>0xa4bc</run_address>
         <size>0x120</size>
         <input_file_ref idref="fl-10c"/>
      </object_component>
      <object_component id="oc-3a2">
         <name>.text:mpu_get_outputs</name>
         <load_address>0xa5dc</load_address>
         <run_address>0xa5dc</run_address>
         <size>0x114</size>
         <input_file_ref idref="fl-11"/>
      </object_component>
      <object_component id="oc-21f">
         <name>.text:SysCtlClockGet</name>
         <load_address>0xa6f0</load_address>
         <run_address>0xa6f0</run_address>
         <size>0x110</size>
         <input_file_ref idref="fl-21"/>
      </object_component>
      <object_component id="oc-9f3">
         <name>.text:scalbn</name>
         <load_address>0xa800</load_address>
         <run_address>0xa800</run_address>
         <size>0x110</size>
         <input_file_ref idref="fl-e4"/>
      </object_component>
      <object_component id="oc-50b">
         <name>.text:inv_register_data_cb</name>
         <load_address>0xa910</load_address>
         <run_address>0xa910</run_address>
         <size>0xfc</size>
         <input_file_ref idref="fl-8"/>
      </object_component>
      <object_component id="oc-162">
         <name>.text</name>
         <load_address>0xaa0c</load_address>
         <run_address>0xaa0c</run_address>
         <size>0xfc</size>
         <input_file_ref idref="fl-ee"/>
      </object_component>
      <object_component id="oc-9f9">
         <name>.text:floor</name>
         <load_address>0xab08</load_address>
         <run_address>0xab08</run_address>
         <size>0xf8</size>
         <input_file_ref idref="fl-e3"/>
      </object_component>
      <object_component id="oc-fd">
         <name>.text:SysCtlClockSet</name>
         <load_address>0xac00</load_address>
         <run_address>0xac00</run_address>
         <size>0xf4</size>
         <input_file_ref idref="fl-21"/>
      </object_component>
      <object_component id="oc-a25">
         <name>.text:inv_get_quaternion_set</name>
         <load_address>0xacf4</load_address>
         <run_address>0xacf4</run_address>
         <size>0xf4</size>
         <input_file_ref idref="fl-e"/>
      </object_component>
      <object_component id="oc-704">
         <name>.text:mpu_set_bypass</name>
         <load_address>0xade8</load_address>
         <run_address>0xade8</run_address>
         <size>0xec</size>
         <input_file_ref idref="fl-4"/>
      </object_component>
      <object_component id="oc-54a">
         <name>.text:inv_quaternion_to_rotation</name>
         <load_address>0xaed4</load_address>
         <run_address>0xaed4</run_address>
         <size>0xe0</size>
         <input_file_ref idref="fl-b"/>
      </object_component>
      <object_component id="oc-4c9">
         <name>.text:inv_q_multf</name>
         <load_address>0xafb4</load_address>
         <run_address>0xafb4</run_address>
         <size>0xd2</size>
         <input_file_ref idref="fl-b"/>
      </object_component>
      <object_component id="oc-53e">
         <name>.text:inv_compass_angle</name>
         <load_address>0xb088</load_address>
         <run_address>0xb088</run_address>
         <size>0xc8</size>
         <input_file_ref idref="fl-b"/>
      </object_component>
      <object_component id="oc-241">
         <name>.text:mpu_init</name>
         <load_address>0xb150</load_address>
         <run_address>0xb150</run_address>
         <size>0xc8</size>
         <input_file_ref idref="fl-4"/>
      </object_component>
      <object_component id="oc-4af">
         <name>.text:inv_q_mult</name>
         <load_address>0xb218</load_address>
         <run_address>0xb218</run_address>
         <size>0xc0</size>
         <input_file_ref idref="fl-b"/>
      </object_component>
      <object_component id="oc-556">
         <name>.text:inv_q_normalizef</name>
         <load_address>0xb2d8</load_address>
         <run_address>0xb2d8</run_address>
         <size>0xc0</size>
         <input_file_ref idref="fl-b"/>
      </object_component>
      <object_component id="oc-756">
         <name>.text:mpu_read_fifo_stream</name>
         <load_address>0xb398</load_address>
         <run_address>0xb398</run_address>
         <size>0xbc</size>
         <input_file_ref idref="fl-4"/>
      </object_component>
      <object_component id="oc-247">
         <name>.text:inv_init_mpl</name>
         <load_address>0xb454</load_address>
         <run_address>0xb454</run_address>
         <size>0xb8</size>
         <input_file_ref idref="fl-d"/>
      </object_component>
      <object_component id="oc-4ed">
         <name>.text:cosf</name>
         <load_address>0xb50c</load_address>
         <run_address>0xb50c</run_address>
         <size>0xb4</size>
         <input_file_ref idref="fl-11e"/>
      </object_component>
      <object_component id="oc-390">
         <name>.text:mpu_get_compass_reg</name>
         <load_address>0xb5c0</load_address>
         <run_address>0xb5c0</run_address>
         <size>0xb4</size>
         <input_file_ref idref="fl-4"/>
      </object_component>
      <object_component id="oc-a48">
         <name>.text:_ltostr</name>
         <load_address>0xb674</load_address>
         <run_address>0xb674</run_address>
         <size>0xb1</size>
         <input_file_ref idref="fl-10c"/>
      </object_component>
      <object_component id="oc-13f">
         <name>.text:init_imu</name>
         <load_address>0xb728</load_address>
         <run_address>0xb728</run_address>
         <size>0xb0</size>
         <input_file_ref idref="fl-15"/>
      </object_component>
      <object_component id="oc-69c">
         <name>.text:mpu_load_firmware</name>
         <load_address>0xb7d8</load_address>
         <run_address>0xb7d8</run_address>
         <size>0xb0</size>
         <input_file_ref idref="fl-4"/>
      </object_component>
      <object_component id="oc-239">
         <name>.text:i2c_read_bytes</name>
         <load_address>0xb888</load_address>
         <run_address>0xb888</run_address>
         <size>0xa8</size>
         <input_file_ref idref="fl-12"/>
      </object_component>
      <object_component id="oc-678">
         <name>.text:mpu_lp_accel_mode</name>
         <load_address>0xb930</load_address>
         <run_address>0xb930</run_address>
         <size>0xa8</size>
         <input_file_ref idref="fl-4"/>
      </object_component>
      <object_component id="oc-4f3">
         <name>.text:sinf</name>
         <load_address>0xb9d8</load_address>
         <run_address>0xb9d8</run_address>
         <size>0xa4</size>
         <input_file_ref idref="fl-11f"/>
      </object_component>
      <object_component id="oc-8ea">
         <name>.text:inv_generate_eMPL_outputs</name>
         <load_address>0xba7c</load_address>
         <run_address>0xba7c</run_address>
         <size>0x9c</size>
         <input_file_ref idref="fl-7"/>
      </object_component>
      <object_component id="oc-56">
         <name>.text</name>
         <load_address>0xbb18</load_address>
         <run_address>0xbb18</run_address>
         <size>0x9c</size>
         <input_file_ref idref="fl-f5"/>
      </object_component>
      <object_component id="oc-396">
         <name>.text:inv_build_compass</name>
         <load_address>0xbbb4</load_address>
         <run_address>0xbbb4</run_address>
         <size>0x98</size>
         <input_file_ref idref="fl-8"/>
      </object_component>
      <object_component id="oc-8a3">
         <name>.text</name>
         <load_address>0xbc4c</load_address>
         <run_address>0xbc4c</run_address>
         <size>0x96</size>
         <input_file_ref idref="fl-f7"/>
      </object_component>
      <object_component id="oc-47f">
         <name>.text:_MLPrintLog</name>
         <load_address>0xbce2</load_address>
         <run_address>0xbce2</run_address>
         <size>0x94</size>
         <input_file_ref idref="fl-6"/>
      </object_component>
      <object_component id="oc-36c">
         <name>.text:mpu_get_temperature</name>
         <load_address>0xbd78</load_address>
         <run_address>0xbd78</run_address>
         <size>0x90</size>
         <input_file_ref idref="fl-4"/>
      </object_component>
      <object_component id="oc-808">
         <name>.text:i2c_write_bytes</name>
         <load_address>0xbe08</load_address>
         <run_address>0xbe08</run_address>
         <size>0x8c</size>
         <input_file_ref idref="fl-12"/>
      </object_component>
      <object_component id="oc-39c">
         <name>.text:inv_execute_on_data</name>
         <load_address>0xbe94</load_address>
         <run_address>0xbe94</run_address>
         <size>0x8c</size>
         <input_file_ref idref="fl-8"/>
      </object_component>
      <object_component id="oc-288">
         <name>.text:mpu_set_sample_rate</name>
         <load_address>0xbf20</load_address>
         <run_address>0xbf20</run_address>
         <size>0x8c</size>
         <input_file_ref idref="fl-4"/>
      </object_component>
      <object_component id="oc-773">
         <name>.text:inv_set_contiguous</name>
         <load_address>0xbfac</load_address>
         <run_address>0xbfac</run_address>
         <size>0x88</size>
         <input_file_ref idref="fl-8"/>
      </object_component>
      <object_component id="oc-88a">
         <name>.text:__aeabi_cdcmple</name>
         <load_address>0xc034</load_address>
         <run_address>0xc034</run_address>
         <size>0x86</size>
         <input_file_ref idref="fl-ec"/>
      </object_component>
      <object_component id="oc-9ff">
         <name>.text:__aeabi_cdrcmple</name>
         <load_address>0xc0ba</load_address>
         <run_address>0xc0ba</run_address>
         <size>0x86</size>
         <input_file_ref idref="fl-ec"/>
      </object_component>
      <object_component id="oc-3af">
         <name>.text:read_raw_imu_data</name>
         <load_address>0xc140</load_address>
         <run_address>0xc140</run_address>
         <size>0x80</size>
         <input_file_ref idref="fl-15"/>
      </object_component>
      <object_component id="oc-2ee">
         <name>.text:mpu_set_dmp_state</name>
         <load_address>0xc1c0</load_address>
         <run_address>0xc1c0</run_address>
         <size>0x7c</size>
         <input_file_ref idref="fl-4"/>
      </object_component>
      <object_component id="oc-b9">
         <name>.text</name>
         <load_address>0xc23c</load_address>
         <run_address>0xc23c</run_address>
         <size>0x7a</size>
         <input_file_ref idref="fl-f8"/>
      </object_component>
      <object_component id="oc-4db">
         <name>.text:inv_q_norm4</name>
         <load_address>0xc2b8</load_address>
         <run_address>0xc2b8</run_address>
         <size>0x78</size>
         <input_file_ref idref="fl-b"/>
      </object_component>
      <object_component id="oc-378">
         <name>.text:inv_build_accel</name>
         <load_address>0xc330</load_address>
         <run_address>0xc330</run_address>
         <size>0x70</size>
         <input_file_ref idref="fl-8"/>
      </object_component>
      <object_component id="oc-5ab">
         <name>.text:inv_get_sensor_type_gravity</name>
         <load_address>0xc3a0</load_address>
         <run_address>0xc3a0</run_address>
         <size>0x70</size>
         <input_file_ref idref="fl-9"/>
      </object_component>
      <object_component id="oc-ade">
         <name>.text:_mcpy</name>
         <load_address>0xc410</load_address>
         <run_address>0xc410</run_address>
         <size>0x6e</size>
         <input_file_ref idref="fl-10c"/>
      </object_component>
      <object_component id="oc-52b">
         <name>.text</name>
         <load_address>0xc47e</load_address>
         <run_address>0xc47e</run_address>
         <size>0x6e</size>
         <input_file_ref idref="fl-f0"/>
      </object_component>
      <object_component id="oc-58f">
         <name>.text</name>
         <load_address>0xc4ec</load_address>
         <run_address>0xc4ec</run_address>
         <size>0x6e</size>
         <input_file_ref idref="fl-f6"/>
      </object_component>
      <object_component id="oc-115">
         <name>.text:i2c_common_setup</name>
         <load_address>0xc55c</load_address>
         <run_address>0xc55c</run_address>
         <size>0x6c</size>
         <input_file_ref idref="fl-12"/>
      </object_component>
      <object_component id="oc-594">
         <name>.text:inv_register_load_store</name>
         <load_address>0xc5c8</load_address>
         <run_address>0xc5c8</run_address>
         <size>0x6c</size>
         <input_file_ref idref="fl-10"/>
      </object_component>
      <object_component id="oc-564">
         <name>.text</name>
         <load_address>0xc634</load_address>
         <run_address>0xc634</run_address>
         <size>0x6c</size>
         <input_file_ref idref="fl-120"/>
      </object_component>
      <object_component id="oc-12">
         <name>.text:decompress:lzss:__TI_decompress_lzss</name>
         <load_address>0xc6a0</load_address>
         <run_address>0xc6a0</run_address>
         <size>0x68</size>
         <input_file_ref idref="fl-fb"/>
      </object_component>
      <object_component id="oc-749">
         <name>.text:inv_apply_calibration</name>
         <load_address>0xc708</load_address>
         <run_address>0xc708</run_address>
         <size>0x68</size>
         <input_file_ref idref="fl-8"/>
      </object_component>
      <object_component id="oc-456">
         <name>.text:mpu_set_gyro_fsr</name>
         <load_address>0xc770</load_address>
         <run_address>0xc770</run_address>
         <size>0x68</size>
         <input_file_ref idref="fl-4"/>
      </object_component>
      <object_component id="oc-462">
         <name>.text:mpu_set_lpf</name>
         <load_address>0xc7d8</load_address>
         <run_address>0xc7d8</run_address>
         <size>0x68</size>
         <input_file_ref idref="fl-4"/>
      </object_component>
      <object_component id="oc-af3">
         <name>.text:frexp</name>
         <load_address>0xc840</load_address>
         <run_address>0xc840</run_address>
         <size>0x64</size>
         <input_file_ref idref="fl-113"/>
      </object_component>
      <object_component id="oc-4e7">
         <name>.text:inv_convert_to_body_with_scale</name>
         <load_address>0xc8a4</load_address>
         <run_address>0xc8a4</run_address>
         <size>0x64</size>
         <input_file_ref idref="fl-b"/>
      </object_component>
      <object_component id="oc-572">
         <name>.text:inv_set_gyro_bias</name>
         <load_address>0xc908</load_address>
         <run_address>0xc908</run_address>
         <size>0x64</size>
         <input_file_ref idref="fl-8"/>
      </object_component>
      <object_component id="oc-276">
         <name>.text:inv_start_mpl</name>
         <load_address>0xc96c</load_address>
         <run_address>0xc96c</run_address>
         <size>0x64</size>
         <input_file_ref idref="fl-d"/>
      </object_component>
      <object_component id="oc-38a">
         <name>.text:mpu_get_accel_reg</name>
         <load_address>0xc9d0</load_address>
         <run_address>0xc9d0</run_address>
         <size>0x64</size>
         <input_file_ref idref="fl-4"/>
      </object_component>
      <object_component id="oc-45c">
         <name>.text:mpu_set_accel_fsr</name>
         <load_address>0xca34</load_address>
         <run_address>0xca34</run_address>
         <size>0x64</size>
         <input_file_ref idref="fl-4"/>
      </object_component>
      <object_component id="oc-664">
         <name>.text:mpu_set_int_latched</name>
         <load_address>0xca98</load_address>
         <run_address>0xca98</run_address>
         <size>0x64</size>
         <input_file_ref idref="fl-4"/>
      </object_component>
      <object_component id="oc-167">
         <name>.text:print_float</name>
         <load_address>0xcafc</load_address>
         <run_address>0xcafc</run_address>
         <size>0x62</size>
         <input_file_ref idref="fl-3"/>
      </object_component>
      <object_component id="oc-1ec">
         <name>.text:UARTStdioConfig</name>
         <load_address>0xcb60</load_address>
         <run_address>0xcb60</run_address>
         <size>0x60</size>
         <input_file_ref idref="fl-16"/>
      </object_component>
      <object_component id="oc-93c">
         <name>.text:i2c_write_reg_lsm</name>
         <load_address>0xcbc0</load_address>
         <run_address>0xcbc0</run_address>
         <size>0x60</size>
         <input_file_ref idref="fl-14"/>
      </object_component>
      <object_component id="oc-2e8">
         <name>.text:dmp_set_fifo_rate</name>
         <load_address>0xcc20</load_address>
         <run_address>0xcc20</run_address>
         <size>0x5c</size>
         <input_file_ref idref="fl-5"/>
      </object_component>
      <object_component id="oc-66b">
         <name>.text:set_int_enable</name>
         <load_address>0xcc7c</load_address>
         <run_address>0xcc7c</run_address>
         <size>0x5c</size>
         <input_file_ref idref="fl-4"/>
      </object_component>
      <object_component id="oc-133">
         <name>.text:I2CReceive</name>
         <load_address>0xccd8</load_address>
         <run_address>0xccd8</run_address>
         <size>0x58</size>
         <input_file_ref idref="fl-14"/>
      </object_component>
      <object_component id="oc-802">
         <name>.text:i2c_write_reg</name>
         <load_address>0xcd30</load_address>
         <run_address>0xcd30</run_address>
         <size>0x58</size>
         <input_file_ref idref="fl-12"/>
      </object_component>
      <object_component id="oc-538">
         <name>.text:inv_get_gravity</name>
         <load_address>0xcd88</load_address>
         <run_address>0xcd88</run_address>
         <size>0x58</size>
         <input_file_ref idref="fl-e"/>
      </object_component>
      <object_component id="oc-83a">
         <name>.text:inv_reset_compass_soft_iron_matrix</name>
         <load_address>0xcde0</load_address>
         <run_address>0xcde0</run_address>
         <size>0x58</size>
         <input_file_ref idref="fl-8"/>
      </object_component>
      <object_component id="oc-90d">
         <name>.text:mpu_read_mem</name>
         <load_address>0xce38</load_address>
         <run_address>0xce38</run_address>
         <size>0x58</size>
         <input_file_ref idref="fl-4"/>
      </object_component>
      <object_component id="oc-6a6">
         <name>.text:mpu_write_mem</name>
         <load_address>0xce90</load_address>
         <run_address>0xce90</run_address>
         <size>0x58</size>
         <input_file_ref idref="fl-4"/>
      </object_component>
      <object_component id="oc-a54">
         <name>.text:_pconv_f</name>
         <load_address>0xcee8</load_address>
         <run_address>0xcee8</run_address>
         <size>0x56</size>
         <input_file_ref idref="fl-10c"/>
      </object_component>
      <object_component id="oc-5c8">
         <name>.text:inv_set_accel_bias_mask</name>
         <load_address>0xcf40</load_address>
         <run_address>0xcf40</run_address>
         <size>0x54</size>
         <input_file_ref idref="fl-8"/>
      </object_component>
      <object_component id="oc-766">
         <name>.text:inv_set_compass_soft_iron_input_data</name>
         <load_address>0xcf94</load_address>
         <run_address>0xcf94</run_address>
         <size>0x54</size>
         <input_file_ref idref="fl-8"/>
      </object_component>
      <object_component id="oc-ad2">
         <name>.text:ltoa</name>
         <load_address>0xcfe8</load_address>
         <run_address>0xcfe8</run_address>
         <size>0x54</size>
         <input_file_ref idref="fl-10f"/>
      </object_component>
      <object_component id="oc-ad8">
         <name>.text:_ecpy</name>
         <load_address>0xd03c</load_address>
         <run_address>0xd03c</run_address>
         <size>0x52</size>
         <input_file_ref idref="fl-10c"/>
      </object_component>
      <object_component id="oc-20d">
         <name>.text:SysCtlPeripheralReset</name>
         <load_address>0xd090</load_address>
         <run_address>0xd090</run_address>
         <size>0x50</size>
         <input_file_ref idref="fl-21"/>
      </object_component>
      <object_component id="oc-282">
         <name>.text:mpu_configure_fifo</name>
         <load_address>0xd0e0</load_address>
         <run_address>0xd0e0</run_address>
         <size>0x50</size>
         <input_file_ref idref="fl-4"/>
      </object_component>
      <object_component id="oc-103">
         <name>.text:ConfigureUART</name>
         <load_address>0xd130</load_address>
         <run_address>0xd130</run_address>
         <size>0x4c</size>
         <input_file_ref idref="fl-3"/>
      </object_component>
      <object_component id="oc-225">
         <name>.text:I2CMasterInitExpClk</name>
         <load_address>0xd17c</load_address>
         <run_address>0xd17c</run_address>
         <size>0x4c</size>
         <input_file_ref idref="fl-1f"/>
      </object_component>
      <object_component id="oc-a42">
         <name>.text:atoi</name>
         <load_address>0xd1c8</load_address>
         <run_address>0xd1c8</run_address>
         <size>0x4c</size>
         <input_file_ref idref="fl-10d"/>
      </object_component>
      <object_component id="oc-5ff">
         <name>.text:inv_set_compass_bias</name>
         <load_address>0xd214</load_address>
         <run_address>0xd214</run_address>
         <size>0x4c</size>
         <input_file_ref idref="fl-8"/>
      </object_component>
      <object_component id="oc-505">
         <name>.text:inv_unregister_data_cb</name>
         <load_address>0xd260</load_address>
         <run_address>0xd260</run_address>
         <size>0x4c</size>
         <input_file_ref idref="fl-8"/>
      </object_component>
      <object_component id="oc-157">
         <name>.text:mpu_get_euler</name>
         <load_address>0xd2ac</load_address>
         <run_address>0xd2ac</run_address>
         <size>0x4c</size>
         <input_file_ref idref="fl-11"/>
      </object_component>
      <object_component id="oc-28e">
         <name>.text:mpu_set_compass_sample_rate</name>
         <load_address>0xd2f8</load_address>
         <run_address>0xd2f8</run_address>
         <size>0x4c</size>
         <input_file_ref idref="fl-4"/>
      </object_component>
      <object_component id="oc-1da">
         <name>.text:GPIOPinConfigure</name>
         <load_address>0xd344</load_address>
         <run_address>0xd344</run_address>
         <size>0x48</size>
         <input_file_ref idref="fl-1e"/>
      </object_component>
      <object_component id="oc-43e">
         <name>.text:UARTwrite</name>
         <load_address>0xd38c</load_address>
         <run_address>0xd38c</run_address>
         <size>0x48</size>
         <input_file_ref idref="fl-16"/>
      </object_component>
      <object_component id="oc-3ca">
         <name>.text</name>
         <load_address>0xd3d4</load_address>
         <run_address>0xd3d4</run_address>
         <size>0x48</size>
         <input_file_ref idref="fl-ef"/>
      </object_component>
      <object_component id="oc-55f">
         <name>.text</name>
         <load_address>0xd41c</load_address>
         <run_address>0xd41c</run_address>
         <size>0x48</size>
         <input_file_ref idref="fl-121"/>
      </object_component>
      <object_component id="oc-794">
         <name>.text:gyro_read_all_data</name>
         <load_address>0xd464</load_address>
         <run_address>0xd464</run_address>
         <size>0x46</size>
         <input_file_ref idref="fl-15"/>
      </object_component>
      <object_component id="oc-79a">
         <name>.text:lsm9_accel_read_all_data</name>
         <load_address>0xd4aa</load_address>
         <run_address>0xd4aa</run_address>
         <size>0x46</size>
         <input_file_ref idref="fl-15"/>
      </object_component>
      <object_component id="oc-7a0">
         <name>.text:mag_read_all_data</name>
         <load_address>0xd4f0</load_address>
         <run_address>0xd4f0</run_address>
         <size>0x46</size>
         <input_file_ref idref="fl-15"/>
      </object_component>
      <object_component id="oc-18c">
         <name>.text:__TI_auto_init_nobinit_nopinit:__TI_auto_init_nobinit_nopinit</name>
         <load_address>0xd538</load_address>
         <run_address>0xd538</run_address>
         <size>0x44</size>
         <input_file_ref idref="fl-109"/>
      </object_component>
      <object_component id="oc-75c">
         <name>.text:decode_gesture</name>
         <load_address>0xd57c</load_address>
         <run_address>0xd57c</run_address>
         <size>0x44</size>
         <input_file_ref idref="fl-5"/>
      </object_component>
      <object_component id="oc-aa1">
         <name>.text:inv_get_last_timestamp</name>
         <load_address>0xd5c0</load_address>
         <run_address>0xd5c0</run_address>
         <size>0x44</size>
         <input_file_ref idref="fl-8"/>
      </object_component>
      <object_component id="oc-517">
         <name>.text:inv_unregister_mpl_start_notification</name>
         <load_address>0xd604</load_address>
         <run_address>0xd604</run_address>
         <size>0x44</size>
         <input_file_ref idref="fl-f"/>
      </object_component>
      <object_component id="oc-16d">
         <name>.text:mpu_get_rot_mat</name>
         <load_address>0xd648</load_address>
         <run_address>0xd648</run_address>
         <size>0x44</size>
         <input_file_ref idref="fl-11"/>
      </object_component>
      <object_component id="oc-4d5">
         <name>.text:inv_q_addf</name>
         <load_address>0xd68c</load_address>
         <run_address>0xd68c</run_address>
         <size>0x42</size>
         <input_file_ref idref="fl-b"/>
      </object_component>
      <object_component id="oc-6c9">
         <name>.text:dmp_set_tap_axes</name>
         <load_address>0xd6ce</load_address>
         <run_address>0xd6ce</run_address>
         <size>0x40</size>
         <input_file_ref idref="fl-5"/>
      </object_component>
      <object_component id="oc-840">
         <name>.text:inv_db_load_func</name>
         <load_address>0xd710</load_address>
         <run_address>0xd710</run_address>
         <size>0x40</size>
         <input_file_ref idref="fl-8"/>
      </object_component>
      <object_component id="oc-5bc">
         <name>.text:inv_get_linear_accel_float</name>
         <load_address>0xd750</load_address>
         <run_address>0xd750</run_address>
         <size>0x40</size>
         <input_file_ref idref="fl-e"/>
      </object_component>
      <object_component id="oc-485">
         <name>.text:inv_init_data_builder</name>
         <load_address>0xd790</load_address>
         <run_address>0xd790</run_address>
         <size>0x40</size>
         <input_file_ref idref="fl-8"/>
      </object_component>
      <object_component id="oc-2a0">
         <name>.text:mpu_get_accel_fsr</name>
         <load_address>0xd7d0</load_address>
         <run_address>0xd7d0</run_address>
         <size>0x40</size>
         <input_file_ref idref="fl-4"/>
      </object_component>
      <object_component id="oc-444">
         <name>.text</name>
         <load_address>0xd810</load_address>
         <run_address>0xd810</run_address>
         <size>0x40</size>
         <input_file_ref idref="fl-ea"/>
      </object_component>
      <object_component id="oc-a9b">
         <name>.text:sprintf</name>
         <load_address>0xd850</load_address>
         <run_address>0xd850</run_address>
         <size>0x40</size>
         <input_file_ref idref="fl-103"/>
      </object_component>
      <object_component id="oc-aeb">
         <name>.text:_fcpy</name>
         <load_address>0xd890</load_address>
         <run_address>0xd890</run_address>
         <size>0x3e</size>
         <input_file_ref idref="fl-10c"/>
      </object_component>
      <object_component id="oc-95d">
         <name>.text:inv_get_compass_set</name>
         <load_address>0xd8d0</load_address>
         <run_address>0xd8d0</run_address>
         <size>0x3c</size>
         <input_file_ref idref="fl-8"/>
      </object_component>
      <object_component id="oc-4f9">
         <name>.text:inv_get_linear_accel</name>
         <load_address>0xd90c</load_address>
         <run_address>0xd90c</run_address>
         <size>0x3c</size>
         <input_file_ref idref="fl-e"/>
      </object_component>
      <object_component id="oc-4c3">
         <name>.text:inv_q_rotate</name>
         <load_address>0xd948</load_address>
         <run_address>0xd948</run_address>
         <size>0x3c</size>
         <input_file_ref idref="fl-b"/>
      </object_component>
      <object_component id="oc-6f9">
         <name>.text:dmp_enable_6x_lp_quat</name>
         <load_address>0xd984</load_address>
         <run_address>0xd984</run_address>
         <size>0x3a</size>
         <input_file_ref idref="fl-5"/>
      </object_component>
      <object_component id="oc-6f3">
         <name>.text:dmp_enable_lp_quat</name>
         <load_address>0xd9be</load_address>
         <run_address>0xd9be</run_address>
         <size>0x3a</size>
         <input_file_ref idref="fl-5"/>
      </object_component>
      <object_component id="oc-74">
         <name>.text:_c_int00_noargs:_c_int00_noargs</name>
         <load_address>0xd9f8</load_address>
         <run_address>0xd9f8</run_address>
         <size>0x38</size>
         <input_file_ref idref="fl-fc"/>
      </object_component>
      <object_component id="oc-68b">
         <name>.text:inv_row_2_scale</name>
         <load_address>0xda30</load_address>
         <run_address>0xda30</run_address>
         <size>0x38</size>
         <input_file_ref idref="fl-b"/>
      </object_component>
      <object_component id="oc-29a">
         <name>.text:mpu_get_gyro_fsr</name>
         <load_address>0xda68</load_address>
         <run_address>0xda68</run_address>
         <size>0x38</size>
         <input_file_ref idref="fl-4"/>
      </object_component>
      <object_component id="oc-15d">
         <name>.text</name>
         <load_address>0xdaa0</load_address>
         <run_address>0xdaa0</run_address>
         <size>0x38</size>
         <input_file_ref idref="fl-f1"/>
      </object_component>
      <object_component id="oc-352">
         <name>.text:mag_set_scale</name>
         <load_address>0xdad8</load_address>
         <run_address>0xdad8</run_address>
         <size>0x36</size>
         <input_file_ref idref="fl-15"/>
      </object_component>
      <object_component id="oc-1d4">
         <name>.text:SysCtlPeripheralEnable</name>
         <load_address>0xdb10</load_address>
         <run_address>0xdb10</run_address>
         <size>0x34</size>
         <input_file_ref idref="fl-21"/>
      </object_component>
      <object_component id="oc-877">
         <name>.text:inv_get_accel_set</name>
         <load_address>0xdb44</load_address>
         <run_address>0xdb44</run_address>
         <size>0x34</size>
         <input_file_ref idref="fl-8"/>
      </object_component>
      <object_component id="oc-5c2">
         <name>.text:inv_get_quaternion</name>
         <load_address>0xdb78</load_address>
         <run_address>0xdb78</run_address>
         <size>0x34</size>
         <input_file_ref idref="fl-e"/>
      </object_component>
      <object_component id="oc-578">
         <name>.text:inv_set_motion_state</name>
         <load_address>0xdbac</load_address>
         <run_address>0xdbac</run_address>
         <size>0x34</size>
         <input_file_ref idref="fl-e"/>
      </object_component>
      <object_component id="oc-33a">
         <name>.text:gyro_set_scale</name>
         <load_address>0xdbe0</load_address>
         <run_address>0xdbe0</run_address>
         <size>0x32</size>
         <input_file_ref idref="fl-15"/>
      </object_component>
      <object_component id="oc-94b">
         <name>.text:mlMatrixVectorMult</name>
         <load_address>0xdc12</load_address>
         <run_address>0xdc12</run_address>
         <size>0x32</size>
         <input_file_ref idref="fl-b"/>
      </object_component>
      <object_component id="oc-6e1">
         <name>.text:dmp_set_shake_reject_thresh</name>
         <load_address>0xdc44</load_address>
         <run_address>0xdc44</run_address>
         <size>0x30</size>
         <input_file_ref idref="fl-5"/>
      </object_component>
      <object_component id="oc-334">
         <name>.text:gyro_setup</name>
         <load_address>0xdc74</load_address>
         <run_address>0xdc74</run_address>
         <size>0x30</size>
         <input_file_ref idref="fl-15"/>
      </object_component>
      <object_component id="oc-366">
         <name>.text:inv_build_gyro</name>
         <load_address>0xdca4</load_address>
         <run_address>0xdca4</run_address>
         <size>0x30</size>
         <input_file_ref idref="fl-8"/>
      </object_component>
      <object_component id="oc-384">
         <name>.text:inv_build_quat</name>
         <load_address>0xdcd4</load_address>
         <run_address>0xdcd4</run_address>
         <size>0x30</size>
         <input_file_ref idref="fl-8"/>
      </object_component>
      <object_component id="oc-84d">
         <name>.text:inv_init_results_holder</name>
         <load_address>0xdd04</load_address>
         <run_address>0xdd04</run_address>
         <size>0x30</size>
         <input_file_ref idref="fl-e"/>
      </object_component>
      <object_component id="oc-2b8">
         <name>.text:inv_set_compass_sample_rate</name>
         <load_address>0xdd34</load_address>
         <run_address>0xdd34</run_address>
         <size>0x30</size>
         <input_file_ref idref="fl-8"/>
      </object_component>
      <object_component id="oc-346">
         <name>.text:accel_lsm9_set_scale</name>
         <load_address>0xdd64</load_address>
         <run_address>0xdd64</run_address>
         <size>0x2e</size>
         <input_file_ref idref="fl-15"/>
      </object_component>
      <object_component id="oc-3cf">
         <name>.text</name>
         <load_address>0xdd92</load_address>
         <run_address>0xdd92</run_address>
         <size>0x2e</size>
         <input_file_ref idref="fl-f2"/>
      </object_component>
      <object_component id="oc-6bd">
         <name>.text:dmp_enable_gyro_cal</name>
         <load_address>0xddc0</load_address>
         <run_address>0xddc0</run_address>
         <size>0x2c</size>
         <input_file_ref idref="fl-5"/>
      </object_component>
      <object_component id="oc-2b2">
         <name>.text:inv_set_accel_sample_rate</name>
         <load_address>0xddec</load_address>
         <run_address>0xddec</run_address>
         <size>0x2c</size>
         <input_file_ref idref="fl-8"/>
      </object_component>
      <object_component id="oc-40f">
         <name>.text:GPIODirModeSet</name>
         <load_address>0xde18</load_address>
         <run_address>0xde18</run_address>
         <size>0x2a</size>
         <input_file_ref idref="fl-1e"/>
      </object_component>
      <object_component id="oc-372">
         <name>.text:inv_build_temp</name>
         <load_address>0xde44</load_address>
         <run_address>0xde44</run_address>
         <size>0x28</size>
         <input_file_ref idref="fl-8"/>
      </object_component>
      <object_component id="oc-65c">
         <name>.text:inv_execute_mpl_start_notification</name>
         <load_address>0xde6c</load_address>
         <run_address>0xde6c</run_address>
         <size>0x28</size>
         <input_file_ref idref="fl-f"/>
      </object_component>
      <object_component id="oc-956">
         <name>.text:inv_get_gyro_set</name>
         <load_address>0xde94</load_address>
         <run_address>0xde94</run_address>
         <size>0x28</size>
         <input_file_ref idref="fl-8"/>
      </object_component>
      <object_component id="oc-2ac">
         <name>.text:inv_set_gyro_sample_rate</name>
         <load_address>0xdebc</load_address>
         <run_address>0xdebc</run_address>
         <size>0x28</size>
         <input_file_ref idref="fl-8"/>
      </object_component>
      <object_component id="oc-494">
         <name>.text:sqrtf</name>
         <load_address>0xdee4</load_address>
         <run_address>0xdee4</run_address>
         <size>0x28</size>
         <input_file_ref idref="fl-11d"/>
      </object_component>
      <object_component id="oc-832">
         <name>.text:vsprintf</name>
         <load_address>0xdf0c</load_address>
         <run_address>0xdf0c</run_address>
         <size>0x28</size>
         <input_file_ref idref="fl-104"/>
      </object_component>
      <object_component id="oc-2be">
         <name>.text:inv_orientation_matrix_to_scalar</name>
         <load_address>0xdf34</load_address>
         <run_address>0xdf34</run_address>
         <size>0x26</size>
         <input_file_ref idref="fl-b"/>
      </object_component>
      <object_component id="oc-7a6">
         <name>.text:twosComp_sensorData_16b</name>
         <load_address>0xdf5a</load_address>
         <run_address>0xdf5a</run_address>
         <size>0x26</size>
         <input_file_ref idref="fl-15"/>
      </object_component>
      <object_component id="oc-4e1">
         <name>.text:inv_get_gyro_bias</name>
         <load_address>0xdf80</load_address>
         <run_address>0xdf80</run_address>
         <size>0x24</size>
         <input_file_ref idref="fl-8"/>
      </object_component>
      <object_component id="oc-77a">
         <name>.text:inv_get_sensor_type_quat</name>
         <load_address>0xdfa4</load_address>
         <run_address>0xdfa4</run_address>
         <size>0x24</size>
         <input_file_ref idref="fl-7"/>
      </object_component>
      <object_component id="oc-3da">
         <name>.text:inv_get_sensor_type_rot_mat</name>
         <load_address>0xdfc8</load_address>
         <run_address>0xdfc8</run_address>
         <size>0x24</size>
         <input_file_ref idref="fl-7"/>
      </object_component>
      <object_component id="oc-4b5">
         <name>.text:inv_q_add</name>
         <load_address>0xdfec</load_address>
         <run_address>0xdfec</run_address>
         <size>0x24</size>
         <input_file_ref idref="fl-b"/>
      </object_component>
      <object_component id="oc-550">
         <name>.text:inv_set_compass_correction</name>
         <load_address>0xe010</load_address>
         <run_address>0xe010</run_address>
         <size>0x24</size>
         <input_file_ref idref="fl-e"/>
      </object_component>
      <object_component id="oc-4ff">
         <name>.text:inv_store_gaming_quaternion</name>
         <load_address>0xe034</load_address>
         <run_address>0xe034</run_address>
         <size>0x24</size>
         <input_file_ref idref="fl-e"/>
      </object_component>
      <object_component id="oc-34c">
         <name>.text:mag_setup</name>
         <load_address>0xe058</load_address>
         <run_address>0xe058</run_address>
         <size>0x24</size>
         <input_file_ref idref="fl-15"/>
      </object_component>
      <object_component id="oc-49a">
         <name>.text:memcmp</name>
         <load_address>0xe07c</load_address>
         <run_address>0xe07c</run_address>
         <size>0x24</size>
         <input_file_ref idref="fl-101"/>
      </object_component>
      <object_component id="oc-520">
         <name>.text:memmove</name>
         <load_address>0xe0a0</load_address>
         <run_address>0xe0a0</run_address>
         <size>0x24</size>
         <input_file_ref idref="fl-102"/>
      </object_component>
      <object_component id="oc-6cf">
         <name>.text:dmp_set_tap_count</name>
         <load_address>0xe0c4</load_address>
         <run_address>0xe0c4</run_address>
         <size>0x22</size>
         <input_file_ref idref="fl-5"/>
      </object_component>
      <object_component id="oc-6e7">
         <name>.text:dmp_set_shake_reject_time</name>
         <load_address>0xe0e6</load_address>
         <run_address>0xe0e6</run_address>
         <size>0x20</size>
         <input_file_ref idref="fl-5"/>
      </object_component>
      <object_component id="oc-6ed">
         <name>.text:dmp_set_shake_reject_timeout</name>
         <load_address>0xe106</load_address>
         <run_address>0xe106</run_address>
         <size>0x20</size>
         <input_file_ref idref="fl-5"/>
      </object_component>
      <object_component id="oc-6d5">
         <name>.text:dmp_set_tap_time</name>
         <load_address>0xe126</load_address>
         <run_address>0xe126</run_address>
         <size>0x20</size>
         <input_file_ref idref="fl-5"/>
      </object_component>
      <object_component id="oc-6db">
         <name>.text:dmp_set_tap_time_multi</name>
         <load_address>0xe146</load_address>
         <run_address>0xe146</run_address>
         <size>0x20</size>
         <input_file_ref idref="fl-5"/>
      </object_component>
      <object_component id="oc-139">
         <name>.text:init_imu_scaledStruct</name>
         <load_address>0xe166</load_address>
         <run_address>0xe166</run_address>
         <size>0x20</size>
         <input_file_ref idref="fl-15"/>
      </object_component>
      <object_component id="oc-511">
         <name>.text:inv_register_mpl_start_notification</name>
         <load_address>0xe188</load_address>
         <run_address>0xe188</run_address>
         <size>0x20</size>
         <input_file_ref idref="fl-f"/>
      </object_component>
      <object_component id="oc-5b6">
         <name>.text:inv_set_accel_accuracy</name>
         <load_address>0xe1a8</load_address>
         <run_address>0xe1a8</run_address>
         <size>0x20</size>
         <input_file_ref idref="fl-8"/>
      </object_component>
      <object_component id="oc-32b">
         <name>.text:make_disable_ptrs</name>
         <load_address>0xe1c8</load_address>
         <run_address>0xe1c8</run_address>
         <size>0x20</size>
         <input_file_ref idref="fl-15"/>
      </object_component>
      <object_component id="oc-294">
         <name>.text:mpu_get_sample_rate</name>
         <load_address>0xe1e8</load_address>
         <run_address>0xe1e8</run_address>
         <size>0x20</size>
         <input_file_ref idref="fl-4"/>
      </object_component>
      <object_component id="oc-450">
         <name>.text:i2c_write</name>
         <load_address>0xe208</load_address>
         <run_address>0xe208</run_address>
         <size>0x1e</size>
         <input_file_ref idref="fl-13"/>
      </object_component>
      <object_component id="oc-4cf">
         <name>.text:inv_q_invertf</name>
         <load_address>0xe226</load_address>
         <run_address>0xe226</run_address>
         <size>0x1e</size>
         <input_file_ref idref="fl-b"/>
      </object_component>
      <object_component id="oc-42">
         <name>.text:UARTIntHandler</name>
         <load_address>0xe244</load_address>
         <run_address>0xe244</run_address>
         <size>0x1c</size>
         <input_file_ref idref="fl-3"/>
      </object_component>
      <object_component id="oc-63a">
         <name>.text:inv_get_compass_correction</name>
         <load_address>0xe260</load_address>
         <run_address>0xe260</run_address>
         <size>0x1c</size>
         <input_file_ref idref="fl-e"/>
      </object_component>
      <object_component id="oc-76c">
         <name>.text:inv_get_compass_soft_iron_output_data</name>
         <load_address>0xe27c</load_address>
         <run_address>0xe27c</run_address>
         <size>0x1c</size>
         <input_file_ref idref="fl-8"/>
      </object_component>
      <object_component id="oc-587">
         <name>.text:inv_get_gyro_bias_tc_set</name>
         <load_address>0xe298</load_address>
         <run_address>0xe298</run_address>
         <size>0x1c</size>
         <input_file_ref idref="fl-8"/>
      </object_component>
      <object_component id="oc-abf">
         <name>.text:inv_get_mag_accuracy</name>
         <load_address>0xe2b4</load_address>
         <run_address>0xe2b4</run_address>
[...]
      </symbol>
      <symbol id="sm-13df">
         <name>inv_disable_in_use_auto_calibration</name>
         <value>0x340d</value>
         <object_component_ref idref="oc-261"/>
      </symbol>
      <symbol id="sm-13e0">
         <name>inv_get_accel_bias_stage</name>
         <value>0x3429</value>
         <object_component_ref idref="oc-261"/>
      </symbol>
      <symbol id="sm-1420">
         <name>inv_start_vector_compass_cal</name>
         <value>0x271</value>
         <object_component_ref idref="oc-266"/>
      </symbol>
      <symbol id="sm-1421">
         <name>inv_generate_vector_compass_cal</name>
         <value>0x254d</value>
         <object_component_ref idref="oc-266"/>
      </symbol>
      <symbol id="sm-1422">
         <name>vc</name>
         <value>0x200008e0</value>
      </symbol>
      <symbol id="sm-1423">
         <name>cb_test</name>
         <value>0x20001200</value>
      </symbol>
      <symbol id="sm-1424">
         <name>inv_vector_compass_cal_sensitivity</name>
         <value>0x499</value>
         <object_component_ref idref="oc-266"/>
      </symbol>
      <symbol id="sm-1425">
         <name>inv_cheap_rand</name>
         <value>0x4a5</value>
         <object_component_ref idref="oc-266"/>
      </symbol>
      <symbol id="sm-1426">
         <name>inv_cheap_gaussian</name>
         <value>0x4dd</value>
         <object_component_ref idref="oc-266"/>
      </symbol>
      <symbol id="sm-1427">
         <name>inv_combine_compass_data</name>
         <value>0x5a1</value>
         <object_component_ref idref="oc-266"/>
      </symbol>
      <symbol id="sm-1428">
         <name>inv_set_terms</name>
         <value>0x715</value>
         <object_component_ref idref="oc-266"/>
      </symbol>
      <symbol id="sm-1429">
         <name>inv_compute_bias</name>
         <value>0xa21</value>
         <object_component_ref idref="oc-266"/>
      </symbol>
      <symbol id="sm-142a">
         <name>inv_center_sum</name>
         <value>0x11c5</value>
         <object_component_ref idref="oc-266"/>
      </symbol>
      <symbol id="sm-142b">
         <name>inv_get_current_calibrated_compass</name>
         <value>0x18cd</value>
         <object_component_ref idref="oc-266"/>
      </symbol>
      <symbol id="sm-142c">
         <name>inv_add_compass_block_data</name>
         <value>0x1925</value>
         <object_component_ref idref="oc-266"/>
      </symbol>
      <symbol id="sm-142d">
         <name>inv_check_sim</name>
         <value>0x19d5</value>
         <object_component_ref idref="oc-266"/>
      </symbol>
      <symbol id="sm-142e">
         <name>inv_reset_data_collection</name>
         <value>0x1b41</value>
         <object_component_ref idref="oc-266"/>
      </symbol>
      <symbol id="sm-142f">
         <name>cb_sim</name>
         <value>0x20001118</value>
      </symbol>
      <symbol id="sm-1430">
         <name>cb</name>
         <value>0x20001030</value>
      </symbol>
      <symbol id="sm-1431">
         <name>inv_process_compass_only_cal</name>
         <value>0x2431</value>
         <object_component_ref idref="oc-266"/>
      </symbol>
      <symbol id="sm-1432">
         <name>inv_stop_vector_compass_cal</name>
         <value>0x25f5</value>
         <object_component_ref idref="oc-266"/>
      </symbol>
      <symbol id="sm-1433">
         <name>inv_init_vector_compass_cal</name>
         <value>0x2601</value>
         <object_component_ref idref="oc-266"/>
      </symbol>
      <symbol id="sm-1434">
         <name>inv_enable_vector_compass_cal</name>
         <value>0x266d</value>
         <object_component_ref idref="oc-266"/>
      </symbol>
      <symbol id="sm-1435">
         <name>inv_disable_vector_compass_cal</name>
         <value>0x2685</value>
         <object_component_ref idref="oc-266"/>
      </symbol>
      <symbol id="sm-147b">
         <name>fnm</name>
         <value>0x200004b8</value>
      </symbol>
      <symbol id="sm-147c">
         <name>inv_init_maxmin</name>
         <value>0x35d5</value>
         <object_component_ref idref="oc-257"/>
      </symbol>
      <symbol id="sm-147d">
         <name>inv_start_fast_nomot</name>
         <value>0x366d</value>
         <object_component_ref idref="oc-257"/>
      </symbol>
      <symbol id="sm-147e">
         <name>inv_generate_fast_nomot</name>
         <value>0x3d71</value>
         <object_component_ref idref="oc-257"/>
      </symbol>
      <symbol id="sm-147f">
         <name>inv_fast_nomot_parameter</name>
         <value>0x36ad</value>
         <object_component_ref idref="oc-257"/>
      </symbol>
      <symbol id="sm-1480">
         <name>inv_fast_nomot_parameter_3rd</name>
         <value>0x36b9</value>
         <object_component_ref idref="oc-257"/>
      </symbol>
      <symbol id="sm-1481">
         <name>inv_fast_nomot_set_gyro_bias</name>
         <value>0x3799</value>
         <object_component_ref idref="oc-257"/>
      </symbol>
      <symbol id="sm-1482">
         <name>inv_set_fast_nomot_compass_threshold</name>
         <value>0x3869</value>
         <object_component_ref idref="oc-257"/>
      </symbol>
      <symbol id="sm-1483">
         <name>int_set_fast_nomot_gyro_threshold</name>
         <value>0x3875</value>
         <object_component_ref idref="oc-257"/>
      </symbol>
      <symbol id="sm-1484">
         <name>inv_set_fast_nomot_accel_threshold</name>
         <value>0x3881</value>
         <object_component_ref idref="oc-257"/>
      </symbol>
      <symbol id="sm-1485">
         <name>inv_get_fast_nomot_compass_param</name>
         <value>0x388d</value>
         <object_component_ref idref="oc-257"/>
      </symbol>
      <symbol id="sm-1486">
         <name>inv_get_fast_nomot_accel_param</name>
         <value>0x38ad</value>
         <object_component_ref idref="oc-257"/>
      </symbol>
      <symbol id="sm-1487">
         <name>inv_fast_nomot_store_data</name>
         <value>0x38cd</value>
         <object_component_ref idref="oc-257"/>
      </symbol>
      <symbol id="sm-1488">
         <name>inv_fast_nomot_store_data_compass</name>
         <value>0x396d</value>
         <object_component_ref idref="oc-257"/>
      </symbol>
      <symbol id="sm-1489">
         <name>inv_fast_nomot_reset_data_compass</name>
         <value>0x39b9</value>
         <object_component_ref idref="oc-257"/>
      </symbol>
      <symbol id="sm-148a">
         <name>inv_fast_nomot_get_time_elaps</name>
         <value>0x39e5</value>
         <object_component_ref idref="oc-257"/>
      </symbol>
      <symbol id="sm-148b">
         <name>inv_fast_nomot_parameter_compass</name>
         <value>0x39f1</value>
         <object_component_ref idref="oc-257"/>
      </symbol>
      <symbol id="sm-148c">
         <name>inv_get_right_shift_by_rounding</name>
         <value>0x3a09</value>
         <object_component_ref idref="oc-257"/>
      </symbol>
      <symbol id="sm-148d">
         <name>inv_reset_min_max_gyro_accel_statistics</name>
         <value>0x3a89</value>
         <object_component_ref idref="oc-257"/>
      </symbol>
      <symbol id="sm-148e">
         <name>inv_record_max_moment_in_no_motion_gyro</name>
         <value>0x3abd</value>
         <object_component_ref idref="oc-257"/>
      </symbol>
      <symbol id="sm-148f">
         <name>inv_record_max_moment_in_no_motion_accel</name>
         <value>0x3af1</value>
         <object_component_ref idref="oc-257"/>
      </symbol>
      <symbol id="sm-1490">
         <name>inv_record_min_moment_in_motion_gyro</name>
         <value>0x3b25</value>
         <object_component_ref idref="oc-257"/>
      </symbol>
      <symbol id="sm-1491">
         <name>inv_record_min_moment_in_motion_accel</name>
         <value>0x3b59</value>
         <object_component_ref idref="oc-257"/>
      </symbol>
      <symbol id="sm-1492">
         <name>inv_detect_motion_by_gyro_accel</name>
         <value>0x3b8d</value>
         <object_component_ref idref="oc-257"/>
      </symbol>
      <symbol id="sm-1493">
         <name>inv_sensor_data_preprocess</name>
         <value>0x3cd1</value>
         <object_component_ref idref="oc-257"/>
      </symbol>
      <symbol id="sm-1494">
         <name>inv_set_default_number_of_samples</name>
         <value>0x40bd</value>
         <object_component_ref idref="oc-257"/>
      </symbol>
      <symbol id="sm-1495">
         <name>inv_init_fast_nomot</name>
         <value>0x410d</value>
         <object_component_ref idref="oc-257"/>
      </symbol>
      <symbol id="sm-1496">
         <name>inv_stop_fast_nomot</name>
         <value>0x4175</value>
         <object_component_ref idref="oc-257"/>
      </symbol>
      <symbol id="sm-1497">
         <name>inv_enable_fast_nomot</name>
         <value>0x418d</value>
         <object_component_ref idref="oc-257"/>
      </symbol>
      <symbol id="sm-1498">
         <name>inv_disable_fast_nomot</name>
         <value>0x41a5</value>
         <object_component_ref idref="oc-257"/>
      </symbol>
      <symbol id="sm-1499">
         <name>inv_get_fnm_gyro_no_motion_param</name>
         <value>0x41b9</value>
         <object_component_ref idref="oc-257"/>
      </symbol>
      <symbol id="sm-149a">
         <name>inv_fnm_debug_print</name>
         <value>0x41c5</value>
         <object_component_ref idref="oc-257"/>
      </symbol>
      <symbol id="sm-14bf">
         <name>inv_start_9x_sensor_fusion</name>
         <value>0x56a1</value>
         <object_component_ref idref="oc-252"/>
      </symbol>
      <symbol id="sm-14c0">
         <name>inv_process_9x_sensor_fusion_cb</name>
         <value>0x5cbd</value>
         <object_component_ref idref="oc-252"/>
      </symbol>
      <symbol id="sm-14c1">
         <name>inv_filter_correction_angle</name>
         <value>0x56b1</value>
         <object_component_ref idref="oc-252"/>
      </symbol>
      <symbol id="sm-14c2">
         <name>s9axis</name>
         <value>0x20000ef8</value>
      </symbol>
      <symbol id="sm-14c3">
         <name>inv_perform_9x_fusion</name>
         <value>0x58a1</value>
         <object_component_ref idref="oc-252"/>
      </symbol>
      <symbol id="sm-14c4">
         <name>inv_init_9x_fusion</name>
         <value>0x5d55</value>
         <object_component_ref idref="oc-252"/>
      </symbol>
      <symbol id="sm-14c5">
         <name>inv_9x_fusion_set_mag_fb</name>
         <value>0x5d91</value>
         <object_component_ref idref="oc-252"/>
      </symbol>
      <symbol id="sm-14c6">
         <name>inv_9x_fusion_enable_jitter_reduction</name>
         <value>0x5da1</value>
         <object_component_ref idref="oc-252"/>
      </symbol>
      <symbol id="sm-14c7">
         <name>inv_9x_fusion_use_timestamps</name>
         <value>0x5db1</value>
         <object_component_ref idref="oc-252"/>
      </symbol>
      <symbol id="sm-14c8">
         <name>inv_stop_9x_sensor_fusion</name>
         <value>0x5dc1</value>
         <object_component_ref idref="oc-252"/>
      </symbol>
      <symbol id="sm-14c9">
         <name>inv_enable_9x_sensor_fusion</name>
         <value>0x5dcd</value>
         <object_component_ref idref="oc-252"/>
      </symbol>
      <symbol id="sm-14ca">
         <name>inv_disable_9x_sensor_fusion</name>
         <value>0x5df1</value>
         <object_component_ref idref="oc-252"/>
      </symbol>
      <symbol id="sm-14f8">
         <name>inv_start_gyro_tc</name>
         <value>0x7195</value>
         <object_component_ref idref="oc-25c"/>
      </symbol>
      <symbol id="sm-14f9">
         <name>inv_init_gyro_ts</name>
         <value>0x760d</value>
         <object_component_ref idref="oc-25c"/>
      </symbol>
      <symbol id="sm-14fa">
         <name>inv_set_gtc_max_temp</name>
         <value>0x7645</value>
         <object_component_ref idref="oc-25c"/>
      </symbol>
      <symbol id="sm-14fb">
         <name>inv_set_gtc_min_temp</name>
         <value>0x7655</value>
         <object_component_ref idref="oc-25c"/>
      </symbol>
      <symbol id="sm-14fc">
         <name>inv_set_gtc_min_diff</name>
         <value>0x7665</value>
         <object_component_ref idref="oc-25c"/>
      </symbol>
      <symbol id="sm-14fd">
         <name>inv_get_gyro_ts</name>
         <value>0x7675</value>
         <object_component_ref idref="oc-25c"/>
      </symbol>
      <symbol id="sm-14fe">
         <name>inv_set_gyro_ts</name>
         <value>0x7699</value>
         <object_component_ref idref="oc-25c"/>
      </symbol>
      <symbol id="sm-14ff">
         <name>inv_set_gtc_order</name>
         <value>0x769d</value>
         <object_component_ref idref="oc-25c"/>
      </symbol>
      <symbol id="sm-1500">
         <name>inv_print_gtc_data</name>
         <value>0x76b5</value>
         <object_component_ref idref="oc-25c"/>
      </symbol>
      <symbol id="sm-1501">
         <name>inv_stop_gyro_tc</name>
         <value>0x76b9</value>
         <object_component_ref idref="oc-25c"/>
      </symbol>
      <symbol id="sm-1502">
         <name>inv_enable_gyro_tc</name>
         <value>0x76c5</value>
         <object_component_ref idref="oc-25c"/>
      </symbol>
      <symbol id="sm-1503">
         <name>inv_disable_gyro_tc</name>
         <value>0x7705</value>
         <object_component_ref idref="oc-25c"/>
      </symbol>
      <symbol id="sm-152d">
         <name>inv_start_magnetic_disturbance</name>
         <value>0x6539</value>
         <object_component_ref idref="oc-26b"/>
      </symbol>
      <symbol id="sm-152e">
         <name>inv_magnetic_disturbance_process</name>
         <value>0x6b75</value>
         <object_component_ref idref="oc-26b"/>
      </symbol>
      <symbol id="sm-152f">
         <name>inv_set_magnetic_disturbance</name>
         <value>0x6549</value>
         <object_component_ref idref="oc-26b"/>
      </symbol>
      <symbol id="sm-1530">
         <name>inv_init_magnetic_disturbance</name>
         <value>0x6561</value>
         <object_component_ref idref="oc-26b"/>
      </symbol>
      <symbol id="sm-1531">
         <name>inv_stop_magnetic_disturbance</name>
         <value>0x65ad</value>
         <object_component_ref idref="oc-26b"/>
      </symbol>
      <symbol id="sm-1532">
         <name>inv_enable_magnetic_disturbance</name>
         <value>0x65b9</value>
         <object_component_ref idref="oc-26b"/>
      </symbol>
      <symbol id="sm-1533">
         <name>inv_disable_magnetic_disturbance</name>
         <value>0x65e5</value>
         <object_component_ref idref="oc-26b"/>
      </symbol>
      <symbol id="sm-1534">
         <name>inv_disable_dip_tracking</name>
         <value>0x65fd</value>
         <object_component_ref idref="oc-26b"/>
      </symbol>
      <symbol id="sm-1535">
         <name>inv_enable_dip_tracking</name>
         <value>0x660d</value>
         <object_component_ref idref="oc-26b"/>
      </symbol>
      <symbol id="sm-1536">
         <name>inv_track_dip_angle</name>
         <value>0x661d</value>
         <object_component_ref idref="oc-26b"/>
      </symbol>
      <symbol id="sm-1537">
         <name>ComputeAngleVelocity</name>
         <value>0x66b5</value>
         <object_component_ref idref="oc-26b"/>
      </symbol>
      <symbol id="sm-1538">
         <name>Mag3ofNormalizedLong</name>
         <value>0x6715</value>
         <object_component_ref idref="oc-26b"/>
      </symbol>
      <symbol id="sm-1539">
         <name>MagDisturbSetDisturbance</name>
         <value>0x6769</value>
         <object_component_ref idref="oc-26b"/>
      </symbol>
      <symbol id="sm-153a">
         <name>MagDisturbCheckSettling</name>
         <value>0x67e9</value>
         <object_component_ref idref="oc-26b"/>
      </symbol>
      <symbol id="sm-153b">
         <name>inv_check_magnetic_disturbance</name>
         <value>0x6841</value>
         <object_component_ref idref="oc-26b"/>
      </symbol>
      <symbol id="sm-153c">
         <name>inv_get_magnetic_disturbance_state</name>
         <value>0x6bad</value>
         <object_component_ref idref="oc-26b"/>
      </symbol>
      <symbol id="sm-153d">
         <name>mag_disturb</name>
         <value>0x200013ac</value>
         <object_component_ref idref="oc-620"/>
      </symbol>
      <symbol id="sm-156a">
         <name>inv_start_quaternion</name>
         <value>0x4299</value>
         <object_component_ref idref="oc-24d"/>
      </symbol>
      <symbol id="sm-156b">
         <name>inv_generate_gyro_quaternion</name>
         <value>0x4405</value>
         <object_component_ref idref="oc-24d"/>
      </symbol>
      <symbol id="sm-156c">
         <name>inv_set_quaternion</name>
         <value>0x4411</value>
         <object_component_ref idref="oc-24d"/>
      </symbol>
      <symbol id="sm-156d">
         <name>inv_generate_accel_gyro_quaternion</name>
         <value>0x4441</value>
         <object_component_ref idref="oc-24d"/>
      </symbol>
      <symbol id="sm-156e">
         <name>inv_stop_quaternion</name>
         <value>0x4bd9</value>
         <object_component_ref idref="oc-24d"/>
      </symbol>
      <symbol id="sm-156f">
         <name>inv_init_quaternion</name>
         <value>0x4be5</value>
         <object_component_ref idref="oc-24d"/>
      </symbol>
      <symbol id="sm-1570">
         <name>inv_enable_quaternion</name>
         <value>0x4c09</value>
         <object_component_ref idref="oc-24d"/>
      </symbol>
      <symbol id="sm-1571">
         <name>inv_disable_quaternion</name>
         <value>0x4c21</value>
         <object_component_ref idref="oc-24d"/>
      </symbol>
      <symbol id="sm-1594">
         <name>acosf</name>
         <value>0x9089</value>
         <object_component_ref idref="oc-62e"/>
      </symbol>
      <symbol id="sm-15a4">
         <name>sqrtf</name>
         <value>0xdee5</value>
         <object_component_ref idref="oc-494"/>
      </symbol>
      <symbol id="sm-15b8">
         <name>cosf</name>
         <value>0xb50d</value>
         <object_component_ref idref="oc-4ed"/>
      </symbol>
      <symbol id="sm-15ca">
         <name>sinf</name>
         <value>0xb9d9</value>
         <object_component_ref idref="oc-4f3"/>
      </symbol>
      <symbol id="sm-15d5">
         <name>__aeabi_f2lz</name>
         <value>0xc635</value>
         <object_component_ref idref="oc-564"/>
      </symbol>
      <symbol id="sm-15e0">
         <name>__aeabi_l2f</name>
         <value>0xd41d</value>
         <object_component_ref idref="oc-55f"/>
      </symbol>
      <symbol id="sm-15fe">
         <name>__aeabi_dcmpgt</name>
         <value>0xe717</value>
         <object_component_ref idref="oc-526"/>
      </symbol>
      <symbol id="sm-15ff">
         <name>__aeabi_dcmpeq</name>
         <value>0xe709</value>
         <object_component_ref idref="oc-5e6"/>
      </symbol>
      <symbol id="sm-1600">
         <name>__aeabi_dcmple</name>
         <value>0xe725</value>
         <object_component_ref idref="oc-5b1"/>
      </symbol>
      <symbol id="sm-1601">
         <name>__aeabi_dcmplt</name>
         <value>0xe733</value>
         <object_component_ref idref="oc-5d4"/>
      </symbol>
      <symbol id="sm-1602">
         <name>__TI_static_base__</name>
         <value>0x0</value>
      </symbol>
      <symbol id="sm-1605">
         <name>__mpu_init</name>
         <value>0x0</value>
      </symbol>
      <symbol id="sm-1606">
         <name>_system_post_cinit</name>
         <value>0x0</value>
      </symbol>
      <symbol id="sm-1607">
         <name>ml_log</name>
         <value>0x7735</value>
      </symbol>
      <symbol id="sm-1608">
         <name>ml_sqrt</name>
         <value>0x9ad9</value>
      </symbol>
      <symbol id="sm-1609">
         <name>ml_floor</name>
         <value>0xab09</value>
      </symbol>
      <symbol id="sm-160a">
         <name>ml_cos</name>
         <value>0x6bb9</value>
      </symbol>
   </symbol_table>
   <title>Link successful</title>
</link_info>
