******************************************************************************
                  TI ARM Linker Unix v18.1.1                   
******************************************************************************
>> Linked Fri Jul  6 16:24:15 2018

OUTPUT FILE NAME:   <LM4F_TM4C_uart.out>
ENTRY POINT SYMBOL: "_c_int00_noargs"  address: 0000d5e9


MEMORY CONFIGURATION

         name            origin    length      used     unused   attr    fill
----------------------  --------  ---------  --------  --------  ----  --------
  FLASH                 00000000   00040000  0000f4ce  00030b32  R  X
  SRAM                  20000000   00008000  00001908  000066f8  RW X


SEGMENT ALLOCATION MAP

run origin  load origin   length   init length attrs members
----------  ----------- ---------- ----------- ----- -------
00000000    00000000    0000f4d8   0000f4d8    r-x
  00000000    00000000    0000026c   0000026c    r-- .intvecs
  00000270    00000270    0000e1ac   0000e1ac    r-x .text
  0000e420    0000e420    0000104a   0000104a    r-- .const
  0000f46c    0000f46c    0000000c   0000000c    r-- .rodata.str1.4
  0000f478    0000f478    00000060   00000060    r-- .cinit
20000000    20000000    00001908   00000000    rw-
  20000000    20000000    00001658   00000000    rw- .bss
  20001658    20001658    00000200   00000000    rw- .stack
  20001858    20001858    000000b0   00000000    rw- .data


SECTION ALLOCATION MAP

 output                                  attributes/
section   page    origin      length       input sections
--------  ----  ----------  ----------   ----------------
.intvecs   0    00000000    0000026c     
                  00000000    0000026c     startup_ccs.obj (.intvecs)

.text      0    00000270    0000e1ac     
                  00000270    00002430     liblibmplmpu-m4-hardfp.a : compass_vec_cal.o (.text)
                  000026a0    00000d98                              : accel_auto_cal.o (.text)
                  00003438    00000d90                              : fast_no_motion.o (.text)
                  000041c8    00000a78                              : quaternion_supervisor.o (.text)
                  00004c40    00000a5e     rtsv7M4_T_le_v4SPD16_eabi.lib : _printfi.c.obj (.text:__TI_printfi)
                  0000569e    00000002     startup_ccs.obj (.text:FaultISR)
                  000056a0    00000760     liblibmplmpu-m4-hardfp.a : fusion_9axis.o (.text)
                  00005e00    00000738     rtsv7M4_T_le_v4SPD16_eabi.lib : k_rem_pio2.c.obj (.text:__kernel_rem_pio2)
                  00006538    00000680     liblibmplmpu-m4-hardfp.a : mag_disturb.o (.text)
                  00006bb8    000005dc     rtsv7M4_T_le_v4SPD16_eabi.lib : s_cos.c.obj (.text:cos)
                  00007194    000005a0     liblibmplmpu-m4-hardfp.a : gyro_tc.o (.text)
                  00007734    000003c4     rtsv7M4_T_le_v4SPD16_eabi.lib : e_log.c.obj (.text:log)
                  00007af8    00000270                                   : _printfi.c.obj (.text:_pconv_a)
                  00007d68    00000228     uart_echo.obj (.text:main)
                  00007f90    000001f4     mpu_interface.obj (.text:mpu_update)
                  00008184    000001ea     uartstdio.obj (.text:UARTvprintf)
                  0000836e    00000002     startup_ccs.obj (.text:IntDefaultHandler)
                  00008370    000001dc     inv_mpu.obj (.text:setup_compass)
                  0000854c    000001d0     rtsv7M4_T_le_v4SPD16_eabi.lib : _printfi.c.obj (.text:_pconv_g)
                  0000871c    000001c0     eMPL_outputs.obj (.text:inv_get_sensor_type_euler)
                  000088dc    000001b8     inv_mpu_dmp_motion_driver.obj (.text:dmp_enable_feature)
                  00008a94    000001b6     rtsv7M4_T_le_v4SPD16_eabi.lib : fd_add_t2.asm.obj (.text)
                  00008c4a    00000002     startup_ccs.obj (.text:NmiSR)
                  00008c4c    000001b4     mpu_interface.obj (.text:mpu_open)
                  00008e00    00000194     rtsv7M4_T_le_v4SPD16_eabi.lib : e_acosf.c.obj (.text:acosf)
                  00008f94    00000190     inv_mpu_dmp_motion_driver.obj (.text:dmp_read_fifo)
                  00009124    00000190     inv_mpu.obj (.text:mpu_read_fifo)
                  000092b4    00000174     rtsv7M4_T_le_v4SPD16_eabi.lib : k_sin.c.obj (.text:__kernel_sin)
                  00009428    0000016c                                   : k_cos.c.obj (.text:__kernel_cos)
                  00009594    00000164     inv_mpu.obj (.text:mpu_reset_fifo)
                  000096f8    00000158     rtsv7M4_T_le_v4SPD16_eabi.lib : e_atan2f.c.obj (.text:atan2f)
                  00009850    00000158                                   : e_sqrt.c.obj (.text:sqrt)
                  000099a8    00000150                                   : s_atanf.c.obj (.text:atanf)
                  00009af8    00000140     inv_mpu_dmp_motion_driver.obj (.text:dmp_set_orientation)
                  00009c38    0000013c     rtsv7M4_T_le_v4SPD16_eabi.lib : _printfi.c.obj (.text:_pconv_e)
                  00009d74    00000136                                   : fd_div_t2.asm.obj (.text)
                  00009eaa    00000002                                   : div0.asm.obj (.text)
                  00009eac    00000134     inv_mpu.obj (.text:mpu_set_sensors)
                  00009fe0    00000132     driverlib.lib : gpio.obj (.text:GPIOPadConfigSet)
                  0000a112    00000002     --HOLE-- [fill = 0]
                  0000a114    00000120     inv_mpu_dmp_motion_driver.obj (.text:dmp_set_tap_thresh)
                  0000a234    00000120     rtsv7M4_T_le_v4SPD16_eabi.lib : _printfi.c.obj (.text:fcvt)
                  0000a354    00000114     mpu_interface.obj (.text:mpu_get_outputs)
                  0000a468    00000110     driverlib.lib : sysctl.obj (.text:SysCtlClockGet)
                  0000a578    00000110     rtsv7M4_T_le_v4SPD16_eabi.lib : s_scalbn.c.obj (.text:scalbn)
                  0000a688    000000fc     data_builder.obj (.text:inv_register_data_cb)
                  0000a784    000000fc     rtsv7M4_T_le_v4SPD16_eabi.lib : fd_mul_t2.asm.obj (.text)
                  0000a880    000000f8                                   : s_floor.c.obj (.text:floor)
                  0000a978    000000f4     driverlib.lib : sysctl.obj (.text:SysCtlClockSet)
                  0000aa6c    000000f4     results_holder.obj (.text:inv_get_quaternion_set)
                  0000ab60    000000ec     inv_mpu.obj (.text:mpu_set_bypass)
                  0000ac4c    000000e0     ml_math_func.obj (.text:inv_quaternion_to_rotation)
                  0000ad2c    000000d2     ml_math_func.obj (.text:inv_q_multf)
                  0000adfe    00000002     --HOLE-- [fill = 0]
                  0000ae00    000000c8     ml_math_func.obj (.text:inv_compass_angle)
                  0000aec8    000000c8     inv_mpu.obj (.text:mpu_init)
                  0000af90    000000c0     ml_math_func.obj (.text:inv_q_mult)
                  0000b050    000000c0     ml_math_func.obj (.text:inv_q_normalizef)
                  0000b110    000000bc     inv_mpu.obj (.text:mpu_read_fifo_stream)
                  0000b1cc    000000b8     mpl.obj (.text:inv_init_mpl)
                  0000b284    000000b4     rtsv7M4_T_le_v4SPD16_eabi.lib : s_cosf.c.obj (.text:cosf)
                  0000b338    000000b4     inv_mpu.obj (.text:mpu_get_compass_reg)
                  0000b3ec    000000b1     rtsv7M4_T_le_v4SPD16_eabi.lib : _printfi.c.obj (.text:_ltostr)
                  0000b49d    00000003     --HOLE-- [fill = 0]
                  0000b4a0    000000b0     imu.obj (.text:init_imu)
                  0000b550    000000b0     inv_mpu.obj (.text:mpu_load_firmware)
                  0000b600    000000a8     i2c_TM4C.obj (.text:i2c_read_bytes)
                  0000b6a8    000000a8     inv_mpu.obj (.text:mpu_lp_accel_mode)
                  0000b750    000000a4     rtsv7M4_T_le_v4SPD16_eabi.lib : s_sinf.c.obj (.text:sinf)
                  0000b7f4    0000009c     eMPL_outputs.obj (.text:inv_generate_eMPL_outputs)
                  0000b890    0000009c     rtsv7M4_T_le_v4SPD16_eabi.lib : memcpy_t2.asm.obj (.text)
                  0000b92c    00000098     data_builder.obj (.text:inv_build_compass)
                  0000b9c4    00000096     rtsv7M4_T_le_v4SPD16_eabi.lib : ull_div_t2.asm.obj (.text)
                  0000ba5a    00000094     log_stm32.obj (.text:_MLPrintLog)
                  0000baee    00000002     --HOLE-- [fill = 0]
                  0000baf0    00000090     inv_mpu.obj (.text:mpu_get_temperature)
                  0000bb80    0000008c     i2c_TM4C.obj (.text:i2c_write_bytes)
                  0000bc0c    0000008c     data_builder.obj (.text:inv_execute_on_data)
                  0000bc98    0000008c     inv_mpu.obj (.text:mpu_set_sample_rate)
                  0000bd24    00000088     data_builder.obj (.text:inv_set_contiguous)
                  0000bdac    00000086     rtsv7M4_T_le_v4SPD16_eabi.lib : fd_cmp_t2.asm.obj (.text:__aeabi_cdcmple)
                  0000be32    00000086                                   : fd_cmp_t2.asm.obj (.text:__aeabi_cdrcmple)
                  0000beb8    0000007c     ml_math_func.obj (.text:inv_q_norm4)
                  0000bf34    0000007c     inv_mpu.obj (.text:mpu_set_dmp_state)
                  0000bfb0    0000007a     rtsv7M4_T_le_v4SPD16_eabi.lib : memset_t2.asm.obj (.text)
                  0000c02a    00000002     --HOLE-- [fill = 0]
                  0000c02c    00000070     data_builder.obj (.text:inv_build_accel)
                  0000c09c    00000070     hal_outputs.obj (.text:inv_get_sensor_type_gravity)
                  0000c10c    0000006e     rtsv7M4_T_le_v4SPD16_eabi.lib : _printfi.c.obj (.text:_mcpy)
                  0000c17a    0000006e                                   : fd_tos_t2.asm.obj (.text)
                  0000c1e8    0000006e                                   : ll_div_t2.asm.obj (.text)
                  0000c256    00000002     --HOLE-- [fill = 0]
                  0000c258    0000006c     i2c_TM4C.obj (.text:i2c_common_setup)
                  0000c2c4    0000006c     storage_manager.obj (.text:inv_register_load_store)
                  0000c330    0000006c     rtsv7M4_T_le_v4SPD16_eabi.lib : fs_toll_t2.asm.obj (.text)
                  0000c39c    00000068                                   : copy_decompress_lzss.c.obj (.text:decompress:lzss:__TI_decompress_lzss)
                  0000c404    00000068     data_builder.obj (.text:inv_apply_calibration)
                  0000c46c    00000068     inv_mpu.obj (.text:mpu_set_gyro_fsr)
                  0000c4d4    00000068     inv_mpu.obj (.text:mpu_set_lpf)
                  0000c53c    00000064     rtsv7M4_T_le_v4SPD16_eabi.lib : s_frexp.c.obj (.text:frexp)
                  0000c5a0    00000064     ml_math_func.obj (.text:inv_convert_to_body_with_scale)
                  0000c604    00000064     data_builder.obj (.text:inv_set_gyro_bias)
                  0000c668    00000064     mpl.obj (.text:inv_start_mpl)
                  0000c6cc    00000064     inv_mpu.obj (.text:mpu_get_accel_reg)
                  0000c730    00000064     inv_mpu.obj (.text:mpu_set_accel_fsr)
                  0000c794    00000064     inv_mpu.obj (.text:mpu_set_int_latched)
                  0000c7f8    00000062     uart_echo.obj (.text:print_float)
                  0000c85a    00000002     --HOLE-- [fill = 0]
                  0000c85c    00000060     uartstdio.obj (.text:UARTStdioConfig)
                  0000c8bc    00000060     i2c_tm4c.obj (.text:i2c_write_reg_lsm)
                  0000c91c    0000005c     inv_mpu_dmp_motion_driver.obj (.text:dmp_set_fifo_rate)
                  0000c978    0000005c     inv_mpu.obj (.text:set_int_enable)
                  0000c9d4    00000058     i2c_tm4c.obj (.text:I2CReceive)
                  0000ca2c    00000058     i2c_TM4C.obj (.text:i2c_write_reg)
                  0000ca84    00000058     results_holder.obj (.text:inv_get_gravity)
                  0000cadc    00000058     data_builder.obj (.text:inv_reset_compass_soft_iron_matrix)
                  0000cb34    00000058     mpu_interface.obj (.text:mpu_get_euler)
                  0000cb8c    00000058     inv_mpu.obj (.text:mpu_read_mem)
                  0000cbe4    00000058     inv_mpu.obj (.text:mpu_write_mem)
                  0000cc3c    00000056     rtsv7M4_T_le_v4SPD16_eabi.lib : _printfi.c.obj (.text:_pconv_f)
                  0000cc92    00000002     --HOLE-- [fill = 0]
                  0000cc94    00000054     data_builder.obj (.text:inv_set_accel_bias_mask)
                  0000cce8    00000054     data_builder.obj (.text:inv_set_compass_soft_iron_input_data)
                  0000cd3c    00000054     rtsv7M4_T_le_v4SPD16_eabi.lib : ltoa.c.obj (.text:ltoa)
                  0000cd90    00000052                                   : _printfi.c.obj (.text:_ecpy)
                  0000cde2    00000002     --HOLE-- [fill = 0]
                  0000cde4    00000050     driverlib.lib : sysctl.obj (.text:SysCtlPeripheralReset)
                  0000ce34    00000050     inv_mpu.obj (.text:mpu_configure_fifo)
                  0000ce84    0000004c     uart_echo.obj (.text:ConfigureUART)
                  0000ced0    0000004c     driverlib.lib : i2c.obj (.text:I2CMasterInitExpClk)
                  0000cf1c    0000004c     rtsv7M4_T_le_v4SPD16_eabi.lib : atoi.c.obj (.text:atoi)
                  0000cf68    0000004c     data_builder.obj (.text:inv_set_compass_bias)
                  0000cfb4    0000004c     data_builder.obj (.text:inv_unregister_data_cb)
                  0000d000    0000004c     inv_mpu.obj (.text:mpu_set_compass_sample_rate)
                  0000d04c    00000048     driverlib.lib : gpio.obj (.text:GPIOPinConfigure)
                  0000d094    00000048     uartstdio.obj (.text:UARTwrite)
                  0000d0dc    00000048     rtsv7M4_T_le_v4SPD16_eabi.lib : fd_toi_t2.asm.obj (.text)
                  0000d124    00000048                                   : ll_tofs_t2.asm.obj (.text)
                  0000d16c    00000044                                   : autoinit.c.obj (.text:__TI_auto_init_nobinit_nopinit:__TI_auto_init_nobinit_nopinit)
                  0000d1b0    00000044     inv_mpu_dmp_motion_driver.obj (.text:decode_gesture)
                  0000d1f4    00000044     data_builder.obj (.text:inv_get_last_timestamp)
                  0000d238    00000044     start_manager.obj (.text:inv_unregister_mpl_start_notification)
                  0000d27c    00000042     ml_math_func.obj (.text:inv_q_addf)
                  0000d2be    00000040     inv_mpu_dmp_motion_driver.obj (.text:dmp_set_tap_axes)
                  0000d2fe    00000002     --HOLE-- [fill = 0]
                  0000d300    00000040     data_builder.obj (.text:inv_db_load_func)
                  0000d340    00000040     results_holder.obj (.text:inv_get_linear_accel_float)
                  0000d380    00000040     data_builder.obj (.text:inv_init_data_builder)
                  0000d3c0    00000040     inv_mpu.obj (.text:mpu_get_accel_fsr)
                  0000d400    00000040     rtsv7M4_T_le_v4SPD16_eabi.lib : u_divt2.asm.obj (.text)
                  0000d440    00000040                                   : sprintf.c.obj (.text:sprintf)
                  0000d480    0000003e                                   : _printfi.c.obj (.text:_fcpy)
                  0000d4be    00000002     --HOLE-- [fill = 0]
                  0000d4c0    0000003c     data_builder.obj (.text:inv_get_compass_set)
                  0000d4fc    0000003c     results_holder.obj (.text:inv_get_linear_accel)
                  0000d538    0000003c     ml_math_func.obj (.text:inv_q_rotate)
                  0000d574    0000003a     inv_mpu_dmp_motion_driver.obj (.text:dmp_enable_6x_lp_quat)
                  0000d5ae    0000003a     inv_mpu_dmp_motion_driver.obj (.text:dmp_enable_lp_quat)
                  0000d5e8    00000038     rtsv7M4_T_le_v4SPD16_eabi.lib : boot_cortex_m.c.obj (.text:_c_int00_noargs:_c_int00_noargs)
                  0000d620    00000038     ml_math_func.obj (.text:inv_row_2_scale)
                  0000d658    00000038     inv_mpu.obj (.text:mpu_get_gyro_fsr)
                  0000d690    00000038     rtsv7M4_T_le_v4SPD16_eabi.lib : fs_tod_t2.asm.obj (.text)
                  0000d6c8    00000036     imu.obj (.text:mag_set_scale)
                  0000d6fe    00000002     --HOLE-- [fill = 0]
                  0000d700    00000034     driverlib.lib : sysctl.obj (.text:SysCtlPeripheralEnable)
                  0000d734    00000034     data_builder.obj (.text:inv_get_accel_set)
                  0000d768    00000034     results_holder.obj (.text:inv_get_quaternion)
                  0000d79c    00000034     results_holder.obj (.text:inv_set_motion_state)
                  0000d7d0    00000032     imu.obj (.text:gyro_set_scale)
                  0000d802    00000032     ml_math_func.obj (.text:mlMatrixVectorMult)
                  0000d834    00000030     inv_mpu_dmp_motion_driver.obj (.text:dmp_set_shake_reject_thresh)
                  0000d864    00000030     imu.obj (.text:gyro_setup)
                  0000d894    00000030     data_builder.obj (.text:inv_build_gyro)
                  0000d8c4    00000030     data_builder.obj (.text:inv_build_quat)
                  0000d8f4    00000030     results_holder.obj (.text:inv_init_results_holder)
                  0000d924    00000030     data_builder.obj (.text:inv_set_compass_sample_rate)
                  0000d954    0000002e     imu.obj (.text:accel_lsm9_set_scale)
                  0000d982    0000002e     rtsv7M4_T_le_v4SPD16_eabi.lib : i_tofd_t2.asm.obj (.text)
                  0000d9b0    0000002c     inv_mpu_dmp_motion_driver.obj (.text:dmp_enable_gyro_cal)
                  0000d9dc    0000002c     data_builder.obj (.text:inv_set_accel_sample_rate)
                  0000da08    0000002a     driverlib.lib : gpio.obj (.text:GPIODirModeSet)
                  0000da32    00000002     --HOLE-- [fill = 0]
                  0000da34    00000028     data_builder.obj (.text:inv_build_temp)
                  0000da5c    00000028     start_manager.obj (.text:inv_execute_mpl_start_notification)
                  0000da84    00000028     data_builder.obj (.text:inv_get_gyro_set)
                  0000daac    00000028     data_builder.obj (.text:inv_set_gyro_sample_rate)
                  0000dad4    00000028     rtsv7M4_T_le_v4SPD16_eabi.lib : e_sqrtf.c.obj (.text:sqrtf)
                  0000dafc    00000028                                   : vsprintf.c.obj (.text:vsprintf)
                  0000db24    00000026     ml_math_func.obj (.text:inv_orientation_matrix_to_scalar)
                  0000db4a    00000002     --HOLE-- [fill = 0]
                  0000db4c    00000024     data_builder.obj (.text:inv_get_gyro_bias)
                  0000db70    00000024     eMPL_outputs.obj (.text:inv_get_sensor_type_quat)
                  0000db94    00000024     ml_math_func.obj (.text:inv_q_add)
                  0000dbb8    00000024     results_holder.obj (.text:inv_set_compass_correction)
                  0000dbdc    00000024     results_holder.obj (.text:inv_store_gaming_quaternion)
                  0000dc00    00000024     imu.obj (.text:mag_setup)
                  0000dc24    00000024     rtsv7M4_T_le_v4SPD16_eabi.lib : memcmp.c.obj (.text:memcmp)
                  0000dc48    00000024                                   : memmov.c.obj (.text:memmove)
                  0000dc6c    00000022     inv_mpu_dmp_motion_driver.obj (.text:dmp_set_tap_count)
                  0000dc8e    00000020     inv_mpu_dmp_motion_driver.obj (.text:dmp_set_shake_reject_time)
                  0000dcae    00000020     inv_mpu_dmp_motion_driver.obj (.text:dmp_set_shake_reject_timeout)
                  0000dcce    00000020     inv_mpu_dmp_motion_driver.obj (.text:dmp_set_tap_time)
                  0000dcee    00000020     inv_mpu_dmp_motion_driver.obj (.text:dmp_set_tap_time_multi)
                  0000dd0e    00000020     imu.obj (.text:init_imu_scaledStruct)
                  0000dd2e    00000002     --HOLE-- [fill = 0]
                  0000dd30    00000020     start_manager.obj (.text:inv_register_mpl_start_notification)
                  0000dd50    00000020     data_builder.obj (.text:inv_set_accel_accuracy)
                  0000dd70    00000020     imu.obj (.text:make_disable_ptrs)
                  0000dd90    00000020     inv_mpu.obj (.text:mpu_get_sample_rate)
                  0000ddb0    0000001e     i2c_functions.obj (.text:i2c_write)
                  0000ddce    0000001e     ml_math_func.obj (.text:inv_q_invertf)
                  0000ddec    0000001c     uart_echo.obj (.text:UARTIntHandler)
                  0000de08    0000001c     results_holder.obj (.text:inv_get_compass_correction)
                  0000de24    0000001c     data_builder.obj (.text:inv_get_compass_soft_iron_output_data)
                  0000de40    0000001c     data_builder.obj (.text:inv_get_gyro_bias_tc_set)
                  0000de5c    0000001c     data_builder.obj (.text:inv_get_mag_accuracy)
                  0000de78    0000001c     storage_manager.obj (.text:inv_init_storage_manager)
                  0000de94    0000001c     rtsv7M4_T_le_v4SPD16_eabi.lib : memccpy.c.obj (.text:memccpy)
                  0000deb0    0000001a     uartstdio.obj (.text:UARTprintf)
                  0000deca    0000001a     ml_math_func.obj (.text:inv_get_gyro_sum_of_sqr)
                  0000dee4    00000018     rtsv7M4_T_le_v4SPD16_eabi.lib : sprintf.c.obj (.text:_outs)
                  0000defc    00000018                                   : vsprintf.c.obj (.text:_outs)
                  0000df14    00000018     imu.obj (.text:accel_lsm9_write_reg)
                  0000df2c    00000018     uart_echo.obj (.text:delay_ms)
                  0000df44    00000018     uart_echo.obj (.text:enable_systick)
                  0000df5c    00000018     imu.obj (.text:gyro_write_reg)
                  0000df74    00000018     eMPL_outputs.obj (.text:inv_get_sensor_type_accel)
                  0000df8c    00000018     eMPL_outputs.obj (.text:inv_get_sensor_type_gyro)
                  0000dfa4    00000018     ml_math_func.obj (.text:inv_q_invert)
                  0000dfbc    00000018     results_holder.obj (.text:inv_start_results_holder)
                  0000dfd4    00000018     imu.obj (.text:mag_write_reg)
                  0000dfec    00000016     rtsv7M4_T_le_v4SPD16_eabi.lib : strchr.c.obj (.text:strchr)
                  0000e002    00000002     --HOLE-- [fill = 0]
                  0000e004    00000014     driverlib.lib : systick.obj (.text:SysTickEnable)
                  0000e018    00000014                   : systick.obj (.text:SysTickIntEnable)
                  0000e02c    00000014     rtsv7M4_T_le_v4SPD16_eabi.lib : s_copysign.c.obj (.text:copysign)
                  0000e040    00000014     inv_mpu_dmp_motion_driver.obj (.text:dmp_load_motion_driver_firmware)
                  0000e054    00000014     data_builder.obj (.text:inv_db_save_func)
                  0000e068    00000014     eMPL_outputs.obj (.text:inv_enable_eMPL_outputs)
                  0000e07c    00000014     results_holder.obj (.text:inv_enable_results_holder)
                  0000e090    00000014     results_holder.obj (.text:inv_generate_results)
                  0000e0a4    00000014     results_holder.obj (.text:inv_get_6axis_quaternion)
                  0000e0b8    00000014     data_builder.obj (.text:inv_get_compass_bias)
                  0000e0cc    00000014     eMPL_outputs.obj (.text:inv_get_sensor_type_compass)
                  0000e0e0    00000014     eMPL_outputs.obj (.text:inv_init_eMPL_outputs)
                  0000e0f4    00000014     start_manager.obj (.text:inv_init_start_manager)
                  0000e108    00000014     data_builder.obj (.text:inv_set_accel_orientation_and_scale)
                  0000e11c    00000014     data_builder.obj (.text:inv_set_compass_orientation_and_scale)
                  0000e130    00000014     data_builder.obj (.text:inv_set_gyro_orientation_and_scale)
                  0000e144    00000014     message_layer.obj (.text:inv_set_message)
                  0000e158    00000014     inv_mpu.obj (.text:mpu_get_compass_fsr)
                  0000e16c    00000014     rtsv7M4_T_le_v4SPD16_eabi.lib : strlen.c.obj (.text:strlen)
                  0000e180    00000012     driverlib.lib : gpio.obj (.text:GPIOPinTypeI2C)
                  0000e192    00000012                   : gpio.obj (.text:GPIOPinTypeI2CSCL)
                  0000e1a4    00000012                   : gpio.obj (.text:GPIOPinTypeUART)
                  0000e1b6    00000012     rtsv7M4_T_le_v4SPD16_eabi.lib : wcslen.c.obj (.text:wcslen)
                  0000e1c8    00000010     driverlib.lib : interrupt.obj (.text:IntMasterEnable)
                  0000e1d8    00000010                   : systick.obj (.text:SysTickPeriodSet)
                  0000e1e8    00000010     data_builder.obj (.text:inv_get_accel_on)
                  0000e1f8    00000010     data_builder.obj (.text:inv_get_compass_on)
                  0000e208    00000010     data_builder.obj (.text:inv_get_gyro)
                  0000e218    00000010     data_builder.obj (.text:inv_get_gyro_on)
                  0000e228    00000010     results_holder.obj (.text:inv_get_local_field)
                  0000e238    00000010     results_holder.obj (.text:inv_get_motion_state)
                  0000e248    00000010     results_holder.obj (.text:inv_set_compass_bias_error)
                  0000e258    00000010     eMPL_outputs.obj (.text:inv_start_eMPL_outputs)
                  0000e268    00000010     uart_echo.obj (.text:systick_int_handler)
                  0000e278    00000010     uart_echo.obj (.text:wait_until)
                  0000e288    0000000e     rtsv7M4_T_le_v4SPD16_eabi.lib : fd_eabi_t2.asm.obj (.text:__aeabi_dcmpeq)
                  0000e296    0000000e                                   : fd_eabi_t2.asm.obj (.text:__aeabi_dcmpgt)
                  0000e2a4    0000000e                                   : fd_eabi_t2.asm.obj (.text:__aeabi_dcmple)
                  0000e2b2    0000000e                                   : fd_eabi_t2.asm.obj (.text:__aeabi_dcmplt)
                  0000e2c0    0000000e     imu.obj (.text:accel_lsm9_setup)
                  0000e2ce    0000000e     rtsv7M4_T_le_v4SPD16_eabi.lib : copy_decompress_none.c.obj (.text:decompress:none:__TI_decompress_none)
                  0000e2dc    0000000e     i2c_functions.obj (.text:i2c_read)
                  0000e2ea    0000000c     driverlib.lib : cpu.obj (.text:CPUcpsie)
                  0000e2f6    0000000c     rtsv7M4_T_le_v4SPD16_eabi.lib : copy_zero_init.c.obj (.text:decompress:ZI:__TI_zero_init)
                  0000e302    00000002     --HOLE-- [fill = 0]
                  0000e304    0000000c     uart_echo.obj (.text:get_ms)
                  0000e310    0000000c     data_builder.obj (.text:inv_disable_compass_soft_iron_matrix)
                  0000e31c    0000000c     results_holder.obj (.text:inv_get_acc_state)
                  0000e328    0000000c     data_builder.obj (.text:inv_get_accel_accuracy)
                  0000e334    0000000c     results_holder.obj (.text:inv_get_compass_state)
                  0000e340    0000000c     data_builder.obj (.text:inv_get_gyro_accuracy)
                  0000e34c    0000000c     results_holder.obj (.text:inv_get_large_mag_field)
                  0000e358    0000000c     results_holder.obj (.text:inv_got_compass_bias)
                  0000e364    0000000c     ml_math_func.obj (.text:inv_q29_mult)
                  0000e370    0000000c     ml_math_func.obj (.text:inv_q30_mult)
                  0000e37c    0000000c     results_holder.obj (.text:inv_set_accel_bias_found)
                  0000e388    0000000c     results_holder.obj (.text:inv_set_compass_bias_found)
                  0000e394    0000000c     data_builder.obj (.text:inv_set_compass_disturbance)
                  0000e3a0    0000000c     results_holder.obj (.text:inv_set_compass_state)
                  0000e3ac    0000000a     driverlib.lib : i2c.obj (.text:I2CMasterEnable)
                  0000e3b6    0000000a                   : uart.obj (.text:UARTIntStatus)
                  0000e3c0    0000000a     rtsv7M4_T_le_v4SPD16_eabi.lib : sprintf.c.obj (.text:_outc)
                  0000e3ca    0000000a                                   : vsprintf.c.obj (.text:_outc)
                  0000e3d4    00000008     driverlib.lib : i2c.obj (.text:I2CMasterBusy)
                  0000e3dc    00000008                   : i2c.obj (.text:I2CMasterSlaveAddrSet)
                  0000e3e4    00000008     rtsv7M4_T_le_v4SPD16_eabi.lib : errno.c.obj (.text:__aeabi_errno_addr)
                  0000e3ec    00000006     startup_ccs.obj (.text:ResetISR)
                  0000e3f2    00000006     driverlib.lib : sysctl.obj (.text:SysCtlDelay)
                  0000e3f8    00000006                   : uart.obj (.text:UARTClockSourceSet)
                  0000e3fe    00000006     data_builder.obj (.text:set_sensor_orientation_and_scale)
                  0000e404    00000004     driverlib.lib : i2c.obj (.text:I2CMasterControl)
                  0000e408    00000004                   : i2c.obj (.text:I2CMasterDataGet)
                  0000e40c    00000004                   : i2c.obj (.text:I2CMasterDataPut)
                  0000e410    00000004                   : uart.obj (.text:UARTIntClear)
                  0000e414    00000004     rtsv7M4_T_le_v4SPD16_eabi.lib : pre_init.c.obj (.text:_system_pre_init)
                  0000e418    00000004                                   : exit.c.obj (.text:abort:abort)

.const     0    0000e420    0000104a     
                  0000e420    00000bf6     inv_mpu_dmp_motion_driver.obj (.const:.string:dmp_memory)
                  0000f016    00000002     --HOLE-- [fill = 0]
                  0000f018    00000158     rtsv7M4_T_le_v4SPD16_eabi.lib : k_rem_pio2.c.obj (.const:$O1$$)
                  0000f170    00000101                                   : ctype.c.obj (.const:.string:_ctypes_)
                  0000f271    00000003     inv_mpu_dmp_motion_driver.obj (.const:.string:$P$T0$1)
                  0000f274    00000090     driverlib.lib : gpio.obj (.const:g_pui32GPIOBaseAddrs)
                  0000f304    0000006c                   : sysctl.obj (.const:g_pui32Xtals)
                  0000f370    00000034     rtsv7M4_T_le_v4SPD16_eabi.lib : s_atanf.c.obj (.const:$O1$$)
                  0000f3a4    0000002a     inv_mpu.obj (.const:reg)
                  0000f3ce    00000002     --HOLE-- [fill = 0]
                  0000f3d0    00000028     inv_mpu.obj (.const:test)
                  0000f3f8    0000000e     mpl.obj (.const:.string:$P$T1$2)
                  0000f406    0000000e     inv_mpu.obj (.const:hw)
                  0000f414    0000000d     mpl.obj (.const:.string:$P$T0$1)
                  0000f421    0000000c     inv_mpu_dmp_motion_driver.obj (.const:.string:$P$T4$5)
                  0000f42d    00000003     inv_mpu_dmp_motion_driver.obj (.const:.string:$P$T1$2)
                  0000f430    0000000c     uartstdio.obj (.const:g_ui32UARTBase)
                  0000f43c    0000000c     uartstdio.obj (.const:g_ui32UARTPeriph)
                  0000f448    0000000a     mpu_interface.obj (.const:.string)
                  0000f452    00000009     inv_mpu_dmp_motion_driver.obj (.const:.string:$P$T5$6)
                  0000f45b    00000009     inv_mpu_dmp_motion_driver.obj (.const:.string:$P$T6$7)
                  0000f464    00000003     inv_mpu_dmp_motion_driver.obj (.const:.string:$P$T2$3)
                  0000f467    00000003     inv_mpu_dmp_motion_driver.obj (.const:.string:$P$T3$4)

.cinit     0    0000f478    00000060     
                  0000f478    00000039     (.cinit..data.load) [load image, compression = lzss]
                  0000f4b1    00000003     --HOLE-- [fill = 0]
                  0000f4b4    0000000c     (__TI_handler_table)
                  0000f4c0    00000008     (.cinit..bss.load) [load image, compression = zero_init]
                  0000f4c8    00000010     (__TI_cinit_table)

.init_array 
*          0    00000000    00000000     UNINITIALIZED

.bss       0    20000000    00001658     UNINITIALIZED
                  20000000    000004b8     liblibmplmpu-m4-hardfp.a : accel_auto_cal.o (.bss)
                  200004b8    00000260     (.common:fnm)
                  20000718    000001c4                              : gyro_tc.o (.bss)
                  200008dc    00000004     message_layer.obj (.bss:mh)
                  200008e0    000001a8     (.common:vc)
                  20000a88    00000198     storage_manager.obj (.bss:ds)
                  20000c20    00000198     data_builder.obj (.bss:sensors)
                  20000db8    00000140     data_builder.obj (.bss:inv_data_builder)
                  20000ef8    00000138     (.common:s9axis)
                  20001030    000000e8     (.common:cb)
                  20001118    000000e8     (.common:cb_sim)
                  20001200    000000e8     (.common:cb_test)
                  200012e8    000000c4     hal_outputs.obj (.bss:hal_out)
                  200013ac    000000b8     liblibmplmpu-m4-hardfp.a : mag_disturb.o (.bss)
                  20001464    00000088     results_holder.obj (.bss:rh)
                  200014ec    0000006c     liblibmplmpu-m4-hardfp.a : quaternion_supervisor.o (.bss)
                  20001558    00000054     start_manager.obj (.bss:inv_start_cb)
                  200015ac    00000004     (.common:f)
                  200015b0    00000040     liblibmplmpu-m4-hardfp.a : fast_no_motion.o (.bss)
                  200015f0    00000034     (.common:b)
                  20001624    00000028     eMPL_outputs.obj (.bss:eMPL_out)
                  2000164c    0000000c     imu.obj (.bss)

.data      0    20001858    000000b0     UNINITIALIZED
                  20001858    00000038     inv_mpu.obj (.data:st)
                  20001890    00000024     mpu_interface.obj (.data:hal)
                  200018b4    00000010     inv_mpu_dmp_motion_driver.obj (.data:dmp)
                  200018c4    00000010     liblibmplmpu-m4-hardfp.a : compass_vec_cal.o (.data)
                  200018d4    00000009     mpu_interface.obj (.data:compass_pdata)
                  200018dd    00000009     mpu_interface.obj (.data:gyro_pdata)
                  200018e6    00000002     --HOLE--
                  200018e8    00000008     mpu_interface.obj (.data)
                  200018f0    00000008     uart_echo.obj (.data)
                  200018f8    00000005     uartstdio.obj (.data)
                  200018fd    00000003     --HOLE--
                  20001900    00000004     imu.obj (.data)
                  20001904    00000004     rtsv7M4_T_le_v4SPD16_eabi.lib : errno.c.obj (.data)

.stack     0    20001658    00000200     UNINITIALIZED
                  20001658    00000004     rtsv7M4_T_le_v4SPD16_eabi.lib : boot_cortex_m.c.obj (.stack)
                  2000165c    000001fc     --HOLE--

.rodata.str1.4 
*          0    0000f46c    0000000c     
                  0000f46c    0000000c     liblibmplmpu-m4-hardfp.a : quaternion_supervisor.o (.rodata.str1.4)

MODULE SUMMARY

       Module                          code    ro data   rw data
       ------                          ----    -------   -------
    ./
       uart_echo.obj                   846     0         64     
       startup_ccs.obj                 12      620       0      
    +--+-------------------------------+-------+---------+---------+
       Total:                          858     620       64     
                                                                
    ./MPU/core/driver/eMPL/
       inv_mpu_dmp_motion_driver.obj   2062    3104      16     
       inv_mpu.obj                     4200    96        56     
    +--+-------------------------------+-------+---------+---------+
       Total:                          6262    3200      72     
                                                                
    ./MPU/core/driver/stm32L/
       log_stm32.obj                   148     0         0      
    +--+-------------------------------+-------+---------+---------+
       Total:                          148     0         0      
                                                                
    ./MPU/core/eMPL-hal/
       eMPL_outputs.obj                764     0         40     
    +--+-------------------------------+-------+---------+---------+
       Total:                          764     0         40     
                                                                
    ./MPU/core/mllite/
       data_builder.obj                2390    0         728    
       ml_math_func.obj                1652    0         0      
       results_holder.obj              924     0         136    
       storage_manager.obj             136     0         408    
       mpl.obj                         284     27        0      
       hal_outputs.obj                 112     0         196    
       start_manager.obj               160     0         84     
       message_layer.obj               20      0         4      
    +--+-------------------------------+-------+---------+---------+
       Total:                          5678    27        1556   
                                                                
    ./MPU_interface/
       mpu_interface.obj               1300    10        62     
    +--+-------------------------------+-------+---------+---------+
       Total:                          1300    10        62     
                                                                
    ./i2c_functions/
       i2c_TM4C.obj                    504     0         0      
       i2c_functions.obj               44      0         0      
    +--+-------------------------------+-------+---------+---------+
       Total:                          548     0         0      
                                                                
    ./include/
       uartstdio.obj                   684     24        5      
       imu.obj                         560     0         16     
       i2c_tm4c.obj                    184     0         0      
    +--+-------------------------------+-------+---------+---------+
       Total:                          1428    24        21     
                                                                
    /Applications/ti/TivaWare_C_Series-2.1.4.178/driverlib/ccs/Debug/driverlib.lib
       sysctl.obj                      654     108       0      
       gpio.obj                        474     144       0      
       i2c.obj                         114     0         0      
       systick.obj                     56      0         0      
       uart.obj                        20      0         0      
       interrupt.obj                   16      0         0      
       cpu.obj                         12      0         0      
    +--+-------------------------------+-------+---------+---------+
       Total:                          1346    252       0      
                                                                
    /Applications/ti/ccsv8/tools/compiler/ti-cgt-arm_18.1.1.LTS/lib/rtsv7M4_T_le_v4SPD16_eabi.lib
       _printfi.c.obj                  4863    0         0      
       k_rem_pio2.c.obj                1848    344       0      
       s_cos.c.obj                     1500    0         0      
       e_log.c.obj                     964     0         0      
       fd_add_t2.asm.obj               438     0         0      
       e_acosf.c.obj                   404     0         0      
       s_atanf.c.obj                   336     52        0      
       k_sin.c.obj                     372     0         0      
       k_cos.c.obj                     364     0         0      
       e_atan2f.c.obj                  344     0         0      
       e_sqrt.c.obj                    344     0         0      
       fd_div_t2.asm.obj               310     0         0      
       s_scalbn.c.obj                  272     0         0      
       fd_cmp_t2.asm.obj               268     0         0      
       ctype.c.obj                     0       257       0      
       fd_mul_t2.asm.obj               252     0         0      
       s_floor.c.obj                   248     0         0      
       s_cosf.c.obj                    180     0         0      
       s_sinf.c.obj                    164     0         0      
       memcpy_t2.asm.obj               156     0         0      
       ull_div_t2.asm.obj              150     0         0      
       memset_t2.asm.obj               122     0         0      
       fd_tos_t2.asm.obj               110     0         0      
       ll_div_t2.asm.obj               110     0         0      
       fs_toll_t2.asm.obj              108     0         0      
       copy_decompress_lzss.c.obj      104     0         0      
       s_frexp.c.obj                   100     0         0      
       sprintf.c.obj                   98      0         0      
       ltoa.c.obj                      84      0         0      
       atoi.c.obj                      76      0         0      
       vsprintf.c.obj                  74      0         0      
       fd_toi_t2.asm.obj               72      0         0      
       ll_tofs_t2.asm.obj              72      0         0      
       autoinit.c.obj                  68      0         0      
       u_divt2.asm.obj                 64      0         0      
       boot_cortex_m.c.obj             56      0         0      
       fd_eabi_t2.asm.obj              56      0         0      
       fs_tod_t2.asm.obj               56      0         0      
       i_tofd_t2.asm.obj               46      0         0      
       e_sqrtf.c.obj                   40      0         0      
       memcmp.c.obj                    36      0         0      
       memmov.c.obj                    36      0         0      
       memccpy.c.obj                   28      0         0      
       strchr.c.obj                    22      0         0      
       s_copysign.c.obj                20      0         0      
       strlen.c.obj                    20      0         0      
       wcslen.c.obj                    18      0         0      
       copy_decompress_none.c.obj      14      0         0      
       copy_zero_init.c.obj            12      0         0      
       errno.c.obj                     8       0         4      
       exit.c.obj                      4       0         0      
       pre_init.c.obj                  4       0         0      
       div0.asm.obj                    2       0         0      
    +--+-------------------------------+-------+---------+---------+
       Total:                          15517   653       4      
                                                                
    /Users/sak/workspace_v7 copy/LM4F_TM4C_uart/MPU/core/mpl/liblibmplmpu-m4-hardfp.a
       compass_vec_cal.o               9264    0         1136   
       accel_auto_cal.o                3480    0         1208   
       fast_no_motion.o                3472    0         672    
       quaternion_supervisor.o         2680    12        108    
       fusion_9axis.o                  1888    0         312    
       gyro_tc.o                       1440    0         452    
       mag_disturb.o                   1664    0         184    
    +--+-------------------------------+-------+---------+---------+
       Total:                          23888   12        4072   
                                                                
       Stack:                          0       0         512    
       Linker Generated:               0       93        0      
    +--+-------------------------------+-------+---------+---------+
       Grand Total:                    57737   4891      6403   


LINKER GENERATED COPY TABLES

__TI_cinit_table @ 0000f4c8 records: 2, size/record: 8, table size: 16
	.data: load addr=0000f478, load size=00000039 bytes, run addr=20001858, run size=000000b0 bytes, compression=lzss
	.bss: load addr=0000f4c0, load size=00000008 bytes, run addr=20000000, run size=00001658 bytes, compression=zero_init


LINKER GENERATED HANDLER TABLE

__TI_handler_table @ 0000f4b4 records: 3, size/record: 4, table size: 12
	index: 0, handler: __TI_decompress_lzss
	index: 1, handler: __TI_decompress_none
	index: 2, handler: __TI_zero_init


GLOBAL SYMBOLS: SORTED ALPHABETICALLY BY Name 

address   name                                    
-------   ----                                    
0000e419  C$$EXIT                                 
0000e2eb  CPUcpsie                                
000066b5  ComputeAngleVelocity                    
0000ce85  ConfigureUART                           
0000da09  GPIODirModeSet                          
00009fe1  GPIOPadConfigSet                        
0000d04d  GPIOPinConfigure                        
0000e181  GPIOPinTypeI2C                          
0000e193  GPIOPinTypeI2CSCL                       
0000e1a5  GPIOPinTypeUART                         
0000e3d5  I2CMasterBusy                           
0000e405  I2CMasterControl                        
0000e409  I2CMasterDataGet                        
0000e40d  I2CMasterDataPut                        
0000e3ad  I2CMasterEnable                         
0000ced1  I2CMasterInitExpClk                     
0000e3dd  I2CMasterSlaveAddrSet                   
0000c9d5  I2CReceive                              
0000e1c9  IntMasterEnable                         
00006715  Mag3ofNormalizedLong                    
000067e9  MagDisturbCheckSettling                 
00006769  MagDisturbSetDisturbance                
0000e3ed  ResetISR                                
0000a469  SysCtlClockGet                          
0000a979  SysCtlClockSet                          
0000e3f3  SysCtlDelay                             
0000d701  SysCtlPeripheralEnable                  
0000cde5  SysCtlPeripheralReset                   
0000e005  SysTickEnable                           
0000e019  SysTickIntEnable                        
0000e1d9  SysTickPeriodSet                        
0000e3f9  UARTClockSourceSet                      
0000e411  UARTIntClear                            
0000dded  UARTIntHandler                          
0000e3b7  UARTIntStatus                           
0000c85d  UARTStdioConfig                         
0000deb1  UARTprintf                              
00008185  UARTvprintf                             
0000d095  UARTwrite                               
0000ba5b  _MLPrintLog                             
20001858  __STACK_END                             
00000200  __STACK_SIZE                            
20001858  __STACK_TOP                             
0000f4c8  __TI_CINIT_Base                         
0000f4d8  __TI_CINIT_Limit                        
0000f4b4  __TI_Handler_Table_Base                 
0000f4c0  __TI_Handler_Table_Limit                
0000d16d  __TI_auto_init_nobinit_nopinit          
0000c39d  __TI_decompress_lzss                    
0000e2cf  __TI_decompress_none                    
ffffffff  __TI_pprof_out_hndl                     
00004c41  __TI_printfi                            
ffffffff  __TI_prof_data_size                     
ffffffff  __TI_prof_data_start                    
00000000  __TI_static_base__                      
0000e2f7  __TI_zero_init                          
0000bdad  __aeabi_cdcmpeq                         
0000bdad  __aeabi_cdcmple                         
0000be33  __aeabi_cdrcmple                        
0000c17b  __aeabi_d2f                             
0000d0dd  __aeabi_d2iz                            
00008a9f  __aeabi_dadd                            
0000e289  __aeabi_dcmpeq                          
0000e297  __aeabi_dcmpgt                          
0000e2a5  __aeabi_dcmple                          
0000e2b3  __aeabi_dcmplt                          
00009d75  __aeabi_ddiv                            
0000a785  __aeabi_dmul                            
00008a95  __aeabi_dsub                            
0000e3e5  __aeabi_errno_addr                      
0000d691  __aeabi_f2d                             
0000c331  __aeabi_f2lz                            
0000d983  __aeabi_i2d                             
00009eab  __aeabi_idiv0                           
0000d125  __aeabi_l2f                             
00009eab  __aeabi_ldiv0                           
0000c1e9  __aeabi_ldivmod                         
0000bfb1  __aeabi_memclr                          
0000bfb1  __aeabi_memclr4                         
0000bfb1  __aeabi_memclr8                         
0000b891  __aeabi_memcpy                          
0000b891  __aeabi_memcpy4                         
0000b891  __aeabi_memcpy8                         
0000bfb3  __aeabi_memset                          
0000bfb3  __aeabi_memset4                         
0000bfb3  __aeabi_memset8                         
0000d401  __aeabi_uidiv                           
0000d401  __aeabi_uidivmod                        
0000b9c5  __aeabi_uldivmod                        
ffffffff  __binit__                               
ffffffff  __c_args__                              
00009429  __kernel_cos                            
00005e01  __kernel_rem_pio2                       
000092b5  __kernel_sin                            
UNDEFED   __mpu_init                              
20001658  __stack                                 
0000d5e9  _c_int00_noargs                         
0000f170  _ctypes_                                
UNDEFED   _system_post_cinit                      
0000e415  _system_pre_init                        
0000e419  abort                                   
0000d955  accel_lsm9_set_scale                    
0000e2c1  accel_lsm9_setup                        
0000df15  accel_lsm9_write_reg                    
00008e01  acosf                                   
000096f9  atan2f                                  
000099a9  atanf                                   
0000cf1d  atoi                                    
200015f0  b                                       
ffffffff  binit                                   
20001030  cb                                      
20001118  cb_sim                                  
20001200  cb_test                                 
0000e02d  copysign                                
0000e02d  copysignl                               
00006bb9  cos                                     
0000b285  cosf                                    
00006bb9  cosl                                    
200018f0  data                                    
0000df2d  delay_ms                                
0000d575  dmp_enable_6x_lp_quat                   
000088dd  dmp_enable_feature                      
0000d9b1  dmp_enable_gyro_cal                     
0000d5af  dmp_enable_lp_quat                      
0000e041  dmp_load_motion_driver_firmware         
00008f95  dmp_read_fifo                           
0000c91d  dmp_set_fifo_rate                       
00009af9  dmp_set_orientation                     
0000d835  dmp_set_shake_reject_thresh             
0000dc8f  dmp_set_shake_reject_time               
0000dcaf  dmp_set_shake_reject_timeout            
0000d2bf  dmp_set_tap_axes                        
0000dc6d  dmp_set_tap_count                       
0000a115  dmp_set_tap_thresh                      
0000dccf  dmp_set_tap_time                        
0000dcef  dmp_set_tap_time_multi                  
0000df45  enable_systick                          
20001904  errno                                   
200015ac  f                                       
0000a881  floor                                   
0000a881  floorl                                  
200004b8  fnm                                     
0000c53d  frexp                                   
0000c53d  frexpl                                  
00000000  g_pfnVectors                            
0000e305  get_ms                                  
0000d7d1  gyro_set_scale                          
0000d865  gyro_setup                              
0000df5d  gyro_write_reg                          
200018e8  hal_timestamp                           
0000f406  hw                                      
0000c259  i2c_common_setup                        
0000e2dd  i2c_read                                
0000b601  i2c_read_bytes                          
0000ddb1  i2c_write                               
0000bb81  i2c_write_bytes                         
0000ca2d  i2c_write_reg                           
0000c8bd  i2c_write_reg_lsm                       
0000b4a1  init_imu                                
0000dd0f  init_imu_scaledStruct                   
00003875  int_set_fast_nomot_gyro_threshold       
00005da1  inv_9x_fusion_enable_jitter_reduction   
00005d91  inv_9x_fusion_set_mag_fb                
00005db1  inv_9x_fusion_use_timestamps            
00002949  inv_add_accel_block_data                
00001925  inv_add_compass_block_data              
000029fd  inv_add_vector_block_data               
0000c405  inv_apply_calibration                   
00002c49  inv_auto_calibrate                      
0000c02d  inv_build_accel                         
0000b92d  inv_build_compass                       
0000d895  inv_build_gyro                          
0000d8c5  inv_build_quat                          
0000da35  inv_build_temp                          
000011c5  inv_center_sum                          
000004dd  inv_cheap_gaussian                      
000004a5  inv_cheap_rand                          
00006841  inv_check_magnetic_disturbance          
00002ab1  inv_check_sample_balance                
000019d5  inv_check_sim                           
000005a1  inv_combine_compass_data                
0000ae01  inv_compass_angle                       
00000a21  inv_compute_bias                        
0000c5a1  inv_convert_to_body_with_scale          
00003b8d  inv_detect_motion_by_gyro_accel         
00005df1  inv_disable_9x_sensor_fusion            
0000e311  inv_disable_compass_soft_iron_matrix    
000065fd  inv_disable_dip_tracking                
000041a5  inv_disable_fast_nomot                  
00007705  inv_disable_gyro_tc                     
0000340d  inv_disable_in_use_auto_calibration     
000065e5  inv_disable_magnetic_disturbance        
00004c21  inv_disable_quaternion                  
00002685  inv_disable_vector_compass_cal          
00005dcd  inv_enable_9x_sensor_fusion             
0000660d  inv_enable_dip_tracking                 
0000e069  inv_enable_eMPL_outputs                 
0000418d  inv_enable_fast_nomot                   
000076c5  inv_enable_gyro_tc                      
000033f5  inv_enable_in_use_auto_calibration      
000065b9  inv_enable_magnetic_disturbance         
00004c09  inv_enable_quaternion                   
0000e07d  inv_enable_results_holder               
0000266d  inv_enable_vector_compass_cal           
0000da5d  inv_execute_mpl_start_notification      
0000bc0d  inv_execute_on_data                     
000039e5  inv_fast_nomot_get_time_elaps           
000036ad  inv_fast_nomot_parameter                
000036b9  inv_fast_nomot_parameter_3rd            
000039f1  inv_fast_nomot_parameter_compass        
000039b9  inv_fast_nomot_reset_data_compass       
00003799  inv_fast_nomot_set_gyro_bias            
000038cd  inv_fast_nomot_store_data               
0000396d  inv_fast_nomot_store_data_compass       
000056b1  inv_filter_correction_angle             
000041c5  inv_fnm_debug_print                     
00004441  inv_generate_accel_gyro_quaternion      
00003d71  inv_generate_fast_nomot                 
00004405  inv_generate_gyro_quaternion            
0000e091  inv_generate_results                    
0000254d  inv_generate_vector_compass_cal         
0000e0a5  inv_get_6axis_quaternion                
0000e31d  inv_get_acc_state                       
0000e329  inv_get_accel_accuracy                  
00003429  inv_get_accel_bias_stage                
0000e1e9  inv_get_accel_on                        
0000d735  inv_get_accel_set                       
0000e0b9  inv_get_compass_bias                    
0000de09  inv_get_compass_correction              
0000e1f9  inv_get_compass_on                      
0000d4c1  inv_get_compass_set                     
0000de25  inv_get_compass_soft_iron_output_data   
0000e335  inv_get_compass_state                   
00002819  inv_get_current_calibrated_accel        
000018cd  inv_get_current_calibrated_compass      
000038ad  inv_get_fast_nomot_accel_param          
0000388d  inv_get_fast_nomot_compass_param        
000041b9  inv_get_fnm_gyro_no_motion_param        
0000ca85  inv_get_gravity                         
0000e209  inv_get_gyro                            
0000e341  inv_get_gyro_accuracy                   
0000db4d  inv_get_gyro_bias                       
0000de41  inv_get_gyro_bias_tc_set                
0000e219  inv_get_gyro_on                         
0000da85  inv_get_gyro_set                        
0000decb  inv_get_gyro_sum_of_sqr                 
00007675  inv_get_gyro_ts                         
0000e34d  inv_get_large_mag_field                 
0000d1f5  inv_get_last_timestamp                  
0000d4fd  inv_get_linear_accel                    
0000d341  inv_get_linear_accel_float              
0000e229  inv_get_local_field                     
0000de5d  inv_get_mag_accuracy                    
00006bad  inv_get_magnetic_disturbance_state      
0000e239  inv_get_motion_state                    
0000d769  inv_get_quaternion                      
0000aa6d  inv_get_quaternion_set                  
00003a09  inv_get_right_shift_by_rounding         
0000df75  inv_get_sensor_type_accel               
0000e0cd  inv_get_sensor_type_compass             
0000871d  inv_get_sensor_type_euler               
0000c09d  inv_get_sensor_type_gravity             
0000df8d  inv_get_sensor_type_gyro                
0000db71  inv_get_sensor_type_quat                
0000e359  inv_got_compass_bias                    
00005d55  inv_init_9x_fusion                      
000027c1  inv_init_accel_maxmin                   
00002901  inv_init_check_sample_balance           
0000291d  inv_init_check_sample_balance_parameter 
0000d381  inv_init_data_builder                   
0000410d  inv_init_fast_nomot                     
0000760d  inv_init_gyro_ts                        
00003351  inv_init_in_use_auto_calibration        
00006561  inv_init_magnetic_disturbance           
000035d5  inv_init_maxmin                         
0000b1cd  inv_init_mpl                            
00004be5  inv_init_quaternion                     
0000d8f5  inv_init_results_holder                 
0000e0f5  inv_init_start_manager                  
0000de79  inv_init_storage_manager                
00002601  inv_init_vector_compass_cal             
00006b75  inv_magnetic_disturbance_process        
0000db25  inv_orientation_matrix_to_scalar        
000058a1  inv_perform_9x_fusion                   
000076b5  inv_print_gtc_data                      
00005cbd  inv_process_9x_sensor_fusion_cb         
00002431  inv_process_compass_only_cal            
0000e365  inv_q29_mult                            
0000e371  inv_q30_mult                            
0000db95  inv_q_add                               
0000d27d  inv_q_addf                              
0000dfa5  inv_q_invert                            
0000ddcf  inv_q_invertf                           
0000af91  inv_q_mult                              
0000ad2d  inv_q_multf                             
0000beb9  inv_q_norm4                             
0000b051  inv_q_normalizef                        
0000d539  inv_q_rotate                            
0000ac4d  inv_quaternion_to_rotation              
000027e1  inv_record_good_accel_maxmin            
00003af1  inv_record_max_moment_in_no_motion_accel
00003abd  inv_record_max_moment_in_no_motion_gyro 
00003b59  inv_record_min_moment_in_motion_accel   
00003b25  inv_record_min_moment_in_motion_gyro    
0000a689  inv_register_data_cb                    
0000c2c5  inv_register_load_store                 
0000dd31  inv_register_mpl_start_notification     
0000cadd  inv_reset_compass_soft_iron_matrix      
00001b41  inv_reset_data_collection               
00003a89  inv_reset_min_max_gyro_accel_statistics 
00003cd1  inv_sensor_data_preprocess              
0000dd51  inv_set_accel_accuracy                  
0000e37d  inv_set_accel_bias_found                
0000cc95  inv_set_accel_bias_mask                 
0000e109  inv_set_accel_orientation_and_scale     
0000d9dd  inv_set_accel_sample_rate               
0000cf69  inv_set_compass_bias                    
0000e249  inv_set_compass_bias_error              
0000e389  inv_set_compass_bias_found              
0000dbb9  inv_set_compass_correction              
0000e395  inv_set_compass_disturbance             
0000e11d  inv_set_compass_orientation_and_scale   
0000d925  inv_set_compass_sample_rate             
0000cce9  inv_set_compass_soft_iron_input_data    
0000e3a1  inv_set_compass_state                   
000040bd  inv_set_default_number_of_samples       
00003881  inv_set_fast_nomot_accel_threshold      
00003869  inv_set_fast_nomot_compass_threshold    
00007645  inv_set_gtc_max_temp                    
00007665  inv_set_gtc_min_diff                    
00007655  inv_set_gtc_min_temp                    
0000769d  inv_set_gtc_order                       
0000c605  inv_set_gyro_bias                       
0000e131  inv_set_gyro_orientation_and_scale      
0000daad  inv_set_gyro_sample_rate                
00007699  inv_set_gyro_ts                         
00006549  inv_set_magnetic_disturbance            
0000e145  inv_set_message                         
0000d79d  inv_set_motion_state                    
00004411  inv_set_quaternion                      
00000715  inv_set_terms                           
0000285d  inv_sort_order_4_T                      
000056a1  inv_start_9x_sensor_fusion              
0000366d  inv_start_fast_nomot                    
00007195  inv_start_gyro_tc                       
00002701  inv_start_in_use_auto_calibration       
00006539  inv_start_magnetic_disturbance          
0000c669  inv_start_mpl                           
00004299  inv_start_quaternion                    
0000dfbd  inv_start_results_holder                
00000271  inv_start_vector_compass_cal            
00005dc1  inv_stop_9x_sensor_fusion               
00004175  inv_stop_fast_nomot                     
000076b9  inv_stop_gyro_tc                        
000033e9  inv_stop_in_use_auto_calibration        
000065ad  inv_stop_magnetic_disturbance           
00004bd9  inv_stop_quaternion                     
000025f5  inv_stop_vector_compass_cal             
0000dbdd  inv_store_gaming_quaternion             
0000661d  inv_track_dip_angle                     
0000cfb5  inv_unregister_data_cb                  
0000d239  inv_unregister_mpl_start_notification   
00000499  inv_vector_compass_cal_sensitivity      
0000a579  ldexp                                   
0000a579  ldexpl                                  
00007735  log                                     
00007735  logl                                    
0000cd3d  ltoa                                    
200013ac  mag_disturb                             
0000d6c9  mag_set_scale                           
0000dc01  mag_setup                               
0000dfd5  mag_write_reg                           
00007d69  main                                    
0000de95  memccpy                                 
0000dc25  memcmp                                  
0000b891  memcpy                                  
0000dc49  memmove                                 
0000bfb9  memset                                  
0000d803  mlMatrixVectorMult                      
00006bb9  ml_cos                                  
0000a881  ml_floor                                
00007735  ml_log                                  
00009851  ml_sqrt                                 
200018ec  mpl_key                                 
0000ce35  mpu_configure_fifo                      
0000d3c1  mpu_get_accel_fsr                       
0000c6cd  mpu_get_accel_reg                       
0000e159  mpu_get_compass_fsr                     
0000b339  mpu_get_compass_reg                     
0000cb35  mpu_get_euler                           
0000d659  mpu_get_gyro_fsr                        
0000a355  mpu_get_outputs                         
0000dd91  mpu_get_sample_rate                     
0000baf1  mpu_get_temperature                     
0000aec9  mpu_init                                
0000b551  mpu_load_firmware                       
0000b6a9  mpu_lp_accel_mode                       
00008c4d  mpu_open                                
00009125  mpu_read_fifo                           
0000b111  mpu_read_fifo_stream                    
0000cb8d  mpu_read_mem                            
00009595  mpu_reset_fifo                          
0000c731  mpu_set_accel_fsr                       
0000ab61  mpu_set_bypass                          
0000d001  mpu_set_compass_sample_rate             
0000bf35  mpu_set_dmp_state                       
0000c46d  mpu_set_gyro_fsr                        
0000c795  mpu_set_int_latched                     
0000c4d5  mpu_set_lpf                             
0000bc99  mpu_set_sample_rate                     
00009ead  mpu_set_sensors                         
00007f91  mpu_update                              
0000cbe5  mpu_write_mem                           
0000c7f9  print_float                             
0000f3a4  reg                                     
20000ef8  s9axis                                  
0000a579  scalbn                                  
0000a579  scalbnl                                 
0000e3ff  set_sensor_orientation_and_scale        
0000b751  sinf                                    
0000d441  sprintf                                 
00009851  sqrt                                    
0000dad5  sqrtf                                   
00009851  sqrtl                                   
0000dfed  strchr                                  
0000e16d  strlen                                  
0000e269  systick_int_handler                     
200018f4  systick_n                               
0000f3d0  test                                    
200008e0  vc                                      
0000dafd  vsprintf                                
0000e279  wait_until                              
0000e1b7  wcslen                                  


GLOBAL SYMBOLS: SORTED BY Symbol Address 

address   name                                    
-------   ----                                    
00000000  __TI_static_base__                      
00000000  g_pfnVectors                            
00000200  __STACK_SIZE                            
00000271  inv_start_vector_compass_cal            
00000499  inv_vector_compass_cal_sensitivity      
000004a5  inv_cheap_rand                          
000004dd  inv_cheap_gaussian                      
000005a1  inv_combine_compass_data                
00000715  inv_set_terms                           
00000a21  inv_compute_bias                        
000011c5  inv_center_sum                          
000018cd  inv_get_current_calibrated_compass      
00001925  inv_add_compass_block_data              
000019d5  inv_check_sim                           
00001b41  inv_reset_data_collection               
00002431  inv_process_compass_only_cal            
0000254d  inv_generate_vector_compass_cal         
000025f5  inv_stop_vector_compass_cal             
00002601  inv_init_vector_compass_cal             
0000266d  inv_enable_vector_compass_cal           
00002685  inv_disable_vector_compass_cal          
00002701  inv_start_in_use_auto_calibration       
000027c1  inv_init_accel_maxmin                   
000027e1  inv_record_good_accel_maxmin            
00002819  inv_get_current_calibrated_accel        
0000285d  inv_sort_order_4_T                      
00002901  inv_init_check_sample_balance           
0000291d  inv_init_check_sample_balance_parameter 
00002949  inv_add_accel_block_data                
000029fd  inv_add_vector_block_data               
00002ab1  inv_check_sample_balance                
00002c49  inv_auto_calibrate                      
00003351  inv_init_in_use_auto_calibration        
000033e9  inv_stop_in_use_auto_calibration        
000033f5  inv_enable_in_use_auto_calibration      
0000340d  inv_disable_in_use_auto_calibration     
00003429  inv_get_accel_bias_stage                
000035d5  inv_init_maxmin                         
0000366d  inv_start_fast_nomot                    
000036ad  inv_fast_nomot_parameter                
000036b9  inv_fast_nomot_parameter_3rd            
00003799  inv_fast_nomot_set_gyro_bias            
00003869  inv_set_fast_nomot_compass_threshold    
00003875  int_set_fast_nomot_gyro_threshold       
00003881  inv_set_fast_nomot_accel_threshold      
0000388d  inv_get_fast_nomot_compass_param        
000038ad  inv_get_fast_nomot_accel_param          
000038cd  inv_fast_nomot_store_data               
0000396d  inv_fast_nomot_store_data_compass       
000039b9  inv_fast_nomot_reset_data_compass       
000039e5  inv_fast_nomot_get_time_elaps           
000039f1  inv_fast_nomot_parameter_compass        
00003a09  inv_get_right_shift_by_rounding         
00003a89  inv_reset_min_max_gyro_accel_statistics 
00003abd  inv_record_max_moment_in_no_motion_gyro 
00003af1  inv_record_max_moment_in_no_motion_accel
00003b25  inv_record_min_moment_in_motion_gyro    
00003b59  inv_record_min_moment_in_motion_accel   
00003b8d  inv_detect_motion_by_gyro_accel         
00003cd1  inv_sensor_data_preprocess              
00003d71  inv_generate_fast_nomot                 
000040bd  inv_set_default_number_of_samples       
0000410d  inv_init_fast_nomot                     
00004175  inv_stop_fast_nomot                     
0000418d  inv_enable_fast_nomot                   
000041a5  inv_disable_fast_nomot                  
000041b9  inv_get_fnm_gyro_no_motion_param        
000041c5  inv_fnm_debug_print                     
00004299  inv_start_quaternion                    
00004405  inv_generate_gyro_quaternion            
00004411  inv_set_quaternion                      
00004441  inv_generate_accel_gyro_quaternion      
00004bd9  inv_stop_quaternion                     
00004be5  inv_init_quaternion                     
00004c09  inv_enable_quaternion                   
00004c21  inv_disable_quaternion                  
00004c41  __TI_printfi                            
000056a1  inv_start_9x_sensor_fusion              
000056b1  inv_filter_correction_angle             
000058a1  inv_perform_9x_fusion                   
00005cbd  inv_process_9x_sensor_fusion_cb         
00005d55  inv_init_9x_fusion                      
00005d91  inv_9x_fusion_set_mag_fb                
00005da1  inv_9x_fusion_enable_jitter_reduction   
00005db1  inv_9x_fusion_use_timestamps            
00005dc1  inv_stop_9x_sensor_fusion               
00005dcd  inv_enable_9x_sensor_fusion             
00005df1  inv_disable_9x_sensor_fusion            
00005e01  __kernel_rem_pio2                       
00006539  inv_start_magnetic_disturbance          
00006549  inv_set_magnetic_disturbance            
00006561  inv_init_magnetic_disturbance           
000065ad  inv_stop_magnetic_disturbance           
000065b9  inv_enable_magnetic_disturbance         
000065e5  inv_disable_magnetic_disturbance        
000065fd  inv_disable_dip_tracking                
0000660d  inv_enable_dip_tracking                 
0000661d  inv_track_dip_angle                     
000066b5  ComputeAngleVelocity                    
00006715  Mag3ofNormalizedLong                    
00006769  MagDisturbSetDisturbance                
000067e9  MagDisturbCheckSettling                 
00006841  inv_check_magnetic_disturbance          
00006b75  inv_magnetic_disturbance_process        
00006bad  inv_get_magnetic_disturbance_state      
00006bb9  cos                                     
00006bb9  cosl                                    
00006bb9  ml_cos                                  
00007195  inv_start_gyro_tc                       
0000760d  inv_init_gyro_ts                        
00007645  inv_set_gtc_max_temp                    
00007655  inv_set_gtc_min_temp                    
00007665  inv_set_gtc_min_diff                    
00007675  inv_get_gyro_ts                         
00007699  inv_set_gyro_ts                         
0000769d  inv_set_gtc_order                       
000076b5  inv_print_gtc_data                      
000076b9  inv_stop_gyro_tc                        
000076c5  inv_enable_gyro_tc                      
00007705  inv_disable_gyro_tc                     
00007735  log                                     
00007735  logl                                    
00007735  ml_log                                  
00007d69  main                                    
00007f91  mpu_update                              
00008185  UARTvprintf                             
0000871d  inv_get_sensor_type_euler               
000088dd  dmp_enable_feature                      
00008a95  __aeabi_dsub                            
00008a9f  __aeabi_dadd                            
00008c4d  mpu_open                                
00008e01  acosf                                   
00008f95  dmp_read_fifo                           
00009125  mpu_read_fifo                           
000092b5  __kernel_sin                            
00009429  __kernel_cos                            
00009595  mpu_reset_fifo                          
000096f9  atan2f                                  
00009851  ml_sqrt                                 
00009851  sqrt                                    
00009851  sqrtl                                   
000099a9  atanf                                   
00009af9  dmp_set_orientation                     
00009d75  __aeabi_ddiv                            
00009eab  __aeabi_idiv0                           
00009eab  __aeabi_ldiv0                           
00009ead  mpu_set_sensors                         
00009fe1  GPIOPadConfigSet                        
0000a115  dmp_set_tap_thresh                      
0000a355  mpu_get_outputs                         
0000a469  SysCtlClockGet                          
0000a579  ldexp                                   
0000a579  ldexpl                                  
0000a579  scalbn                                  
0000a579  scalbnl                                 
0000a689  inv_register_data_cb                    
0000a785  __aeabi_dmul                            
0000a881  floor                                   
0000a881  floorl                                  
0000a881  ml_floor                                
0000a979  SysCtlClockSet                          
0000aa6d  inv_get_quaternion_set                  
0000ab61  mpu_set_bypass                          
0000ac4d  inv_quaternion_to_rotation              
0000ad2d  inv_q_multf                             
0000ae01  inv_compass_angle                       
0000aec9  mpu_init                                
0000af91  inv_q_mult                              
0000b051  inv_q_normalizef                        
0000b111  mpu_read_fifo_stream                    
0000b1cd  inv_init_mpl                            
0000b285  cosf                                    
0000b339  mpu_get_compass_reg                     
0000b4a1  init_imu                                
0000b551  mpu_load_firmware                       
0000b601  i2c_read_bytes                          
0000b6a9  mpu_lp_accel_mode                       
0000b751  sinf                                    
0000b891  __aeabi_memcpy                          
0000b891  __aeabi_memcpy4                         
0000b891  __aeabi_memcpy8                         
0000b891  memcpy                                  
0000b92d  inv_build_compass                       
0000b9c5  __aeabi_uldivmod                        
0000ba5b  _MLPrintLog                             
0000baf1  mpu_get_temperature                     
0000bb81  i2c_write_bytes                         
0000bc0d  inv_execute_on_data                     
0000bc99  mpu_set_sample_rate                     
0000bdad  __aeabi_cdcmpeq                         
0000bdad  __aeabi_cdcmple                         
0000be33  __aeabi_cdrcmple                        
0000beb9  inv_q_norm4                             
0000bf35  mpu_set_dmp_state                       
0000bfb1  __aeabi_memclr                          
0000bfb1  __aeabi_memclr4                         
0000bfb1  __aeabi_memclr8                         
0000bfb3  __aeabi_memset                          
0000bfb3  __aeabi_memset4                         
0000bfb3  __aeabi_memset8                         
0000bfb9  memset                                  
0000c02d  inv_build_accel                         
0000c09d  inv_get_sensor_type_gravity             
0000c17b  __aeabi_d2f                             
0000c1e9  __aeabi_ldivmod                         
0000c259  i2c_common_setup                        
0000c2c5  inv_register_load_store                 
0000c331  __aeabi_f2lz                            
0000c39d  __TI_decompress_lzss                    
0000c405  inv_apply_calibration                   
0000c46d  mpu_set_gyro_fsr                        
0000c4d5  mpu_set_lpf                             
0000c53d  frexp                                   
0000c53d  frexpl                                  
0000c5a1  inv_convert_to_body_with_scale          
0000c605  inv_set_gyro_bias                       
0000c669  inv_start_mpl                           
0000c6cd  mpu_get_accel_reg                       
0000c731  mpu_set_accel_fsr                       
0000c795  mpu_set_int_latched                     
0000c7f9  print_float                             
0000c85d  UARTStdioConfig                         
0000c8bd  i2c_write_reg_lsm                       
0000c91d  dmp_set_fifo_rate                       
0000c9d5  I2CReceive                              
0000ca2d  i2c_write_reg                           
0000ca85  inv_get_gravity                         
0000cadd  inv_reset_compass_soft_iron_matrix      
0000cb35  mpu_get_euler                           
0000cb8d  mpu_read_mem                            
0000cbe5  mpu_write_mem                           
0000cc95  inv_set_accel_bias_mask                 
0000cce9  inv_set_compass_soft_iron_input_data    
0000cd3d  ltoa                                    
0000cde5  SysCtlPeripheralReset                   
0000ce35  mpu_configure_fifo                      
0000ce85  ConfigureUART                           
0000ced1  I2CMasterInitExpClk                     
0000cf1d  atoi                                    
0000cf69  inv_set_compass_bias                    
0000cfb5  inv_unregister_data_cb                  
0000d001  mpu_set_compass_sample_rate             
0000d04d  GPIOPinConfigure                        
0000d095  UARTwrite                               
0000d0dd  __aeabi_d2iz                            
0000d125  __aeabi_l2f                             
0000d16d  __TI_auto_init_nobinit_nopinit          
0000d1f5  inv_get_last_timestamp                  
0000d239  inv_unregister_mpl_start_notification   
0000d27d  inv_q_addf                              
0000d2bf  dmp_set_tap_axes                        
0000d341  inv_get_linear_accel_float              
0000d381  inv_init_data_builder                   
0000d3c1  mpu_get_accel_fsr                       
0000d401  __aeabi_uidiv                           
0000d401  __aeabi_uidivmod                        
0000d441  sprintf                                 
0000d4c1  inv_get_compass_set                     
0000d4fd  inv_get_linear_accel                    
0000d539  inv_q_rotate                            
0000d575  dmp_enable_6x_lp_quat                   
0000d5af  dmp_enable_lp_quat                      
0000d5e9  _c_int00_noargs                         
0000d659  mpu_get_gyro_fsr                        
0000d691  __aeabi_f2d                             
0000d6c9  mag_set_scale                           
0000d701  SysCtlPeripheralEnable                  
0000d735  inv_get_accel_set                       
0000d769  inv_get_quaternion                      
0000d79d  inv_set_motion_state                    
0000d7d1  gyro_set_scale                          
0000d803  mlMatrixVectorMult                      
0000d835  dmp_set_shake_reject_thresh             
0000d865  gyro_setup                              
0000d895  inv_build_gyro                          
0000d8c5  inv_build_quat                          
0000d8f5  inv_init_results_holder                 
0000d925  inv_set_compass_sample_rate             
0000d955  accel_lsm9_set_scale                    
0000d983  __aeabi_i2d                             
0000d9b1  dmp_enable_gyro_cal                     
0000d9dd  inv_set_accel_sample_rate               
0000da09  GPIODirModeSet                          
0000da35  inv_build_temp                          
0000da5d  inv_execute_mpl_start_notification      
0000da85  inv_get_gyro_set                        
0000daad  inv_set_gyro_sample_rate                
0000dad5  sqrtf                                   
0000dafd  vsprintf                                
0000db25  inv_orientation_matrix_to_scalar        
0000db4d  inv_get_gyro_bias                       
0000db71  inv_get_sensor_type_quat                
0000db95  inv_q_add                               
0000dbb9  inv_set_compass_correction              
0000dbdd  inv_store_gaming_quaternion             
0000dc01  mag_setup                               
0000dc25  memcmp                                  
0000dc49  memmove                                 
0000dc6d  dmp_set_tap_count                       
0000dc8f  dmp_set_shake_reject_time               
0000dcaf  dmp_set_shake_reject_timeout            
0000dccf  dmp_set_tap_time                        
0000dcef  dmp_set_tap_time_multi                  
0000dd0f  init_imu_scaledStruct                   
0000dd31  inv_register_mpl_start_notification     
0000dd51  inv_set_accel_accuracy                  
0000dd91  mpu_get_sample_rate                     
0000ddb1  i2c_write                               
0000ddcf  inv_q_invertf                           
0000dded  UARTIntHandler                          
0000de09  inv_get_compass_correction              
0000de25  inv_get_compass_soft_iron_output_data   
0000de41  inv_get_gyro_bias_tc_set                
0000de5d  inv_get_mag_accuracy                    
0000de79  inv_init_storage_manager                
0000de95  memccpy                                 
0000deb1  UARTprintf                              
0000decb  inv_get_gyro_sum_of_sqr                 
0000df15  accel_lsm9_write_reg                    
0000df2d  delay_ms                                
0000df45  enable_systick                          
0000df5d  gyro_write_reg                          
0000df75  inv_get_sensor_type_accel               
0000df8d  inv_get_sensor_type_gyro                
0000dfa5  inv_q_invert                            
0000dfbd  inv_start_results_holder                
0000dfd5  mag_write_reg                           
0000dfed  strchr                                  
0000e005  SysTickEnable                           
0000e019  SysTickIntEnable                        
0000e02d  copysign                                
0000e02d  copysignl                               
0000e041  dmp_load_motion_driver_firmware         
0000e069  inv_enable_eMPL_outputs                 
0000e07d  inv_enable_results_holder               
0000e091  inv_generate_results                    
0000e0a5  inv_get_6axis_quaternion                
0000e0b9  inv_get_compass_bias                    
0000e0cd  inv_get_sensor_type_compass             
0000e0f5  inv_init_start_manager                  
0000e109  inv_set_accel_orientation_and_scale     
0000e11d  inv_set_compass_orientation_and_scale   
0000e131  inv_set_gyro_orientation_and_scale      
0000e145  inv_set_message                         
0000e159  mpu_get_compass_fsr                     
0000e16d  strlen                                  
0000e181  GPIOPinTypeI2C                          
0000e193  GPIOPinTypeI2CSCL                       
0000e1a5  GPIOPinTypeUART                         
0000e1b7  wcslen                                  
0000e1c9  IntMasterEnable                         
0000e1d9  SysTickPeriodSet                        
0000e1e9  inv_get_accel_on                        
0000e1f9  inv_get_compass_on                      
0000e209  inv_get_gyro                            
0000e219  inv_get_gyro_on                         
0000e229  inv_get_local_field                     
0000e239  inv_get_motion_state                    
0000e249  inv_set_compass_bias_error              
0000e269  systick_int_handler                     
0000e279  wait_until                              
0000e289  __aeabi_dcmpeq                          
0000e297  __aeabi_dcmpgt                          
0000e2a5  __aeabi_dcmple                          
0000e2b3  __aeabi_dcmplt                          
0000e2c1  accel_lsm9_setup                        
0000e2cf  __TI_decompress_none                    
0000e2dd  i2c_read                                
0000e2eb  CPUcpsie                                
0000e2f7  __TI_zero_init                          
0000e305  get_ms                                  
0000e311  inv_disable_compass_soft_iron_matrix    
0000e31d  inv_get_acc_state                       
0000e329  inv_get_accel_accuracy                  
0000e335  inv_get_compass_state                   
0000e341  inv_get_gyro_accuracy                   
0000e34d  inv_get_large_mag_field                 
0000e359  inv_got_compass_bias                    
0000e365  inv_q29_mult                            
0000e371  inv_q30_mult                            
0000e37d  inv_set_accel_bias_found                
0000e389  inv_set_compass_bias_found              
0000e395  inv_set_compass_disturbance             
0000e3a1  inv_set_compass_state                   
0000e3ad  I2CMasterEnable                         
0000e3b7  UARTIntStatus                           
0000e3d5  I2CMasterBusy                           
0000e3dd  I2CMasterSlaveAddrSet                   
0000e3e5  __aeabi_errno_addr                      
0000e3ed  ResetISR                                
0000e3f3  SysCtlDelay                             
0000e3f9  UARTClockSourceSet                      
0000e3ff  set_sensor_orientation_and_scale        
0000e405  I2CMasterControl                        
0000e409  I2CMasterDataGet                        
0000e40d  I2CMasterDataPut                        
0000e411  UARTIntClear                            
0000e415  _system_pre_init                        
0000e419  C$$EXIT                                 
0000e419  abort                                   
0000f170  _ctypes_                                
0000f3a4  reg                                     
0000f3d0  test                                    
0000f406  hw                                      
0000f4b4  __TI_Handler_Table_Base                 
0000f4c0  __TI_Handler_Table_Limit                
0000f4c8  __TI_CINIT_Base                         
0000f4d8  __TI_CINIT_Limit                        
200004b8  fnm                                     
200008e0  vc                                      
20000ef8  s9axis                                  
20001030  cb                                      
20001118  cb_sim                                  
20001200  cb_test                                 
200013ac  mag_disturb                             
200015ac  f                                       
200015f0  b                                       
20001658  __stack                                 
20001858  __STACK_END                             
20001858  __STACK_TOP                             
200018e8  hal_timestamp                           
200018ec  mpl_key                                 
200018f0  data                                    
200018f4  systick_n                               
20001904  errno                                   
ffffffff  __TI_pprof_out_hndl                     
ffffffff  __TI_prof_data_size                     
ffffffff  __TI_prof_data_start                    
ffffffff  __binit__                               
ffffffff  __c_args__                              
ffffffff  binit                                   
UNDEFED   __mpu_init                              
UNDEFED   _system_post_cinit                      

[433 symbols]
