<?xml version="1.0" encoding="ISO-8859-1" ?>
<link_info>
   <banner>TI ARM Linker Unix v18.1.1.LTS</banner>
   <copyright>Copyright (c) 1996-2017 Texas Instruments Incorporated</copyright>
   <link_time>0x5b469f74</link_time>
   <link_errors>0x0</link_errors>
   <output_file>LM4F_TM4C_uart.out</output_file>
   <entry_point>
      <name>_c_int00_noargs</name>
      <address>0xe599</address>
   </entry_point>
   <input_file_list>
      <input_file id="fl-2">
         <path>./</path>
         <kind>object</kind>
         <file>startup_ccs.obj</file>
         <name>startup_ccs.obj</name>
      </input_file>
      <input_file id="fl-3">
         <path>./</path>
         <kind>object</kind>
         <file>uart_echo.obj</file>
         <name>uart_echo.obj</name>
      </input_file>
      <input_file id="fl-4">
         <path>./MPU/core/driver/eMPL/</path>
         <kind>object</kind>
         <file>inv_mpu.obj</file>
         <name>inv_mpu.obj</name>
      </input_file>
      <input_file id="fl-5">
         <path>./MPU/core/driver/eMPL/</path>
         <kind>object</kind>
         <file>inv_mpu_dmp_motion_driver.obj</file>
         <name>inv_mpu_dmp_motion_driver.obj</name>
      </input_file>
      <input_file id="fl-6">
         <path>./MPU/core/driver/stm32L/</path>
         <kind>object</kind>
         <file>log_stm32.obj</file>
         <name>log_stm32.obj</name>
      </input_file>
      <input_file id="fl-7">
         <path>./MPU/core/eMPL-hal/</path>
         <kind>object</kind>
         <file>eMPL_outputs.obj</file>
         <name>eMPL_outputs.obj</name>
      </input_file>
      <input_file id="fl-8">
         <path>./MPU/core/mllite/</path>
         <kind>object</kind>
         <file>data_builder.obj</file>
         <name>data_builder.obj</name>
      </input_file>
      <input_file id="fl-9">
         <path>./MPU/core/mllite/</path>
         <kind>object</kind>
         <file>hal_outputs.obj</file>
         <name>hal_outputs.obj</name>
      </input_file>
      <input_file id="fl-a">
         <path>./MPU/core/mllite/</path>
         <kind>object</kind>
         <file>message_layer.obj</file>
         <name>message_layer.obj</name>
      </input_file>
      <input_file id="fl-b">
         <path>./MPU/core/mllite/</path>
         <kind>object</kind>
         <file>ml_math_func.obj</file>
         <name>ml_math_func.obj</name>
      </input_file>
      <input_file id="fl-c">
         <path>./MPU/core/mllite/</path>
         <kind>object</kind>
         <file>mlmath.obj</file>
         <name>mlmath.obj</name>
      </input_file>
      <input_file id="fl-d">
         <path>./MPU/core/mllite/</path>
         <kind>object</kind>
         <file>mpl.obj</file>
         <name>mpl.obj</name>
      </input_file>
      <input_file id="fl-e">
         <path>./MPU/core/mllite/</path>
         <kind>object</kind>
         <file>results_holder.obj</file>
         <name>results_holder.obj</name>
      </input_file>
      <input_file id="fl-f">
         <path>./MPU/core/mllite/</path>
         <kind>object</kind>
         <file>start_manager.obj</file>
         <name>start_manager.obj</name>
      </input_file>
      <input_file id="fl-10">
         <path>./MPU/core/mllite/</path>
         <kind>object</kind>
         <file>storage_manager.obj</file>
         <name>storage_manager.obj</name>
      </input_file>
      <input_file id="fl-11">
         <path>./MPU_interface/</path>
         <kind>object</kind>
         <file>mpu_interface.obj</file>
         <name>mpu_interface.obj</name>
      </input_file>
      <input_file id="fl-12">
         <path>./i2c_functions/</path>
         <kind>object</kind>
         <file>i2c_TM4C.obj</file>
         <name>i2c_TM4C.obj</name>
      </input_file>
      <input_file id="fl-13">
         <path>./i2c_functions/</path>
         <kind>object</kind>
         <file>i2c_functions.obj</file>
         <name>i2c_functions.obj</name>
      </input_file>
      <input_file id="fl-14">
         <path>./include/</path>
         <kind>object</kind>
         <file>i2c_tm4c.obj</file>
         <name>i2c_tm4c.obj</name>
      </input_file>
      <input_file id="fl-15">
         <path>./include/</path>
         <kind>object</kind>
         <file>imu.obj</file>
         <name>imu.obj</name>
      </input_file>
      <input_file id="fl-16">
         <path>./include/</path>
         <kind>object</kind>
         <file>mpu_9150.obj</file>
         <name>mpu_9150.obj</name>
      </input_file>
      <input_file id="fl-17">
         <path>./include/</path>
         <kind>object</kind>
         <file>uartstdio.obj</file>
         <name>uartstdio.obj</name>
      </input_file>
      <input_file id="fl-1e">
         <kind>object</kind>
         <file>&lt;internal&gt;</file>
         <name>&lt;internal&gt;</name>
      </input_file>
      <input_file id="fl-1f">
         <path>/Applications/ti/TivaWare_C_Series-2.1.4.178/driverlib/ccs/Debug/</path>
         <kind>archive</kind>
         <file>driverlib.lib</file>
         <name>gpio.obj</name>
      </input_file>
      <input_file id="fl-20">
         <path>/Applications/ti/TivaWare_C_Series-2.1.4.178/driverlib/ccs/Debug/</path>
         <kind>archive</kind>
         <file>driverlib.lib</file>
         <name>i2c.obj</name>
      </input_file>
      <input_file id="fl-21">
         <path>/Applications/ti/TivaWare_C_Series-2.1.4.178/driverlib/ccs/Debug/</path>
         <kind>archive</kind>
         <file>driverlib.lib</file>
         <name>interrupt.obj</name>
      </input_file>
      <input_file id="fl-22">
         <path>/Applications/ti/TivaWare_C_Series-2.1.4.178/driverlib/ccs/Debug/</path>
         <kind>archive</kind>
         <file>driverlib.lib</file>
         <name>sysctl.obj</name>
      </input_file>
      <input_file id="fl-23">
         <path>/Applications/ti/TivaWare_C_Series-2.1.4.178/driverlib/ccs/Debug/</path>
         <kind>archive</kind>
         <file>driverlib.lib</file>
         <name>systick.obj</name>
      </input_file>
      <input_file id="fl-24">
         <path>/Applications/ti/TivaWare_C_Series-2.1.4.178/driverlib/ccs/Debug/</path>
         <kind>archive</kind>
         <file>driverlib.lib</file>
         <name>uart.obj</name>
      </input_file>
      <input_file id="fl-25">
         <path>/Applications/ti/TivaWare_C_Series-2.1.4.178/driverlib/ccs/Debug/</path>
         <kind>archive</kind>
         <file>driverlib.lib</file>
         <name>cpu.obj</name>
      </input_file>
      <input_file id="fl-db">
         <path>/Applications/ti/ccsv8/tools/compiler/ti-cgt-arm_18.1.1.LTS/lib/</path>
         <kind>archive</kind>
         <file>rtsv7M4_T_le_v4SPD16_eabi.lib</file>
         <name>e_acos.c.obj</name>
      </input_file>
      <input_file id="fl-dc">
         <path>/Applications/ti/ccsv8/tools/compiler/ti-cgt-arm_18.1.1.LTS/lib/</path>
         <kind>archive</kind>
         <file>rtsv7M4_T_le_v4SPD16_eabi.lib</file>
         <name>e_asin.c.obj</name>
      </input_file>
      <input_file id="fl-dd">
         <path>/Applications/ti/ccsv8/tools/compiler/ti-cgt-arm_18.1.1.LTS/lib/</path>
         <kind>archive</kind>
         <file>rtsv7M4_T_le_v4SPD16_eabi.lib</file>
         <name>e_atan2.c.obj</name>
      </input_file>
      <input_file id="fl-de">
         <path>/Applications/ti/ccsv8/tools/compiler/ti-cgt-arm_18.1.1.LTS/lib/</path>
         <kind>archive</kind>
         <file>rtsv7M4_T_le_v4SPD16_eabi.lib</file>
         <name>e_log.c.obj</name>
      </input_file>
      <input_file id="fl-df">
         <path>/Applications/ti/ccsv8/tools/compiler/ti-cgt-arm_18.1.1.LTS/lib/</path>
         <kind>archive</kind>
         <file>rtsv7M4_T_le_v4SPD16_eabi.lib</file>
         <name>e_pow.c.obj</name>
      </input_file>
      <input_file id="fl-e0">
         <path>/Applications/ti/ccsv8/tools/compiler/ti-cgt-arm_18.1.1.LTS/lib/</path>
         <kind>archive</kind>
         <file>rtsv7M4_T_le_v4SPD16_eabi.lib</file>
         <name>e_sqrt.c.obj</name>
      </input_file>
      <input_file id="fl-e1">
         <path>/Applications/ti/ccsv8/tools/compiler/ti-cgt-arm_18.1.1.LTS/lib/</path>
         <kind>archive</kind>
         <file>rtsv7M4_T_le_v4SPD16_eabi.lib</file>
         <name>s_atan.c.obj</name>
      </input_file>
      <input_file id="fl-e2">
         <path>/Applications/ti/ccsv8/tools/compiler/ti-cgt-arm_18.1.1.LTS/lib/</path>
         <kind>archive</kind>
         <file>rtsv7M4_T_le_v4SPD16_eabi.lib</file>
         <name>s_ceil.c.obj</name>
      </input_file>
      <input_file id="fl-e3">
         <path>/Applications/ti/ccsv8/tools/compiler/ti-cgt-arm_18.1.1.LTS/lib/</path>
         <kind>archive</kind>
         <file>rtsv7M4_T_le_v4SPD16_eabi.lib</file>
         <name>s_cos.c.obj</name>
      </input_file>
      <input_file id="fl-e4">
         <path>/Applications/ti/ccsv8/tools/compiler/ti-cgt-arm_18.1.1.LTS/lib/</path>
         <kind>archive</kind>
         <file>rtsv7M4_T_le_v4SPD16_eabi.lib</file>
         <name>s_floor.c.obj</name>
      </input_file>
      <input_file id="fl-e5">
         <path>/Applications/ti/ccsv8/tools/compiler/ti-cgt-arm_18.1.1.LTS/lib/</path>
         <kind>archive</kind>
         <file>rtsv7M4_T_le_v4SPD16_eabi.lib</file>
         <name>s_scalbn.c.obj</name>
      </input_file>
      <input_file id="fl-e6">
         <path>/Applications/ti/ccsv8/tools/compiler/ti-cgt-arm_18.1.1.LTS/lib/</path>
         <kind>archive</kind>
         <file>rtsv7M4_T_le_v4SPD16_eabi.lib</file>
         <name>s_sin.c.obj</name>
      </input_file>
      <input_file id="fl-e7">
         <path>/Applications/ti/ccsv8/tools/compiler/ti-cgt-arm_18.1.1.LTS/lib/</path>
         <kind>archive</kind>
         <file>rtsv7M4_T_le_v4SPD16_eabi.lib</file>
         <name>s_copysign.c.obj</name>
      </input_file>
      <input_file id="fl-e8">
         <path>/Applications/ti/ccsv8/tools/compiler/ti-cgt-arm_18.1.1.LTS/lib/</path>
         <kind>archive</kind>
         <file>rtsv7M4_T_le_v4SPD16_eabi.lib</file>
         <name>e_asinf.c.obj</name>
      </input_file>
      <input_file id="fl-e9">
         <path>/Applications/ti/ccsv8/tools/compiler/ti-cgt-arm_18.1.1.LTS/lib/</path>
         <kind>archive</kind>
         <file>rtsv7M4_T_le_v4SPD16_eabi.lib</file>
         <name>e_atan2f.c.obj</name>
      </input_file>
      <input_file id="fl-ea">
         <path>/Applications/ti/ccsv8/tools/compiler/ti-cgt-arm_18.1.1.LTS/lib/</path>
         <kind>archive</kind>
         <file>rtsv7M4_T_le_v4SPD16_eabi.lib</file>
         <name>s_atanf.c.obj</name>
      </input_file>
      <input_file id="fl-eb">
         <path>/Applications/ti/ccsv8/tools/compiler/ti-cgt-arm_18.1.1.LTS/lib/</path>
         <kind>archive</kind>
         <file>rtsv7M4_T_le_v4SPD16_eabi.lib</file>
         <name>u_divt2.asm.obj</name>
      </input_file>
      <input_file id="fl-ec">
         <path>/Applications/ti/ccsv8/tools/compiler/ti-cgt-arm_18.1.1.LTS/lib/</path>
         <kind>archive</kind>
         <file>rtsv7M4_T_le_v4SPD16_eabi.lib</file>
         <name>fd_add_t2.asm.obj</name>
      </input_file>
      <input_file id="fl-ed">
         <path>/Applications/ti/ccsv8/tools/compiler/ti-cgt-arm_18.1.1.LTS/lib/</path>
         <kind>archive</kind>
         <file>rtsv7M4_T_le_v4SPD16_eabi.lib</file>
         <name>fd_cmp_t2.asm.obj</name>
      </input_file>
      <input_file id="fl-ee">
         <path>/Applications/ti/ccsv8/tools/compiler/ti-cgt-arm_18.1.1.LTS/lib/</path>
         <kind>archive</kind>
         <file>rtsv7M4_T_le_v4SPD16_eabi.lib</file>
         <name>fd_div_t2.asm.obj</name>
      </input_file>
      <input_file id="fl-ef">
         <path>/Applications/ti/ccsv8/tools/compiler/ti-cgt-arm_18.1.1.LTS/lib/</path>
         <kind>archive</kind>
         <file>rtsv7M4_T_le_v4SPD16_eabi.lib</file>
         <name>fd_mul_t2.asm.obj</name>
      </input_file>
      <input_file id="fl-f0">
         <path>/Applications/ti/ccsv8/tools/compiler/ti-cgt-arm_18.1.1.LTS/lib/</path>
         <kind>archive</kind>
         <file>rtsv7M4_T_le_v4SPD16_eabi.lib</file>
         <name>fd_toi_t2.asm.obj</name>
      </input_file>
      <input_file id="fl-f1">
         <path>/Applications/ti/ccsv8/tools/compiler/ti-cgt-arm_18.1.1.LTS/lib/</path>
         <kind>archive</kind>
         <file>rtsv7M4_T_le_v4SPD16_eabi.lib</file>
         <name>fd_tos_t2.asm.obj</name>
      </input_file>
      <input_file id="fl-f2">
         <path>/Applications/ti/ccsv8/tools/compiler/ti-cgt-arm_18.1.1.LTS/lib/</path>
         <kind>archive</kind>
         <file>rtsv7M4_T_le_v4SPD16_eabi.lib</file>
         <name>fs_tod_t2.asm.obj</name>
      </input_file>
      <input_file id="fl-f3">
         <path>/Applications/ti/ccsv8/tools/compiler/ti-cgt-arm_18.1.1.LTS/lib/</path>
         <kind>archive</kind>
         <file>rtsv7M4_T_le_v4SPD16_eabi.lib</file>
         <name>i_tofd_t2.asm.obj</name>
      </input_file>
      <input_file id="fl-f4">
         <path>/Applications/ti/ccsv8/tools/compiler/ti-cgt-arm_18.1.1.LTS/lib/</path>
         <kind>archive</kind>
         <file>rtsv7M4_T_le_v4SPD16_eabi.lib</file>
         <name>ll_asr_t2.asm.obj</name>
      </input_file>
      <input_file id="fl-f5">
         <path>/Applications/ti/ccsv8/tools/compiler/ti-cgt-arm_18.1.1.LTS/lib/</path>
         <kind>archive</kind>
         <file>rtsv7M4_T_le_v4SPD16_eabi.lib</file>
         <name>ll_mul_t2.asm.obj</name>
      </input_file>
      <input_file id="fl-f6">
         <path>/Applications/ti/ccsv8/tools/compiler/ti-cgt-arm_18.1.1.LTS/lib/</path>
         <kind>archive</kind>
         <file>rtsv7M4_T_le_v4SPD16_eabi.lib</file>
         <name>memcpy_t2.asm.obj</name>
      </input_file>
      <input_file id="fl-f7">
         <path>/Applications/ti/ccsv8/tools/compiler/ti-cgt-arm_18.1.1.LTS/lib/</path>
         <kind>archive</kind>
         <file>rtsv7M4_T_le_v4SPD16_eabi.lib</file>
         <name>u_tofd_t2.asm.obj</name>
      </input_file>
      <input_file id="fl-f8">
         <path>/Applications/ti/ccsv8/tools/compiler/ti-cgt-arm_18.1.1.LTS/lib/</path>
         <kind>archive</kind>
         <file>rtsv7M4_T_le_v4SPD16_eabi.lib</file>
         <name>ll_div_t2.asm.obj</name>
      </input_file>
      <input_file id="fl-f9">
         <path>/Applications/ti/ccsv8/tools/compiler/ti-cgt-arm_18.1.1.LTS/lib/</path>
         <kind>archive</kind>
         <file>rtsv7M4_T_le_v4SPD16_eabi.lib</file>
         <name>ull_div_t2.asm.obj</name>
      </input_file>
      <input_file id="fl-fa">
         <path>/Applications/ti/ccsv8/tools/compiler/ti-cgt-arm_18.1.1.LTS/lib/</path>
         <kind>archive</kind>
         <file>rtsv7M4_T_le_v4SPD16_eabi.lib</file>
         <name>memset_t2.asm.obj</name>
      </input_file>
      <input_file id="fl-fb">
         <path>/Applications/ti/ccsv8/tools/compiler/ti-cgt-arm_18.1.1.LTS/lib/</path>
         <kind>archive</kind>
         <file>rtsv7M4_T_le_v4SPD16_eabi.lib</file>
         <name>copy_zero_init.c.obj</name>
      </input_file>
      <input_file id="fl-fc">
         <path>/Applications/ti/ccsv8/tools/compiler/ti-cgt-arm_18.1.1.LTS/lib/</path>
         <kind>archive</kind>
         <file>rtsv7M4_T_le_v4SPD16_eabi.lib</file>
         <name>copy_decompress_none.c.obj</name>
      </input_file>
      <input_file id="fl-fd">
         <path>/Applications/ti/ccsv8/tools/compiler/ti-cgt-arm_18.1.1.LTS/lib/</path>
         <kind>archive</kind>
         <file>rtsv7M4_T_le_v4SPD16_eabi.lib</file>
         <name>copy_decompress_lzss.c.obj</name>
      </input_file>
      <input_file id="fl-fe">
         <path>/Applications/ti/ccsv8/tools/compiler/ti-cgt-arm_18.1.1.LTS/lib/</path>
         <kind>archive</kind>
         <file>rtsv7M4_T_le_v4SPD16_eabi.lib</file>
         <name>boot_cortex_m.c.obj</name>
      </input_file>
      <input_file id="fl-ff">
         <path>/Applications/ti/ccsv8/tools/compiler/ti-cgt-arm_18.1.1.LTS/lib/</path>
         <kind>archive</kind>
         <file>rtsv7M4_T_le_v4SPD16_eabi.lib</file>
         <name>errno.c.obj</name>
      </input_file>
      <input_file id="fl-100">
         <path>/Applications/ti/ccsv8/tools/compiler/ti-cgt-arm_18.1.1.LTS/lib/</path>
         <kind>archive</kind>
         <file>rtsv7M4_T_le_v4SPD16_eabi.lib</file>
         <name>exit.c.obj</name>
      </input_file>
      <input_file id="fl-101">
         <path>/Applications/ti/ccsv8/tools/compiler/ti-cgt-arm_18.1.1.LTS/lib/</path>
         <kind>archive</kind>
         <file>rtsv7M4_T_le_v4SPD16_eabi.lib</file>
         <name>_lock.c.obj</name>
      </input_file>
      <input_file id="fl-102">
         <path>/Applications/ti/ccsv8/tools/compiler/ti-cgt-arm_18.1.1.LTS/lib/</path>
         <kind>archive</kind>
         <file>rtsv7M4_T_le_v4SPD16_eabi.lib</file>
         <name>args_main.c.obj</name>
      </input_file>
      <input_file id="fl-103">
         <path>/Applications/ti/ccsv8/tools/compiler/ti-cgt-arm_18.1.1.LTS/lib/</path>
         <kind>archive</kind>
         <file>rtsv7M4_T_le_v4SPD16_eabi.lib</file>
         <name>memcmp.c.obj</name>
      </input_file>
      <input_file id="fl-104">
         <path>/Applications/ti/ccsv8/tools/compiler/ti-cgt-arm_18.1.1.LTS/lib/</path>
         <kind>archive</kind>
         <file>rtsv7M4_T_le_v4SPD16_eabi.lib</file>
         <name>memmov.c.obj</name>
      </input_file>
      <input_file id="fl-105">
         <path>/Applications/ti/ccsv8/tools/compiler/ti-cgt-arm_18.1.1.LTS/lib/</path>
         <kind>archive</kind>
         <file>rtsv7M4_T_le_v4SPD16_eabi.lib</file>
         <name>sprintf.c.obj</name>
      </input_file>
      <input_file id="fl-106">
         <path>/Applications/ti/ccsv8/tools/compiler/ti-cgt-arm_18.1.1.LTS/lib/</path>
         <kind>archive</kind>
         <file>rtsv7M4_T_le_v4SPD16_eabi.lib</file>
         <name>vsprintf.c.obj</name>
      </input_file>
      <input_file id="fl-107">
         <path>/Applications/ti/ccsv8/tools/compiler/ti-cgt-arm_18.1.1.LTS/lib/</path>
         <kind>archive</kind>
         <file>rtsv7M4_T_le_v4SPD16_eabi.lib</file>
         <name>k_rem_pio2.c.obj</name>
      </input_file>
      <input_file id="fl-108">
         <path>/Applications/ti/ccsv8/tools/compiler/ti-cgt-arm_18.1.1.LTS/lib/</path>
         <kind>archive</kind>
         <file>rtsv7M4_T_le_v4SPD16_eabi.lib</file>
         <name>k_cos.c.obj</name>
      </input_file>
      <input_file id="fl-109">
         <path>/Applications/ti/ccsv8/tools/compiler/ti-cgt-arm_18.1.1.LTS/lib/</path>
         <kind>archive</kind>
         <file>rtsv7M4_T_le_v4SPD16_eabi.lib</file>
         <name>k_sin.c.obj</name>
      </input_file>
      <input_file id="fl-10a">
         <path>/Applications/ti/ccsv8/tools/compiler/ti-cgt-arm_18.1.1.LTS/lib/</path>
         <kind>archive</kind>
         <file>rtsv7M4_T_le_v4SPD16_eabi.lib</file>
         <name>div0.asm.obj</name>
      </input_file>
      <input_file id="fl-10b">
         <path>/Applications/ti/ccsv8/tools/compiler/ti-cgt-arm_18.1.1.LTS/lib/</path>
         <kind>archive</kind>
         <file>rtsv7M4_T_le_v4SPD16_eabi.lib</file>
         <name>autoinit.c.obj</name>
      </input_file>
      <input_file id="fl-10c">
         <path>/Applications/ti/ccsv8/tools/compiler/ti-cgt-arm_18.1.1.LTS/lib/</path>
         <kind>archive</kind>
         <file>rtsv7M4_T_le_v4SPD16_eabi.lib</file>
         <name>pre_init.c.obj</name>
      </input_file>
      <input_file id="fl-10d">
         <path>/Applications/ti/ccsv8/tools/compiler/ti-cgt-arm_18.1.1.LTS/lib/</path>
         <kind>archive</kind>
         <file>rtsv7M4_T_le_v4SPD16_eabi.lib</file>
         <name>cpy_tbl.c.obj</name>
      </input_file>
      <input_file id="fl-10e">
         <path>/Applications/ti/ccsv8/tools/compiler/ti-cgt-arm_18.1.1.LTS/lib/</path>
         <kind>archive</kind>
         <file>rtsv7M4_T_le_v4SPD16_eabi.lib</file>
         <name>_printfi.c.obj</name>
      </input_file>
      <input_file id="fl-10f">
         <path>/Applications/ti/ccsv8/tools/compiler/ti-cgt-arm_18.1.1.LTS/lib/</path>
         <kind>archive</kind>
         <file>rtsv7M4_T_le_v4SPD16_eabi.lib</file>
         <name>atoi.c.obj</name>
      </input_file>
      <input_file id="fl-110">
         <path>/Applications/ti/ccsv8/tools/compiler/ti-cgt-arm_18.1.1.LTS/lib/</path>
         <kind>archive</kind>
         <file>rtsv7M4_T_le_v4SPD16_eabi.lib</file>
         <name>ctype.c.obj</name>
      </input_file>
      <input_file id="fl-111">
         <path>/Applications/ti/ccsv8/tools/compiler/ti-cgt-arm_18.1.1.LTS/lib/</path>
         <kind>archive</kind>
         <file>rtsv7M4_T_le_v4SPD16_eabi.lib</file>
         <name>ltoa.c.obj</name>
      </input_file>
      <input_file id="fl-112">
         <path>/Applications/ti/ccsv8/tools/compiler/ti-cgt-arm_18.1.1.LTS/lib/</path>
         <kind>archive</kind>
         <file>rtsv7M4_T_le_v4SPD16_eabi.lib</file>
         <name>memccpy.c.obj</name>
      </input_file>
      <input_file id="fl-113">
         <path>/Applications/ti/ccsv8/tools/compiler/ti-cgt-arm_18.1.1.LTS/lib/</path>
         <kind>archive</kind>
         <file>rtsv7M4_T_le_v4SPD16_eabi.lib</file>
         <name>strchr.c.obj</name>
      </input_file>
      <input_file id="fl-114">
         <path>/Applications/ti/ccsv8/tools/compiler/ti-cgt-arm_18.1.1.LTS/lib/</path>
         <kind>archive</kind>
         <file>rtsv7M4_T_le_v4SPD16_eabi.lib</file>
         <name>strlen.c.obj</name>
      </input_file>
      <input_file id="fl-115">
         <path>/Applications/ti/ccsv8/tools/compiler/ti-cgt-arm_18.1.1.LTS/lib/</path>
         <kind>archive</kind>
         <file>rtsv7M4_T_le_v4SPD16_eabi.lib</file>
         <name>s_frexp.c.obj</name>
      </input_file>
      <input_file id="fl-116">
         <path>/Applications/ti/ccsv8/tools/compiler/ti-cgt-arm_18.1.1.LTS/lib/</path>
         <kind>archive</kind>
         <file>rtsv7M4_T_le_v4SPD16_eabi.lib</file>
         <name>wcslen.c.obj</name>
      </input_file>
      <input_file id="fl-117">
         <path>/Users/crohan009/Documents/Stuff/USR18/code base/LM4F_TM4C_uart/MPU/core/mpl/</path>
         <kind>archive</kind>
         <file>liblibmplmpu-m4-hardfp.a</file>
         <name>accel_auto_cal.o</name>
      </input_file>
      <input_file id="fl-118">
         <path>/Users/crohan009/Documents/Stuff/USR18/code base/LM4F_TM4C_uart/MPU/core/mpl/</path>
         <kind>archive</kind>
         <file>liblibmplmpu-m4-hardfp.a</file>
         <name>compass_vec_cal.o</name>
      </input_file>
      <input_file id="fl-119">
         <path>/Users/crohan009/Documents/Stuff/USR18/code base/LM4F_TM4C_uart/MPU/core/mpl/</path>
         <kind>archive</kind>
         <file>liblibmplmpu-m4-hardfp.a</file>
         <name>fast_no_motion.o</name>
      </input_file>
      <input_file id="fl-11a">
         <path>/Users/crohan009/Documents/Stuff/USR18/code base/LM4F_TM4C_uart/MPU/core/mpl/</path>
         <kind>archive</kind>
         <file>liblibmplmpu-m4-hardfp.a</file>
         <name>fusion_9axis.o</name>
      </input_file>
      <input_file id="fl-11b">
         <path>/Users/crohan009/Documents/Stuff/USR18/code base/LM4F_TM4C_uart/MPU/core/mpl/</path>
         <kind>archive</kind>
         <file>liblibmplmpu-m4-hardfp.a</file>
         <name>gyro_tc.o</name>
      </input_file>
      <input_file id="fl-11c">
         <path>/Users/crohan009/Documents/Stuff/USR18/code base/LM4F_TM4C_uart/MPU/core/mpl/</path>
         <kind>archive</kind>
         <file>liblibmplmpu-m4-hardfp.a</file>
         <name>heading_from_gyro.o</name>
      </input_file>
      <input_file id="fl-11d">
         <path>/Users/crohan009/Documents/Stuff/USR18/code base/LM4F_TM4C_uart/MPU/core/mpl/</path>
         <kind>archive</kind>
         <file>liblibmplmpu-m4-hardfp.a</file>
         <name>mag_disturb.o</name>
      </input_file>
      <input_file id="fl-11e">
         <path>/Users/crohan009/Documents/Stuff/USR18/code base/LM4F_TM4C_uart/MPU/core/mpl/</path>
         <kind>archive</kind>
         <file>liblibmplmpu-m4-hardfp.a</file>
         <name>quaternion_supervisor.o</name>
      </input_file>
      <input_file id="fl-11f">
         <path>/Applications/ti/ccsv8/tools/compiler/ti-cgt-arm_18.1.1.LTS/lib/</path>
         <kind>archive</kind>
         <file>rtsv7M4_T_le_v4SPD16_eabi.lib</file>
         <name>e_acosf.c.obj</name>
      </input_file>
      <input_file id="fl-120">
         <path>/Applications/ti/ccsv8/tools/compiler/ti-cgt-arm_18.1.1.LTS/lib/</path>
         <kind>archive</kind>
         <file>rtsv7M4_T_le_v4SPD16_eabi.lib</file>
         <name>e_sqrtf.c.obj</name>
      </input_file>
      <input_file id="fl-121">
         <path>/Applications/ti/ccsv8/tools/compiler/ti-cgt-arm_18.1.1.LTS/lib/</path>
         <kind>archive</kind>
         <file>rtsv7M4_T_le_v4SPD16_eabi.lib</file>
         <name>s_cosf.c.obj</name>
      </input_file>
      <input_file id="fl-122">
         <path>/Applications/ti/ccsv8/tools/compiler/ti-cgt-arm_18.1.1.LTS/lib/</path>
         <kind>archive</kind>
         <file>rtsv7M4_T_le_v4SPD16_eabi.lib</file>
         <name>s_sinf.c.obj</name>
      </input_file>
      <input_file id="fl-123">
         <path>/Applications/ti/ccsv8/tools/compiler/ti-cgt-arm_18.1.1.LTS/lib/</path>
         <kind>archive</kind>
         <file>rtsv7M4_T_le_v4SPD16_eabi.lib</file>
         <name>fs_toll_t2.asm.obj</name>
      </input_file>
      <input_file id="fl-124">
         <path>/Applications/ti/ccsv8/tools/compiler/ti-cgt-arm_18.1.1.LTS/lib/</path>
         <kind>archive</kind>
         <file>rtsv7M4_T_le_v4SPD16_eabi.lib</file>
         <name>ll_tofd_t2.asm.obj</name>
      </input_file>
      <input_file id="fl-125">
         <path>/Applications/ti/ccsv8/tools/compiler/ti-cgt-arm_18.1.1.LTS/lib/</path>
         <kind>archive</kind>
         <file>rtsv7M4_T_le_v4SPD16_eabi.lib</file>
         <name>ll_tofs_t2.asm.obj</name>
      </input_file>
      <input_file id="fl-126">
         <path>/Applications/ti/ccsv8/tools/compiler/ti-cgt-arm_18.1.1.LTS/lib/</path>
         <kind>archive</kind>
         <file>rtsv7M4_T_le_v4SPD16_eabi.lib</file>
         <name>fd_eabi_t2.asm.obj</name>
      </input_file>
   </input_file_list>
   <object_component_list>
      <object_component id="oc-f">
         <name>.intvecs</name>
         <load_address>0x0</load_address>
         <run_address>0x0</run_address>
         <size>0x26c</size>
         <input_file_ref idref="fl-2"/>
      </object_component>
      <object_component id="oc-25e">
         <name>.text</name>
         <load_address>0x270</load_address>
         <run_address>0x270</run_address>
         <size>0x2430</size>
         <input_file_ref idref="fl-118"/>
      </object_component>
      <object_component id="oc-259">
         <name>.text</name>
         <load_address>0x26a0</load_address>
         <run_address>0x26a0</run_address>
         <size>0xd98</size>
         <input_file_ref idref="fl-117"/>
      </object_component>
      <object_component id="oc-24f">
         <name>.text</name>
         <load_address>0x3438</load_address>
         <run_address>0x3438</run_address>
         <size>0xd90</size>
         <input_file_ref idref="fl-119"/>
      </object_component>
      <object_component id="oc-245">
         <name>.text</name>
         <load_address>0x41c8</load_address>
         <run_address>0x41c8</run_address>
         <size>0xa78</size>
         <input_file_ref idref="fl-11e"/>
      </object_component>
      <object_component id="oc-992">
         <name>.text:__TI_printfi</name>
         <load_address>0x4c40</load_address>
         <run_address>0x4c40</run_address>
         <size>0xa5e</size>
         <input_file_ref idref="fl-10e"/>
      </object_component>
      <object_component id="oc-30">
         <name>.text:FaultISR</name>
         <load_address>0x569e</load_address>
         <run_address>0x569e</run_address>
         <size>0x2</size>
         <input_file_ref idref="fl-2"/>
      </object_component>
      <object_component id="oc-24a">
         <name>.text</name>
         <load_address>0x56a0</load_address>
         <run_address>0x56a0</run_address>
         <size>0x760</size>
         <input_file_ref idref="fl-11a"/>
      </object_component>
      <object_component id="oc-89b">
         <name>.text:__kernel_rem_pio2</name>
         <load_address>0x5e00</load_address>
         <run_address>0x5e00</run_address>
         <size>0x738</size>
         <input_file_ref idref="fl-107"/>
      </object_component>
      <object_component id="oc-263">
         <name>.text</name>
         <load_address>0x6538</load_address>
         <run_address>0x6538</run_address>
         <size>0x680</size>
         <input_file_ref idref="fl-11d"/>
      </object_component>
      <object_component id="oc-268">
         <name>.text</name>
         <load_address>0x6bb8</load_address>
         <run_address>0x6bb8</run_address>
         <size>0x640</size>
         <input_file_ref idref="fl-11c"/>
      </object_component>
      <object_component id="oc-581">
         <name>.text:cos</name>
         <load_address>0x71f8</load_address>
         <run_address>0x71f8</run_address>
         <size>0x5dc</size>
         <input_file_ref idref="fl-e3"/>
      </object_component>
      <object_component id="oc-254">
         <name>.text</name>
         <load_address>0x77d4</load_address>
         <run_address>0x77d4</run_address>
         <size>0x5a0</size>
         <input_file_ref idref="fl-11b"/>
      </object_component>
      <object_component id="oc-63e">
         <name>.text:acos</name>
         <load_address>0x7d74</load_address>
         <run_address>0x7d74</run_address>
         <size>0x41c</size>
         <input_file_ref idref="fl-db"/>
      </object_component>
      <object_component id="oc-5c4">
         <name>.text:log</name>
         <load_address>0x8190</load_address>
         <run_address>0x8190</run_address>
         <size>0x3c4</size>
         <input_file_ref idref="fl-de"/>
      </object_component>
      <object_component id="oc-8d4">
         <name>.text:atan</name>
         <load_address>0x8554</load_address>
         <run_address>0x8554</run_address>
         <size>0x2ec</size>
         <input_file_ref idref="fl-e1"/>
      </object_component>
      <object_component id="oc-c5">
         <name>.text:main</name>
         <load_address>0x8840</load_address>
         <run_address>0x8840</run_address>
         <size>0x298</size>
         <input_file_ref idref="fl-3"/>
      </object_component>
      <object_component id="oc-a53">
         <name>.text:_pconv_a</name>
         <load_address>0x8ad8</load_address>
         <run_address>0x8ad8</run_address>
         <size>0x270</size>
         <input_file_ref idref="fl-10e"/>
      </object_component>
      <object_component id="oc-151">
         <name>.text:mpu_update</name>
         <load_address>0x8d48</load_address>
         <run_address>0x8d48</run_address>
         <size>0x1f4</size>
         <input_file_ref idref="fl-11"/>
      </object_component>
      <object_component id="oc-638">
         <name>.text:atan2</name>
         <load_address>0x8f3c</load_address>
         <run_address>0x8f3c</run_address>
         <size>0x1ec</size>
         <input_file_ref idref="fl-dd"/>
      </object_component>
      <object_component id="oc-221">
         <name>.text:UARTvprintf</name>
         <load_address>0x9128</load_address>
         <run_address>0x9128</run_address>
         <size>0x1ea</size>
         <input_file_ref idref="fl-17"/>
      </object_component>
      <object_component id="oc-36">
         <name>.text:IntDefaultHandler</name>
         <load_address>0x9312</load_address>
         <run_address>0x9312</run_address>
         <size>0x2</size>
         <input_file_ref idref="fl-2"/>
      </object_component>
      <object_component id="oc-44c">
         <name>.text:setup_compass</name>
         <load_address>0x9314</load_address>
         <run_address>0x9314</run_address>
         <size>0x1dc</size>
         <input_file_ref idref="fl-4"/>
      </object_component>
      <object_component id="oc-a41">
         <name>.text:_pconv_g</name>
         <load_address>0x94f0</load_address>
         <run_address>0x94f0</run_address>
         <size>0x1d0</size>
         <input_file_ref idref="fl-10e"/>
      </object_component>
      <object_component id="oc-3a6">
         <name>.text:inv_get_sensor_type_euler</name>
         <load_address>0x96c0</load_address>
         <run_address>0x96c0</run_address>
         <size>0x1bc</size>
         <input_file_ref idref="fl-7"/>
      </object_component>
      <object_component id="oc-2df">
         <name>.text:dmp_enable_feature</name>
         <load_address>0x987c</load_address>
         <run_address>0x987c</run_address>
         <size>0x1b8</size>
         <input_file_ref idref="fl-5"/>
      </object_component>
      <object_component id="oc-3b8">
         <name>.text</name>
         <load_address>0x9a34</load_address>
         <run_address>0x9a34</run_address>
         <size>0x1b6</size>
         <input_file_ref idref="fl-ec"/>
      </object_component>
      <object_component id="oc-2a">
         <name>.text:NmiSR</name>
         <load_address>0x9bea</load_address>
         <run_address>0x9bea</run_address>
         <size>0x2</size>
         <input_file_ref idref="fl-2"/>
      </object_component>
      <object_component id="oc-12d">
         <name>.text:mpu_open</name>
         <load_address>0x9bec</load_address>
         <run_address>0x9bec</run_address>
         <size>0x1a0</size>
         <input_file_ref idref="fl-11"/>
      </object_component>
      <object_component id="oc-612">
         <name>.text:acosf</name>
         <load_address>0x9d8c</load_address>
         <run_address>0x9d8c</run_address>
         <size>0x194</size>
         <input_file_ref idref="fl-11f"/>
      </object_component>
      <object_component id="oc-37b">
         <name>.text:dmp_read_fifo</name>
         <load_address>0x9f20</load_address>
         <run_address>0x9f20</run_address>
         <size>0x190</size>
         <input_file_ref idref="fl-5"/>
      </object_component>
      <object_component id="oc-35d">
         <name>.text:mpu_read_fifo</name>
         <load_address>0xa0b0</load_address>
         <run_address>0xa0b0</run_address>
         <size>0x190</size>
         <input_file_ref idref="fl-4"/>
      </object_component>
      <object_component id="oc-8a1">
         <name>.text:__kernel_sin</name>
         <load_address>0xa240</load_address>
         <run_address>0xa240</run_address>
         <size>0x174</size>
         <input_file_ref idref="fl-109"/>
      </object_component>
      <object_component id="oc-895">
         <name>.text:__kernel_cos</name>
         <load_address>0xa3b4</load_address>
         <run_address>0xa3b4</run_address>
         <size>0x16c</size>
         <input_file_ref idref="fl-108"/>
      </object_component>
      <object_component id="oc-671">
         <name>.text:mpu_reset_fifo</name>
         <load_address>0xa520</load_address>
         <run_address>0xa520</run_address>
         <size>0x164</size>
         <input_file_ref idref="fl-4"/>
      </object_component>
      <object_component id="oc-79e">
         <name>.text:atan2f</name>
         <load_address>0xa684</load_address>
         <run_address>0xa684</run_address>
         <size>0x158</size>
         <input_file_ref idref="fl-e9"/>
      </object_component>
      <object_component id="oc-589">
         <name>.text:sqrt</name>
         <load_address>0xa7dc</load_address>
         <run_address>0xa7dc</run_address>
         <size>0x158</size>
         <input_file_ref idref="fl-e0"/>
      </object_component>
      <object_component id="oc-95b">
         <name>.text:atanf</name>
         <load_address>0xa934</load_address>
         <run_address>0xa934</run_address>
         <size>0x150</size>
         <input_file_ref idref="fl-ea"/>
      </object_component>
      <object_component id="oc-2d9">
         <name>.text:dmp_set_orientation</name>
         <load_address>0xaa84</load_address>
         <run_address>0xaa84</run_address>
         <size>0x140</size>
         <input_file_ref idref="fl-5"/>
      </object_component>
      <object_component id="oc-a4d">
         <name>.text:_pconv_e</name>
         <load_address>0xabc4</load_address>
         <run_address>0xabc4</run_address>
         <size>0x13c</size>
         <input_file_ref idref="fl-10e"/>
      </object_component>
      <object_component id="oc-488">
         <name>.text</name>
         <load_address>0xad00</load_address>
         <run_address>0xad00</run_address>
         <size>0x136</size>
         <input_file_ref idref="fl-ee"/>
      </object_component>
      <object_component id="oc-7e4">
         <name>.text</name>
         <load_address>0xae36</load_address>
         <run_address>0xae36</run_address>
         <size>0x2</size>
         <input_file_ref idref="fl-10a"/>
      </object_component>
      <object_component id="oc-279">
         <name>.text:mpu_set_sensors</name>
         <load_address>0xae38</load_address>
         <run_address>0xae38</run_address>
         <size>0x134</size>
         <input_file_ref idref="fl-4"/>
      </object_component>
      <object_component id="oc-3f7">
         <name>.text:GPIOPadConfigSet</name>
         <load_address>0xaf6c</load_address>
         <run_address>0xaf6c</run_address>
         <size>0x132</size>
         <input_file_ref idref="fl-1f"/>
      </object_component>
      <object_component id="oc-6c3">
         <name>.text:dmp_set_tap_thresh</name>
         <load_address>0xb0a0</load_address>
         <run_address>0xb0a0</run_address>
         <size>0x120</size>
         <input_file_ref idref="fl-5"/>
      </object_component>
      <object_component id="oc-adc">
         <name>.text:fcvt</name>
         <load_address>0xb1c0</load_address>
         <run_address>0xb1c0</run_address>
         <size>0x120</size>
         <input_file_ref idref="fl-10e"/>
      </object_component>
      <object_component id="oc-39f">
         <name>.text:mpu_get_outputs</name>
         <load_address>0xb2e0</load_address>
         <run_address>0xb2e0</run_address>
         <size>0x114</size>
         <input_file_ref idref="fl-11"/>
      </object_component>
      <object_component id="oc-214">
         <name>.text:SysCtlClockGet</name>
         <load_address>0xb3f4</load_address>
         <run_address>0xb3f4</run_address>
         <size>0x110</size>
         <input_file_ref idref="fl-22"/>
      </object_component>
      <object_component id="oc-9df">
         <name>.text:scalbn</name>
         <load_address>0xb504</load_address>
         <run_address>0xb504</run_address>
         <size>0x110</size>
         <input_file_ref idref="fl-e5"/>
      </object_component>
      <object_component id="oc-4ef">
         <name>.text:inv_register_data_cb</name>
         <load_address>0xb614</load_address>
         <run_address>0xb614</run_address>
         <size>0xfc</size>
         <input_file_ref idref="fl-8"/>
      </object_component>
      <object_component id="oc-3bd">
         <name>.text</name>
         <load_address>0xb710</load_address>
         <run_address>0xb710</run_address>
         <size>0xfc</size>
         <input_file_ref idref="fl-ef"/>
      </object_component>
      <object_component id="oc-9e5">
         <name>.text:floor</name>
         <load_address>0xb80c</load_address>
         <run_address>0xb80c</run_address>
         <size>0xf8</size>
         <input_file_ref idref="fl-e4"/>
      </object_component>
      <object_component id="oc-fd">
         <name>.text:SysCtlClockSet</name>
         <load_address>0xb904</load_address>
         <run_address>0xb904</run_address>
         <size>0xf4</size>
         <input_file_ref idref="fl-22"/>
      </object_component>
      <object_component id="oc-a19">
         <name>.text:inv_get_quaternion_set</name>
         <load_address>0xb9f8</load_address>
         <run_address>0xb9f8</run_address>
         <size>0xf4</size>
         <input_file_ref idref="fl-e"/>
      </object_component>
      <object_component id="oc-704">
         <name>.text:mpu_set_bypass</name>
         <load_address>0xbaec</load_address>
         <run_address>0xbaec</run_address>
         <size>0xec</size>
         <input_file_ref idref="fl-4"/>
      </object_component>
      <object_component id="oc-52e">
         <name>.text:inv_quaternion_to_rotation</name>
         <load_address>0xbbd8</load_address>
         <run_address>0xbbd8</run_address>
         <size>0xe0</size>
         <input_file_ref idref="fl-b"/>
      </object_component>
      <object_component id="oc-4ad">
         <name>.text:inv_q_multf</name>
         <load_address>0xbcb8</load_address>
         <run_address>0xbcb8</run_address>
         <size>0xd2</size>
         <input_file_ref idref="fl-b"/>
      </object_component>
      <object_component id="oc-522">
         <name>.text:inv_compass_angle</name>
         <load_address>0xbd8c</load_address>
         <run_address>0xbd8c</run_address>
         <size>0xc8</size>
         <input_file_ref idref="fl-b"/>
      </object_component>
      <object_component id="oc-239">
         <name>.text:mpu_init</name>
         <load_address>0xbe54</load_address>
         <run_address>0xbe54</run_address>
         <size>0xc8</size>
         <input_file_ref idref="fl-4"/>
      </object_component>
      <object_component id="oc-493">
         <name>.text:inv_q_mult</name>
         <load_address>0xbf1c</load_address>
         <run_address>0xbf1c</run_address>
         <size>0xc0</size>
         <input_file_ref idref="fl-b"/>
      </object_component>
      <object_component id="oc-53a">
         <name>.text:inv_q_normalizef</name>
         <load_address>0xbfdc</load_address>
         <run_address>0xbfdc</run_address>
         <size>0xc0</size>
         <input_file_ref idref="fl-b"/>
      </object_component>
      <object_component id="oc-75b">
         <name>.text:mpu_read_fifo_stream</name>
         <load_address>0xc09c</load_address>
         <run_address>0xc09c</run_address>
         <size>0xbc</size>
         <input_file_ref idref="fl-4"/>
      </object_component>
      <object_component id="oc-23f">
         <name>.text:inv_init_mpl</name>
         <load_address>0xc158</load_address>
         <run_address>0xc158</run_address>
         <size>0xb8</size>
         <input_file_ref idref="fl-d"/>
      </object_component>
      <object_component id="oc-4d1">
         <name>.text:cosf</name>
         <load_address>0xc210</load_address>
         <run_address>0xc210</run_address>
         <size>0xb4</size>
         <input_file_ref idref="fl-121"/>
      </object_component>
      <object_component id="oc-38d">
         <name>.text:mpu_get_compass_reg</name>
         <load_address>0xc2c4</load_address>
         <run_address>0xc2c4</run_address>
         <size>0xb4</size>
         <input_file_ref idref="fl-4"/>
      </object_component>
      <object_component id="oc-a3b">
         <name>.text:_ltostr</name>
         <load_address>0xc378</load_address>
         <run_address>0xc378</run_address>
         <size>0xb1</size>
         <input_file_ref idref="fl-10e"/>
      </object_component>
      <object_component id="oc-145">
         <name>.text:init_imu</name>
         <load_address>0xc42c</load_address>
         <run_address>0xc42c</run_address>
         <size>0xb0</size>
         <input_file_ref idref="fl-15"/>
      </object_component>
      <object_component id="oc-69c">
         <name>.text:mpu_load_firmware</name>
         <load_address>0xc4dc</load_address>
         <run_address>0xc4dc</run_address>
         <size>0xb0</size>
         <input_file_ref idref="fl-4"/>
      </object_component>
      <object_component id="oc-231">
         <name>.text:i2c_read_bytes</name>
         <load_address>0xc58c</load_address>
         <run_address>0xc58c</run_address>
         <size>0xa8</size>
         <input_file_ref idref="fl-12"/>
      </object_component>
      <object_component id="oc-678">
         <name>.text:mpu_lp_accel_mode</name>
         <load_address>0xc634</load_address>
         <run_address>0xc634</run_address>
         <size>0xa8</size>
         <input_file_ref idref="fl-4"/>
      </object_component>
      <object_component id="oc-4d7">
         <name>.text:sinf</name>
         <load_address>0xc6dc</load_address>
         <run_address>0xc6dc</run_address>
         <size>0xa4</size>
         <input_file_ref idref="fl-122"/>
      </object_component>
      <object_component id="oc-8e0">
         <name>.text:inv_generate_eMPL_outputs</name>
         <load_address>0xc780</load_address>
         <run_address>0xc780</run_address>
         <size>0x9c</size>
         <input_file_ref idref="fl-7"/>
      </object_component>
      <object_component id="oc-56">
         <name>.text</name>
         <load_address>0xc81c</load_address>
         <run_address>0xc81c</run_address>
         <size>0x9c</size>
         <input_file_ref idref="fl-f6"/>
      </object_component>
      <object_component id="oc-393">
         <name>.text:inv_build_compass</name>
         <load_address>0xc8b8</load_address>
         <run_address>0xc8b8</run_address>
         <size>0x98</size>
         <input_file_ref idref="fl-8"/>
      </object_component>
      <object_component id="oc-88d">
         <name>.text</name>
         <load_address>0xc950</load_address>
         <run_address>0xc950</run_address>
         <size>0x96</size>
         <input_file_ref idref="fl-f9"/>
      </object_component>
      <object_component id="oc-463">
         <name>.text:_MLPrintLog</name>
         <load_address>0xc9e6</load_address>
         <run_address>0xc9e6</run_address>
         <size>0x94</size>
         <input_file_ref idref="fl-6"/>
      </object_component>
      <object_component id="oc-369">
         <name>.text:mpu_get_temperature</name>
         <load_address>0xca7c</load_address>
         <run_address>0xca7c</run_address>
         <size>0x90</size>
         <input_file_ref idref="fl-4"/>
      </object_component>
      <object_component id="oc-7f2">
         <name>.text:i2c_write_bytes</name>
         <load_address>0xcb0c</load_address>
         <run_address>0xcb0c</run_address>
         <size>0x8c</size>
         <input_file_ref idref="fl-12"/>
      </object_component>
      <object_component id="oc-399">
         <name>.text:inv_execute_on_data</name>
         <load_address>0xcb98</load_address>
         <run_address>0xcb98</run_address>
         <size>0x8c</size>
         <input_file_ref idref="fl-8"/>
      </object_component>
      <object_component id="oc-285">
         <name>.text:mpu_set_sample_rate</name>
         <load_address>0xcc24</load_address>
         <run_address>0xcc24</run_address>
         <size>0x8c</size>
         <input_file_ref idref="fl-4"/>
      </object_component>
      <object_component id="oc-778">
         <name>.text:inv_set_contiguous</name>
         <load_address>0xccb0</load_address>
         <run_address>0xccb0</run_address>
         <size>0x88</size>
         <input_file_ref idref="fl-8"/>
      </object_component>
      <object_component id="oc-874">
         <name>.text:__aeabi_cdcmple</name>
         <load_address>0xcd38</load_address>
         <run_address>0xcd38</run_address>
         <size>0x86</size>
         <input_file_ref idref="fl-ed"/>
      </object_component>
      <object_component id="oc-9eb">
         <name>.text:__aeabi_cdrcmple</name>
         <load_address>0xcdbe</load_address>
         <run_address>0xcdbe</run_address>
         <size>0x86</size>
         <input_file_ref idref="fl-ed"/>
      </object_component>
      <object_component id="oc-2eb">
         <name>.text:mpu_set_dmp_state</name>
         <load_address>0xce44</load_address>
         <run_address>0xce44</run_address>
         <size>0x7c</size>
         <input_file_ref idref="fl-4"/>
      </object_component>
      <object_component id="oc-b9">
         <name>.text</name>
         <load_address>0xcec0</load_address>
         <run_address>0xcec0</run_address>
         <size>0x7a</size>
         <input_file_ref idref="fl-fa"/>
      </object_component>
      <object_component id="oc-4bf">
         <name>.text:inv_q_norm4</name>
         <load_address>0xcf3c</load_address>
         <run_address>0xcf3c</run_address>
         <size>0x78</size>
         <input_file_ref idref="fl-b"/>
      </object_component>
      <object_component id="oc-375">
         <name>.text:inv_build_accel</name>
         <load_address>0xcfb4</load_address>
         <run_address>0xcfb4</run_address>
         <size>0x70</size>
         <input_file_ref idref="fl-8"/>
      </object_component>
      <object_component id="oc-58f">
         <name>.text:inv_get_sensor_type_gravity</name>
         <load_address>0xd024</load_address>
         <run_address>0xd024</run_address>
         <size>0x70</size>
         <input_file_ref idref="fl-9"/>
      </object_component>
      <object_component id="oc-ad5">
         <name>.text:_mcpy</name>
         <load_address>0xd094</load_address>
         <run_address>0xd094</run_address>
         <size>0x6e</size>
         <input_file_ref idref="fl-10e"/>
      </object_component>
      <object_component id="oc-50f">
         <name>.text</name>
         <load_address>0xd102</load_address>
         <run_address>0xd102</run_address>
         <size>0x6e</size>
         <input_file_ref idref="fl-f1"/>
      </object_component>
      <object_component id="oc-573">
         <name>.text</name>
         <load_address>0xd170</load_address>
         <run_address>0xd170</run_address>
         <size>0x6e</size>
         <input_file_ref idref="fl-f8"/>
      </object_component>
      <object_component id="oc-115">
         <name>.text:i2c_common_setup</name>
         <load_address>0xd1e0</load_address>
         <run_address>0xd1e0</run_address>
         <size>0x6c</size>
         <input_file_ref idref="fl-12"/>
      </object_component>
      <object_component id="oc-578">
         <name>.text:inv_register_load_store</name>
         <load_address>0xd24c</load_address>
         <run_address>0xd24c</run_address>
         <size>0x6c</size>
         <input_file_ref idref="fl-10"/>
      </object_component>
      <object_component id="oc-548">
         <name>.text</name>
         <load_address>0xd2b8</load_address>
         <run_address>0xd2b8</run_address>
         <size>0x6c</size>
         <input_file_ref idref="fl-123"/>
      </object_component>
      <object_component id="oc-12">
         <name>.text:decompress:lzss:__TI_decompress_lzss</name>
         <load_address>0xd324</load_address>
         <run_address>0xd324</run_address>
         <size>0x68</size>
         <input_file_ref idref="fl-fd"/>
      </object_component>
      <object_component id="oc-74e">
         <name>.text:inv_apply_calibration</name>
         <load_address>0xd38c</load_address>
         <run_address>0xd38c</run_address>
         <size>0x68</size>
         <input_file_ref idref="fl-8"/>
      </object_component>
      <object_component id="oc-43a">
         <name>.text:mpu_set_gyro_fsr</name>
         <load_address>0xd3f4</load_address>
         <run_address>0xd3f4</run_address>
         <size>0x68</size>
         <input_file_ref idref="fl-4"/>
      </object_component>
      <object_component id="oc-446">
         <name>.text:mpu_set_lpf</name>
         <load_address>0xd45c</load_address>
         <run_address>0xd45c</run_address>
         <size>0x68</size>
         <input_file_ref idref="fl-4"/>
      </object_component>
      <object_component id="oc-aea">
         <name>.text:frexp</name>
         <load_address>0xd4c4</load_address>
         <run_address>0xd4c4</run_address>
         <size>0x64</size>
         <input_file_ref idref="fl-115"/>
      </object_component>
      <object_component id="oc-4cb">
         <name>.text:inv_convert_to_body_with_scale</name>
         <load_address>0xd528</load_address>
         <run_address>0xd528</run_address>
         <size>0x64</size>
         <input_file_ref idref="fl-b"/>
      </object_component>
      <object_component id="oc-556">
         <name>.text:inv_set_gyro_bias</name>
         <load_address>0xd58c</load_address>
         <run_address>0xd58c</run_address>
         <size>0x64</size>
         <input_file_ref idref="fl-8"/>
      </object_component>
      <object_component id="oc-273">
         <name>.text:inv_start_mpl</name>
         <load_address>0xd5f0</load_address>
         <run_address>0xd5f0</run_address>
         <size>0x64</size>
         <input_file_ref idref="fl-d"/>
      </object_component>
      <object_component id="oc-387">
         <name>.text:mpu_get_accel_reg</name>
         <load_address>0xd654</load_address>
         <run_address>0xd654</run_address>
         <size>0x64</size>
         <input_file_ref idref="fl-4"/>
      </object_component>
      <object_component id="oc-440">
         <name>.text:mpu_set_accel_fsr</name>
         <load_address>0xd6b8</load_address>
         <run_address>0xd6b8</run_address>
         <size>0x64</size>
         <input_file_ref idref="fl-4"/>
      </object_component>
      <object_component id="oc-664">
         <name>.text:mpu_set_int_latched</name>
         <load_address>0xd71c</load_address>
         <run_address>0xd71c</run_address>
         <size>0x64</size>
         <input_file_ref idref="fl-4"/>
      </object_component>
      <object_component id="oc-162">
         <name>.text:print_float</name>
         <load_address>0xd780</load_address>
         <run_address>0xd780</run_address>
         <size>0x62</size>
         <input_file_ref idref="fl-3"/>
      </object_component>
      <object_component id="oc-1e1">
         <name>.text:UARTStdioConfig</name>
         <load_address>0xd7e4</load_address>
         <run_address>0xd7e4</run_address>
         <size>0x60</size>
         <input_file_ref idref="fl-17"/>
      </object_component>
      <object_component id="oc-932">
         <name>.text:i2c_write_reg_lsm</name>
         <load_address>0xd844</load_address>
         <run_address>0xd844</run_address>
         <size>0x60</size>
         <input_file_ref idref="fl-14"/>
      </object_component>
      <object_component id="oc-2e5">
         <name>.text:dmp_set_fifo_rate</name>
         <load_address>0xd8a4</load_address>
         <run_address>0xd8a4</run_address>
         <size>0x5c</size>
         <input_file_ref idref="fl-5"/>
      </object_component>
      <object_component id="oc-66b">
         <name>.text:set_int_enable</name>
         <load_address>0xd900</load_address>
         <run_address>0xd900</run_address>
         <size>0x5c</size>
         <input_file_ref idref="fl-4"/>
      </object_component>
      <object_component id="oc-139">
         <name>.text:I2CReceive</name>
         <load_address>0xd95c</load_address>
         <run_address>0xd95c</run_address>
         <size>0x58</size>
         <input_file_ref idref="fl-14"/>
      </object_component>
      <object_component id="oc-7ec">
         <name>.text:i2c_write_reg</name>
         <load_address>0xd9b4</load_address>
         <run_address>0xd9b4</run_address>
         <size>0x58</size>
         <input_file_ref idref="fl-12"/>
      </object_component>
      <object_component id="oc-51c">
         <name>.text:inv_get_gravity</name>
         <load_address>0xda0c</load_address>
         <run_address>0xda0c</run_address>
         <size>0x58</size>
         <input_file_ref idref="fl-e"/>
      </object_component>
      <object_component id="oc-824">
         <name>.text:inv_reset_compass_soft_iron_matrix</name>
         <load_address>0xda64</load_address>
         <run_address>0xda64</run_address>
         <size>0x58</size>
         <input_file_ref idref="fl-8"/>
      </object_component>
      <object_component id="oc-903">
         <name>.text:mpu_read_mem</name>
         <load_address>0xdabc</load_address>
         <run_address>0xdabc</run_address>
         <size>0x58</size>
         <input_file_ref idref="fl-4"/>
      </object_component>
      <object_component id="oc-6a6">
         <name>.text:mpu_write_mem</name>
         <load_address>0xdb14</load_address>
         <run_address>0xdb14</run_address>
         <size>0x58</size>
         <input_file_ref idref="fl-4"/>
      </object_component>
      <object_component id="oc-a47">
         <name>.text:_pconv_f</name>
         <load_address>0xdb6c</load_address>
         <run_address>0xdb6c</run_address>
         <size>0x56</size>
         <input_file_ref idref="fl-10e"/>
      </object_component>
      <object_component id="oc-5ac">
         <name>.text:inv_set_accel_bias_mask</name>
         <load_address>0xdbc4</load_address>
         <run_address>0xdbc4</run_address>
         <size>0x54</size>
         <input_file_ref idref="fl-8"/>
      </object_component>
      <object_component id="oc-76b">
         <name>.text:inv_set_compass_soft_iron_input_data</name>
         <load_address>0xdc18</load_address>
         <run_address>0xdc18</run_address>
         <size>0x54</size>
         <input_file_ref idref="fl-8"/>
      </object_component>
      <object_component id="oc-ac9">
         <name>.text:ltoa</name>
         <load_address>0xdc6c</load_address>
         <run_address>0xdc6c</run_address>
         <size>0x54</size>
         <input_file_ref idref="fl-111"/>
      </object_component>
      <object_component id="oc-acf">
         <name>.text:_ecpy</name>
         <load_address>0xdcc0</load_address>
         <run_address>0xdcc0</run_address>
         <size>0x52</size>
         <input_file_ref idref="fl-10e"/>
      </object_component>
      <object_component id="oc-202">
         <name>.text:SysCtlPeripheralReset</name>
         <load_address>0xdd14</load_address>
         <run_address>0xdd14</run_address>
         <size>0x50</size>
         <input_file_ref idref="fl-22"/>
      </object_component>
      <object_component id="oc-27f">
         <name>.text:mpu_configure_fifo</name>
         <load_address>0xdd64</load_address>
         <run_address>0xdd64</run_address>
         <size>0x50</size>
         <input_file_ref idref="fl-4"/>
      </object_component>
      <object_component id="oc-103">
         <name>.text:ConfigureUART</name>
         <load_address>0xddb4</load_address>
         <run_address>0xddb4</run_address>
         <size>0x4c</size>
         <input_file_ref idref="fl-3"/>
      </object_component>
      <object_component id="oc-21a">
         <name>.text:I2CMasterInitExpClk</name>
         <load_address>0xde00</load_address>
         <run_address>0xde00</run_address>
         <size>0x4c</size>
         <input_file_ref idref="fl-20"/>
      </object_component>
      <object_component id="oc-a35">
         <name>.text:atoi</name>
         <load_address>0xde4c</load_address>
         <run_address>0xde4c</run_address>
         <size>0x4c</size>
         <input_file_ref idref="fl-10f"/>
      </object_component>
      <object_component id="oc-5e3">
         <name>.text:inv_set_compass_bias</name>
         <load_address>0xde98</load_address>
         <run_address>0xde98</run_address>
         <size>0x4c</size>
         <input_file_ref idref="fl-8"/>
      </object_component>
      <object_component id="oc-4e9">
         <name>.text:inv_unregister_data_cb</name>
         <load_address>0xdee4</load_address>
         <run_address>0xdee4</run_address>
         <size>0x4c</size>
         <input_file_ref idref="fl-8"/>
      </object_component>
      <object_component id="oc-28b">
         <name>.text:mpu_set_compass_sample_rate</name>
         <load_address>0xdf30</load_address>
         <run_address>0xdf30</run_address>
         <size>0x4c</size>
         <input_file_ref idref="fl-4"/>
      </object_component>
      <object_component id="oc-1cf">
         <name>.text:GPIOPinConfigure</name>
         <load_address>0xdf7c</load_address>
         <run_address>0xdf7c</run_address>
         <size>0x48</size>
         <input_file_ref idref="fl-1f"/>
      </object_component>
      <object_component id="oc-420">
         <name>.text:UARTwrite</name>
         <load_address>0xdfc4</load_address>
         <run_address>0xdfc4</run_address>
         <size>0x48</size>
         <input_file_ref idref="fl-17"/>
      </object_component>
      <object_component id="oc-3ae">
         <name>.text</name>
         <load_address>0xe00c</load_address>
         <run_address>0xe00c</run_address>
         <size>0x48</size>
         <input_file_ref idref="fl-f0"/>
      </object_component>
      <object_component id="oc-543">
         <name>.text</name>
         <load_address>0xe054</load_address>
         <run_address>0xe054</run_address>
         <size>0x48</size>
         <input_file_ref idref="fl-125"/>
      </object_component>
      <object_component id="oc-181">
         <name>.text:__TI_auto_init_nobinit_nopinit:__TI_auto_init_nobinit_nopinit</name>
         <load_address>0xe09c</load_address>
         <run_address>0xe09c</run_address>
         <size>0x44</size>
         <input_file_ref idref="fl-10b"/>
      </object_component>
      <object_component id="oc-761">
         <name>.text:decode_gesture</name>
         <load_address>0xe0e0</load_address>
         <run_address>0xe0e0</run_address>
         <size>0x44</size>
         <input_file_ref idref="fl-5"/>
      </object_component>
      <object_component id="oc-a98">
         <name>.text:inv_get_last_timestamp</name>
         <load_address>0xe124</load_address>
         <run_address>0xe124</run_address>
         <size>0x44</size>
         <input_file_ref idref="fl-8"/>
      </object_component>
      <object_component id="oc-4fb">
         <name>.text:inv_unregister_mpl_start_notification</name>
         <load_address>0xe168</load_address>
         <run_address>0xe168</run_address>
         <size>0x44</size>
         <input_file_ref idref="fl-f"/>
      </object_component>
      <object_component id="oc-4b9">
         <name>.text:inv_q_addf</name>
         <load_address>0xe1ac</load_address>
         <run_address>0xe1ac</run_address>
         <size>0x42</size>
         <input_file_ref idref="fl-b"/>
      </object_component>
      <object_component id="oc-6c9">
         <name>.text:dmp_set_tap_axes</name>
         <load_address>0xe1ee</load_address>
         <run_address>0xe1ee</run_address>
         <size>0x40</size>
         <input_file_ref idref="fl-5"/>
      </object_component>
      <object_component id="oc-82a">
         <name>.text:inv_db_load_func</name>
         <load_address>0xe230</load_address>
         <run_address>0xe230</run_address>
         <size>0x40</size>
         <input_file_ref idref="fl-8"/>
      </object_component>
      <object_component id="oc-5a0">
         <name>.text:inv_get_linear_accel_float</name>
         <load_address>0xe270</load_address>
         <run_address>0xe270</run_address>
         <size>0x40</size>
         <input_file_ref idref="fl-e"/>
      </object_component>
      <object_component id="oc-469">
         <name>.text:inv_init_data_builder</name>
         <load_address>0xe2b0</load_address>
         <run_address>0xe2b0</run_address>
         <size>0x40</size>
         <input_file_ref idref="fl-8"/>
      </object_component>
      <object_component id="oc-29d">
         <name>.text:mpu_get_accel_fsr</name>
         <load_address>0xe2f0</load_address>
         <run_address>0xe2f0</run_address>
         <size>0x40</size>
         <input_file_ref idref="fl-4"/>
      </object_component>
      <object_component id="oc-157">
         <name>.text:mpu_get_euler</name>
         <load_address>0xe330</load_address>
         <run_address>0xe330</run_address>
         <size>0x40</size>
         <input_file_ref idref="fl-11"/>
      </object_component>
      <object_component id="oc-633">
         <name>.text</name>
         <load_address>0xe370</load_address>
         <run_address>0xe370</run_address>
         <size>0x40</size>
         <input_file_ref idref="fl-124"/>
      </object_component>
      <object_component id="oc-426">
         <name>.text</name>
         <load_address>0xe3b0</load_address>
         <run_address>0xe3b0</run_address>
         <size>0x40</size>
         <input_file_ref idref="fl-eb"/>
      </object_component>
      <object_component id="oc-a92">
         <name>.text:sprintf</name>
         <load_address>0xe3f0</load_address>
         <run_address>0xe3f0</run_address>
         <size>0x40</size>
         <input_file_ref idref="fl-105"/>
      </object_component>
      <object_component id="oc-ae2">
         <name>.text:_fcpy</name>
         <load_address>0xe430</load_address>
         <run_address>0xe430</run_address>
         <size>0x3e</size>
         <input_file_ref idref="fl-10e"/>
      </object_component>
      <object_component id="oc-953">
         <name>.text:inv_get_compass_set</name>
         <load_address>0xe470</load_address>
         <run_address>0xe470</run_address>
         <size>0x3c</size>
         <input_file_ref idref="fl-8"/>
      </object_component>
      <object_component id="oc-4dd">
         <name>.text:inv_get_linear_accel</name>
         <load_address>0xe4ac</load_address>
         <run_address>0xe4ac</run_address>
         <size>0x3c</size>
         <input_file_ref idref="fl-e"/>
      </object_component>
      <object_component id="oc-4a7">
         <name>.text:inv_q_rotate</name>
         <load_address>0xe4e8</load_address>
         <run_address>0xe4e8</run_address>
         <size>0x3c</size>
         <input_file_ref idref="fl-b"/>
      </object_component>
      <object_component id="oc-6f9">
         <name>.text:dmp_enable_6x_lp_quat</name>
         <load_address>0xe524</load_address>
         <run_address>0xe524</run_address>
         <size>0x3a</size>
         <input_file_ref idref="fl-5"/>
      </object_component>
      <object_component id="oc-6f3">
         <name>.text:dmp_enable_lp_quat</name>
         <load_address>0xe55e</load_address>
         <run_address>0xe55e</run_address>
         <size>0x3a</size>
         <input_file_ref idref="fl-5"/>
      </object_component>
      <object_component id="oc-74">
         <name>.text:_c_int00_noargs:_c_int00_noargs</name>
         <load_address>0xe598</load_address>
         <run_address>0xe598</run_address>
         <size>0x38</size>
         <input_file_ref idref="fl-fe"/>
      </object_component>
      <object_component id="oc-68b">
         <name>.text:inv_row_2_scale</name>
         <load_address>0xe5d0</load_address>
         <run_address>0xe5d0</run_address>
         <size>0x38</size>
         <input_file_ref idref="fl-b"/>
      </object_component>
      <object_component id="oc-297">
         <name>.text:mpu_get_gyro_fsr</name>
         <load_address>0xe608</load_address>
         <run_address>0xe608</run_address>
         <size>0x38</size>
         <input_file_ref idref="fl-4"/>
      </object_component>
      <object_component id="oc-15d">
         <name>.text</name>
         <load_address>0xe640</load_address>
         <run_address>0xe640</run_address>
         <size>0x38</size>
         <input_file_ref idref="fl-f2"/>
      </object_component>
      <object_component id="oc-34f">
         <name>.text:mag_set_scale</name>
         <load_address>0xe678</load_address>
         <run_address>0xe678</run_address>
         <size>0x36</size>
         <input_file_ref idref="fl-15"/>
      </object_component>
      <object_component id="oc-1c9">
         <name>.text:SysCtlPeripheralEnable</name>
         <load_address>0xe6b0</load_address>
         <run_address>0xe6b0</run_address>
         <size>0x34</size>
         <input_file_ref idref="fl-22"/>
      </object_component>
      <object_component id="oc-861">
         <name>.text:inv_get_accel_set</name>
         <load_address>0xe6e4</load_address>
         <run_address>0xe6e4</run_address>
         <size>0x34</size>
         <input_file_ref idref="fl-8"/>
      </object_component>
      <object_component id="oc-5a6">
         <name>.text:inv_get_quaternion</name>
         <load_address>0xe718</load_address>
         <run_address>0xe718</run_address>
         <size>0x34</size>
         <input_file_ref idref="fl-e"/>
      </object_component>
      <object_component id="oc-55c">
         <name>.text:inv_set_motion_state</name>
         <load_address>0xe74c</load_address>
         <run_address>0xe74c</run_address>
         <size>0x34</size>
         <input_file_ref idref="fl-e"/>
      </object_component>
      <object_component id="oc-337">
         <name>.text:gyro_set_scale</name>
         <load_address>0xe780</load_address>
         <run_address>0xe780</run_address>
         <size>0x32</size>
         <input_file_ref idref="fl-15"/>
      </object_component>
      <object_component id="oc-941">
         <name>.text:mlMatrixVectorMult</name>
         <load_address>0xe7b2</load_address>
         <run_address>0xe7b2</run_address>
         <size>0x32</size>
         <input_file_ref idref="fl-b"/>
      </object_component>
      <object_component id="oc-6e1">
         <name>.text:dmp_set_shake_reject_thresh</name>
         <load_address>0xe7e4</load_address>
         <run_address>0xe7e4</run_address>
         <size>0x30</size>
         <input_file_ref idref="fl-5"/>
      </object_component>
      <object_component id="oc-331">
         <name>.text:gyro_setup</name>
         <load_address>0xe814</load_address>
         <run_address>0xe814</run_address>
         <size>0x30</size>
         <input_file_ref idref="fl-15"/>
      </object_component>
      <object_component id="oc-363">
         <name>.text:inv_build_gyro</name>
         <load_address>0xe844</load_address>
         <run_address>0xe844</run_address>
         <size>0x30</size>
         <input_file_ref idref="fl-8"/>
      </object_component>
      <object_component id="oc-381">
         <name>.text:inv_build_quat</name>
         <load_address>0xe874</load_address>
         <run_address>0xe874</run_address>
         <size>0x30</size>
         <input_file_ref idref="fl-8"/>
      </object_component>
      <object_component id="oc-837">
         <name>.text:inv_init_results_holder</name>
         <load_address>0xe8a4</load_address>
         <run_address>0xe8a4</run_address>
         <size>0x30</size>
         <input_file_ref idref="fl-e"/>
      </object_component>
      <object_component id="oc-2b5">
         <name>.text:inv_set_compass_sample_rate</name>
         <load_address>0xe8d4</load_address>
         <run_address>0xe8d4</run_address>
         <size>0x30</size>
         <input_file_ref idref="fl-8"/>
      </object_component>
      <object_component id="oc-343">
         <name>.text:accel_lsm9_set_scale</name>
         <load_address>0xe904</load_address>
         <run_address>0xe904</run_address>
         <size>0x2e</size>
         <input_file_ref idref="fl-15"/>
      </object_component>
      <object_component id="oc-3b3">
         <name>.text</name>
         <load_address>0xe932</load_address>
         <run_address>0xe932</run_address>
         <size>0x2e</size>
         <input_file_ref idref="fl-f3"/>
      </object_component>
      <object_component id="oc-6bd">
         <name>.text:dmp_enable_gyro_cal</name>
         <load_address>0xe960</load_address>
         <run_address>0xe960</run_address>
         <size>0x2c</size>
         <input_file_ref idref="fl-5"/>
      </object_component>
      <object_component id="oc-2af">
         <name>.text:inv_set_accel_sample_rate</name>
         <load_address>0xe98c</load_address>
         <run_address>0xe98c</run_address>
         <size>0x2c</size>
         <input_file_ref idref="fl-8"/>
      </object_component>
      <object_component id="oc-3f1">
         <name>.text:GPIODirModeSet</name>
         <load_address>0xe9b8</load_address>
         <run_address>0xe9b8</run_address>
         <size>0x2a</size>
         <input_file_ref idref="fl-1f"/>
      </object_component>
      <object_component id="oc-36f">
         <name>.text:inv_build_temp</name>
         <load_address>0xe9e4</load_address>
         <run_address>0xe9e4</run_address>
         <size>0x28</size>
         <input_file_ref idref="fl-8"/>
      </object_component>
      <object_component id="oc-65c">
         <name>.text:inv_execute_mpl_start_notification</name>
         <load_address>0xea0c</load_address>
         <run_address>0xea0c</run_address>
         <size>0x28</size>
         <input_file_ref idref="fl-f"/>
      </object_component>
      <object_component id="oc-94c">
         <name>.text:inv_get_gyro_set</name>
         <load_address>0xea34</load_address>
         <run_address>0xea34</run_address>
         <size>0x28</size>
         <input_file_ref idref="fl-8"/>
      </object_component>
      <object_component id="oc-2a9">
         <name>.text:inv_set_gyro_sample_rate</name>
         <load_address>0xea5c</load_address>
         <run_address>0xea5c</run_address>
         <size>0x28</size>
         <input_file_ref idref="fl-8"/>
      </object_component>
      <object_component id="oc-478">
         <name>.text:sqrtf</name>
         <load_address>0xea84</load_address>
         <run_address>0xea84</run_address>
         <size>0x28</size>
         <input_file_ref idref="fl-120"/>
      </object_component>
      <object_component id="oc-81c">
         <name>.text:vsprintf</name>
         <load_address>0xeaac</load_address>
         <run_address>0xeaac</run_address>
         <size>0x28</size>
         <input_file_ref idref="fl-106"/>
      </object_component>
      <object_component id="oc-2bb">
         <name>.text:inv_orientation_matrix_to_scalar</name>
         <load_address>0xead4</load_address>
         <run_address>0xead4</run_address>
         <size>0x26</size>
         <input_file_ref idref="fl-b"/>
      </object_component>
      <object_component id="oc-4c5">
         <name>.text:inv_get_gyro_bias</name>
         <load_address>0xeafc</load_address>
         <run_address>0xeafc</run_address>
         <size>0x24</size>
         <input_file_ref idref="fl-8"/>
      </object_component>
      <object_component id="oc-77f">
         <name>.text:inv_get_sensor_type_quat</name>
         <load_address>0xeb20</load_address>
         <run_address>0xeb20</run_address>
         <size>0x24</size>
         <input_file_ref idref="fl-7"/>
      </object_component>
      <object_component id="oc-499">
         <name>.text:inv_q_add</name>
         <load_address>0xeb44</load_address>
         <run_address>0xeb44</run_address>
         <size>0x24</size>
         <input_file_ref idref="fl-b"/>
      </object_component>
      <object_component id="oc-534">
         <name>.text:inv_set_compass_correction</name>
         <load_address>0xeb68</load_address>
         <run_address>0xeb68</run_address>
         <size>0x24</size>
         <input_file_ref idref="fl-e"/>
      </object_component>
      <object_component id="oc-4e3">
         <name>.text:inv_store_gaming_quaternion</name>
         <load_address>0xeb8c</load_address>
         <run_address>0xeb8c</run_address>
         <size>0x24</size>
         <input_file_ref idref="fl-e"/>
      </object_component>
      <object_component id="oc-349">
         <name>.text:mag_setup</name>
         <load_address>0xebb0</load_address>
         <run_address>0xebb0</run_address>
         <size>0x24</size>
         <input_file_ref idref="fl-15"/>
      </object_component>
      <object_component id="oc-47e">
         <name>.text:memcmp</name>
         <load_address>0xebd4</load_address>
         <run_address>0xebd4</run_address>
         <size>0x24</size>
         <input_file_ref idref="fl-103"/>
      </object_component>
      <object_component id="oc-504">
         <name>.text:memmove</name>
         <load_address>0xebf8</load_address>
         <run_address>0xebf8</run_address>
         <size>0x24</size>
         <input_file_ref idref="fl-104"/>
      </object_component>
      <object_component id="oc-6cf">
         <name>.text:dmp_set_tap_count</name>
         <load_address>0xec1c</load_address>
         <run_address>0xec1c</run_address>
         <size>0x22</size>
         <input_file_ref idref="fl-5"/>
      </object_component>
      <object_component id="oc-6e7">
         <name>.text:dmp_set_shake_reject_time</name>
         <load_address>0xec3e</load_address>
         <run_address>0xec3e</run_address>
         <size>0x20</size>
         <input_file_ref idref="fl-5"/>
      </object_component>
      <object_component id="oc-6ed">
         <name>.text:dmp_set_shake_reject_timeout</name>
         <load_address>0xec5e</load_address>
         <run_address>0xec5e</run_address>
         <size>0x20</size>
         <input_file_ref idref="fl-5"/>
      </object_component>
      <object_component id="oc-6d5">
         <name>.text:dmp_set_tap_time</name>
         <load_address>0xec7e</load_address>
         <run_address>0xec7e</run_address>
         <size>0x20</size>
         <input_file_ref idref="fl-5"/>
      </object_component>
      <object_component id="oc-6db">
         <name>.text:dmp_set_tap_time_multi</name>
         <load_address>0xec9e</load_address>
         <run_address>0xec9e</run_address>
         <size>0x20</size>
         <input_file_ref idref="fl-5"/>
      </object_component>
      <object_component id="oc-13f">
         <name>.text:init_imu_scaledStruct</name>
         <load_address>0xecbe</load_address>
         <run_address>0xecbe</run_address>
         <size>0x20</size>
         <input_file_ref idref="fl-15"/>
      </object_component>
      <object_component id="oc-4f5">
         <name>.text:inv_register_mpl_start_notification</name>
         <load_address>0xece0</load_address>
         <run_address>0xece0</run_address>
         <size>0x20</size>
         <input_file_ref idref="fl-f"/>
      </object_component>
      <object_component id="oc-59a">
         <name>.text:inv_set_accel_accuracy</name>
         <load_address>0xed00</load_address>
         <run_address>0xed00</run_address>
         <size>0x20</size>
         <input_file_ref idref="fl-8"/>
      </object_component>
      <object_component id="oc-328">
         <name>.text:make_disable_ptrs</name>
         <load_address>0xed20</load_address>
         <run_address>0xed20</run_address>
         <size>0x20</size>
         <input_file_ref idref="fl-15"/>
      </object_component>
      <object_component id="oc-291">
         <name>.text:mpu_get_sample_rate</name>
         <load_address>0xed40</load_address>
         <run_address>0xed40</run_address>
         <size>0x20</size>
         <input_file_ref idref="fl-4"/>
      </object_component>
      <object_component id="oc-434">
         <name>.text:i2c_write</name>
         <load_address>0xed60</load_address>
         <run_address>0xed60</run_address>
         <size>0x1e</size>
         <input_file_ref idref="fl-13"/>
      </object_component>
      <object_component id="oc-4b3">
         <name>.text:inv_q_invertf</name>
         <load_address>0xed7e</load_address>
         <run_address>0xed7e</run_address>
         <size>0x1e</size>
         <input_file_ref idref="fl-b"/>
      </object_component>
      <object_component id="oc-42">
         <name>.text:UARTIntHandler</name>
         <load_address>0xed9c</load_address>
         <run_address>0xed9c</run_address>
         <size>0x1c</size>
         <input_file_ref idref="fl-3"/>
      </object_component>
      <object_component id="oc-61e">
         <name>.text:inv_get_compass_correction</name>
         <load_address>0xedb8</load_address>
         <run_address>0xedb8</run_address>
         <size>0x1c</size>
         <input_file_ref idref="fl-e"/>
      </object_component>
      <object_component id="oc-771">
         <name>.text:inv_get_compass_soft_iron_output_data</name>
         <load_address>0xedd4</load_address>
         <run_address>0xedd4</run_address>
         <size>0x1c</size>
         <input_file_ref idref="fl-8"/>
      </object_component>
      <object_component id="oc-56b">
         <name>.text:inv_get_gyro_bias_tc_set</name>
         <load_address>0xedf0</load_address>
         <run_address>0xedf0</run_address>
         <size>0x1c</size>
[...]
         <value>0x5a1</value>
         <object_component_ref idref="oc-25e"/>
      </symbol>
      <symbol id="sm-1456">
         <name>inv_set_terms</name>
         <value>0x715</value>
         <object_component_ref idref="oc-25e"/>
      </symbol>
      <symbol id="sm-1457">
         <name>inv_compute_bias</name>
         <value>0xa21</value>
         <object_component_ref idref="oc-25e"/>
      </symbol>
      <symbol id="sm-1458">
         <name>inv_center_sum</name>
         <value>0x11c5</value>
         <object_component_ref idref="oc-25e"/>
      </symbol>
      <symbol id="sm-1459">
         <name>inv_get_current_calibrated_compass</name>
         <value>0x18cd</value>
         <object_component_ref idref="oc-25e"/>
      </symbol>
      <symbol id="sm-145a">
         <name>inv_add_compass_block_data</name>
         <value>0x1925</value>
         <object_component_ref idref="oc-25e"/>
      </symbol>
      <symbol id="sm-145b">
         <name>inv_check_sim</name>
         <value>0x19d5</value>
         <object_component_ref idref="oc-25e"/>
      </symbol>
      <symbol id="sm-145c">
         <name>inv_reset_data_collection</name>
         <value>0x1b41</value>
         <object_component_ref idref="oc-25e"/>
      </symbol>
      <symbol id="sm-145d">
         <name>cb_sim</name>
         <value>0x20001118</value>
      </symbol>
      <symbol id="sm-145e">
         <name>cb</name>
         <value>0x20001030</value>
      </symbol>
      <symbol id="sm-145f">
         <name>inv_process_compass_only_cal</name>
         <value>0x2431</value>
         <object_component_ref idref="oc-25e"/>
      </symbol>
      <symbol id="sm-1460">
         <name>inv_stop_vector_compass_cal</name>
         <value>0x25f5</value>
         <object_component_ref idref="oc-25e"/>
      </symbol>
      <symbol id="sm-1461">
         <name>inv_init_vector_compass_cal</name>
         <value>0x2601</value>
         <object_component_ref idref="oc-25e"/>
      </symbol>
      <symbol id="sm-1462">
         <name>inv_enable_vector_compass_cal</name>
         <value>0x266d</value>
         <object_component_ref idref="oc-25e"/>
      </symbol>
      <symbol id="sm-1463">
         <name>inv_disable_vector_compass_cal</name>
         <value>0x2685</value>
         <object_component_ref idref="oc-25e"/>
      </symbol>
      <symbol id="sm-14a9">
         <name>fnm</name>
         <value>0x200004b8</value>
      </symbol>
      <symbol id="sm-14aa">
         <name>inv_init_maxmin</name>
         <value>0x35d5</value>
         <object_component_ref idref="oc-24f"/>
      </symbol>
      <symbol id="sm-14ab">
         <name>inv_start_fast_nomot</name>
         <value>0x366d</value>
         <object_component_ref idref="oc-24f"/>
      </symbol>
      <symbol id="sm-14ac">
         <name>inv_generate_fast_nomot</name>
         <value>0x3d71</value>
         <object_component_ref idref="oc-24f"/>
      </symbol>
      <symbol id="sm-14ad">
         <name>inv_fast_nomot_parameter</name>
         <value>0x36ad</value>
         <object_component_ref idref="oc-24f"/>
      </symbol>
      <symbol id="sm-14ae">
         <name>inv_fast_nomot_parameter_3rd</name>
         <value>0x36b9</value>
         <object_component_ref idref="oc-24f"/>
      </symbol>
      <symbol id="sm-14af">
         <name>inv_fast_nomot_set_gyro_bias</name>
         <value>0x3799</value>
         <object_component_ref idref="oc-24f"/>
      </symbol>
      <symbol id="sm-14b0">
         <name>inv_set_fast_nomot_compass_threshold</name>
         <value>0x3869</value>
         <object_component_ref idref="oc-24f"/>
      </symbol>
      <symbol id="sm-14b1">
         <name>int_set_fast_nomot_gyro_threshold</name>
         <value>0x3875</value>
         <object_component_ref idref="oc-24f"/>
      </symbol>
      <symbol id="sm-14b2">
         <name>inv_set_fast_nomot_accel_threshold</name>
         <value>0x3881</value>
         <object_component_ref idref="oc-24f"/>
      </symbol>
      <symbol id="sm-14b3">
         <name>inv_get_fast_nomot_compass_param</name>
         <value>0x388d</value>
         <object_component_ref idref="oc-24f"/>
      </symbol>
      <symbol id="sm-14b4">
         <name>inv_get_fast_nomot_accel_param</name>
         <value>0x38ad</value>
         <object_component_ref idref="oc-24f"/>
      </symbol>
      <symbol id="sm-14b5">
         <name>inv_fast_nomot_store_data</name>
         <value>0x38cd</value>
         <object_component_ref idref="oc-24f"/>
      </symbol>
      <symbol id="sm-14b6">
         <name>inv_fast_nomot_store_data_compass</name>
         <value>0x396d</value>
         <object_component_ref idref="oc-24f"/>
      </symbol>
      <symbol id="sm-14b7">
         <name>inv_fast_nomot_reset_data_compass</name>
         <value>0x39b9</value>
         <object_component_ref idref="oc-24f"/>
      </symbol>
      <symbol id="sm-14b8">
         <name>inv_fast_nomot_get_time_elaps</name>
         <value>0x39e5</value>
         <object_component_ref idref="oc-24f"/>
      </symbol>
      <symbol id="sm-14b9">
         <name>inv_fast_nomot_parameter_compass</name>
         <value>0x39f1</value>
         <object_component_ref idref="oc-24f"/>
      </symbol>
      <symbol id="sm-14ba">
         <name>inv_get_right_shift_by_rounding</name>
         <value>0x3a09</value>
         <object_component_ref idref="oc-24f"/>
      </symbol>
      <symbol id="sm-14bb">
         <name>inv_reset_min_max_gyro_accel_statistics</name>
         <value>0x3a89</value>
         <object_component_ref idref="oc-24f"/>
      </symbol>
      <symbol id="sm-14bc">
         <name>inv_record_max_moment_in_no_motion_gyro</name>
         <value>0x3abd</value>
         <object_component_ref idref="oc-24f"/>
      </symbol>
      <symbol id="sm-14bd">
         <name>inv_record_max_moment_in_no_motion_accel</name>
         <value>0x3af1</value>
         <object_component_ref idref="oc-24f"/>
      </symbol>
      <symbol id="sm-14be">
         <name>inv_record_min_moment_in_motion_gyro</name>
         <value>0x3b25</value>
         <object_component_ref idref="oc-24f"/>
      </symbol>
      <symbol id="sm-14bf">
         <name>inv_record_min_moment_in_motion_accel</name>
         <value>0x3b59</value>
         <object_component_ref idref="oc-24f"/>
      </symbol>
      <symbol id="sm-14c0">
         <name>inv_detect_motion_by_gyro_accel</name>
         <value>0x3b8d</value>
         <object_component_ref idref="oc-24f"/>
      </symbol>
      <symbol id="sm-14c1">
         <name>inv_sensor_data_preprocess</name>
         <value>0x3cd1</value>
         <object_component_ref idref="oc-24f"/>
      </symbol>
      <symbol id="sm-14c2">
         <name>inv_set_default_number_of_samples</name>
         <value>0x40bd</value>
         <object_component_ref idref="oc-24f"/>
      </symbol>
      <symbol id="sm-14c3">
         <name>inv_init_fast_nomot</name>
         <value>0x410d</value>
         <object_component_ref idref="oc-24f"/>
      </symbol>
      <symbol id="sm-14c4">
         <name>inv_stop_fast_nomot</name>
         <value>0x4175</value>
         <object_component_ref idref="oc-24f"/>
      </symbol>
      <symbol id="sm-14c5">
         <name>inv_enable_fast_nomot</name>
         <value>0x418d</value>
         <object_component_ref idref="oc-24f"/>
      </symbol>
      <symbol id="sm-14c6">
         <name>inv_disable_fast_nomot</name>
         <value>0x41a5</value>
         <object_component_ref idref="oc-24f"/>
      </symbol>
      <symbol id="sm-14c7">
         <name>inv_get_fnm_gyro_no_motion_param</name>
         <value>0x41b9</value>
         <object_component_ref idref="oc-24f"/>
      </symbol>
      <symbol id="sm-14c8">
         <name>inv_fnm_debug_print</name>
         <value>0x41c5</value>
         <object_component_ref idref="oc-24f"/>
      </symbol>
      <symbol id="sm-14ed">
         <name>inv_start_9x_sensor_fusion</name>
         <value>0x56a1</value>
         <object_component_ref idref="oc-24a"/>
      </symbol>
      <symbol id="sm-14ee">
         <name>inv_process_9x_sensor_fusion_cb</name>
         <value>0x5cbd</value>
         <object_component_ref idref="oc-24a"/>
      </symbol>
      <symbol id="sm-14ef">
         <name>inv_filter_correction_angle</name>
         <value>0x56b1</value>
         <object_component_ref idref="oc-24a"/>
      </symbol>
      <symbol id="sm-14f0">
         <name>s9axis</name>
         <value>0x20000ef8</value>
      </symbol>
      <symbol id="sm-14f1">
         <name>inv_perform_9x_fusion</name>
         <value>0x58a1</value>
         <object_component_ref idref="oc-24a"/>
      </symbol>
      <symbol id="sm-14f2">
         <name>inv_init_9x_fusion</name>
         <value>0x5d55</value>
         <object_component_ref idref="oc-24a"/>
      </symbol>
      <symbol id="sm-14f3">
         <name>inv_9x_fusion_set_mag_fb</name>
         <value>0x5d91</value>
         <object_component_ref idref="oc-24a"/>
      </symbol>
      <symbol id="sm-14f4">
         <name>inv_9x_fusion_enable_jitter_reduction</name>
         <value>0x5da1</value>
         <object_component_ref idref="oc-24a"/>
      </symbol>
      <symbol id="sm-14f5">
         <name>inv_9x_fusion_use_timestamps</name>
         <value>0x5db1</value>
         <object_component_ref idref="oc-24a"/>
      </symbol>
      <symbol id="sm-14f6">
         <name>inv_stop_9x_sensor_fusion</name>
         <value>0x5dc1</value>
         <object_component_ref idref="oc-24a"/>
      </symbol>
      <symbol id="sm-14f7">
         <name>inv_enable_9x_sensor_fusion</name>
         <value>0x5dcd</value>
         <object_component_ref idref="oc-24a"/>
      </symbol>
      <symbol id="sm-14f8">
         <name>inv_disable_9x_sensor_fusion</name>
         <value>0x5df1</value>
         <object_component_ref idref="oc-24a"/>
      </symbol>
      <symbol id="sm-1526">
         <name>inv_start_gyro_tc</name>
         <value>0x77d5</value>
         <object_component_ref idref="oc-254"/>
      </symbol>
      <symbol id="sm-1527">
         <name>inv_init_gyro_ts</name>
         <value>0x7c4d</value>
         <object_component_ref idref="oc-254"/>
      </symbol>
      <symbol id="sm-1528">
         <name>inv_set_gtc_max_temp</name>
         <value>0x7c85</value>
         <object_component_ref idref="oc-254"/>
      </symbol>
      <symbol id="sm-1529">
         <name>inv_set_gtc_min_temp</name>
         <value>0x7c95</value>
         <object_component_ref idref="oc-254"/>
      </symbol>
      <symbol id="sm-152a">
         <name>inv_set_gtc_min_diff</name>
         <value>0x7ca5</value>
         <object_component_ref idref="oc-254"/>
      </symbol>
      <symbol id="sm-152b">
         <name>inv_get_gyro_ts</name>
         <value>0x7cb5</value>
         <object_component_ref idref="oc-254"/>
      </symbol>
      <symbol id="sm-152c">
         <name>inv_set_gyro_ts</name>
         <value>0x7cd9</value>
         <object_component_ref idref="oc-254"/>
      </symbol>
      <symbol id="sm-152d">
         <name>inv_set_gtc_order</name>
         <value>0x7cdd</value>
         <object_component_ref idref="oc-254"/>
      </symbol>
      <symbol id="sm-152e">
         <name>inv_print_gtc_data</name>
         <value>0x7cf5</value>
         <object_component_ref idref="oc-254"/>
      </symbol>
      <symbol id="sm-152f">
         <name>inv_stop_gyro_tc</name>
         <value>0x7cf9</value>
         <object_component_ref idref="oc-254"/>
      </symbol>
      <symbol id="sm-1530">
         <name>inv_enable_gyro_tc</name>
         <value>0x7d05</value>
         <object_component_ref idref="oc-254"/>
      </symbol>
      <symbol id="sm-1531">
         <name>inv_disable_gyro_tc</name>
         <value>0x7d45</value>
         <object_component_ref idref="oc-254"/>
      </symbol>
      <symbol id="sm-154e">
         <name>inv_start_heading_from_gyro</name>
         <value>0x6bb9</value>
         <object_component_ref idref="oc-268"/>
      </symbol>
      <symbol id="sm-154f">
         <name>inv_run_heading_from_gyro</name>
         <value>0x6bc9</value>
         <object_component_ref idref="oc-268"/>
      </symbol>
      <symbol id="sm-1550">
         <name>inv_init_heading_from_gyro</name>
         <value>0x717d</value>
         <object_component_ref idref="oc-268"/>
      </symbol>
      <symbol id="sm-1551">
         <name>inv_stop_heading_from_gyro</name>
         <value>0x71a1</value>
         <object_component_ref idref="oc-268"/>
      </symbol>
      <symbol id="sm-1552">
         <name>inv_enable_heading_from_gyro</name>
         <value>0x71ad</value>
         <object_component_ref idref="oc-268"/>
      </symbol>
      <symbol id="sm-1553">
         <name>inv_disable_heading_from_gyro</name>
         <value>0x71dd</value>
         <object_component_ref idref="oc-268"/>
      </symbol>
      <symbol id="sm-157d">
         <name>inv_start_magnetic_disturbance</name>
         <value>0x6539</value>
         <object_component_ref idref="oc-263"/>
      </symbol>
      <symbol id="sm-157e">
         <name>inv_magnetic_disturbance_process</name>
         <value>0x6b75</value>
         <object_component_ref idref="oc-263"/>
      </symbol>
      <symbol id="sm-157f">
         <name>inv_set_magnetic_disturbance</name>
         <value>0x6549</value>
         <object_component_ref idref="oc-263"/>
      </symbol>
      <symbol id="sm-1580">
         <name>inv_init_magnetic_disturbance</name>
         <value>0x6561</value>
         <object_component_ref idref="oc-263"/>
      </symbol>
      <symbol id="sm-1581">
         <name>inv_stop_magnetic_disturbance</name>
         <value>0x65ad</value>
         <object_component_ref idref="oc-263"/>
      </symbol>
      <symbol id="sm-1582">
         <name>inv_enable_magnetic_disturbance</name>
         <value>0x65b9</value>
         <object_component_ref idref="oc-263"/>
      </symbol>
      <symbol id="sm-1583">
         <name>inv_disable_magnetic_disturbance</name>
         <value>0x65e5</value>
         <object_component_ref idref="oc-263"/>
      </symbol>
      <symbol id="sm-1584">
         <name>inv_disable_dip_tracking</name>
         <value>0x65fd</value>
         <object_component_ref idref="oc-263"/>
      </symbol>
      <symbol id="sm-1585">
         <name>inv_enable_dip_tracking</name>
         <value>0x660d</value>
         <object_component_ref idref="oc-263"/>
      </symbol>
      <symbol id="sm-1586">
         <name>inv_track_dip_angle</name>
         <value>0x661d</value>
         <object_component_ref idref="oc-263"/>
      </symbol>
      <symbol id="sm-1587">
         <name>ComputeAngleVelocity</name>
         <value>0x66b5</value>
         <object_component_ref idref="oc-263"/>
      </symbol>
      <symbol id="sm-1588">
         <name>Mag3ofNormalizedLong</name>
         <value>0x6715</value>
         <object_component_ref idref="oc-263"/>
      </symbol>
      <symbol id="sm-1589">
         <name>MagDisturbSetDisturbance</name>
         <value>0x6769</value>
         <object_component_ref idref="oc-263"/>
      </symbol>
      <symbol id="sm-158a">
         <name>MagDisturbCheckSettling</name>
         <value>0x67e9</value>
         <object_component_ref idref="oc-263"/>
      </symbol>
      <symbol id="sm-158b">
         <name>inv_check_magnetic_disturbance</name>
         <value>0x6841</value>
         <object_component_ref idref="oc-263"/>
      </symbol>
      <symbol id="sm-158c">
         <name>inv_get_magnetic_disturbance_state</name>
         <value>0x6bad</value>
         <object_component_ref idref="oc-263"/>
      </symbol>
      <symbol id="sm-158d">
         <name>mag_disturb</name>
         <value>0x200013ac</value>
         <object_component_ref idref="oc-604"/>
      </symbol>
      <symbol id="sm-15ba">
         <name>inv_start_quaternion</name>
         <value>0x4299</value>
         <object_component_ref idref="oc-245"/>
      </symbol>
      <symbol id="sm-15bb">
         <name>inv_generate_gyro_quaternion</name>
         <value>0x4405</value>
         <object_component_ref idref="oc-245"/>
      </symbol>
      <symbol id="sm-15bc">
         <name>inv_set_quaternion</name>
         <value>0x4411</value>
         <object_component_ref idref="oc-245"/>
      </symbol>
      <symbol id="sm-15bd">
         <name>inv_generate_accel_gyro_quaternion</name>
         <value>0x4441</value>
         <object_component_ref idref="oc-245"/>
      </symbol>
      <symbol id="sm-15be">
         <name>inv_stop_quaternion</name>
         <value>0x4bd9</value>
         <object_component_ref idref="oc-245"/>
      </symbol>
      <symbol id="sm-15bf">
         <name>inv_init_quaternion</name>
         <value>0x4be5</value>
         <object_component_ref idref="oc-245"/>
      </symbol>
      <symbol id="sm-15c0">
         <name>inv_enable_quaternion</name>
         <value>0x4c09</value>
         <object_component_ref idref="oc-245"/>
      </symbol>
      <symbol id="sm-15c1">
         <name>inv_disable_quaternion</name>
         <value>0x4c21</value>
         <object_component_ref idref="oc-245"/>
      </symbol>
      <symbol id="sm-15e4">
         <name>acosf</name>
         <value>0x9d8d</value>
         <object_component_ref idref="oc-612"/>
      </symbol>
      <symbol id="sm-15f4">
         <name>sqrtf</name>
         <value>0xea85</value>
         <object_component_ref idref="oc-478"/>
      </symbol>
      <symbol id="sm-1608">
         <name>cosf</name>
         <value>0xc211</value>
         <object_component_ref idref="oc-4d1"/>
      </symbol>
      <symbol id="sm-161a">
         <name>sinf</name>
         <value>0xc6dd</value>
         <object_component_ref idref="oc-4d7"/>
      </symbol>
      <symbol id="sm-1625">
         <name>__aeabi_f2lz</name>
         <value>0xd2b9</value>
         <object_component_ref idref="oc-548"/>
      </symbol>
      <symbol id="sm-162f">
         <name>__aeabi_l2d</name>
         <value>0xe371</value>
         <object_component_ref idref="oc-633"/>
      </symbol>
      <symbol id="sm-163a">
         <name>__aeabi_l2f</name>
         <value>0xe055</value>
         <object_component_ref idref="oc-543"/>
      </symbol>
      <symbol id="sm-1658">
         <name>__aeabi_dcmpgt</name>
         <value>0xf26f</value>
         <object_component_ref idref="oc-50a"/>
      </symbol>
      <symbol id="sm-1659">
         <name>__aeabi_dcmpeq</name>
         <value>0xf261</value>
         <object_component_ref idref="oc-5ca"/>
      </symbol>
      <symbol id="sm-165a">
         <name>__aeabi_dcmple</name>
         <value>0xf27d</value>
         <object_component_ref idref="oc-595"/>
      </symbol>
      <symbol id="sm-165b">
         <name>__aeabi_dcmplt</name>
         <value>0xf28b</value>
         <object_component_ref idref="oc-5b8"/>
      </symbol>
      <symbol id="sm-165c">
         <name>__TI_static_base__</name>
         <value>0x0</value>
      </symbol>
      <symbol id="sm-165f">
         <name>__mpu_init</name>
         <value>0x0</value>
      </symbol>
      <symbol id="sm-1660">
         <name>_system_post_cinit</name>
         <value>0x0</value>
      </symbol>
      <symbol id="sm-1661">
         <name>ml_atan</name>
         <value>0x8555</value>
      </symbol>
      <symbol id="sm-1662">
         <name>ml_atan2</name>
         <value>0x8f3d</value>
      </symbol>
      <symbol id="sm-1663">
         <name>ml_log</name>
         <value>0x8191</value>
      </symbol>
      <symbol id="sm-1664">
         <name>ml_sqrt</name>
         <value>0xa7dd</value>
      </symbol>
      <symbol id="sm-1665">
         <name>ml_floor</name>
         <value>0xb80d</value>
      </symbol>
      <symbol id="sm-1666">
         <name>ml_cos</name>
         <value>0x71f9</value>
      </symbol>
      <symbol id="sm-1667">
         <name>ml_acos</name>
         <value>0x7d75</value>
      </symbol>
   </symbol_table>
   <title>Link successful</title>
</link_info>
