******************************************************************************
                  TI ARM Linker Unix v18.1.1                   
******************************************************************************
>> Linked Wed Jul 11 20:23:16 2018

OUTPUT FILE NAME:   <LM4F_TM4C_uart.out>
ENTRY POINT SYMBOL: "_c_int00_noargs"  address: 0000e599


MEMORY CONFIGURATION

         name            origin    length      used     unused   attr    fill
----------------------  --------  ---------  --------  --------  ----  --------
  FLASH                 00000000   00040000  0001053f  0002fac1  R  X
  SRAM                  20000000   00008000  00002750  000058b0  RW X


SEGMENT ALLOCATION MAP

run origin  load origin   length   init length attrs members
----------  ----------- ---------- ----------- ----- -------
00000000    00000000    00010548   00010548    r-x
  00000000    00000000    0000026c   0000026c    r-- .intvecs
  00000270    00000270    0000f184   0000f184    r-x .text
  0000f3f8    0000f3f8    000010e3   000010e3    r-- .const
  000104dc    000104dc    0000000c   0000000c    r-- .rodata.str1.4
  000104e8    000104e8    00000060   00000060    r-- .cinit
20000000    20000000    00002750   00000000    rw-
  20000000    20000000    000016a0   00000000    rw- .bss
  200016a0    200016a0    00001000   00000000    rw- .stack
  200026a0    200026a0    000000b0   00000000    rw- .data


SECTION ALLOCATION MAP

 output                                  attributes/
section   page    origin      length       input sections
--------  ----  ----------  ----------   ----------------
.intvecs   0    00000000    0000026c     
                  00000000    0000026c     startup_ccs.obj (.intvecs)

.text      0    00000270    0000f184     
                  00000270    00002430     liblibmplmpu-m4-hardfp.a : compass_vec_cal.o (.text)
                  000026a0    00000d98                              : accel_auto_cal.o (.text)
                  00003438    00000d90                              : fast_no_motion.o (.text)
                  000041c8    00000a78                              : quaternion_supervisor.o (.text)
                  00004c40    00000a5e     rtsv7M4_T_le_v4SPD16_eabi.lib : _printfi.c.obj (.text:__TI_printfi)
                  0000569e    00000002     startup_ccs.obj (.text:FaultISR)
                  000056a0    00000760     liblibmplmpu-m4-hardfp.a : fusion_9axis.o (.text)
                  00005e00    00000738     rtsv7M4_T_le_v4SPD16_eabi.lib : k_rem_pio2.c.obj (.text:__kernel_rem_pio2)
                  00006538    00000680     liblibmplmpu-m4-hardfp.a : mag_disturb.o (.text)
                  00006bb8    00000640                              : heading_from_gyro.o (.text)
                  000071f8    000005dc     rtsv7M4_T_le_v4SPD16_eabi.lib : s_cos.c.obj (.text:cos)
                  000077d4    000005a0     liblibmplmpu-m4-hardfp.a : gyro_tc.o (.text)
                  00007d74    0000041c     rtsv7M4_T_le_v4SPD16_eabi.lib : e_acos.c.obj (.text:acos)
                  00008190    000003c4                                   : e_log.c.obj (.text:log)
                  00008554    000002ec                                   : s_atan.c.obj (.text:atan)
                  00008840    00000298     uart_echo.obj (.text:main)
                  00008ad8    00000270     rtsv7M4_T_le_v4SPD16_eabi.lib : _printfi.c.obj (.text:_pconv_a)
                  00008d48    000001f4     mpu_interface.obj (.text:mpu_update)
                  00008f3c    000001ec     rtsv7M4_T_le_v4SPD16_eabi.lib : e_atan2.c.obj (.text:atan2)
                  00009128    000001ea     uartstdio.obj (.text:UARTvprintf)
                  00009312    00000002     startup_ccs.obj (.text:IntDefaultHandler)
                  00009314    000001dc     inv_mpu.obj (.text:setup_compass)
                  000094f0    000001d0     rtsv7M4_T_le_v4SPD16_eabi.lib : _printfi.c.obj (.text:_pconv_g)
                  000096c0    000001bc     eMPL_outputs.obj (.text:inv_get_sensor_type_euler)
                  0000987c    000001b8     inv_mpu_dmp_motion_driver.obj (.text:dmp_enable_feature)
                  00009a34    000001b6     rtsv7M4_T_le_v4SPD16_eabi.lib : fd_add_t2.asm.obj (.text)
                  00009bea    00000002     startup_ccs.obj (.text:NmiSR)
                  00009bec    000001a0     mpu_interface.obj (.text:mpu_open)
                  00009d8c    00000194     rtsv7M4_T_le_v4SPD16_eabi.lib : e_acosf.c.obj (.text:acosf)
                  00009f20    00000190     inv_mpu_dmp_motion_driver.obj (.text:dmp_read_fifo)
                  0000a0b0    00000190     inv_mpu.obj (.text:mpu_read_fifo)
                  0000a240    00000174     rtsv7M4_T_le_v4SPD16_eabi.lib : k_sin.c.obj (.text:__kernel_sin)
                  0000a3b4    0000016c                                   : k_cos.c.obj (.text:__kernel_cos)
                  0000a520    00000164     inv_mpu.obj (.text:mpu_reset_fifo)
                  0000a684    00000158     rtsv7M4_T_le_v4SPD16_eabi.lib : e_atan2f.c.obj (.text:atan2f)
                  0000a7dc    00000158                                   : e_sqrt.c.obj (.text:sqrt)
                  0000a934    00000150                                   : s_atanf.c.obj (.text:atanf)
                  0000aa84    00000140     inv_mpu_dmp_motion_driver.obj (.text:dmp_set_orientation)
                  0000abc4    0000013c     rtsv7M4_T_le_v4SPD16_eabi.lib : _printfi.c.obj (.text:_pconv_e)
                  0000ad00    00000136                                   : fd_div_t2.asm.obj (.text)
                  0000ae36    00000002                                   : div0.asm.obj (.text)
                  0000ae38    00000134     inv_mpu.obj (.text:mpu_set_sensors)
                  0000af6c    00000132     driverlib.lib : gpio.obj (.text:GPIOPadConfigSet)
                  0000b09e    00000002     --HOLE-- [fill = 0]
                  0000b0a0    00000120     inv_mpu_dmp_motion_driver.obj (.text:dmp_set_tap_thresh)
                  0000b1c0    00000120     rtsv7M4_T_le_v4SPD16_eabi.lib : _printfi.c.obj (.text:fcvt)
                  0000b2e0    00000114     mpu_interface.obj (.text:mpu_get_outputs)
                  0000b3f4    00000110     driverlib.lib : sysctl.obj (.text:SysCtlClockGet)
                  0000b504    00000110     rtsv7M4_T_le_v4SPD16_eabi.lib : s_scalbn.c.obj (.text:scalbn)
                  0000b614    000000fc     data_builder.obj (.text:inv_register_data_cb)
                  0000b710    000000fc     rtsv7M4_T_le_v4SPD16_eabi.lib : fd_mul_t2.asm.obj (.text)
                  0000b80c    000000f8                                   : s_floor.c.obj (.text:floor)
                  0000b904    000000f4     driverlib.lib : sysctl.obj (.text:SysCtlClockSet)
                  0000b9f8    000000f4     results_holder.obj (.text:inv_get_quaternion_set)
                  0000baec    000000ec     inv_mpu.obj (.text:mpu_set_bypass)
                  0000bbd8    000000e0     ml_math_func.obj (.text:inv_quaternion_to_rotation)
                  0000bcb8    000000d2     ml_math_func.obj (.text:inv_q_multf)
                  0000bd8a    00000002     --HOLE-- [fill = 0]
                  0000bd8c    000000c8     ml_math_func.obj (.text:inv_compass_angle)
                  0000be54    000000c8     inv_mpu.obj (.text:mpu_init)
                  0000bf1c    000000c0     ml_math_func.obj (.text:inv_q_mult)
                  0000bfdc    000000c0     ml_math_func.obj (.text:inv_q_normalizef)
                  0000c09c    000000bc     inv_mpu.obj (.text:mpu_read_fifo_stream)
                  0000c158    000000b8     mpl.obj (.text:inv_init_mpl)
                  0000c210    000000b4     rtsv7M4_T_le_v4SPD16_eabi.lib : s_cosf.c.obj (.text:cosf)
                  0000c2c4    000000b4     inv_mpu.obj (.text:mpu_get_compass_reg)
                  0000c378    000000b1     rtsv7M4_T_le_v4SPD16_eabi.lib : _printfi.c.obj (.text:_ltostr)
                  0000c429    00000003     --HOLE-- [fill = 0]
                  0000c42c    000000b0     imu.obj (.text:init_imu)
                  0000c4dc    000000b0     inv_mpu.obj (.text:mpu_load_firmware)
                  0000c58c    000000a8     i2c_TM4C.obj (.text:i2c_read_bytes)
                  0000c634    000000a8     inv_mpu.obj (.text:mpu_lp_accel_mode)
                  0000c6dc    000000a4     rtsv7M4_T_le_v4SPD16_eabi.lib : s_sinf.c.obj (.text:sinf)
                  0000c780    0000009c     eMPL_outputs.obj (.text:inv_generate_eMPL_outputs)
                  0000c81c    0000009c     rtsv7M4_T_le_v4SPD16_eabi.lib : memcpy_t2.asm.obj (.text)
                  0000c8b8    00000098     data_builder.obj (.text:inv_build_compass)
                  0000c950    00000096     rtsv7M4_T_le_v4SPD16_eabi.lib : ull_div_t2.asm.obj (.text)
                  0000c9e6    00000094     log_stm32.obj (.text:_MLPrintLog)
                  0000ca7a    00000002     --HOLE-- [fill = 0]
                  0000ca7c    00000090     inv_mpu.obj (.text:mpu_get_temperature)
                  0000cb0c    0000008c     i2c_TM4C.obj (.text:i2c_write_bytes)
                  0000cb98    0000008c     data_builder.obj (.text:inv_execute_on_data)
                  0000cc24    0000008c     inv_mpu.obj (.text:mpu_set_sample_rate)
                  0000ccb0    00000088     data_builder.obj (.text:inv_set_contiguous)
                  0000cd38    00000086     rtsv7M4_T_le_v4SPD16_eabi.lib : fd_cmp_t2.asm.obj (.text:__aeabi_cdcmple)
                  0000cdbe    00000086                                   : fd_cmp_t2.asm.obj (.text:__aeabi_cdrcmple)
                  0000ce44    0000007c     inv_mpu.obj (.text:mpu_set_dmp_state)
                  0000cec0    0000007a     rtsv7M4_T_le_v4SPD16_eabi.lib : memset_t2.asm.obj (.text)
                  0000cf3a    00000002     --HOLE-- [fill = 0]
                  0000cf3c    00000078     ml_math_func.obj (.text:inv_q_norm4)
                  0000cfb4    00000070     data_builder.obj (.text:inv_build_accel)
                  0000d024    00000070     hal_outputs.obj (.text:inv_get_sensor_type_gravity)
                  0000d094    0000006e     rtsv7M4_T_le_v4SPD16_eabi.lib : _printfi.c.obj (.text:_mcpy)
                  0000d102    0000006e                                   : fd_tos_t2.asm.obj (.text)
                  0000d170    0000006e                                   : ll_div_t2.asm.obj (.text)
                  0000d1de    00000002     --HOLE-- [fill = 0]
                  0000d1e0    0000006c     i2c_TM4C.obj (.text:i2c_common_setup)
                  0000d24c    0000006c     storage_manager.obj (.text:inv_register_load_store)
                  0000d2b8    0000006c     rtsv7M4_T_le_v4SPD16_eabi.lib : fs_toll_t2.asm.obj (.text)
                  0000d324    00000068                                   : copy_decompress_lzss.c.obj (.text:decompress:lzss:__TI_decompress_lzss)
                  0000d38c    00000068     data_builder.obj (.text:inv_apply_calibration)
                  0000d3f4    00000068     inv_mpu.obj (.text:mpu_set_gyro_fsr)
                  0000d45c    00000068     inv_mpu.obj (.text:mpu_set_lpf)
                  0000d4c4    00000064     rtsv7M4_T_le_v4SPD16_eabi.lib : s_frexp.c.obj (.text:frexp)
                  0000d528    00000064     ml_math_func.obj (.text:inv_convert_to_body_with_scale)
                  0000d58c    00000064     data_builder.obj (.text:inv_set_gyro_bias)
                  0000d5f0    00000064     mpl.obj (.text:inv_start_mpl)
                  0000d654    00000064     inv_mpu.obj (.text:mpu_get_accel_reg)
                  0000d6b8    00000064     inv_mpu.obj (.text:mpu_set_accel_fsr)
                  0000d71c    00000064     inv_mpu.obj (.text:mpu_set_int_latched)
                  0000d780    00000062     uart_echo.obj (.text:print_float)
                  0000d7e2    00000002     --HOLE-- [fill = 0]
                  0000d7e4    00000060     uartstdio.obj (.text:UARTStdioConfig)
                  0000d844    00000060     i2c_tm4c.obj (.text:i2c_write_reg_lsm)
                  0000d8a4    0000005c     inv_mpu_dmp_motion_driver.obj (.text:dmp_set_fifo_rate)
                  0000d900    0000005c     inv_mpu.obj (.text:set_int_enable)
                  0000d95c    00000058     i2c_tm4c.obj (.text:I2CReceive)
                  0000d9b4    00000058     i2c_TM4C.obj (.text:i2c_write_reg)
                  0000da0c    00000058     results_holder.obj (.text:inv_get_gravity)
                  0000da64    00000058     data_builder.obj (.text:inv_reset_compass_soft_iron_matrix)
                  0000dabc    00000058     inv_mpu.obj (.text:mpu_read_mem)
                  0000db14    00000058     inv_mpu.obj (.text:mpu_write_mem)
                  0000db6c    00000056     rtsv7M4_T_le_v4SPD16_eabi.lib : _printfi.c.obj (.text:_pconv_f)
                  0000dbc2    00000002     --HOLE-- [fill = 0]
                  0000dbc4    00000054     data_builder.obj (.text:inv_set_accel_bias_mask)
                  0000dc18    00000054     data_builder.obj (.text:inv_set_compass_soft_iron_input_data)
                  0000dc6c    00000054     rtsv7M4_T_le_v4SPD16_eabi.lib : ltoa.c.obj (.text:ltoa)
                  0000dcc0    00000052                                   : _printfi.c.obj (.text:_ecpy)
                  0000dd12    00000002     --HOLE-- [fill = 0]
                  0000dd14    00000050     driverlib.lib : sysctl.obj (.text:SysCtlPeripheralReset)
                  0000dd64    00000050     inv_mpu.obj (.text:mpu_configure_fifo)
                  0000ddb4    0000004c     uart_echo.obj (.text:ConfigureUART)
                  0000de00    0000004c     driverlib.lib : i2c.obj (.text:I2CMasterInitExpClk)
                  0000de4c    0000004c     rtsv7M4_T_le_v4SPD16_eabi.lib : atoi.c.obj (.text:atoi)
                  0000de98    0000004c     data_builder.obj (.text:inv_set_compass_bias)
                  0000dee4    0000004c     data_builder.obj (.text:inv_unregister_data_cb)
                  0000df30    0000004c     inv_mpu.obj (.text:mpu_set_compass_sample_rate)
                  0000df7c    00000048     driverlib.lib : gpio.obj (.text:GPIOPinConfigure)
                  0000dfc4    00000048     uartstdio.obj (.text:UARTwrite)
                  0000e00c    00000048     rtsv7M4_T_le_v4SPD16_eabi.lib : fd_toi_t2.asm.obj (.text)
                  0000e054    00000048                                   : ll_tofs_t2.asm.obj (.text)
                  0000e09c    00000044                                   : autoinit.c.obj (.text:__TI_auto_init_nobinit_nopinit:__TI_auto_init_nobinit_nopinit)
                  0000e0e0    00000044     inv_mpu_dmp_motion_driver.obj (.text:decode_gesture)
                  0000e124    00000044     data_builder.obj (.text:inv_get_last_timestamp)
                  0000e168    00000044     start_manager.obj (.text:inv_unregister_mpl_start_notification)
                  0000e1ac    00000042     ml_math_func.obj (.text:inv_q_addf)
                  0000e1ee    00000040     inv_mpu_dmp_motion_driver.obj (.text:dmp_set_tap_axes)
                  0000e22e    00000002     --HOLE-- [fill = 0]
                  0000e230    00000040     data_builder.obj (.text:inv_db_load_func)
                  0000e270    00000040     results_holder.obj (.text:inv_get_linear_accel_float)
                  0000e2b0    00000040     data_builder.obj (.text:inv_init_data_builder)
                  0000e2f0    00000040     inv_mpu.obj (.text:mpu_get_accel_fsr)
                  0000e330    00000040     mpu_interface.obj (.text:mpu_get_euler)
                  0000e370    00000040     rtsv7M4_T_le_v4SPD16_eabi.lib : ll_tofd_t2.asm.obj (.text)
                  0000e3b0    00000040                                   : u_divt2.asm.obj (.text)
                  0000e3f0    00000040                                   : sprintf.c.obj (.text:sprintf)
                  0000e430    0000003e                                   : _printfi.c.obj (.text:_fcpy)
                  0000e46e    00000002     --HOLE-- [fill = 0]
                  0000e470    0000003c     data_builder.obj (.text:inv_get_compass_set)
                  0000e4ac    0000003c     results_holder.obj (.text:inv_get_linear_accel)
                  0000e4e8    0000003c     ml_math_func.obj (.text:inv_q_rotate)
                  0000e524    0000003a     inv_mpu_dmp_motion_driver.obj (.text:dmp_enable_6x_lp_quat)
                  0000e55e    0000003a     inv_mpu_dmp_motion_driver.obj (.text:dmp_enable_lp_quat)
                  0000e598    00000038     rtsv7M4_T_le_v4SPD16_eabi.lib : boot_cortex_m.c.obj (.text:_c_int00_noargs:_c_int00_noargs)
                  0000e5d0    00000038     ml_math_func.obj (.text:inv_row_2_scale)
                  0000e608    00000038     inv_mpu.obj (.text:mpu_get_gyro_fsr)
                  0000e640    00000038     rtsv7M4_T_le_v4SPD16_eabi.lib : fs_tod_t2.asm.obj (.text)
                  0000e678    00000036     imu.obj (.text:mag_set_scale)
                  0000e6ae    00000002     --HOLE-- [fill = 0]
                  0000e6b0    00000034     driverlib.lib : sysctl.obj (.text:SysCtlPeripheralEnable)
                  0000e6e4    00000034     data_builder.obj (.text:inv_get_accel_set)
                  0000e718    00000034     results_holder.obj (.text:inv_get_quaternion)
                  0000e74c    00000034     results_holder.obj (.text:inv_set_motion_state)
                  0000e780    00000032     imu.obj (.text:gyro_set_scale)
                  0000e7b2    00000032     ml_math_func.obj (.text:mlMatrixVectorMult)
                  0000e7e4    00000030     inv_mpu_dmp_motion_driver.obj (.text:dmp_set_shake_reject_thresh)
                  0000e814    00000030     imu.obj (.text:gyro_setup)
                  0000e844    00000030     data_builder.obj (.text:inv_build_gyro)
                  0000e874    00000030     data_builder.obj (.text:inv_build_quat)
                  0000e8a4    00000030     results_holder.obj (.text:inv_init_results_holder)
                  0000e8d4    00000030     data_builder.obj (.text:inv_set_compass_sample_rate)
                  0000e904    0000002e     imu.obj (.text:accel_lsm9_set_scale)
                  0000e932    0000002e     rtsv7M4_T_le_v4SPD16_eabi.lib : i_tofd_t2.asm.obj (.text)
                  0000e960    0000002c     inv_mpu_dmp_motion_driver.obj (.text:dmp_enable_gyro_cal)
                  0000e98c    0000002c     data_builder.obj (.text:inv_set_accel_sample_rate)
                  0000e9b8    0000002a     driverlib.lib : gpio.obj (.text:GPIODirModeSet)
                  0000e9e2    00000002     --HOLE-- [fill = 0]
                  0000e9e4    00000028     data_builder.obj (.text:inv_build_temp)
                  0000ea0c    00000028     start_manager.obj (.text:inv_execute_mpl_start_notification)
                  0000ea34    00000028     data_builder.obj (.text:inv_get_gyro_set)
                  0000ea5c    00000028     data_builder.obj (.text:inv_set_gyro_sample_rate)
                  0000ea84    00000028     rtsv7M4_T_le_v4SPD16_eabi.lib : e_sqrtf.c.obj (.text:sqrtf)
                  0000eaac    00000028                                   : vsprintf.c.obj (.text:vsprintf)
                  0000ead4    00000026     ml_math_func.obj (.text:inv_orientation_matrix_to_scalar)
                  0000eafa    00000002     --HOLE-- [fill = 0]
                  0000eafc    00000024     data_builder.obj (.text:inv_get_gyro_bias)
                  0000eb20    00000024     eMPL_outputs.obj (.text:inv_get_sensor_type_quat)
                  0000eb44    00000024     ml_math_func.obj (.text:inv_q_add)
                  0000eb68    00000024     results_holder.obj (.text:inv_set_compass_correction)
                  0000eb8c    00000024     results_holder.obj (.text:inv_store_gaming_quaternion)
                  0000ebb0    00000024     imu.obj (.text:mag_setup)
                  0000ebd4    00000024     rtsv7M4_T_le_v4SPD16_eabi.lib : memcmp.c.obj (.text:memcmp)
                  0000ebf8    00000024                                   : memmov.c.obj (.text:memmove)
                  0000ec1c    00000022     inv_mpu_dmp_motion_driver.obj (.text:dmp_set_tap_count)
                  0000ec3e    00000020     inv_mpu_dmp_motion_driver.obj (.text:dmp_set_shake_reject_time)
                  0000ec5e    00000020     inv_mpu_dmp_motion_driver.obj (.text:dmp_set_shake_reject_timeout)
                  0000ec7e    00000020     inv_mpu_dmp_motion_driver.obj (.text:dmp_set_tap_time)
                  0000ec9e    00000020     inv_mpu_dmp_motion_driver.obj (.text:dmp_set_tap_time_multi)
                  0000ecbe    00000020     imu.obj (.text:init_imu_scaledStruct)
                  0000ecde    00000002     --HOLE-- [fill = 0]
                  0000ece0    00000020     start_manager.obj (.text:inv_register_mpl_start_notification)
                  0000ed00    00000020     data_builder.obj (.text:inv_set_accel_accuracy)
                  0000ed20    00000020     imu.obj (.text:make_disable_ptrs)
                  0000ed40    00000020     inv_mpu.obj (.text:mpu_get_sample_rate)
                  0000ed60    0000001e     i2c_functions.obj (.text:i2c_write)
                  0000ed7e    0000001e     ml_math_func.obj (.text:inv_q_invertf)
                  0000ed9c    0000001c     uart_echo.obj (.text:UARTIntHandler)
                  0000edb8    0000001c     results_holder.obj (.text:inv_get_compass_correction)
                  0000edd4    0000001c     data_builder.obj (.text:inv_get_compass_soft_iron_output_data)
                  0000edf0    0000001c     data_builder.obj (.text:inv_get_gyro_bias_tc_set)
                  0000ee0c    0000001c     data_builder.obj (.text:inv_get_mag_accuracy)
                  0000ee28    0000001c     storage_manager.obj (.text:inv_init_storage_manager)
                  0000ee44    0000001c     rtsv7M4_T_le_v4SPD16_eabi.lib : memccpy.c.obj (.text:memccpy)
                  0000ee60    0000001a     uartstdio.obj (.text:UARTprintf)
                  0000ee7a    0000001a     ml_math_func.obj (.text:inv_get_gyro_sum_of_sqr)
                  0000ee94    00000018     rtsv7M4_T_le_v4SPD16_eabi.lib : sprintf.c.obj (.text:_outs)
                  0000eeac    00000018                                   : vsprintf.c.obj (.text:_outs)
                  0000eec4    00000018     imu.obj (.text:accel_lsm9_write_reg)
                  0000eedc    00000018     mpu_9150.obj (.text:delay)
                  0000eef4    00000018     uart_echo.obj (.text:delay_ms)
                  0000ef0c    00000018     uart_echo.obj (.text:enable_systick)
                  0000ef24    00000018     imu.obj (.text:gyro_write_reg)
                  0000ef3c    00000018     eMPL_outputs.obj (.text:inv_get_sensor_type_accel)
                  0000ef54    00000018     eMPL_outputs.obj (.text:inv_get_sensor_type_gyro)
                  0000ef6c    00000018     ml_math_func.obj (.text:inv_q_invert)
                  0000ef84    00000018     results_holder.obj (.text:inv_start_results_holder)
                  0000ef9c    00000018     imu.obj (.text:mag_write_reg)
                  0000efb4    00000016     rtsv7M4_T_le_v4SPD16_eabi.lib : strchr.c.obj (.text:strchr)
                  0000efca    00000002     --HOLE-- [fill = 0]
                  0000efcc    00000014     driverlib.lib : systick.obj (.text:SysTickEnable)
                  0000efe0    00000014                   : systick.obj (.text:SysTickIntEnable)
                  0000eff4    00000014     rtsv7M4_T_le_v4SPD16_eabi.lib : s_copysign.c.obj (.text:copysign)
                  0000f008    00000014     inv_mpu_dmp_motion_driver.obj (.text:dmp_load_motion_driver_firmware)
                  0000f01c    00000014     data_builder.obj (.text:inv_db_save_func)
                  0000f030    00000014     eMPL_outputs.obj (.text:inv_enable_eMPL_outputs)
                  0000f044    00000014     results_holder.obj (.text:inv_enable_results_holder)
                  0000f058    00000014     results_holder.obj (.text:inv_generate_results)
                  0000f06c    00000014     results_holder.obj (.text:inv_get_6axis_quaternion)
                  0000f080    00000014     data_builder.obj (.text:inv_get_compass_bias)
                  0000f094    00000014     eMPL_outputs.obj (.text:inv_get_sensor_type_compass)
                  0000f0a8    00000014     eMPL_outputs.obj (.text:inv_init_eMPL_outputs)
                  0000f0bc    00000014     start_manager.obj (.text:inv_init_start_manager)
                  0000f0d0    00000014     data_builder.obj (.text:inv_set_accel_orientation_and_scale)
                  0000f0e4    00000014     data_builder.obj (.text:inv_set_compass_orientation_and_scale)
                  0000f0f8    00000014     data_builder.obj (.text:inv_set_gyro_orientation_and_scale)
                  0000f10c    00000014     message_layer.obj (.text:inv_set_message)
                  0000f120    00000014     inv_mpu.obj (.text:mpu_get_compass_fsr)
                  0000f134    00000014     rtsv7M4_T_le_v4SPD16_eabi.lib : strlen.c.obj (.text:strlen)
                  0000f148    00000012     driverlib.lib : gpio.obj (.text:GPIOPinTypeI2C)
                  0000f15a    00000012                   : gpio.obj (.text:GPIOPinTypeI2CSCL)
                  0000f16c    00000012                   : gpio.obj (.text:GPIOPinTypeUART)
                  0000f17e    00000012     rtsv7M4_T_le_v4SPD16_eabi.lib : wcslen.c.obj (.text:wcslen)
                  0000f190    00000010     driverlib.lib : interrupt.obj (.text:IntMasterEnable)
                  0000f1a0    00000010                   : systick.obj (.text:SysTickPeriodSet)
                  0000f1b0    00000010     data_builder.obj (.text:inv_get_accel_on)
                  0000f1c0    00000010     results_holder.obj (.text:inv_get_compass_bias_error)
                  0000f1d0    00000010     data_builder.obj (.text:inv_get_compass_on)
                  0000f1e0    00000010     data_builder.obj (.text:inv_get_gyro)
                  0000f1f0    00000010     data_builder.obj (.text:inv_get_gyro_on)
                  0000f200    00000010     results_holder.obj (.text:inv_get_local_field)
                  0000f210    00000010     results_holder.obj (.text:inv_get_motion_state)
                  0000f220    00000010     results_holder.obj (.text:inv_set_compass_bias_error)
                  0000f230    00000010     eMPL_outputs.obj (.text:inv_start_eMPL_outputs)
                  0000f240    00000010     uart_echo.obj (.text:systick_int_handler)
                  0000f250    00000010     uart_echo.obj (.text:wait_until)
                  0000f260    0000000e     rtsv7M4_T_le_v4SPD16_eabi.lib : fd_eabi_t2.asm.obj (.text:__aeabi_dcmpeq)
                  0000f26e    0000000e                                   : fd_eabi_t2.asm.obj (.text:__aeabi_dcmpgt)
                  0000f27c    0000000e                                   : fd_eabi_t2.asm.obj (.text:__aeabi_dcmple)
                  0000f28a    0000000e                                   : fd_eabi_t2.asm.obj (.text:__aeabi_dcmplt)
                  0000f298    0000000e     imu.obj (.text:accel_lsm9_setup)
                  0000f2a6    0000000e     rtsv7M4_T_le_v4SPD16_eabi.lib : copy_decompress_none.c.obj (.text:decompress:none:__TI_decompress_none)
                  0000f2b4    0000000e     i2c_functions.obj (.text:i2c_read)
                  0000f2c2    0000000c     driverlib.lib : cpu.obj (.text:CPUcpsie)
                  0000f2ce    0000000c     rtsv7M4_T_le_v4SPD16_eabi.lib : copy_zero_init.c.obj (.text:decompress:ZI:__TI_zero_init)
                  0000f2da    00000002     --HOLE-- [fill = 0]
                  0000f2dc    0000000c     uart_echo.obj (.text:get_ms)
                  0000f2e8    0000000c     data_builder.obj (.text:inv_disable_compass_soft_iron_matrix)
                  0000f2f4    0000000c     results_holder.obj (.text:inv_get_acc_state)
                  0000f300    0000000c     data_builder.obj (.text:inv_get_accel_accuracy)
                  0000f30c    0000000c     results_holder.obj (.text:inv_get_compass_state)
                  0000f318    0000000c     data_builder.obj (.text:inv_get_gyro_accuracy)
                  0000f324    0000000c     results_holder.obj (.text:inv_get_large_mag_field)
                  0000f330    0000000c     results_holder.obj (.text:inv_got_compass_bias)
                  0000f33c    0000000c     ml_math_func.obj (.text:inv_q29_mult)
                  0000f348    0000000c     ml_math_func.obj (.text:inv_q30_mult)
                  0000f354    0000000c     results_holder.obj (.text:inv_set_accel_bias_found)
                  0000f360    0000000c     results_holder.obj (.text:inv_set_compass_bias_found)
                  0000f36c    0000000c     data_builder.obj (.text:inv_set_compass_disturbance)
                  0000f378    0000000c     results_holder.obj (.text:inv_set_compass_state)
                  0000f384    0000000a     driverlib.lib : i2c.obj (.text:I2CMasterEnable)
                  0000f38e    0000000a                   : uart.obj (.text:UARTIntStatus)
                  0000f398    0000000a     rtsv7M4_T_le_v4SPD16_eabi.lib : sprintf.c.obj (.text:_outc)
                  0000f3a2    0000000a                                   : vsprintf.c.obj (.text:_outc)
                  0000f3ac    00000008     driverlib.lib : i2c.obj (.text:I2CMasterBusy)
                  0000f3b4    00000008                   : i2c.obj (.text:I2CMasterSlaveAddrSet)
                  0000f3bc    00000008     rtsv7M4_T_le_v4SPD16_eabi.lib : errno.c.obj (.text:__aeabi_errno_addr)
                  0000f3c4    00000006     startup_ccs.obj (.text:ResetISR)
                  0000f3ca    00000006     driverlib.lib : sysctl.obj (.text:SysCtlDelay)
                  0000f3d0    00000006                   : uart.obj (.text:UARTClockSourceSet)
                  0000f3d6    00000006     data_builder.obj (.text:set_sensor_orientation_and_scale)
                  0000f3dc    00000004     driverlib.lib : i2c.obj (.text:I2CMasterControl)
                  0000f3e0    00000004                   : i2c.obj (.text:I2CMasterDataGet)
                  0000f3e4    00000004                   : i2c.obj (.text:I2CMasterDataPut)
                  0000f3e8    00000004                   : uart.obj (.text:UARTIntClear)
                  0000f3ec    00000004     rtsv7M4_T_le_v4SPD16_eabi.lib : pre_init.c.obj (.text:_system_pre_init)
                  0000f3f0    00000004                                   : exit.c.obj (.text:abort:abort)

.const     0    0000f3f8    000010e3     
                  0000f3f8    00000bf6     inv_mpu_dmp_motion_driver.obj (.const:.string:dmp_memory)
                  0000ffee    00000002     --HOLE-- [fill = 0]
                  0000fff0    00000158     rtsv7M4_T_le_v4SPD16_eabi.lib : k_rem_pio2.c.obj (.const:$O1$$)
                  00010148    00000101                                   : ctype.c.obj (.const:.string:_ctypes_)
                  00010249    00000003     inv_mpu_dmp_motion_driver.obj (.const:.string:$P$T0$1)
                  0001024c    00000003     inv_mpu_dmp_motion_driver.obj (.const:.string:$P$T1$2)
                  0001024f    00000001     --HOLE-- [fill = 0]
                  00010250    00000098     rtsv7M4_T_le_v4SPD16_eabi.lib : s_atan.c.obj (.const:$O1$$)
                  000102e8    00000090     driverlib.lib : gpio.obj (.const:g_pui32GPIOBaseAddrs)
                  00010378    0000006c                   : sysctl.obj (.const:g_pui32Xtals)
                  000103e4    00000034     rtsv7M4_T_le_v4SPD16_eabi.lib : s_atanf.c.obj (.const:$O1$$)
                  00010418    0000002a     inv_mpu.obj (.const:reg)
                  00010442    00000002     --HOLE-- [fill = 0]
                  00010444    00000028     inv_mpu.obj (.const:test)
                  0001046c    0000000e     mpl.obj (.const:.string:$P$T1$2)
                  0001047a    0000000e     inv_mpu.obj (.const:hw)
                  00010488    0000000d     mpl.obj (.const:.string:$P$T0$1)
                  00010495    0000000c     inv_mpu_dmp_motion_driver.obj (.const:.string:$P$T4$5)
                  000104a1    00000003     inv_mpu_dmp_motion_driver.obj (.const:.string:$P$T2$3)
                  000104a4    0000000c     uartstdio.obj (.const:g_ui32UARTBase)
                  000104b0    0000000c     uartstdio.obj (.const:g_ui32UARTPeriph)
                  000104bc    0000000a     mpu_interface.obj (.const:.string)
                  000104c6    00000009     inv_mpu_dmp_motion_driver.obj (.const:.string:$P$T5$6)
                  000104cf    00000009     inv_mpu_dmp_motion_driver.obj (.const:.string:$P$T6$7)
                  000104d8    00000003     inv_mpu_dmp_motion_driver.obj (.const:.string:$P$T3$4)

.cinit     0    000104e8    00000060     
                  000104e8    00000039     (.cinit..data.load) [load image, compression = lzss]
                  00010521    00000003     --HOLE-- [fill = 0]
                  00010524    0000000c     (__TI_handler_table)
                  00010530    00000008     (.cinit..bss.load) [load image, compression = zero_init]
                  00010538    00000010     (__TI_cinit_table)

.init_array 
*          0    00000000    00000000     UNINITIALIZED

.bss       0    20000000    000016a0     UNINITIALIZED
                  20000000    000004b8     liblibmplmpu-m4-hardfp.a : accel_auto_cal.o (.bss)
                  200004b8    00000260     (.common:fnm)
                  20000718    000001c4                              : gyro_tc.o (.bss)
                  200008dc    00000004     message_layer.obj (.bss:mh)
                  200008e0    000001a8     (.common:vc)
                  20000a88    00000198     storage_manager.obj (.bss:ds)
                  20000c20    00000198     data_builder.obj (.bss:sensors)
                  20000db8    00000140     data_builder.obj (.bss:inv_data_builder)
                  20000ef8    00000138     (.common:s9axis)
                  20001030    000000e8     (.common:cb)
                  20001118    000000e8     (.common:cb_sim)
                  20001200    000000e8     (.common:cb_test)
                  200012e8    000000c4     hal_outputs.obj (.bss:hal_out)
                  200013ac    000000b8     liblibmplmpu-m4-hardfp.a : mag_disturb.o (.bss)
                  20001464    00000088     results_holder.obj (.bss:rh)
                  200014ec    0000006c     liblibmplmpu-m4-hardfp.a : quaternion_supervisor.o (.bss)
                  20001558    00000054     start_manager.obj (.bss:inv_start_cb)
                  200015ac    00000004     (.common:f)
                  200015b0    00000048     liblibmplmpu-m4-hardfp.a : heading_from_gyro.o (.bss)
                  200015f8    00000040                              : fast_no_motion.o (.bss)
                  20001638    00000034     (.common:b)
                  2000166c    00000028     eMPL_outputs.obj (.bss:eMPL_out)
                  20001694    0000000c     imu.obj (.bss)

.data      0    200026a0    000000b0     UNINITIALIZED
                  200026a0    00000038     inv_mpu.obj (.data:st)
                  200026d8    00000024     mpu_interface.obj (.data:hal)
                  200026fc    00000010     inv_mpu_dmp_motion_driver.obj (.data:dmp)
                  2000270c    00000010     liblibmplmpu-m4-hardfp.a : compass_vec_cal.o (.data)
                  2000271c    00000009     mpu_interface.obj (.data:compass_pdata)
                  20002725    00000009     mpu_interface.obj (.data:gyro_pdata)
                  2000272e    00000002     --HOLE--
                  20002730    00000008     mpu_interface.obj (.data)
                  20002738    00000008     uart_echo.obj (.data)
                  20002740    00000005     uartstdio.obj (.data)
                  20002745    00000003     --HOLE--
                  20002748    00000004     imu.obj (.data)
                  2000274c    00000004     rtsv7M4_T_le_v4SPD16_eabi.lib : errno.c.obj (.data)

.stack     0    200016a0    00001000     UNINITIALIZED
                  200016a0    00000004     rtsv7M4_T_le_v4SPD16_eabi.lib : boot_cortex_m.c.obj (.stack)
                  200016a4    00000ffc     --HOLE--

.rodata.str1.4 
*          0    000104dc    0000000c     
                  000104dc    0000000c     liblibmplmpu-m4-hardfp.a : quaternion_supervisor.o (.rodata.str1.4)

MODULE SUMMARY

       Module                          code    ro data   rw data
       ------                          ----    -------   -------
    ./
       uart_echo.obj                   958     0         64     
       startup_ccs.obj                 12      620       0      
    +--+-------------------------------+-------+---------+---------+
       Total:                          970     620       64     
                                                                
    ./MPU/core/driver/eMPL/
       inv_mpu_dmp_motion_driver.obj   2062    3104      16     
       inv_mpu.obj                     4200    96        56     
    +--+-------------------------------+-------+---------+---------+
       Total:                          6262    3200      72     
                                                                
    ./MPU/core/driver/stm32L/
       log_stm32.obj                   148     0         0      
    +--+-------------------------------+-------+---------+---------+
       Total:                          148     0         0      
                                                                
    ./MPU/core/eMPL-hal/
       eMPL_outputs.obj                760     0         40     
    +--+-------------------------------+-------+---------+---------+
       Total:                          760     0         40     
                                                                
    ./MPU/core/mllite/
       data_builder.obj                2390    0         728    
       ml_math_func.obj                1648    0         0      
       results_holder.obj              940     0         136    
       storage_manager.obj             136     0         408    
       mpl.obj                         284     27        0      
       hal_outputs.obj                 112     0         196    
       start_manager.obj               160     0         84     
       message_layer.obj               20      0         4      
    +--+-------------------------------+-------+---------+---------+
       Total:                          5690    27        1556   
                                                                
    ./MPU_interface/
       mpu_interface.obj               1256    10        62     
    +--+-------------------------------+-------+---------+---------+
       Total:                          1256    10        62     
                                                                
    ./i2c_functions/
       i2c_TM4C.obj                    504     0         0      
       i2c_functions.obj               44      0         0      
    +--+-------------------------------+-------+---------+---------+
       Total:                          548     0         0      
                                                                
    ./include/
       uartstdio.obj                   684     24        5      
       imu.obj                         560     0         16     
       i2c_tm4c.obj                    184     0         0      
       mpu_9150.obj                    24      0         0      
    +--+-------------------------------+-------+---------+---------+
       Total:                          1452    24        21     
                                                                
    /Applications/ti/TivaWare_C_Series-2.1.4.178/driverlib/ccs/Debug/driverlib.lib
       sysctl.obj                      654     108       0      
       gpio.obj                        474     144       0      
       i2c.obj                         114     0         0      
       systick.obj                     56      0         0      
       uart.obj                        20      0         0      
       interrupt.obj                   16      0         0      
       cpu.obj                         12      0         0      
    +--+-------------------------------+-------+---------+---------+
       Total:                          1346    252       0      
                                                                
    /Applications/ti/ccsv8/tools/compiler/ti-cgt-arm_18.1.1.LTS/lib/rtsv7M4_T_le_v4SPD16_eabi.lib
       _printfi.c.obj                  4863    0         0      
       k_rem_pio2.c.obj                1848    344       0      
       s_cos.c.obj                     1500    0         0      
       e_acos.c.obj                    1052    0         0      
       e_log.c.obj                     964     0         0      
       s_atan.c.obj                    748     152       0      
       e_atan2.c.obj                   492     0         0      
       fd_add_t2.asm.obj               438     0         0      
       e_acosf.c.obj                   404     0         0      
       s_atanf.c.obj                   336     52        0      
       k_sin.c.obj                     372     0         0      
       k_cos.c.obj                     364     0         0      
       e_atan2f.c.obj                  344     0         0      
       e_sqrt.c.obj                    344     0         0      
       fd_div_t2.asm.obj               310     0         0      
       s_scalbn.c.obj                  272     0         0      
       fd_cmp_t2.asm.obj               268     0         0      
       ctype.c.obj                     0       257       0      
       fd_mul_t2.asm.obj               252     0         0      
       s_floor.c.obj                   248     0         0      
       s_cosf.c.obj                    180     0         0      
       s_sinf.c.obj                    164     0         0      
       memcpy_t2.asm.obj               156     0         0      
       ull_div_t2.asm.obj              150     0         0      
       memset_t2.asm.obj               122     0         0      
       fd_tos_t2.asm.obj               110     0         0      
       ll_div_t2.asm.obj               110     0         0      
       fs_toll_t2.asm.obj              108     0         0      
       copy_decompress_lzss.c.obj      104     0         0      
       s_frexp.c.obj                   100     0         0      
       sprintf.c.obj                   98      0         0      
       ltoa.c.obj                      84      0         0      
       atoi.c.obj                      76      0         0      
       vsprintf.c.obj                  74      0         0      
       fd_toi_t2.asm.obj               72      0         0      
       ll_tofs_t2.asm.obj              72      0         0      
       autoinit.c.obj                  68      0         0      
       ll_tofd_t2.asm.obj              64      0         0      
       u_divt2.asm.obj                 64      0         0      
       boot_cortex_m.c.obj             56      0         0      
       fd_eabi_t2.asm.obj              56      0         0      
       fs_tod_t2.asm.obj               56      0         0      
       i_tofd_t2.asm.obj               46      0         0      
       e_sqrtf.c.obj                   40      0         0      
       memcmp.c.obj                    36      0         0      
       memmov.c.obj                    36      0         0      
       memccpy.c.obj                   28      0         0      
       strchr.c.obj                    22      0         0      
       s_copysign.c.obj                20      0         0      
       strlen.c.obj                    20      0         0      
       wcslen.c.obj                    18      0         0      
       copy_decompress_none.c.obj      14      0         0      
       copy_zero_init.c.obj            12      0         0      
       errno.c.obj                     8       0         4      
       exit.c.obj                      4       0         0      
       pre_init.c.obj                  4       0         0      
       div0.asm.obj                    2       0         0      
    +--+-------------------------------+-------+---------+---------+
       Total:                          17873   805       4      
                                                                
    /Users/crohan009/Documents/Stuff/USR18/code base/LM4F_TM4C_uart/MPU/core/mpl/liblibmplmpu-m4-hardfp.a
       compass_vec_cal.o               9264    0         1136   
       accel_auto_cal.o                3480    0         1208   
       fast_no_motion.o                3472    0         672    
       quaternion_supervisor.o         2680    12        108    
       fusion_9axis.o                  1888    0         312    
       gyro_tc.o                       1440    0         452    
       mag_disturb.o                   1664    0         184    
       heading_from_gyro.o             1600    0         72     
    +--+-------------------------------+-------+---------+---------+
       Total:                          25488   12        4144   
                                                                
       Stack:                          0       0         4096   
       Linker Generated:               0       93        0      
    +--+-------------------------------+-------+---------+---------+
       Grand Total:                    61793   5043      10059  


LINKER GENERATED COPY TABLES

__TI_cinit_table @ 00010538 records: 2, size/record: 8, table size: 16
	.data: load addr=000104e8, load size=00000039 bytes, run addr=200026a0, run size=000000b0 bytes, compression=lzss
	.bss: load addr=00010530, load size=00000008 bytes, run addr=20000000, run size=000016a0 bytes, compression=zero_init


LINKER GENERATED HANDLER TABLE

__TI_handler_table @ 00010524 records: 3, size/record: 4, table size: 12
	index: 0, handler: __TI_decompress_lzss
	index: 1, handler: __TI_decompress_none
	index: 2, handler: __TI_zero_init


GLOBAL SYMBOLS: SORTED ALPHABETICALLY BY Name 

address   name                                    
-------   ----                                    
0000f3f1  C$$EXIT                                 
0000f2c3  CPUcpsie                                
000066b5  ComputeAngleVelocity                    
0000ddb5  ConfigureUART                           
0000e9b9  GPIODirModeSet                          
0000af6d  GPIOPadConfigSet                        
0000df7d  GPIOPinConfigure                        
0000f149  GPIOPinTypeI2C                          
0000f15b  GPIOPinTypeI2CSCL                       
0000f16d  GPIOPinTypeUART                         
0000f3ad  I2CMasterBusy                           
0000f3dd  I2CMasterControl                        
0000f3e1  I2CMasterDataGet                        
0000f3e5  I2CMasterDataPut                        
0000f385  I2CMasterEnable                         
0000de01  I2CMasterInitExpClk                     
0000f3b5  I2CMasterSlaveAddrSet                   
0000d95d  I2CReceive                              
0000f191  IntMasterEnable                         
00006715  Mag3ofNormalizedLong                    
000067e9  MagDisturbCheckSettling                 
00006769  MagDisturbSetDisturbance                
0000f3c5  ResetISR                                
0000b3f5  SysCtlClockGet                          
0000b905  SysCtlClockSet                          
0000f3cb  SysCtlDelay                             
0000e6b1  SysCtlPeripheralEnable                  
0000dd15  SysCtlPeripheralReset                   
0000efcd  SysTickEnable                           
0000efe1  SysTickIntEnable                        
0000f1a1  SysTickPeriodSet                        
0000f3d1  UARTClockSourceSet                      
0000f3e9  UARTIntClear                            
0000ed9d  UARTIntHandler                          
0000f38f  UARTIntStatus                           
0000d7e5  UARTStdioConfig                         
0000ee61  UARTprintf                              
00009129  UARTvprintf                             
0000dfc5  UARTwrite                               
0000c9e7  _MLPrintLog                             
200026a0  __STACK_END                             
00001000  __STACK_SIZE                            
200018a0  __STACK_TOP                             
00010538  __TI_CINIT_Base                         
00010548  __TI_CINIT_Limit                        
00010524  __TI_Handler_Table_Base                 
00010530  __TI_Handler_Table_Limit                
0000e09d  __TI_auto_init_nobinit_nopinit          
0000d325  __TI_decompress_lzss                    
0000f2a7  __TI_decompress_none                    
ffffffff  __TI_pprof_out_hndl                     
00004c41  __TI_printfi                            
ffffffff  __TI_prof_data_size                     
ffffffff  __TI_prof_data_start                    
00000000  __TI_static_base__                      
0000f2cf  __TI_zero_init                          
0000cd39  __aeabi_cdcmpeq                         
0000cd39  __aeabi_cdcmple                         
0000cdbf  __aeabi_cdrcmple                        
0000d103  __aeabi_d2f                             
0000e00d  __aeabi_d2iz                            
00009a3f  __aeabi_dadd                            
0000f261  __aeabi_dcmpeq                          
0000f26f  __aeabi_dcmpgt                          
0000f27d  __aeabi_dcmple                          
0000f28b  __aeabi_dcmplt                          
0000ad01  __aeabi_ddiv                            
0000b711  __aeabi_dmul                            
00009a35  __aeabi_dsub                            
0000f3bd  __aeabi_errno_addr                      
0000e641  __aeabi_f2d                             
0000d2b9  __aeabi_f2lz                            
0000e933  __aeabi_i2d                             
0000ae37  __aeabi_idiv0                           
0000e371  __aeabi_l2d                             
0000e055  __aeabi_l2f                             
0000ae37  __aeabi_ldiv0                           
0000d171  __aeabi_ldivmod                         
0000cec1  __aeabi_memclr                          
0000cec1  __aeabi_memclr4                         
0000cec1  __aeabi_memclr8                         
0000c81d  __aeabi_memcpy                          
0000c81d  __aeabi_memcpy4                         
0000c81d  __aeabi_memcpy8                         
0000cec3  __aeabi_memset                          
0000cec3  __aeabi_memset4                         
0000cec3  __aeabi_memset8                         
0000e3b1  __aeabi_uidiv                           
0000e3b1  __aeabi_uidivmod                        
0000c951  __aeabi_uldivmod                        
ffffffff  __binit__                               
ffffffff  __c_args__                              
0000a3b5  __kernel_cos                            
00005e01  __kernel_rem_pio2                       
0000a241  __kernel_sin                            
UNDEFED   __mpu_init                              
200016a0  __stack                                 
0000e599  _c_int00_noargs                         
00010148  _ctypes_                                
UNDEFED   _system_post_cinit                      
0000f3ed  _system_pre_init                        
0000f3f1  abort                                   
0000e905  accel_lsm9_set_scale                    
0000f299  accel_lsm9_setup                        
0000eec5  accel_lsm9_write_reg                    
00007d75  acos                                    
00009d8d  acosf                                   
00007d75  acosl                                   
00008555  atan                                    
00008f3d  atan2                                   
0000a685  atan2f                                  
00008f3d  atan2l                                  
0000a935  atanf                                   
00008555  atanl                                   
0000de4d  atoi                                    
20001638  b                                       
ffffffff  binit                                   
20001030  cb                                      
20001118  cb_sim                                  
20001200  cb_test                                 
0000eff5  copysign                                
0000eff5  copysignl                               
000071f9  cos                                     
0000c211  cosf                                    
000071f9  cosl                                    
20002738  data                                    
0000eedd  delay                                   
0000eef5  delay_ms                                
0000e525  dmp_enable_6x_lp_quat                   
0000987d  dmp_enable_feature                      
0000e961  dmp_enable_gyro_cal                     
0000e55f  dmp_enable_lp_quat                      
0000f009  dmp_load_motion_driver_firmware         
00009f21  dmp_read_fifo                           
0000d8a5  dmp_set_fifo_rate                       
0000aa85  dmp_set_orientation                     
0000e7e5  dmp_set_shake_reject_thresh             
0000ec3f  dmp_set_shake_reject_time               
0000ec5f  dmp_set_shake_reject_timeout            
0000e1ef  dmp_set_tap_axes                        
0000ec1d  dmp_set_tap_count                       
0000b0a1  dmp_set_tap_thresh                      
0000ec7f  dmp_set_tap_time                        
0000ec9f  dmp_set_tap_time_multi                  
0000ef0d  enable_systick                          
2000274c  errno                                   
200015ac  f                                       
0000b80d  floor                                   
0000b80d  floorl                                  
200004b8  fnm                                     
0000d4c5  frexp                                   
0000d4c5  frexpl                                  
00000000  g_pfnVectors                            
0000f2dd  get_ms                                  
0000e781  gyro_set_scale                          
0000e815  gyro_setup                              
0000ef25  gyro_write_reg                          
20002730  hal_timestamp                           
0001047a  hw                                      
0000d1e1  i2c_common_setup                        
0000f2b5  i2c_read                                
0000c58d  i2c_read_bytes                          
0000ed61  i2c_write                               
0000cb0d  i2c_write_bytes                         
0000d9b5  i2c_write_reg                           
0000d845  i2c_write_reg_lsm                       
0000c42d  init_imu                                
0000ecbf  init_imu_scaledStruct                   
00003875  int_set_fast_nomot_gyro_threshold       
00005da1  inv_9x_fusion_enable_jitter_reduction   
00005d91  inv_9x_fusion_set_mag_fb                
00005db1  inv_9x_fusion_use_timestamps            
00002949  inv_add_accel_block_data                
00001925  inv_add_compass_block_data              
000029fd  inv_add_vector_block_data               
0000d38d  inv_apply_calibration                   
00002c49  inv_auto_calibrate                      
0000cfb5  inv_build_accel                         
0000c8b9  inv_build_compass                       
0000e845  inv_build_gyro                          
0000e875  inv_build_quat                          
0000e9e5  inv_build_temp                          
000011c5  inv_center_sum                          
000004dd  inv_cheap_gaussian                      
000004a5  inv_cheap_rand                          
00006841  inv_check_magnetic_disturbance          
00002ab1  inv_check_sample_balance                
000019d5  inv_check_sim                           
000005a1  inv_combine_compass_data                
0000bd8d  inv_compass_angle                       
00000a21  inv_compute_bias                        
0000d529  inv_convert_to_body_with_scale          
00003b8d  inv_detect_motion_by_gyro_accel         
00005df1  inv_disable_9x_sensor_fusion            
0000f2e9  inv_disable_compass_soft_iron_matrix    
000065fd  inv_disable_dip_tracking                
000041a5  inv_disable_fast_nomot                  
00007d45  inv_disable_gyro_tc                     
000071dd  inv_disable_heading_from_gyro           
0000340d  inv_disable_in_use_auto_calibration     
000065e5  inv_disable_magnetic_disturbance        
00004c21  inv_disable_quaternion                  
00002685  inv_disable_vector_compass_cal          
00005dcd  inv_enable_9x_sensor_fusion             
0000660d  inv_enable_dip_tracking                 
0000f031  inv_enable_eMPL_outputs                 
0000418d  inv_enable_fast_nomot                   
00007d05  inv_enable_gyro_tc                      
000071ad  inv_enable_heading_from_gyro            
000033f5  inv_enable_in_use_auto_calibration      
000065b9  inv_enable_magnetic_disturbance         
00004c09  inv_enable_quaternion                   
0000f045  inv_enable_results_holder               
0000266d  inv_enable_vector_compass_cal           
0000ea0d  inv_execute_mpl_start_notification      
0000cb99  inv_execute_on_data                     
000039e5  inv_fast_nomot_get_time_elaps           
000036ad  inv_fast_nomot_parameter                
000036b9  inv_fast_nomot_parameter_3rd            
000039f1  inv_fast_nomot_parameter_compass        
000039b9  inv_fast_nomot_reset_data_compass       
00003799  inv_fast_nomot_set_gyro_bias            
000038cd  inv_fast_nomot_store_data               
0000396d  inv_fast_nomot_store_data_compass       
000056b1  inv_filter_correction_angle             
000041c5  inv_fnm_debug_print                     
00004441  inv_generate_accel_gyro_quaternion      
00003d71  inv_generate_fast_nomot                 
00004405  inv_generate_gyro_quaternion            
0000f059  inv_generate_results                    
0000254d  inv_generate_vector_compass_cal         
0000f06d  inv_get_6axis_quaternion                
0000f2f5  inv_get_acc_state                       
0000f301  inv_get_accel_accuracy                  
00003429  inv_get_accel_bias_stage                
0000f1b1  inv_get_accel_on                        
0000e6e5  inv_get_accel_set                       
0000f081  inv_get_compass_bias                    
0000f1c1  inv_get_compass_bias_error              
0000edb9  inv_get_compass_correction              
0000f1d1  inv_get_compass_on                      
0000e471  inv_get_compass_set                     
0000edd5  inv_get_compass_soft_iron_output_data   
0000f30d  inv_get_compass_state                   
00002819  inv_get_current_calibrated_accel        
000018cd  inv_get_current_calibrated_compass      
000038ad  inv_get_fast_nomot_accel_param          
0000388d  inv_get_fast_nomot_compass_param        
000041b9  inv_get_fnm_gyro_no_motion_param        
0000da0d  inv_get_gravity                         
0000f1e1  inv_get_gyro                            
0000f319  inv_get_gyro_accuracy                   
0000eafd  inv_get_gyro_bias                       
0000edf1  inv_get_gyro_bias_tc_set                
0000f1f1  inv_get_gyro_on                         
0000ea35  inv_get_gyro_set                        
0000ee7b  inv_get_gyro_sum_of_sqr                 
00007cb5  inv_get_gyro_ts                         
0000f325  inv_get_large_mag_field                 
0000e125  inv_get_last_timestamp                  
0000e4ad  inv_get_linear_accel                    
0000e271  inv_get_linear_accel_float              
0000f201  inv_get_local_field                     
0000ee0d  inv_get_mag_accuracy                    
00006bad  inv_get_magnetic_disturbance_state      
0000f211  inv_get_motion_state                    
0000e719  inv_get_quaternion                      
0000b9f9  inv_get_quaternion_set                  
00003a09  inv_get_right_shift_by_rounding         
0000ef3d  inv_get_sensor_type_accel               
0000f095  inv_get_sensor_type_compass             
000096c1  inv_get_sensor_type_euler               
0000d025  inv_get_sensor_type_gravity             
0000ef55  inv_get_sensor_type_gyro                
0000eb21  inv_get_sensor_type_quat                
0000f331  inv_got_compass_bias                    
00005d55  inv_init_9x_fusion                      
000027c1  inv_init_accel_maxmin                   
00002901  inv_init_check_sample_balance           
0000291d  inv_init_check_sample_balance_parameter 
0000e2b1  inv_init_data_builder                   
0000410d  inv_init_fast_nomot                     
00007c4d  inv_init_gyro_ts                        
0000717d  inv_init_heading_from_gyro              
00003351  inv_init_in_use_auto_calibration        
00006561  inv_init_magnetic_disturbance           
000035d5  inv_init_maxmin                         
0000c159  inv_init_mpl                            
00004be5  inv_init_quaternion                     
0000e8a5  inv_init_results_holder                 
0000f0bd  inv_init_start_manager                  
0000ee29  inv_init_storage_manager                
00002601  inv_init_vector_compass_cal             
00006b75  inv_magnetic_disturbance_process        
0000ead5  inv_orientation_matrix_to_scalar        
000058a1  inv_perform_9x_fusion                   
00007cf5  inv_print_gtc_data                      
00005cbd  inv_process_9x_sensor_fusion_cb         
00002431  inv_process_compass_only_cal            
0000f33d  inv_q29_mult                            
0000f349  inv_q30_mult                            
0000eb45  inv_q_add                               
0000e1ad  inv_q_addf                              
0000ef6d  inv_q_invert                            
0000ed7f  inv_q_invertf                           
0000bf1d  inv_q_mult                              
0000bcb9  inv_q_multf                             
0000cf3d  inv_q_norm4                             
0000bfdd  inv_q_normalizef                        
0000e4e9  inv_q_rotate                            
0000bbd9  inv_quaternion_to_rotation              
000027e1  inv_record_good_accel_maxmin            
00003af1  inv_record_max_moment_in_no_motion_accel
00003abd  inv_record_max_moment_in_no_motion_gyro 
00003b59  inv_record_min_moment_in_motion_accel   
00003b25  inv_record_min_moment_in_motion_gyro    
0000b615  inv_register_data_cb                    
0000d24d  inv_register_load_store                 
0000ece1  inv_register_mpl_start_notification     
0000da65  inv_reset_compass_soft_iron_matrix      
00001b41  inv_reset_data_collection               
00003a89  inv_reset_min_max_gyro_accel_statistics 
00006bc9  inv_run_heading_from_gyro               
00003cd1  inv_sensor_data_preprocess              
0000ed01  inv_set_accel_accuracy                  
0000f355  inv_set_accel_bias_found                
0000dbc5  inv_set_accel_bias_mask                 
0000f0d1  inv_set_accel_orientation_and_scale     
0000e98d  inv_set_accel_sample_rate               
0000de99  inv_set_compass_bias                    
0000f221  inv_set_compass_bias_error              
0000f361  inv_set_compass_bias_found              
0000eb69  inv_set_compass_correction              
0000f36d  inv_set_compass_disturbance             
0000f0e5  inv_set_compass_orientation_and_scale   
0000e8d5  inv_set_compass_sample_rate             
0000dc19  inv_set_compass_soft_iron_input_data    
0000f379  inv_set_compass_state                   
000040bd  inv_set_default_number_of_samples       
00003881  inv_set_fast_nomot_accel_threshold      
00003869  inv_set_fast_nomot_compass_threshold    
00007c85  inv_set_gtc_max_temp                    
00007ca5  inv_set_gtc_min_diff                    
00007c95  inv_set_gtc_min_temp                    
00007cdd  inv_set_gtc_order                       
0000d58d  inv_set_gyro_bias                       
0000f0f9  inv_set_gyro_orientation_and_scale      
0000ea5d  inv_set_gyro_sample_rate                
00007cd9  inv_set_gyro_ts                         
00006549  inv_set_magnetic_disturbance            
0000f10d  inv_set_message                         
0000e74d  inv_set_motion_state                    
00004411  inv_set_quaternion                      
00000715  inv_set_terms                           
0000285d  inv_sort_order_4_T                      
000056a1  inv_start_9x_sensor_fusion              
0000366d  inv_start_fast_nomot                    
000077d5  inv_start_gyro_tc                       
00006bb9  inv_start_heading_from_gyro             
00002701  inv_start_in_use_auto_calibration       
00006539  inv_start_magnetic_disturbance          
0000d5f1  inv_start_mpl                           
00004299  inv_start_quaternion                    
0000ef85  inv_start_results_holder                
00000271  inv_start_vector_compass_cal            
00005dc1  inv_stop_9x_sensor_fusion               
00004175  inv_stop_fast_nomot                     
00007cf9  inv_stop_gyro_tc                        
000071a1  inv_stop_heading_from_gyro              
000033e9  inv_stop_in_use_auto_calibration        
000065ad  inv_stop_magnetic_disturbance           
00004bd9  inv_stop_quaternion                     
000025f5  inv_stop_vector_compass_cal             
0000eb8d  inv_store_gaming_quaternion             
0000661d  inv_track_dip_angle                     
0000dee5  inv_unregister_data_cb                  
0000e169  inv_unregister_mpl_start_notification   
00000499  inv_vector_compass_cal_sensitivity      
0000b505  ldexp                                   
0000b505  ldexpl                                  
00008191  log                                     
00008191  logl                                    
0000dc6d  ltoa                                    
200013ac  mag_disturb                             
0000e679  mag_set_scale                           
0000ebb1  mag_setup                               
0000ef9d  mag_write_reg                           
00008841  main                                    
0000ee45  memccpy                                 
0000ebd5  memcmp                                  
0000c81d  memcpy                                  
0000ebf9  memmove                                 
0000cec9  memset                                  
0000e7b3  mlMatrixVectorMult                      
00007d75  ml_acos                                 
00008555  ml_atan                                 
00008f3d  ml_atan2                                
000071f9  ml_cos                                  
0000b80d  ml_floor                                
00008191  ml_log                                  
0000a7dd  ml_sqrt                                 
20002734  mpl_key                                 
0000dd65  mpu_configure_fifo                      
0000e2f1  mpu_get_accel_fsr                       
0000d655  mpu_get_accel_reg                       
0000f121  mpu_get_compass_fsr                     
0000c2c5  mpu_get_compass_reg                     
0000e331  mpu_get_euler                           
0000e609  mpu_get_gyro_fsr                        
0000b2e1  mpu_get_outputs                         
0000ed41  mpu_get_sample_rate                     
0000ca7d  mpu_get_temperature                     
0000be55  mpu_init                                
0000c4dd  mpu_load_firmware                       
0000c635  mpu_lp_accel_mode                       
00009bed  mpu_open                                
0000a0b1  mpu_read_fifo                           
0000c09d  mpu_read_fifo_stream                    
0000dabd  mpu_read_mem                            
0000a521  mpu_reset_fifo                          
0000d6b9  mpu_set_accel_fsr                       
0000baed  mpu_set_bypass                          
0000df31  mpu_set_compass_sample_rate             
0000ce45  mpu_set_dmp_state                       
0000d3f5  mpu_set_gyro_fsr                        
0000d71d  mpu_set_int_latched                     
0000d45d  mpu_set_lpf                             
0000cc25  mpu_set_sample_rate                     
0000ae39  mpu_set_sensors                         
00008d49  mpu_update                              
0000db15  mpu_write_mem                           
0000d781  print_float                             
00010418  reg                                     
20000ef8  s9axis                                  
0000b505  scalbn                                  
0000b505  scalbnl                                 
0000f3d7  set_sensor_orientation_and_scale        
0000c6dd  sinf                                    
0000e3f1  sprintf                                 
0000a7dd  sqrt                                    
0000ea85  sqrtf                                   
0000a7dd  sqrtl                                   
0000efb5  strchr                                  
0000f135  strlen                                  
0000f241  systick_int_handler                     
2000273c  systick_n                               
00010444  test                                    
200008e0  vc                                      
0000eaad  vsprintf                                
0000f251  wait_until                              
0000f17f  wcslen                                  


GLOBAL SYMBOLS: SORTED BY Symbol Address 

address   name                                    
-------   ----                                    
00000000  __TI_static_base__                      
00000000  g_pfnVectors                            
00000271  inv_start_vector_compass_cal            
00000499  inv_vector_compass_cal_sensitivity      
000004a5  inv_cheap_rand                          
000004dd  inv_cheap_gaussian                      
000005a1  inv_combine_compass_data                
00000715  inv_set_terms                           
00000a21  inv_compute_bias                        
00001000  __STACK_SIZE                            
000011c5  inv_center_sum                          
000018cd  inv_get_current_calibrated_compass      
00001925  inv_add_compass_block_data              
000019d5  inv_check_sim                           
00001b41  inv_reset_data_collection               
00002431  inv_process_compass_only_cal            
0000254d  inv_generate_vector_compass_cal         
000025f5  inv_stop_vector_compass_cal             
00002601  inv_init_vector_compass_cal             
0000266d  inv_enable_vector_compass_cal           
00002685  inv_disable_vector_compass_cal          
00002701  inv_start_in_use_auto_calibration       
000027c1  inv_init_accel_maxmin                   
000027e1  inv_record_good_accel_maxmin            
00002819  inv_get_current_calibrated_accel        
0000285d  inv_sort_order_4_T                      
00002901  inv_init_check_sample_balance           
0000291d  inv_init_check_sample_balance_parameter 
00002949  inv_add_accel_block_data                
000029fd  inv_add_vector_block_data               
00002ab1  inv_check_sample_balance                
00002c49  inv_auto_calibrate                      
00003351  inv_init_in_use_auto_calibration        
000033e9  inv_stop_in_use_auto_calibration        
000033f5  inv_enable_in_use_auto_calibration      
0000340d  inv_disable_in_use_auto_calibration     
00003429  inv_get_accel_bias_stage                
000035d5  inv_init_maxmin                         
0000366d  inv_start_fast_nomot                    
000036ad  inv_fast_nomot_parameter                
000036b9  inv_fast_nomot_parameter_3rd            
00003799  inv_fast_nomot_set_gyro_bias            
00003869  inv_set_fast_nomot_compass_threshold    
00003875  int_set_fast_nomot_gyro_threshold       
00003881  inv_set_fast_nomot_accel_threshold      
0000388d  inv_get_fast_nomot_compass_param        
000038ad  inv_get_fast_nomot_accel_param          
000038cd  inv_fast_nomot_store_data               
0000396d  inv_fast_nomot_store_data_compass       
000039b9  inv_fast_nomot_reset_data_compass       
000039e5  inv_fast_nomot_get_time_elaps           
000039f1  inv_fast_nomot_parameter_compass        
00003a09  inv_get_right_shift_by_rounding         
00003a89  inv_reset_min_max_gyro_accel_statistics 
00003abd  inv_record_max_moment_in_no_motion_gyro 
00003af1  inv_record_max_moment_in_no_motion_accel
00003b25  inv_record_min_moment_in_motion_gyro    
00003b59  inv_record_min_moment_in_motion_accel   
00003b8d  inv_detect_motion_by_gyro_accel         
00003cd1  inv_sensor_data_preprocess              
00003d71  inv_generate_fast_nomot                 
000040bd  inv_set_default_number_of_samples       
0000410d  inv_init_fast_nomot                     
00004175  inv_stop_fast_nomot                     
0000418d  inv_enable_fast_nomot                   
000041a5  inv_disable_fast_nomot                  
000041b9  inv_get_fnm_gyro_no_motion_param        
000041c5  inv_fnm_debug_print                     
00004299  inv_start_quaternion                    
00004405  inv_generate_gyro_quaternion            
00004411  inv_set_quaternion                      
00004441  inv_generate_accel_gyro_quaternion      
00004bd9  inv_stop_quaternion                     
00004be5  inv_init_quaternion                     
00004c09  inv_enable_quaternion                   
00004c21  inv_disable_quaternion                  
00004c41  __TI_printfi                            
000056a1  inv_start_9x_sensor_fusion              
000056b1  inv_filter_correction_angle             
000058a1  inv_perform_9x_fusion                   
00005cbd  inv_process_9x_sensor_fusion_cb         
00005d55  inv_init_9x_fusion                      
00005d91  inv_9x_fusion_set_mag_fb                
00005da1  inv_9x_fusion_enable_jitter_reduction   
00005db1  inv_9x_fusion_use_timestamps            
00005dc1  inv_stop_9x_sensor_fusion               
00005dcd  inv_enable_9x_sensor_fusion             
00005df1  inv_disable_9x_sensor_fusion            
00005e01  __kernel_rem_pio2                       
00006539  inv_start_magnetic_disturbance          
00006549  inv_set_magnetic_disturbance            
00006561  inv_init_magnetic_disturbance           
000065ad  inv_stop_magnetic_disturbance           
000065b9  inv_enable_magnetic_disturbance         
000065e5  inv_disable_magnetic_disturbance        
000065fd  inv_disable_dip_tracking                
0000660d  inv_enable_dip_tracking                 
0000661d  inv_track_dip_angle                     
000066b5  ComputeAngleVelocity                    
00006715  Mag3ofNormalizedLong                    
00006769  MagDisturbSetDisturbance                
000067e9  MagDisturbCheckSettling                 
00006841  inv_check_magnetic_disturbance          
00006b75  inv_magnetic_disturbance_process        
00006bad  inv_get_magnetic_disturbance_state      
00006bb9  inv_start_heading_from_gyro             
00006bc9  inv_run_heading_from_gyro               
0000717d  inv_init_heading_from_gyro              
000071a1  inv_stop_heading_from_gyro              
000071ad  inv_enable_heading_from_gyro            
000071dd  inv_disable_heading_from_gyro           
000071f9  cos                                     
000071f9  cosl                                    
000071f9  ml_cos                                  
000077d5  inv_start_gyro_tc                       
00007c4d  inv_init_gyro_ts                        
00007c85  inv_set_gtc_max_temp                    
00007c95  inv_set_gtc_min_temp                    
00007ca5  inv_set_gtc_min_diff                    
00007cb5  inv_get_gyro_ts                         
00007cd9  inv_set_gyro_ts                         
00007cdd  inv_set_gtc_order                       
00007cf5  inv_print_gtc_data                      
00007cf9  inv_stop_gyro_tc                        
00007d05  inv_enable_gyro_tc                      
00007d45  inv_disable_gyro_tc                     
00007d75  acos                                    
00007d75  acosl                                   
00007d75  ml_acos                                 
00008191  log                                     
00008191  logl                                    
00008191  ml_log                                  
00008555  atan                                    
00008555  atanl                                   
00008555  ml_atan                                 
00008841  main                                    
00008d49  mpu_update                              
00008f3d  atan2                                   
00008f3d  atan2l                                  
00008f3d  ml_atan2                                
00009129  UARTvprintf                             
000096c1  inv_get_sensor_type_euler               
0000987d  dmp_enable_feature                      
00009a35  __aeabi_dsub                            
00009a3f  __aeabi_dadd                            
00009bed  mpu_open                                
00009d8d  acosf                                   
00009f21  dmp_read_fifo                           
0000a0b1  mpu_read_fifo                           
0000a241  __kernel_sin                            
0000a3b5  __kernel_cos                            
0000a521  mpu_reset_fifo                          
0000a685  atan2f                                  
0000a7dd  ml_sqrt                                 
0000a7dd  sqrt                                    
0000a7dd  sqrtl                                   
0000a935  atanf                                   
0000aa85  dmp_set_orientation                     
0000ad01  __aeabi_ddiv                            
0000ae37  __aeabi_idiv0                           
0000ae37  __aeabi_ldiv0                           
0000ae39  mpu_set_sensors                         
0000af6d  GPIOPadConfigSet                        
0000b0a1  dmp_set_tap_thresh                      
0000b2e1  mpu_get_outputs                         
0000b3f5  SysCtlClockGet                          
0000b505  ldexp                                   
0000b505  ldexpl                                  
0000b505  scalbn                                  
0000b505  scalbnl                                 
0000b615  inv_register_data_cb                    
0000b711  __aeabi_dmul                            
0000b80d  floor                                   
0000b80d  floorl                                  
0000b80d  ml_floor                                
0000b905  SysCtlClockSet                          
0000b9f9  inv_get_quaternion_set                  
0000baed  mpu_set_bypass                          
0000bbd9  inv_quaternion_to_rotation              
0000bcb9  inv_q_multf                             
0000bd8d  inv_compass_angle                       
0000be55  mpu_init                                
0000bf1d  inv_q_mult                              
0000bfdd  inv_q_normalizef                        
0000c09d  mpu_read_fifo_stream                    
0000c159  inv_init_mpl                            
0000c211  cosf                                    
0000c2c5  mpu_get_compass_reg                     
0000c42d  init_imu                                
0000c4dd  mpu_load_firmware                       
0000c58d  i2c_read_bytes                          
0000c635  mpu_lp_accel_mode                       
0000c6dd  sinf                                    
0000c81d  __aeabi_memcpy                          
0000c81d  __aeabi_memcpy4                         
0000c81d  __aeabi_memcpy8                         
0000c81d  memcpy                                  
0000c8b9  inv_build_compass                       
0000c951  __aeabi_uldivmod                        
0000c9e7  _MLPrintLog                             
0000ca7d  mpu_get_temperature                     
0000cb0d  i2c_write_bytes                         
0000cb99  inv_execute_on_data                     
0000cc25  mpu_set_sample_rate                     
0000cd39  __aeabi_cdcmpeq                         
0000cd39  __aeabi_cdcmple                         
0000cdbf  __aeabi_cdrcmple                        
0000ce45  mpu_set_dmp_state                       
0000cec1  __aeabi_memclr                          
0000cec1  __aeabi_memclr4                         
0000cec1  __aeabi_memclr8                         
0000cec3  __aeabi_memset                          
0000cec3  __aeabi_memset4                         
0000cec3  __aeabi_memset8                         
0000cec9  memset                                  
0000cf3d  inv_q_norm4                             
0000cfb5  inv_build_accel                         
0000d025  inv_get_sensor_type_gravity             
0000d103  __aeabi_d2f                             
0000d171  __aeabi_ldivmod                         
0000d1e1  i2c_common_setup                        
0000d24d  inv_register_load_store                 
0000d2b9  __aeabi_f2lz                            
0000d325  __TI_decompress_lzss                    
0000d38d  inv_apply_calibration                   
0000d3f5  mpu_set_gyro_fsr                        
0000d45d  mpu_set_lpf                             
0000d4c5  frexp                                   
0000d4c5  frexpl                                  
0000d529  inv_convert_to_body_with_scale          
0000d58d  inv_set_gyro_bias                       
0000d5f1  inv_start_mpl                           
0000d655  mpu_get_accel_reg                       
0000d6b9  mpu_set_accel_fsr                       
0000d71d  mpu_set_int_latched                     
0000d781  print_float                             
0000d7e5  UARTStdioConfig                         
0000d845  i2c_write_reg_lsm                       
0000d8a5  dmp_set_fifo_rate                       
0000d95d  I2CReceive                              
0000d9b5  i2c_write_reg                           
0000da0d  inv_get_gravity                         
0000da65  inv_reset_compass_soft_iron_matrix      
0000dabd  mpu_read_mem                            
0000db15  mpu_write_mem                           
0000dbc5  inv_set_accel_bias_mask                 
0000dc19  inv_set_compass_soft_iron_input_data    
0000dc6d  ltoa                                    
0000dd15  SysCtlPeripheralReset                   
0000dd65  mpu_configure_fifo                      
0000ddb5  ConfigureUART                           
0000de01  I2CMasterInitExpClk                     
0000de4d  atoi                                    
0000de99  inv_set_compass_bias                    
0000dee5  inv_unregister_data_cb                  
0000df31  mpu_set_compass_sample_rate             
0000df7d  GPIOPinConfigure                        
0000dfc5  UARTwrite                               
0000e00d  __aeabi_d2iz                            
0000e055  __aeabi_l2f                             
0000e09d  __TI_auto_init_nobinit_nopinit          
0000e125  inv_get_last_timestamp                  
0000e169  inv_unregister_mpl_start_notification   
0000e1ad  inv_q_addf                              
0000e1ef  dmp_set_tap_axes                        
0000e271  inv_get_linear_accel_float              
0000e2b1  inv_init_data_builder                   
0000e2f1  mpu_get_accel_fsr                       
0000e331  mpu_get_euler                           
0000e371  __aeabi_l2d                             
0000e3b1  __aeabi_uidiv                           
0000e3b1  __aeabi_uidivmod                        
0000e3f1  sprintf                                 
0000e471  inv_get_compass_set                     
0000e4ad  inv_get_linear_accel                    
0000e4e9  inv_q_rotate                            
0000e525  dmp_enable_6x_lp_quat                   
0000e55f  dmp_enable_lp_quat                      
0000e599  _c_int00_noargs                         
0000e609  mpu_get_gyro_fsr                        
0000e641  __aeabi_f2d                             
0000e679  mag_set_scale                           
0000e6b1  SysCtlPeripheralEnable                  
0000e6e5  inv_get_accel_set                       
0000e719  inv_get_quaternion                      
0000e74d  inv_set_motion_state                    
0000e781  gyro_set_scale                          
0000e7b3  mlMatrixVectorMult                      
0000e7e5  dmp_set_shake_reject_thresh             
0000e815  gyro_setup                              
0000e845  inv_build_gyro                          
0000e875  inv_build_quat                          
0000e8a5  inv_init_results_holder                 
0000e8d5  inv_set_compass_sample_rate             
0000e905  accel_lsm9_set_scale                    
0000e933  __aeabi_i2d                             
0000e961  dmp_enable_gyro_cal                     
0000e98d  inv_set_accel_sample_rate               
0000e9b9  GPIODirModeSet                          
0000e9e5  inv_build_temp                          
0000ea0d  inv_execute_mpl_start_notification      
0000ea35  inv_get_gyro_set                        
0000ea5d  inv_set_gyro_sample_rate                
0000ea85  sqrtf                                   
0000eaad  vsprintf                                
0000ead5  inv_orientation_matrix_to_scalar        
0000eafd  inv_get_gyro_bias                       
0000eb21  inv_get_sensor_type_quat                
0000eb45  inv_q_add                               
0000eb69  inv_set_compass_correction              
0000eb8d  inv_store_gaming_quaternion             
0000ebb1  mag_setup                               
0000ebd5  memcmp                                  
0000ebf9  memmove                                 
0000ec1d  dmp_set_tap_count                       
0000ec3f  dmp_set_shake_reject_time               
0000ec5f  dmp_set_shake_reject_timeout            
0000ec7f  dmp_set_tap_time                        
0000ec9f  dmp_set_tap_time_multi                  
0000ecbf  init_imu_scaledStruct                   
0000ece1  inv_register_mpl_start_notification     
0000ed01  inv_set_accel_accuracy                  
0000ed41  mpu_get_sample_rate                     
0000ed61  i2c_write                               
0000ed7f  inv_q_invertf                           
0000ed9d  UARTIntHandler                          
0000edb9  inv_get_compass_correction              
0000edd5  inv_get_compass_soft_iron_output_data   
0000edf1  inv_get_gyro_bias_tc_set                
0000ee0d  inv_get_mag_accuracy                    
0000ee29  inv_init_storage_manager                
0000ee45  memccpy                                 
0000ee61  UARTprintf                              
0000ee7b  inv_get_gyro_sum_of_sqr                 
0000eec5  accel_lsm9_write_reg                    
0000eedd  delay                                   
0000eef5  delay_ms                                
0000ef0d  enable_systick                          
0000ef25  gyro_write_reg                          
0000ef3d  inv_get_sensor_type_accel               
0000ef55  inv_get_sensor_type_gyro                
0000ef6d  inv_q_invert                            
0000ef85  inv_start_results_holder                
0000ef9d  mag_write_reg                           
0000efb5  strchr                                  
0000efcd  SysTickEnable                           
0000efe1  SysTickIntEnable                        
0000eff5  copysign                                
0000eff5  copysignl                               
0000f009  dmp_load_motion_driver_firmware         
0000f031  inv_enable_eMPL_outputs                 
0000f045  inv_enable_results_holder               
0000f059  inv_generate_results                    
0000f06d  inv_get_6axis_quaternion                
0000f081  inv_get_compass_bias                    
0000f095  inv_get_sensor_type_compass             
0000f0bd  inv_init_start_manager                  
0000f0d1  inv_set_accel_orientation_and_scale     
0000f0e5  inv_set_compass_orientation_and_scale   
0000f0f9  inv_set_gyro_orientation_and_scale      
0000f10d  inv_set_message                         
0000f121  mpu_get_compass_fsr                     
0000f135  strlen                                  
0000f149  GPIOPinTypeI2C                          
0000f15b  GPIOPinTypeI2CSCL                       
0000f16d  GPIOPinTypeUART                         
0000f17f  wcslen                                  
0000f191  IntMasterEnable                         
0000f1a1  SysTickPeriodSet                        
0000f1b1  inv_get_accel_on                        
0000f1c1  inv_get_compass_bias_error              
0000f1d1  inv_get_compass_on                      
0000f1e1  inv_get_gyro                            
0000f1f1  inv_get_gyro_on                         
0000f201  inv_get_local_field                     
0000f211  inv_get_motion_state                    
0000f221  inv_set_compass_bias_error              
0000f241  systick_int_handler                     
0000f251  wait_until                              
0000f261  __aeabi_dcmpeq                          
0000f26f  __aeabi_dcmpgt                          
0000f27d  __aeabi_dcmple                          
0000f28b  __aeabi_dcmplt                          
0000f299  accel_lsm9_setup                        
0000f2a7  __TI_decompress_none                    
0000f2b5  i2c_read                                
0000f2c3  CPUcpsie                                
0000f2cf  __TI_zero_init                          
0000f2dd  get_ms                                  
0000f2e9  inv_disable_compass_soft_iron_matrix    
0000f2f5  inv_get_acc_state                       
0000f301  inv_get_accel_accuracy                  
0000f30d  inv_get_compass_state                   
0000f319  inv_get_gyro_accuracy                   
0000f325  inv_get_large_mag_field                 
0000f331  inv_got_compass_bias                    
0000f33d  inv_q29_mult                            
0000f349  inv_q30_mult                            
0000f355  inv_set_accel_bias_found                
0000f361  inv_set_compass_bias_found              
0000f36d  inv_set_compass_disturbance             
0000f379  inv_set_compass_state                   
0000f385  I2CMasterEnable                         
0000f38f  UARTIntStatus                           
0000f3ad  I2CMasterBusy                           
0000f3b5  I2CMasterSlaveAddrSet                   
0000f3bd  __aeabi_errno_addr                      
0000f3c5  ResetISR                                
0000f3cb  SysCtlDelay                             
0000f3d1  UARTClockSourceSet                      
0000f3d7  set_sensor_orientation_and_scale        
0000f3dd  I2CMasterControl                        
0000f3e1  I2CMasterDataGet                        
0000f3e5  I2CMasterDataPut                        
0000f3e9  UARTIntClear                            
0000f3ed  _system_pre_init                        
0000f3f1  C$$EXIT                                 
0000f3f1  abort                                   
00010148  _ctypes_                                
00010418  reg                                     
00010444  test                                    
0001047a  hw                                      
00010524  __TI_Handler_Table_Base                 
00010530  __TI_Handler_Table_Limit                
00010538  __TI_CINIT_Base                         
00010548  __TI_CINIT_Limit                        
200004b8  fnm                                     
200008e0  vc                                      
20000ef8  s9axis                                  
20001030  cb                                      
20001118  cb_sim                                  
20001200  cb_test                                 
200013ac  mag_disturb                             
200015ac  f                                       
20001638  b                                       
200016a0  __stack                                 
200018a0  __STACK_TOP                             
200026a0  __STACK_END                             
20002730  hal_timestamp                           
20002734  mpl_key                                 
20002738  data                                    
2000273c  systick_n                               
2000274c  errno                                   
ffffffff  __TI_pprof_out_hndl                     
ffffffff  __TI_prof_data_size                     
ffffffff  __TI_prof_data_start                    
ffffffff  __binit__                               
ffffffff  __c_args__                              
ffffffff  binit                                   
UNDEFED   __mpu_init                              
UNDEFED   _system_post_cinit                      

[451 symbols]
