******************************************************************************
                  TI ARM Linker Unix v18.1.1                   
******************************************************************************
>> Linked Mon Jun 25 12:51:03 2018

OUTPUT FILE NAME:   <MPU_MPL_LM4F_TM4C_uart.out>
ENTRY POINT SYMBOL: "_c_int00_noargs"  address: 0000d4b1


MEMORY CONFIGURATION

         name            origin    length      used     unused   attr    fill
----------------------  --------  ---------  --------  --------  ----  --------
  FLASH                 00000000   00040000  0000f3a6  00030c5a  R  X
  SRAM                  20000000   00008000  00002714  000058ec  RW X


SEGMENT ALLOCATION MAP

run origin  load origin   length   init length attrs members
----------  ----------- ---------- ----------- ----- -------
00000000    00000000    0000f3b0   0000f3b0    r-x
  00000000    00000000    0000026c   0000026c    r-- .intvecs
  00000270    00000270    0000e07c   0000e07c    r-x .text
  0000e2f0    0000e2f0    0000104a   0000104a    r-- .const
  0000f33c    0000f33c    0000000c   0000000c    r-- .rodata.str1.4
  0000f348    0000f348    00000068   00000068    r-- .cinit
20000000    20000000    00002714   00000000    rw-
  20000000    20000000    00001658   00000000    rw- .bss
  20001658    20001658    00001000   00000000    rw- .stack
  20002658    20002658    000000bc   00000000    rw- .data


SECTION ALLOCATION MAP

 output                                  attributes/
section   page    origin      length       input sections
--------  ----  ----------  ----------   ----------------
.intvecs   0    00000000    0000026c     
                  00000000    0000026c     startup_ccs.obj (.intvecs)

.text      0    00000270    0000e07c     
                  00000270    00002430     liblibmplmpu-m4-hardfp.a : compass_vec_cal.o (.text)
                  000026a0    00000d98                              : accel_auto_cal.o (.text)
                  00003438    00000d90                              : fast_no_motion.o (.text)
                  000041c8    00000a78                              : quaternion_supervisor.o (.text)
                  00004c40    00000a5e     rtsv7M4_T_le_v4SPD16_eabi.lib : _printfi.c.obj (.text:__TI_printfi)
                  0000569e    00000002     startup_ccs.obj (.text:FaultISR)
                  000056a0    00000760     liblibmplmpu-m4-hardfp.a : fusion_9axis.o (.text)
                  00005e00    00000738     rtsv7M4_T_le_v4SPD16_eabi.lib : k_rem_pio2.c.obj (.text:__kernel_rem_pio2)
                  00006538    00000680     liblibmplmpu-m4-hardfp.a : mag_disturb.o (.text)
                  00006bb8    000005dc     rtsv7M4_T_le_v4SPD16_eabi.lib : s_cos.c.obj (.text:cos)
                  00007194    000005a0     liblibmplmpu-m4-hardfp.a : gyro_tc.o (.text)
                  00007734    000003c4     rtsv7M4_T_le_v4SPD16_eabi.lib : e_log.c.obj (.text:log)
                  00007af8    00000270                                   : _printfi.c.obj (.text:_pconv_a)
                  00007d68    00000244     mpu_interface.obj (.text:mpu_update)
                  00007fac    000001ea     uartstdio.obj (.text:UARTvprintf)
                  00008196    00000002     startup_ccs.obj (.text:IntDefaultHandler)
                  00008198    000001dc     inv_mpu.obj (.text:setup_compass)
                  00008374    000001d0     rtsv7M4_T_le_v4SPD16_eabi.lib : _printfi.c.obj (.text:_pconv_g)
                  00008544    000001c0     uart_echo.obj (.text:main)
                  00008704    000001b8     inv_mpu_dmp_motion_driver.obj (.text:dmp_enable_feature)
                  000088bc    000001b6     rtsv7M4_T_le_v4SPD16_eabi.lib : fd_add_t2.asm.obj (.text)
                  00008a72    00000002     startup_ccs.obj (.text:NmiSR)
                  00008a74    0000019c     mpu_interface.obj (.text:mpu_open)
                  00008c10    00000194     rtsv7M4_T_le_v4SPD16_eabi.lib : e_acosf.c.obj (.text:acosf)
                  00008da4    00000190     inv_mpu_dmp_motion_driver.obj (.text:dmp_read_fifo)
                  00008f34    00000190     inv_mpu.obj (.text:mpu_read_fifo)
                  000090c4    00000178     mpu_9150.obj (.text:initMPU9150)
                  0000923c    00000174     rtsv7M4_T_le_v4SPD16_eabi.lib : k_sin.c.obj (.text:__kernel_sin)
                  000093b0    0000016c                                   : k_cos.c.obj (.text:__kernel_cos)
                  0000951c    00000164     inv_mpu.obj (.text:mpu_reset_fifo)
                  00009680    00000158     rtsv7M4_T_le_v4SPD16_eabi.lib : e_atan2f.c.obj (.text:atan2f)
                  000097d8    00000158                                   : e_sqrt.c.obj (.text:sqrt)
                  00009930    00000150                                   : s_atanf.c.obj (.text:atanf)
                  00009a80    00000140     inv_mpu_dmp_motion_driver.obj (.text:dmp_set_orientation)
                  00009bc0    0000013c     rtsv7M4_T_le_v4SPD16_eabi.lib : _printfi.c.obj (.text:_pconv_e)
                  00009cfc    00000136                                   : fd_div_t2.asm.obj (.text)
                  00009e32    00000002                                   : div0.asm.obj (.text)
                  00009e34    00000134     inv_mpu.obj (.text:mpu_set_sensors)
                  00009f68    00000132     driverlib.lib : gpio.obj (.text:GPIOPadConfigSet)
                  0000a09a    00000002     --HOLE-- [fill = 0]
                  0000a09c    00000120     inv_mpu_dmp_motion_driver.obj (.text:dmp_set_tap_thresh)
                  0000a1bc    00000120     rtsv7M4_T_le_v4SPD16_eabi.lib : _printfi.c.obj (.text:fcvt)
                  0000a2dc    00000114     mpu_interface.obj (.text:mpu_get_outputs)
                  0000a3f0    00000110     driverlib.lib : sysctl.obj (.text:SysCtlClockGet)
                  0000a500    00000110     rtsv7M4_T_le_v4SPD16_eabi.lib : s_scalbn.c.obj (.text:scalbn)
                  0000a610    000000fc     data_builder.obj (.text:inv_register_data_cb)
                  0000a70c    000000fc     rtsv7M4_T_le_v4SPD16_eabi.lib : fd_mul_t2.asm.obj (.text)
                  0000a808    000000f8                                   : s_floor.c.obj (.text:floor)
                  0000a900    000000f4     driverlib.lib : sysctl.obj (.text:SysCtlClockSet)
                  0000a9f4    000000f4     results_holder.obj (.text:inv_get_quaternion_set)
                  0000aae8    000000ec     inv_mpu.obj (.text:mpu_set_bypass)
                  0000abd4    000000e0     ml_math_func.obj (.text:inv_quaternion_to_rotation)
                  0000acb4    000000d2     ml_math_func.obj (.text:inv_q_multf)
                  0000ad86    00000002     --HOLE-- [fill = 0]
                  0000ad88    000000c8     ml_math_func.obj (.text:inv_compass_angle)
                  0000ae50    000000c8     inv_mpu.obj (.text:mpu_init)
                  0000af18    000000c0     ml_math_func.obj (.text:inv_q_mult)
                  0000afd8    000000c0     ml_math_func.obj (.text:inv_q_normalizef)
                  0000b098    000000bc     inv_mpu.obj (.text:mpu_read_fifo_stream)
                  0000b154    000000b8     mpl.obj (.text:inv_init_mpl)
                  0000b20c    000000b4     rtsv7M4_T_le_v4SPD16_eabi.lib : s_cosf.c.obj (.text:cosf)
                  0000b2c0    000000b4     inv_mpu.obj (.text:mpu_get_compass_reg)
                  0000b374    000000b1     rtsv7M4_T_le_v4SPD16_eabi.lib : _printfi.c.obj (.text:_ltostr)
                  0000b425    00000003     --HOLE-- [fill = 0]
                  0000b428    000000b0     imu.obj (.text:init_imu)
                  0000b4d8    000000b0     inv_mpu.obj (.text:mpu_load_firmware)
                  0000b588    000000a8     i2c_TM4C.obj (.text:i2c_read_bytes)
                  0000b630    000000a8     inv_mpu.obj (.text:mpu_lp_accel_mode)
                  0000b6d8    000000a4     rtsv7M4_T_le_v4SPD16_eabi.lib : s_sinf.c.obj (.text:sinf)
                  0000b77c    0000009c     eMPL_outputs.obj (.text:inv_generate_eMPL_outputs)
                  0000b818    0000009c     rtsv7M4_T_le_v4SPD16_eabi.lib : memcpy_t2.asm.obj (.text)
                  0000b8b4    00000098     data_builder.obj (.text:inv_build_compass)
                  0000b94c    00000096     rtsv7M4_T_le_v4SPD16_eabi.lib : ull_div_t2.asm.obj (.text)
                  0000b9e2    00000094     log_stm32.obj (.text:_MLPrintLog)
                  0000ba76    00000002     --HOLE-- [fill = 0]
                  0000ba78    00000090     inv_mpu.obj (.text:mpu_get_temperature)
                  0000bb08    0000008c     i2c_TM4C.obj (.text:i2c_write_bytes)
                  0000bb94    0000008c     data_builder.obj (.text:inv_execute_on_data)
                  0000bc20    0000008c     inv_mpu.obj (.text:mpu_set_sample_rate)
                  0000bcac    00000088     data_builder.obj (.text:inv_set_contiguous)
                  0000bd34    00000086     rtsv7M4_T_le_v4SPD16_eabi.lib : fd_cmp_t2.asm.obj (.text:__aeabi_cdcmple)
                  0000bdba    00000086                                   : fd_cmp_t2.asm.obj (.text:__aeabi_cdrcmple)
                  0000be40    0000007c     inv_mpu.obj (.text:mpu_set_dmp_state)
                  0000bebc    0000007a     rtsv7M4_T_le_v4SPD16_eabi.lib : memset_t2.asm.obj (.text)
                  0000bf36    00000002     --HOLE-- [fill = 0]
                  0000bf38    00000078     ml_math_func.obj (.text:inv_q_norm4)
                  0000bfb0    00000070     data_builder.obj (.text:inv_build_accel)
                  0000c020    00000070     hal_outputs.obj (.text:inv_get_sensor_type_gravity)
                  0000c090    0000006e     rtsv7M4_T_le_v4SPD16_eabi.lib : _printfi.c.obj (.text:_mcpy)
                  0000c0fe    0000006e                                   : fd_tos_t2.asm.obj (.text)
                  0000c16c    0000006e                                   : ll_div_t2.asm.obj (.text)
                  0000c1da    00000002     --HOLE-- [fill = 0]
                  0000c1dc    0000006c     i2c_TM4C.obj (.text:i2c_common_setup)
                  0000c248    0000006c     storage_manager.obj (.text:inv_register_load_store)
                  0000c2b4    0000006c     rtsv7M4_T_le_v4SPD16_eabi.lib : fs_toll_t2.asm.obj (.text)
                  0000c320    00000068                                   : copy_decompress_lzss.c.obj (.text:decompress:lzss:__TI_decompress_lzss)
                  0000c388    00000068     data_builder.obj (.text:inv_apply_calibration)
                  0000c3f0    00000068     inv_mpu.obj (.text:mpu_set_gyro_fsr)
                  0000c458    00000068     inv_mpu.obj (.text:mpu_set_lpf)
                  0000c4c0    00000064     rtsv7M4_T_le_v4SPD16_eabi.lib : s_frexp.c.obj (.text:frexp)
                  0000c524    00000064     ml_math_func.obj (.text:inv_convert_to_body_with_scale)
                  0000c588    00000064     data_builder.obj (.text:inv_set_gyro_bias)
                  0000c5ec    00000064     mpl.obj (.text:inv_start_mpl)
                  0000c650    00000064     inv_mpu.obj (.text:mpu_get_accel_reg)
                  0000c6b4    00000064     inv_mpu.obj (.text:mpu_set_accel_fsr)
                  0000c718    00000064     inv_mpu.obj (.text:mpu_set_int_latched)
                  0000c77c    00000060     uartstdio.obj (.text:UARTStdioConfig)
                  0000c7dc    00000060     i2c_tm4c.obj (.text:i2c_write_reg_lsm)
                  0000c83c    0000005c     inv_mpu_dmp_motion_driver.obj (.text:dmp_set_fifo_rate)
                  0000c898    0000005c     inv_mpu.obj (.text:set_int_enable)
                  0000c8f4    00000058     i2c_tm4c.obj (.text:I2CReceive)
                  0000c94c    00000058     i2c_TM4C.obj (.text:i2c_write_reg)
                  0000c9a4    00000058     results_holder.obj (.text:inv_get_gravity)
                  0000c9fc    00000058     data_builder.obj (.text:inv_reset_compass_soft_iron_matrix)
                  0000ca54    00000058     inv_mpu.obj (.text:mpu_read_mem)
                  0000caac    00000058     inv_mpu.obj (.text:mpu_write_mem)
                  0000cb04    00000056     rtsv7M4_T_le_v4SPD16_eabi.lib : _printfi.c.obj (.text:_pconv_f)
                  0000cb5a    00000002     --HOLE-- [fill = 0]
                  0000cb5c    00000054     data_builder.obj (.text:inv_set_accel_bias_mask)
                  0000cbb0    00000054     data_builder.obj (.text:inv_set_compass_soft_iron_input_data)
                  0000cc04    00000054     rtsv7M4_T_le_v4SPD16_eabi.lib : ltoa.c.obj (.text:ltoa)
                  0000cc58    00000052                                   : _printfi.c.obj (.text:_ecpy)
                  0000ccaa    00000002     --HOLE-- [fill = 0]
                  0000ccac    00000050     driverlib.lib : sysctl.obj (.text:SysCtlPeripheralReset)
                  0000ccfc    00000050     inv_mpu.obj (.text:mpu_configure_fifo)
                  0000cd4c    0000004c     uart_echo.obj (.text:ConfigureUART)
                  0000cd98    0000004c     driverlib.lib : i2c.obj (.text:I2CMasterInitExpClk)
                  0000cde4    0000004c     rtsv7M4_T_le_v4SPD16_eabi.lib : atoi.c.obj (.text:atoi)
                  0000ce30    0000004c     data_builder.obj (.text:inv_set_compass_bias)
                  0000ce7c    0000004c     data_builder.obj (.text:inv_unregister_data_cb)
                  0000cec8    0000004c     inv_mpu.obj (.text:mpu_set_compass_sample_rate)
                  0000cf14    00000048     driverlib.lib : gpio.obj (.text:GPIOPinConfigure)
                  0000cf5c    00000048     uartstdio.obj (.text:UARTwrite)
                  0000cfa4    00000048     rtsv7M4_T_le_v4SPD16_eabi.lib : fd_toi_t2.asm.obj (.text)
                  0000cfec    00000048                                   : ll_tofs_t2.asm.obj (.text)
                  0000d034    00000044                                   : autoinit.c.obj (.text:__TI_auto_init_nobinit_nopinit:__TI_auto_init_nobinit_nopinit)
                  0000d078    00000044     inv_mpu_dmp_motion_driver.obj (.text:decode_gesture)
                  0000d0bc    00000044     data_builder.obj (.text:inv_get_last_timestamp)
                  0000d100    00000044     start_manager.obj (.text:inv_unregister_mpl_start_notification)
                  0000d144    00000042     ml_math_func.obj (.text:inv_q_addf)
                  0000d186    00000040     inv_mpu_dmp_motion_driver.obj (.text:dmp_set_tap_axes)
                  0000d1c6    00000002     --HOLE-- [fill = 0]
                  0000d1c8    00000040     data_builder.obj (.text:inv_db_load_func)
                  0000d208    00000040     results_holder.obj (.text:inv_get_linear_accel_float)
                  0000d248    00000040     data_builder.obj (.text:inv_init_data_builder)
                  0000d288    00000040     inv_mpu.obj (.text:mpu_get_accel_fsr)
                  0000d2c8    00000040     rtsv7M4_T_le_v4SPD16_eabi.lib : u_divt2.asm.obj (.text)
                  0000d308    00000040                                   : sprintf.c.obj (.text:sprintf)
                  0000d348    0000003e                                   : _printfi.c.obj (.text:_fcpy)
                  0000d386    00000002     --HOLE-- [fill = 0]
                  0000d388    0000003c     data_builder.obj (.text:inv_get_compass_set)
                  0000d3c4    0000003c     results_holder.obj (.text:inv_get_linear_accel)
                  0000d400    0000003c     ml_math_func.obj (.text:inv_q_rotate)
                  0000d43c    0000003a     inv_mpu_dmp_motion_driver.obj (.text:dmp_enable_6x_lp_quat)
                  0000d476    0000003a     inv_mpu_dmp_motion_driver.obj (.text:dmp_enable_lp_quat)
                  0000d4b0    00000038     rtsv7M4_T_le_v4SPD16_eabi.lib : boot_cortex_m.c.obj (.text:_c_int00_noargs:_c_int00_noargs)
                  0000d4e8    00000038     ml_math_func.obj (.text:inv_row_2_scale)
                  0000d520    00000038     inv_mpu.obj (.text:mpu_get_gyro_fsr)
                  0000d558    00000038     rtsv7M4_T_le_v4SPD16_eabi.lib : fs_tod_t2.asm.obj (.text)
                  0000d590    00000036     imu.obj (.text:mag_set_scale)
                  0000d5c6    00000002     --HOLE-- [fill = 0]
                  0000d5c8    00000034     driverlib.lib : sysctl.obj (.text:SysCtlPeripheralEnable)
                  0000d5fc    00000034     data_builder.obj (.text:inv_get_accel_set)
                  0000d630    00000034     results_holder.obj (.text:inv_get_quaternion)
                  0000d664    00000034     results_holder.obj (.text:inv_set_motion_state)
                  0000d698    00000032     imu.obj (.text:gyro_set_scale)
                  0000d6ca    00000032     ml_math_func.obj (.text:mlMatrixVectorMult)
                  0000d6fc    00000030     inv_mpu_dmp_motion_driver.obj (.text:dmp_set_shake_reject_thresh)
                  0000d72c    00000030     imu.obj (.text:gyro_setup)
                  0000d75c    00000030     data_builder.obj (.text:inv_build_gyro)
                  0000d78c    00000030     data_builder.obj (.text:inv_build_quat)
                  0000d7bc    00000030     results_holder.obj (.text:inv_init_results_holder)
                  0000d7ec    00000030     data_builder.obj (.text:inv_set_compass_sample_rate)
                  0000d81c    0000002e     imu.obj (.text:accel_lsm9_set_scale)
                  0000d84a    0000002e     rtsv7M4_T_le_v4SPD16_eabi.lib : i_tofd_t2.asm.obj (.text)
                  0000d878    0000002c     inv_mpu_dmp_motion_driver.obj (.text:dmp_enable_gyro_cal)
                  0000d8a4    0000002c     data_builder.obj (.text:inv_set_accel_sample_rate)
                  0000d8d0    0000002a     driverlib.lib : gpio.obj (.text:GPIODirModeSet)
                  0000d8fa    00000002     --HOLE-- [fill = 0]
                  0000d8fc    00000028     data_builder.obj (.text:inv_build_temp)
                  0000d924    00000028     start_manager.obj (.text:inv_execute_mpl_start_notification)
                  0000d94c    00000028     data_builder.obj (.text:inv_get_gyro_set)
                  0000d974    00000028     data_builder.obj (.text:inv_set_gyro_sample_rate)
                  0000d99c    00000028     rtsv7M4_T_le_v4SPD16_eabi.lib : e_sqrtf.c.obj (.text:sqrtf)
                  0000d9c4    00000028                                   : vsprintf.c.obj (.text:vsprintf)
                  0000d9ec    00000026     ml_math_func.obj (.text:inv_orientation_matrix_to_scalar)
                  0000da12    00000002     --HOLE-- [fill = 0]
                  0000da14    00000024     data_builder.obj (.text:inv_get_gyro_bias)
                  0000da38    00000024     eMPL_outputs.obj (.text:inv_get_sensor_type_quat)
                  0000da5c    00000024     ml_math_func.obj (.text:inv_q_add)
                  0000da80    00000024     results_holder.obj (.text:inv_set_compass_correction)
                  0000daa4    00000024     results_holder.obj (.text:inv_store_gaming_quaternion)
                  0000dac8    00000024     imu.obj (.text:mag_setup)
                  0000daec    00000024     rtsv7M4_T_le_v4SPD16_eabi.lib : memcmp.c.obj (.text:memcmp)
                  0000db10    00000024                                   : memmov.c.obj (.text:memmove)
                  0000db34    00000022     inv_mpu_dmp_motion_driver.obj (.text:dmp_set_tap_count)
                  0000db56    00000020     inv_mpu_dmp_motion_driver.obj (.text:dmp_set_shake_reject_time)
                  0000db76    00000020     inv_mpu_dmp_motion_driver.obj (.text:dmp_set_shake_reject_timeout)
                  0000db96    00000020     inv_mpu_dmp_motion_driver.obj (.text:dmp_set_tap_time)
                  0000dbb6    00000020     inv_mpu_dmp_motion_driver.obj (.text:dmp_set_tap_time_multi)
                  0000dbd6    00000020     imu.obj (.text:init_imu_scaledStruct)
                  0000dbf6    00000002     --HOLE-- [fill = 0]
                  0000dbf8    00000020     start_manager.obj (.text:inv_register_mpl_start_notification)
                  0000dc18    00000020     data_builder.obj (.text:inv_set_accel_accuracy)
                  0000dc38    00000020     imu.obj (.text:make_disable_ptrs)
                  0000dc58    00000020     inv_mpu.obj (.text:mpu_get_sample_rate)
                  0000dc78    0000001e     i2c_functions.obj (.text:i2c_write)
                  0000dc96    0000001e     ml_math_func.obj (.text:inv_q_invertf)
                  0000dcb4    0000001c     uart_echo.obj (.text:UARTIntHandler)
                  0000dcd0    0000001c     results_holder.obj (.text:inv_get_compass_correction)
                  0000dcec    0000001c     data_builder.obj (.text:inv_get_compass_soft_iron_output_data)
                  0000dd08    0000001c     data_builder.obj (.text:inv_get_gyro_bias_tc_set)
                  0000dd24    0000001c     data_builder.obj (.text:inv_get_mag_accuracy)
                  0000dd40    0000001c     storage_manager.obj (.text:inv_init_storage_manager)
                  0000dd5c    0000001c     rtsv7M4_T_le_v4SPD16_eabi.lib : memccpy.c.obj (.text:memccpy)
                  0000dd78    0000001a     uartstdio.obj (.text:UARTprintf)
                  0000dd92    0000001a     ml_math_func.obj (.text:inv_get_gyro_sum_of_sqr)
                  0000ddac    00000018     rtsv7M4_T_le_v4SPD16_eabi.lib : sprintf.c.obj (.text:_outs)
                  0000ddc4    00000018                                   : vsprintf.c.obj (.text:_outs)
                  0000dddc    00000018     imu.obj (.text:accel_lsm9_write_reg)
                  0000ddf4    00000018     mpu_9150.obj (.text:delay)
                  0000de0c    00000018     uart_echo.obj (.text:delay_ms)
                  0000de24    00000018     uart_echo.obj (.text:enable_systick)
                  0000de3c    00000018     imu.obj (.text:gyro_write_reg)
                  0000de54    00000018     eMPL_outputs.obj (.text:inv_get_sensor_type_accel)
                  0000de6c    00000018     eMPL_outputs.obj (.text:inv_get_sensor_type_gyro)
                  0000de84    00000018     ml_math_func.obj (.text:inv_q_invert)
                  0000de9c    00000018     results_holder.obj (.text:inv_start_results_holder)
                  0000deb4    00000018     imu.obj (.text:mag_write_reg)
                  0000decc    00000016     rtsv7M4_T_le_v4SPD16_eabi.lib : strchr.c.obj (.text:strchr)
                  0000dee2    00000002     --HOLE-- [fill = 0]
                  0000dee4    00000014     driverlib.lib : systick.obj (.text:SysTickEnable)
                  0000def8    00000014                   : systick.obj (.text:SysTickIntEnable)
                  0000df0c    00000014     rtsv7M4_T_le_v4SPD16_eabi.lib : s_copysign.c.obj (.text:copysign)
                  0000df20    00000014     inv_mpu_dmp_motion_driver.obj (.text:dmp_load_motion_driver_firmware)
                  0000df34    00000014     data_builder.obj (.text:inv_db_save_func)
                  0000df48    00000014     eMPL_outputs.obj (.text:inv_enable_eMPL_outputs)
                  0000df5c    00000014     results_holder.obj (.text:inv_enable_results_holder)
                  0000df70    00000014     results_holder.obj (.text:inv_generate_results)
                  0000df84    00000014     results_holder.obj (.text:inv_get_6axis_quaternion)
                  0000df98    00000014     data_builder.obj (.text:inv_get_compass_bias)
                  0000dfac    00000014     eMPL_outputs.obj (.text:inv_get_sensor_type_compass)
                  0000dfc0    00000014     eMPL_outputs.obj (.text:inv_init_eMPL_outputs)
                  0000dfd4    00000014     start_manager.obj (.text:inv_init_start_manager)
                  0000dfe8    00000014     data_builder.obj (.text:inv_set_accel_orientation_and_scale)
                  0000dffc    00000014     data_builder.obj (.text:inv_set_compass_orientation_and_scale)
                  0000e010    00000014     data_builder.obj (.text:inv_set_gyro_orientation_and_scale)
                  0000e024    00000014     message_layer.obj (.text:inv_set_message)
                  0000e038    00000014     inv_mpu.obj (.text:mpu_get_compass_fsr)
                  0000e04c    00000014     rtsv7M4_T_le_v4SPD16_eabi.lib : strlen.c.obj (.text:strlen)
                  0000e060    00000012     driverlib.lib : gpio.obj (.text:GPIOPinTypeI2C)
                  0000e072    00000012                   : gpio.obj (.text:GPIOPinTypeI2CSCL)
                  0000e084    00000012                   : gpio.obj (.text:GPIOPinTypeUART)
                  0000e096    00000012     rtsv7M4_T_le_v4SPD16_eabi.lib : wcslen.c.obj (.text:wcslen)
                  0000e0a8    00000010     driverlib.lib : interrupt.obj (.text:IntMasterEnable)
                  0000e0b8    00000010                   : systick.obj (.text:SysTickPeriodSet)
                  0000e0c8    00000010     data_builder.obj (.text:inv_get_accel_on)
                  0000e0d8    00000010     data_builder.obj (.text:inv_get_compass_on)
                  0000e0e8    00000010     data_builder.obj (.text:inv_get_gyro)
                  0000e0f8    00000010     data_builder.obj (.text:inv_get_gyro_on)
                  0000e108    00000010     results_holder.obj (.text:inv_get_local_field)
                  0000e118    00000010     results_holder.obj (.text:inv_get_motion_state)
                  0000e128    00000010     results_holder.obj (.text:inv_set_compass_bias_error)
                  0000e138    00000010     eMPL_outputs.obj (.text:inv_start_eMPL_outputs)
                  0000e148    00000010     uart_echo.obj (.text:systick_int_handler)
                  0000e158    0000000e     rtsv7M4_T_le_v4SPD16_eabi.lib : fd_eabi_t2.asm.obj (.text:__aeabi_dcmpeq)
                  0000e166    0000000e                                   : fd_eabi_t2.asm.obj (.text:__aeabi_dcmpgt)
                  0000e174    0000000e                                   : fd_eabi_t2.asm.obj (.text:__aeabi_dcmple)
                  0000e182    0000000e                                   : fd_eabi_t2.asm.obj (.text:__aeabi_dcmplt)
                  0000e190    0000000e     imu.obj (.text:accel_lsm9_setup)
                  0000e19e    0000000e     rtsv7M4_T_le_v4SPD16_eabi.lib : copy_decompress_none.c.obj (.text:decompress:none:__TI_decompress_none)
                  0000e1ac    0000000e     i2c_functions.obj (.text:i2c_read)
                  0000e1ba    0000000c     driverlib.lib : cpu.obj (.text:CPUcpsie)
                  0000e1c6    0000000c     rtsv7M4_T_le_v4SPD16_eabi.lib : copy_zero_init.c.obj (.text:decompress:ZI:__TI_zero_init)
                  0000e1d2    00000002     --HOLE-- [fill = 0]
                  0000e1d4    0000000c     uart_echo.obj (.text:get_ms)
                  0000e1e0    0000000c     data_builder.obj (.text:inv_disable_compass_soft_iron_matrix)
                  0000e1ec    0000000c     results_holder.obj (.text:inv_get_acc_state)
                  0000e1f8    0000000c     data_builder.obj (.text:inv_get_accel_accuracy)
                  0000e204    0000000c     results_holder.obj (.text:inv_get_compass_state)
                  0000e210    0000000c     data_builder.obj (.text:inv_get_gyro_accuracy)
                  0000e21c    0000000c     results_holder.obj (.text:inv_get_large_mag_field)
                  0000e228    0000000c     results_holder.obj (.text:inv_got_compass_bias)
                  0000e234    0000000c     ml_math_func.obj (.text:inv_q29_mult)
                  0000e240    0000000c     ml_math_func.obj (.text:inv_q30_mult)
                  0000e24c    0000000c     results_holder.obj (.text:inv_set_accel_bias_found)
                  0000e258    0000000c     results_holder.obj (.text:inv_set_compass_bias_found)
                  0000e264    0000000c     data_builder.obj (.text:inv_set_compass_disturbance)
                  0000e270    0000000c     results_holder.obj (.text:inv_set_compass_state)
                  0000e27c    0000000a     driverlib.lib : i2c.obj (.text:I2CMasterEnable)
                  0000e286    0000000a                   : uart.obj (.text:UARTIntStatus)
                  0000e290    0000000a     rtsv7M4_T_le_v4SPD16_eabi.lib : sprintf.c.obj (.text:_outc)
                  0000e29a    0000000a                                   : vsprintf.c.obj (.text:_outc)
                  0000e2a4    00000008     driverlib.lib : i2c.obj (.text:I2CMasterBusy)
                  0000e2ac    00000008                   : i2c.obj (.text:I2CMasterSlaveAddrSet)
                  0000e2b4    00000008     rtsv7M4_T_le_v4SPD16_eabi.lib : errno.c.obj (.text:__aeabi_errno_addr)
                  0000e2bc    00000006     startup_ccs.obj (.text:ResetISR)
                  0000e2c2    00000006     driverlib.lib : sysctl.obj (.text:SysCtlDelay)
                  0000e2c8    00000006                   : uart.obj (.text:UARTClockSourceSet)
                  0000e2ce    00000006     data_builder.obj (.text:set_sensor_orientation_and_scale)
                  0000e2d4    00000004     driverlib.lib : i2c.obj (.text:I2CMasterControl)
                  0000e2d8    00000004                   : i2c.obj (.text:I2CMasterDataGet)
                  0000e2dc    00000004                   : i2c.obj (.text:I2CMasterDataPut)
                  0000e2e0    00000004                   : uart.obj (.text:UARTIntClear)
                  0000e2e4    00000004     rtsv7M4_T_le_v4SPD16_eabi.lib : pre_init.c.obj (.text:_system_pre_init)
                  0000e2e8    00000004                                   : exit.c.obj (.text:abort:abort)

.const     0    0000e2f0    0000104a     
                  0000e2f0    00000bf6     inv_mpu_dmp_motion_driver.obj (.const:.string:dmp_memory)
                  0000eee6    00000002     --HOLE-- [fill = 0]
                  0000eee8    00000158     rtsv7M4_T_le_v4SPD16_eabi.lib : k_rem_pio2.c.obj (.const:$O1$$)
                  0000f040    00000101                                   : ctype.c.obj (.const:.string:_ctypes_)
                  0000f141    00000003     inv_mpu_dmp_motion_driver.obj (.const:.string:$P$T0$1)
                  0000f144    00000090     driverlib.lib : gpio.obj (.const:g_pui32GPIOBaseAddrs)
                  0000f1d4    0000006c                   : sysctl.obj (.const:g_pui32Xtals)
                  0000f240    00000034     rtsv7M4_T_le_v4SPD16_eabi.lib : s_atanf.c.obj (.const:$O1$$)
                  0000f274    0000002a     inv_mpu.obj (.const:reg)
                  0000f29e    00000002     --HOLE-- [fill = 0]
                  0000f2a0    00000028     inv_mpu.obj (.const:test)
                  0000f2c8    0000000e     mpl.obj (.const:.string:$P$T1$2)
                  0000f2d6    0000000e     inv_mpu.obj (.const:hw)
                  0000f2e4    0000000d     mpl.obj (.const:.string:$P$T0$1)
                  0000f2f1    0000000c     inv_mpu_dmp_motion_driver.obj (.const:.string:$P$T4$5)
                  0000f2fd    00000003     inv_mpu_dmp_motion_driver.obj (.const:.string:$P$T1$2)
                  0000f300    0000000c     uartstdio.obj (.const:g_ui32UARTBase)
                  0000f30c    0000000c     uartstdio.obj (.const:g_ui32UARTPeriph)
                  0000f318    0000000a     mpu_interface.obj (.const:.string)
                  0000f322    00000009     inv_mpu_dmp_motion_driver.obj (.const:.string:$P$T5$6)
                  0000f32b    00000009     inv_mpu_dmp_motion_driver.obj (.const:.string:$P$T6$7)
                  0000f334    00000003     inv_mpu_dmp_motion_driver.obj (.const:.string:$P$T2$3)
                  0000f337    00000003     inv_mpu_dmp_motion_driver.obj (.const:.string:$P$T3$4)

.cinit     0    0000f348    00000068     
                  0000f348    00000041     (.cinit..data.load) [load image, compression = lzss]
                  0000f389    00000003     --HOLE-- [fill = 0]
                  0000f38c    0000000c     (__TI_handler_table)
                  0000f398    00000008     (.cinit..bss.load) [load image, compression = zero_init]
                  0000f3a0    00000010     (__TI_cinit_table)

.init_array 
*          0    00000000    00000000     UNINITIALIZED

.bss       0    20000000    00001658     UNINITIALIZED
                  20000000    000004b8     liblibmplmpu-m4-hardfp.a : accel_auto_cal.o (.bss)
                  200004b8    00000260     (.common:fnm)
                  20000718    000001c4                              : gyro_tc.o (.bss)
                  200008dc    00000004     message_layer.obj (.bss:mh)
                  200008e0    000001a8     (.common:vc)
                  20000a88    00000198     storage_manager.obj (.bss:ds)
                  20000c20    00000198     data_builder.obj (.bss:sensors)
                  20000db8    00000140     data_builder.obj (.bss:inv_data_builder)
                  20000ef8    00000138     (.common:s9axis)
                  20001030    000000e8     (.common:cb)
                  20001118    000000e8     (.common:cb_sim)
                  20001200    000000e8     (.common:cb_test)
                  200012e8    000000c4     hal_outputs.obj (.bss:hal_out)
                  200013ac    000000b8     liblibmplmpu-m4-hardfp.a : mag_disturb.o (.bss)
                  20001464    00000088     results_holder.obj (.bss:rh)
                  200014ec    0000006c     liblibmplmpu-m4-hardfp.a : quaternion_supervisor.o (.bss)
                  20001558    00000054     start_manager.obj (.bss:inv_start_cb)
                  200015ac    00000004     (.common:f)
                  200015b0    00000040     liblibmplmpu-m4-hardfp.a : fast_no_motion.o (.bss)
                  200015f0    00000034     (.common:b)
                  20001624    00000028     eMPL_outputs.obj (.bss:eMPL_out)
                  2000164c    0000000c     imu.obj (.bss)

.data      0    20002658    000000bc     UNINITIALIZED
                  20002658    00000038     inv_mpu.obj (.data:st)
                  20002690    00000024     mpu_interface.obj (.data:hal)
                  200026b4    00000010     inv_mpu_dmp_motion_driver.obj (.data:dmp)
                  200026c4    00000010     liblibmplmpu-m4-hardfp.a : compass_vec_cal.o (.data)
                  200026d4    0000000c     uart_echo.obj (.data)
                  200026e0    0000000a     mpu_9150.obj (.data)
                  200026ea    00000009     mpu_interface.obj (.data:compass_pdata)
                  200026f3    00000009     mpu_interface.obj (.data:gyro_pdata)
                  200026fc    00000008     mpu_interface.obj (.data)
                  20002704    00000005     uartstdio.obj (.data)
                  20002709    00000003     --HOLE--
                  2000270c    00000004     imu.obj (.data)
                  20002710    00000004     rtsv7M4_T_le_v4SPD16_eabi.lib : errno.c.obj (.data)

.stack     0    20001658    00001000     UNINITIALIZED
                  20001658    00000004     rtsv7M4_T_le_v4SPD16_eabi.lib : boot_cortex_m.c.obj (.stack)
                  2000165c    00000ffc     --HOLE--

.rodata.str1.4 
*          0    0000f33c    0000000c     
                  0000f33c    0000000c     liblibmplmpu-m4-hardfp.a : quaternion_supervisor.o (.rodata.str1.4)

MODULE SUMMARY

       Module                          code    ro data   rw data
       ------                          ----    -------   -------
    ./
       uart_echo.obj                   628     0         68     
       startup_ccs.obj                 12      620       0      
    +--+-------------------------------+-------+---------+---------+
       Total:                          640     620       68     
                                                                
    ./MPU/core/driver/eMPL/
       inv_mpu_dmp_motion_driver.obj   2062    3104      16     
       inv_mpu.obj                     4200    96        56     
    +--+-------------------------------+-------+---------+---------+
       Total:                          6262    3200      72     
                                                                
    ./MPU/core/driver/stm32L/
       log_stm32.obj                   148     0         0      
    +--+-------------------------------+-------+---------+---------+
       Total:                          148     0         0      
                                                                
    ./MPU/core/eMPL-hal/
       eMPL_outputs.obj                316     0         40     
    +--+-------------------------------+-------+---------+---------+
       Total:                          316     0         40     
                                                                
    ./MPU/core/mllite/
       data_builder.obj                2390    0         728    
       ml_math_func.obj                1648    0         0      
       results_holder.obj              924     0         136    
       storage_manager.obj             136     0         408    
       mpl.obj                         284     27        0      
       hal_outputs.obj                 112     0         196    
       start_manager.obj               160     0         84     
       message_layer.obj               20      0         4      
    +--+-------------------------------+-------+---------+---------+
       Total:                          5674    27        1556   
                                                                
    ./MPU_interface/
       mpu_interface.obj               1268    10        62     
    +--+-------------------------------+-------+---------+---------+
       Total:                          1268    10        62     
                                                                
    ./i2c_functions/
       i2c_TM4C.obj                    504     0         0      
       i2c_functions.obj               44      0         0      
    +--+-------------------------------+-------+---------+---------+
       Total:                          548     0         0      
                                                                
    ./include/
       uartstdio.obj                   684     24        5      
       imu.obj                         560     0         16     
       mpu_9150.obj                    400     0         10     
       i2c_tm4c.obj                    184     0         0      
    +--+-------------------------------+-------+---------+---------+
       Total:                          1828    24        31     
                                                                
    /Applications/ti/TivaWare_C_Series-2.1.4.178/driverlib/ccs/Debug/driverlib.lib
       sysctl.obj                      654     108       0      
       gpio.obj                        474     144       0      
       i2c.obj                         114     0         0      
       systick.obj                     56      0         0      
       uart.obj                        20      0         0      
       interrupt.obj                   16      0         0      
       cpu.obj                         12      0         0      
    +--+-------------------------------+-------+---------+---------+
       Total:                          1346    252       0      
                                                                
    /Applications/ti/ccsv8/tools/compiler/ti-cgt-arm_18.1.1.LTS/lib/rtsv7M4_T_le_v4SPD16_eabi.lib
       _printfi.c.obj                  4863    0         0      
       k_rem_pio2.c.obj                1848    344       0      
       s_cos.c.obj                     1500    0         0      
       e_log.c.obj                     964     0         0      
       fd_add_t2.asm.obj               438     0         0      
       e_acosf.c.obj                   404     0         0      
       s_atanf.c.obj                   336     52        0      
       k_sin.c.obj                     372     0         0      
       k_cos.c.obj                     364     0         0      
       e_atan2f.c.obj                  344     0         0      
       e_sqrt.c.obj                    344     0         0      
       fd_div_t2.asm.obj               310     0         0      
       s_scalbn.c.obj                  272     0         0      
       fd_cmp_t2.asm.obj               268     0         0      
       ctype.c.obj                     0       257       0      
       fd_mul_t2.asm.obj               252     0         0      
       s_floor.c.obj                   248     0         0      
       s_cosf.c.obj                    180     0         0      
       s_sinf.c.obj                    164     0         0      
       memcpy_t2.asm.obj               156     0         0      
       ull_div_t2.asm.obj              150     0         0      
       memset_t2.asm.obj               122     0         0      
       fd_tos_t2.asm.obj               110     0         0      
       ll_div_t2.asm.obj               110     0         0      
       fs_toll_t2.asm.obj              108     0         0      
       copy_decompress_lzss.c.obj      104     0         0      
       s_frexp.c.obj                   100     0         0      
       sprintf.c.obj                   98      0         0      
       ltoa.c.obj                      84      0         0      
       atoi.c.obj                      76      0         0      
       vsprintf.c.obj                  74      0         0      
       fd_toi_t2.asm.obj               72      0         0      
       ll_tofs_t2.asm.obj              72      0         0      
       autoinit.c.obj                  68      0         0      
       u_divt2.asm.obj                 64      0         0      
       boot_cortex_m.c.obj             56      0         0      
       fd_eabi_t2.asm.obj              56      0         0      
       fs_tod_t2.asm.obj               56      0         0      
       i_tofd_t2.asm.obj               46      0         0      
       e_sqrtf.c.obj                   40      0         0      
       memcmp.c.obj                    36      0         0      
       memmov.c.obj                    36      0         0      
       memccpy.c.obj                   28      0         0      
       strchr.c.obj                    22      0         0      
       s_copysign.c.obj                20      0         0      
       strlen.c.obj                    20      0         0      
       wcslen.c.obj                    18      0         0      
       copy_decompress_none.c.obj      14      0         0      
       copy_zero_init.c.obj            12      0         0      
       errno.c.obj                     8       0         4      
       exit.c.obj                      4       0         0      
       pre_init.c.obj                  4       0         0      
       div0.asm.obj                    2       0         0      
    +--+-------------------------------+-------+---------+---------+
       Total:                          15517   653       4      
                                                                
    /Users/crohan009/Documents/Stuff/USR18/code base/MPU_MPL_LM4F_TM4C_uart/MPU/core/mpl/liblibmplmpu-m4-hardfp.a
       compass_vec_cal.o               9264    0         1136   
       accel_auto_cal.o                3480    0         1208   
       fast_no_motion.o                3472    0         672    
       quaternion_supervisor.o         2680    12        108    
       fusion_9axis.o                  1888    0         312    
       gyro_tc.o                       1440    0         452    
       mag_disturb.o                   1664    0         184    
    +--+-------------------------------+-------+---------+---------+
       Total:                          23888   12        4072   
                                                                
       Stack:                          0       0         4096   
       Linker Generated:               0       101       0      
    +--+-------------------------------+-------+---------+---------+
       Grand Total:                    57435   4899      10001  


LINKER GENERATED COPY TABLES

__TI_cinit_table @ 0000f3a0 records: 2, size/record: 8, table size: 16
	.data: load addr=0000f348, load size=00000041 bytes, run addr=20002658, run size=000000bc bytes, compression=lzss
	.bss: load addr=0000f398, load size=00000008 bytes, run addr=20000000, run size=00001658 bytes, compression=zero_init


LINKER GENERATED HANDLER TABLE

__TI_handler_table @ 0000f38c records: 3, size/record: 4, table size: 12
	index: 0, handler: __TI_decompress_lzss
	index: 1, handler: __TI_decompress_none
	index: 2, handler: __TI_zero_init


GLOBAL SYMBOLS: SORTED ALPHABETICALLY BY Name 

address   name                                    
-------   ----                                    
200026e9  Ascale                                  
0000e2e9  C$$EXIT                                 
0000e1bb  CPUcpsie                                
000066b5  ComputeAngleVelocity                    
0000cd4d  ConfigureUART                           
0000d8d1  GPIODirModeSet                          
00009f69  GPIOPadConfigSet                        
0000cf15  GPIOPinConfigure                        
0000e061  GPIOPinTypeI2C                          
0000e073  GPIOPinTypeI2CSCL                       
0000e085  GPIOPinTypeUART                         
200026e8  Gscale                                  
200026e4  GyroMeasDrift                           
200026e0  GyroMeasError                           
0000e2a5  I2CMasterBusy                           
0000e2d5  I2CMasterControl                        
0000e2d9  I2CMasterDataGet                        
0000e2dd  I2CMasterDataPut                        
0000e27d  I2CMasterEnable                         
0000cd99  I2CMasterInitExpClk                     
0000e2ad  I2CMasterSlaveAddrSet                   
0000c8f5  I2CReceive                              
0000e0a9  IntMasterEnable                         
00006715  Mag3ofNormalizedLong                    
000067e9  MagDisturbCheckSettling                 
00006769  MagDisturbSetDisturbance                
0000e2bd  ResetISR                                
0000a3f1  SysCtlClockGet                          
0000a901  SysCtlClockSet                          
0000e2c3  SysCtlDelay                             
0000d5c9  SysCtlPeripheralEnable                  
0000ccad  SysCtlPeripheralReset                   
0000dee5  SysTickEnable                           
0000def9  SysTickIntEnable                        
0000e0b9  SysTickPeriodSet                        
0000e2c9  UARTClockSourceSet                      
0000e2e1  UARTIntClear                            
0000dcb5  UARTIntHandler                          
0000e287  UARTIntStatus                           
0000c77d  UARTStdioConfig                         
0000dd79  UARTprintf                              
00007fad  UARTvprintf                             
0000cf5d  UARTwrite                               
0000b9e3  _MLPrintLog                             
20002658  __STACK_END                             
00001000  __STACK_SIZE                            
20001858  __STACK_TOP                             
0000f3a0  __TI_CINIT_Base                         
0000f3b0  __TI_CINIT_Limit                        
0000f38c  __TI_Handler_Table_Base                 
0000f398  __TI_Handler_Table_Limit                
0000d035  __TI_auto_init_nobinit_nopinit          
0000c321  __TI_decompress_lzss                    
0000e19f  __TI_decompress_none                    
ffffffff  __TI_pprof_out_hndl                     
00004c41  __TI_printfi                            
ffffffff  __TI_prof_data_size                     
ffffffff  __TI_prof_data_start                    
00000000  __TI_static_base__                      
0000e1c7  __TI_zero_init                          
0000bd35  __aeabi_cdcmpeq                         
0000bd35  __aeabi_cdcmple                         
0000bdbb  __aeabi_cdrcmple                        
0000c0ff  __aeabi_d2f                             
0000cfa5  __aeabi_d2iz                            
000088c7  __aeabi_dadd                            
0000e159  __aeabi_dcmpeq                          
0000e167  __aeabi_dcmpgt                          
0000e175  __aeabi_dcmple                          
0000e183  __aeabi_dcmplt                          
00009cfd  __aeabi_ddiv                            
0000a70d  __aeabi_dmul                            
000088bd  __aeabi_dsub                            
0000e2b5  __aeabi_errno_addr                      
0000d559  __aeabi_f2d                             
0000c2b5  __aeabi_f2lz                            
0000d84b  __aeabi_i2d                             
00009e33  __aeabi_idiv0                           
0000cfed  __aeabi_l2f                             
00009e33  __aeabi_ldiv0                           
0000c16d  __aeabi_ldivmod                         
0000bebd  __aeabi_memclr                          
0000bebd  __aeabi_memclr4                         
0000bebd  __aeabi_memclr8                         
0000b819  __aeabi_memcpy                          
0000b819  __aeabi_memcpy4                         
0000b819  __aeabi_memcpy8                         
0000bebf  __aeabi_memset                          
0000bebf  __aeabi_memset4                         
0000bebf  __aeabi_memset8                         
0000d2c9  __aeabi_uidiv                           
0000d2c9  __aeabi_uidivmod                        
0000b94d  __aeabi_uldivmod                        
ffffffff  __binit__                               
ffffffff  __c_args__                              
000093b1  __kernel_cos                            
00005e01  __kernel_rem_pio2                       
0000923d  __kernel_sin                            
UNDEFED   __mpu_init                              
20001658  __stack                                 
0000d4b1  _c_int00_noargs                         
0000f040  _ctypes_                                
UNDEFED   _system_post_cinit                      
0000e2e5  _system_pre_init                        
0000e2e9  abort                                   
0000d81d  accel_lsm9_set_scale                    
0000e191  accel_lsm9_setup                        
0000dddd  accel_lsm9_write_reg                    
00008c11  acosf                                   
00009681  atan2f                                  
00009931  atanf                                   
0000cde5  atoi                                    
200015f0  b                                       
ffffffff  binit                                   
20001030  cb                                      
20001118  cb_sim                                  
20001200  cb_test                                 
0000df0d  copysign                                
0000df0d  copysignl                               
00006bb9  cos                                     
0000b20d  cosf                                    
00006bb9  cosl                                    
200026d4  data                                    
200026d8  data_ctr                                
0000ddf5  delay                                   
0000de0d  delay_ms                                
0000d43d  dmp_enable_6x_lp_quat                   
00008705  dmp_enable_feature                      
0000d879  dmp_enable_gyro_cal                     
0000d477  dmp_enable_lp_quat                      
0000df21  dmp_load_motion_driver_firmware         
00008da5  dmp_read_fifo                           
0000c83d  dmp_set_fifo_rate                       
00009a81  dmp_set_orientation                     
0000d6fd  dmp_set_shake_reject_thresh             
0000db57  dmp_set_shake_reject_time               
0000db77  dmp_set_shake_reject_timeout            
0000d187  dmp_set_tap_axes                        
0000db35  dmp_set_tap_count                       
0000a09d  dmp_set_tap_thresh                      
0000db97  dmp_set_tap_time                        
0000dbb7  dmp_set_tap_time_multi                  
0000de25  enable_systick                          
20002710  errno                                   
200015ac  f                                       
0000a809  floor                                   
0000a809  floorl                                  
200004b8  fnm                                     
0000c4c1  frexp                                   
0000c4c1  frexpl                                  
00000000  g_pfnVectors                            
0000e1d5  get_ms                                  
0000d699  gyro_set_scale                          
0000d72d  gyro_setup                              
0000de3d  gyro_write_reg                          
200026fc  hal_timestamp                           
0000f2d6  hw                                      
0000c1dd  i2c_common_setup                        
0000e1ad  i2c_read                                
0000b589  i2c_read_bytes                          
0000dc79  i2c_write                               
0000bb09  i2c_write_bytes                         
0000c94d  i2c_write_reg                           
0000c7dd  i2c_write_reg_lsm                       
000090c5  initMPU9150                             
0000b429  init_imu                                
0000dbd7  init_imu_scaledStruct                   
00003875  int_set_fast_nomot_gyro_threshold       
00005da1  inv_9x_fusion_enable_jitter_reduction   
00005d91  inv_9x_fusion_set_mag_fb                
00005db1  inv_9x_fusion_use_timestamps            
00002949  inv_add_accel_block_data                
00001925  inv_add_compass_block_data              
000029fd  inv_add_vector_block_data               
0000c389  inv_apply_calibration                   
00002c49  inv_auto_calibrate                      
0000bfb1  inv_build_accel                         
0000b8b5  inv_build_compass                       
0000d75d  inv_build_gyro                          
0000d78d  inv_build_quat                          
0000d8fd  inv_build_temp                          
000011c5  inv_center_sum                          
000004dd  inv_cheap_gaussian                      
000004a5  inv_cheap_rand                          
00006841  inv_check_magnetic_disturbance          
00002ab1  inv_check_sample_balance                
000019d5  inv_check_sim                           
000005a1  inv_combine_compass_data                
0000ad89  inv_compass_angle                       
00000a21  inv_compute_bias                        
0000c525  inv_convert_to_body_with_scale          
00003b8d  inv_detect_motion_by_gyro_accel         
00005df1  inv_disable_9x_sensor_fusion            
0000e1e1  inv_disable_compass_soft_iron_matrix    
000065fd  inv_disable_dip_tracking                
000041a5  inv_disable_fast_nomot                  
00007705  inv_disable_gyro_tc                     
0000340d  inv_disable_in_use_auto_calibration     
000065e5  inv_disable_magnetic_disturbance        
00004c21  inv_disable_quaternion                  
00002685  inv_disable_vector_compass_cal          
00005dcd  inv_enable_9x_sensor_fusion             
0000660d  inv_enable_dip_tracking                 
0000df49  inv_enable_eMPL_outputs                 
0000418d  inv_enable_fast_nomot                   
000076c5  inv_enable_gyro_tc                      
000033f5  inv_enable_in_use_auto_calibration      
000065b9  inv_enable_magnetic_disturbance         
00004c09  inv_enable_quaternion                   
0000df5d  inv_enable_results_holder               
0000266d  inv_enable_vector_compass_cal           
0000d925  inv_execute_mpl_start_notification      
0000bb95  inv_execute_on_data                     
000039e5  inv_fast_nomot_get_time_elaps           
000036ad  inv_fast_nomot_parameter                
000036b9  inv_fast_nomot_parameter_3rd            
000039f1  inv_fast_nomot_parameter_compass        
000039b9  inv_fast_nomot_reset_data_compass       
00003799  inv_fast_nomot_set_gyro_bias            
000038cd  inv_fast_nomot_store_data               
0000396d  inv_fast_nomot_store_data_compass       
000056b1  inv_filter_correction_angle             
000041c5  inv_fnm_debug_print                     
00004441  inv_generate_accel_gyro_quaternion      
00003d71  inv_generate_fast_nomot                 
00004405  inv_generate_gyro_quaternion            
0000df71  inv_generate_results                    
0000254d  inv_generate_vector_compass_cal         
0000df85  inv_get_6axis_quaternion                
0000e1ed  inv_get_acc_state                       
0000e1f9  inv_get_accel_accuracy                  
00003429  inv_get_accel_bias_stage                
0000e0c9  inv_get_accel_on                        
0000d5fd  inv_get_accel_set                       
0000df99  inv_get_compass_bias                    
0000dcd1  inv_get_compass_correction              
0000e0d9  inv_get_compass_on                      
0000d389  inv_get_compass_set                     
0000dced  inv_get_compass_soft_iron_output_data   
0000e205  inv_get_compass_state                   
00002819  inv_get_current_calibrated_accel        
000018cd  inv_get_current_calibrated_compass      
000038ad  inv_get_fast_nomot_accel_param          
0000388d  inv_get_fast_nomot_compass_param        
000041b9  inv_get_fnm_gyro_no_motion_param        
0000c9a5  inv_get_gravity                         
0000e0e9  inv_get_gyro                            
0000e211  inv_get_gyro_accuracy                   
0000da15  inv_get_gyro_bias                       
0000dd09  inv_get_gyro_bias_tc_set                
0000e0f9  inv_get_gyro_on                         
0000d94d  inv_get_gyro_set                        
0000dd93  inv_get_gyro_sum_of_sqr                 
00007675  inv_get_gyro_ts                         
0000e21d  inv_get_large_mag_field                 
0000d0bd  inv_get_last_timestamp                  
0000d3c5  inv_get_linear_accel                    
0000d209  inv_get_linear_accel_float              
0000e109  inv_get_local_field                     
0000dd25  inv_get_mag_accuracy                    
00006bad  inv_get_magnetic_disturbance_state      
0000e119  inv_get_motion_state                    
0000d631  inv_get_quaternion                      
0000a9f5  inv_get_quaternion_set                  
00003a09  inv_get_right_shift_by_rounding         
0000de55  inv_get_sensor_type_accel               
0000dfad  inv_get_sensor_type_compass             
0000c021  inv_get_sensor_type_gravity             
0000de6d  inv_get_sensor_type_gyro                
0000da39  inv_get_sensor_type_quat                
0000e229  inv_got_compass_bias                    
00005d55  inv_init_9x_fusion                      
000027c1  inv_init_accel_maxmin                   
00002901  inv_init_check_sample_balance           
0000291d  inv_init_check_sample_balance_parameter 
0000d249  inv_init_data_builder                   
0000410d  inv_init_fast_nomot                     
0000760d  inv_init_gyro_ts                        
00003351  inv_init_in_use_auto_calibration        
00006561  inv_init_magnetic_disturbance           
000035d5  inv_init_maxmin                         
0000b155  inv_init_mpl                            
00004be5  inv_init_quaternion                     
0000d7bd  inv_init_results_holder                 
0000dfd5  inv_init_start_manager                  
0000dd41  inv_init_storage_manager                
00002601  inv_init_vector_compass_cal             
00006b75  inv_magnetic_disturbance_process        
0000d9ed  inv_orientation_matrix_to_scalar        
000058a1  inv_perform_9x_fusion                   
000076b5  inv_print_gtc_data                      
00005cbd  inv_process_9x_sensor_fusion_cb         
00002431  inv_process_compass_only_cal            
0000e235  inv_q29_mult                            
0000e241  inv_q30_mult                            
0000da5d  inv_q_add                               
0000d145  inv_q_addf                              
0000de85  inv_q_invert                            
0000dc97  inv_q_invertf                           
0000af19  inv_q_mult                              
0000acb5  inv_q_multf                             
0000bf39  inv_q_norm4                             
0000afd9  inv_q_normalizef                        
0000d401  inv_q_rotate                            
0000abd5  inv_quaternion_to_rotation              
000027e1  inv_record_good_accel_maxmin            
00003af1  inv_record_max_moment_in_no_motion_accel
00003abd  inv_record_max_moment_in_no_motion_gyro 
00003b59  inv_record_min_moment_in_motion_accel   
00003b25  inv_record_min_moment_in_motion_gyro    
0000a611  inv_register_data_cb                    
0000c249  inv_register_load_store                 
0000dbf9  inv_register_mpl_start_notification     
0000c9fd  inv_reset_compass_soft_iron_matrix      
00001b41  inv_reset_data_collection               
00003a89  inv_reset_min_max_gyro_accel_statistics 
00003cd1  inv_sensor_data_preprocess              
0000dc19  inv_set_accel_accuracy                  
0000e24d  inv_set_accel_bias_found                
0000cb5d  inv_set_accel_bias_mask                 
0000dfe9  inv_set_accel_orientation_and_scale     
0000d8a5  inv_set_accel_sample_rate               
0000ce31  inv_set_compass_bias                    
0000e129  inv_set_compass_bias_error              
0000e259  inv_set_compass_bias_found              
0000da81  inv_set_compass_correction              
0000e265  inv_set_compass_disturbance             
0000dffd  inv_set_compass_orientation_and_scale   
0000d7ed  inv_set_compass_sample_rate             
0000cbb1  inv_set_compass_soft_iron_input_data    
0000e271  inv_set_compass_state                   
000040bd  inv_set_default_number_of_samples       
00003881  inv_set_fast_nomot_accel_threshold      
00003869  inv_set_fast_nomot_compass_threshold    
00007645  inv_set_gtc_max_temp                    
00007665  inv_set_gtc_min_diff                    
00007655  inv_set_gtc_min_temp                    
0000769d  inv_set_gtc_order                       
0000c589  inv_set_gyro_bias                       
0000e011  inv_set_gyro_orientation_and_scale      
0000d975  inv_set_gyro_sample_rate                
00007699  inv_set_gyro_ts                         
00006549  inv_set_magnetic_disturbance            
0000e025  inv_set_message                         
0000d665  inv_set_motion_state                    
00004411  inv_set_quaternion                      
00000715  inv_set_terms                           
0000285d  inv_sort_order_4_T                      
000056a1  inv_start_9x_sensor_fusion              
0000366d  inv_start_fast_nomot                    
00007195  inv_start_gyro_tc                       
00002701  inv_start_in_use_auto_calibration       
00006539  inv_start_magnetic_disturbance          
0000c5ed  inv_start_mpl                           
00004299  inv_start_quaternion                    
0000de9d  inv_start_results_holder                
00000271  inv_start_vector_compass_cal            
00005dc1  inv_stop_9x_sensor_fusion               
00004175  inv_stop_fast_nomot                     
000076b9  inv_stop_gyro_tc                        
000033e9  inv_stop_in_use_auto_calibration        
000065ad  inv_stop_magnetic_disturbance           
00004bd9  inv_stop_quaternion                     
000025f5  inv_stop_vector_compass_cal             
0000daa5  inv_store_gaming_quaternion             
0000661d  inv_track_dip_angle                     
0000ce7d  inv_unregister_data_cb                  
0000d101  inv_unregister_mpl_start_notification   
00000499  inv_vector_compass_cal_sensitivity      
0000a501  ldexp                                   
0000a501  ldexpl                                  
00007735  log                                     
00007735  logl                                    
0000cc05  ltoa                                    
200013ac  mag_disturb                             
0000d591  mag_set_scale                           
0000dac9  mag_setup                               
0000deb5  mag_write_reg                           
00008545  main                                    
0000dd5d  memccpy                                 
0000daed  memcmp                                  
0000b819  memcpy                                  
0000db11  memmove                                 
0000bec5  memset                                  
0000d6cb  mlMatrixVectorMult                      
00006bb9  ml_cos                                  
0000a809  ml_floor                                
00007735  ml_log                                  
000097d9  ml_sqrt                                 
20002700  mpl_key                                 
0000ccfd  mpu_configure_fifo                      
0000d289  mpu_get_accel_fsr                       
0000c651  mpu_get_accel_reg                       
0000e039  mpu_get_compass_fsr                     
0000b2c1  mpu_get_compass_reg                     
0000d521  mpu_get_gyro_fsr                        
0000a2dd  mpu_get_outputs                         
0000dc59  mpu_get_sample_rate                     
0000ba79  mpu_get_temperature                     
0000ae51  mpu_init                                
0000b4d9  mpu_load_firmware                       
0000b631  mpu_lp_accel_mode                       
00008a75  mpu_open                                
00008f35  mpu_read_fifo                           
0000b099  mpu_read_fifo_stream                    
0000ca55  mpu_read_mem                            
0000951d  mpu_reset_fifo                          
0000c6b5  mpu_set_accel_fsr                       
0000aae9  mpu_set_bypass                          
0000cec9  mpu_set_compass_sample_rate             
0000be41  mpu_set_dmp_state                       
0000c3f1  mpu_set_gyro_fsr                        
0000c719  mpu_set_int_latched                     
0000c459  mpu_set_lpf                             
0000bc21  mpu_set_sample_rate                     
00009e35  mpu_set_sensors                         
00007d69  mpu_update                              
0000caad  mpu_write_mem                           
0000f274  reg                                     
20000ef8  s9axis                                  
0000a501  scalbn                                  
0000a501  scalbnl                                 
0000e2cf  set_sensor_orientation_and_scale        
0000b6d9  sinf                                    
0000d309  sprintf                                 
000097d9  sqrt                                    
0000d99d  sqrtf                                   
000097d9  sqrtl                                   
0000decd  strchr                                  
0000e04d  strlen                                  
0000e149  systick_int_handler                     
200026dc  systick_n                               
0000f2a0  test                                    
200008e0  vc                                      
0000d9c5  vsprintf                                
0000e097  wcslen                                  


GLOBAL SYMBOLS: SORTED BY Symbol Address 

address   name                                    
-------   ----                                    
00000000  __TI_static_base__                      
00000000  g_pfnVectors                            
00000271  inv_start_vector_compass_cal            
00000499  inv_vector_compass_cal_sensitivity      
000004a5  inv_cheap_rand                          
000004dd  inv_cheap_gaussian                      
000005a1  inv_combine_compass_data                
00000715  inv_set_terms                           
00000a21  inv_compute_bias                        
00001000  __STACK_SIZE                            
000011c5  inv_center_sum                          
000018cd  inv_get_current_calibrated_compass      
00001925  inv_add_compass_block_data              
000019d5  inv_check_sim                           
00001b41  inv_reset_data_collection               
00002431  inv_process_compass_only_cal            
0000254d  inv_generate_vector_compass_cal         
000025f5  inv_stop_vector_compass_cal             
00002601  inv_init_vector_compass_cal             
0000266d  inv_enable_vector_compass_cal           
00002685  inv_disable_vector_compass_cal          
00002701  inv_start_in_use_auto_calibration       
000027c1  inv_init_accel_maxmin                   
000027e1  inv_record_good_accel_maxmin            
00002819  inv_get_current_calibrated_accel        
0000285d  inv_sort_order_4_T                      
00002901  inv_init_check_sample_balance           
0000291d  inv_init_check_sample_balance_parameter 
00002949  inv_add_accel_block_data                
000029fd  inv_add_vector_block_data               
00002ab1  inv_check_sample_balance                
00002c49  inv_auto_calibrate                      
00003351  inv_init_in_use_auto_calibration        
000033e9  inv_stop_in_use_auto_calibration        
000033f5  inv_enable_in_use_auto_calibration      
0000340d  inv_disable_in_use_auto_calibration     
00003429  inv_get_accel_bias_stage                
000035d5  inv_init_maxmin                         
0000366d  inv_start_fast_nomot                    
000036ad  inv_fast_nomot_parameter                
000036b9  inv_fast_nomot_parameter_3rd            
00003799  inv_fast_nomot_set_gyro_bias            
00003869  inv_set_fast_nomot_compass_threshold    
00003875  int_set_fast_nomot_gyro_threshold       
00003881  inv_set_fast_nomot_accel_threshold      
0000388d  inv_get_fast_nomot_compass_param        
000038ad  inv_get_fast_nomot_accel_param          
000038cd  inv_fast_nomot_store_data               
0000396d  inv_fast_nomot_store_data_compass       
000039b9  inv_fast_nomot_reset_data_compass       
000039e5  inv_fast_nomot_get_time_elaps           
000039f1  inv_fast_nomot_parameter_compass        
00003a09  inv_get_right_shift_by_rounding         
00003a89  inv_reset_min_max_gyro_accel_statistics 
00003abd  inv_record_max_moment_in_no_motion_gyro 
00003af1  inv_record_max_moment_in_no_motion_accel
00003b25  inv_record_min_moment_in_motion_gyro    
00003b59  inv_record_min_moment_in_motion_accel   
00003b8d  inv_detect_motion_by_gyro_accel         
00003cd1  inv_sensor_data_preprocess              
00003d71  inv_generate_fast_nomot                 
000040bd  inv_set_default_number_of_samples       
0000410d  inv_init_fast_nomot                     
00004175  inv_stop_fast_nomot                     
0000418d  inv_enable_fast_nomot                   
000041a5  inv_disable_fast_nomot                  
000041b9  inv_get_fnm_gyro_no_motion_param        
000041c5  inv_fnm_debug_print                     
00004299  inv_start_quaternion                    
00004405  inv_generate_gyro_quaternion            
00004411  inv_set_quaternion                      
00004441  inv_generate_accel_gyro_quaternion      
00004bd9  inv_stop_quaternion                     
00004be5  inv_init_quaternion                     
00004c09  inv_enable_quaternion                   
00004c21  inv_disable_quaternion                  
00004c41  __TI_printfi                            
000056a1  inv_start_9x_sensor_fusion              
000056b1  inv_filter_correction_angle             
000058a1  inv_perform_9x_fusion                   
00005cbd  inv_process_9x_sensor_fusion_cb         
00005d55  inv_init_9x_fusion                      
00005d91  inv_9x_fusion_set_mag_fb                
00005da1  inv_9x_fusion_enable_jitter_reduction   
00005db1  inv_9x_fusion_use_timestamps            
00005dc1  inv_stop_9x_sensor_fusion               
00005dcd  inv_enable_9x_sensor_fusion             
00005df1  inv_disable_9x_sensor_fusion            
00005e01  __kernel_rem_pio2                       
00006539  inv_start_magnetic_disturbance          
00006549  inv_set_magnetic_disturbance            
00006561  inv_init_magnetic_disturbance           
000065ad  inv_stop_magnetic_disturbance           
000065b9  inv_enable_magnetic_disturbance         
000065e5  inv_disable_magnetic_disturbance        
000065fd  inv_disable_dip_tracking                
0000660d  inv_enable_dip_tracking                 
0000661d  inv_track_dip_angle                     
000066b5  ComputeAngleVelocity                    
00006715  Mag3ofNormalizedLong                    
00006769  MagDisturbSetDisturbance                
000067e9  MagDisturbCheckSettling                 
00006841  inv_check_magnetic_disturbance          
00006b75  inv_magnetic_disturbance_process        
00006bad  inv_get_magnetic_disturbance_state      
00006bb9  cos                                     
00006bb9  cosl                                    
00006bb9  ml_cos                                  
00007195  inv_start_gyro_tc                       
0000760d  inv_init_gyro_ts                        
00007645  inv_set_gtc_max_temp                    
00007655  inv_set_gtc_min_temp                    
00007665  inv_set_gtc_min_diff                    
00007675  inv_get_gyro_ts                         
00007699  inv_set_gyro_ts                         
0000769d  inv_set_gtc_order                       
000076b5  inv_print_gtc_data                      
000076b9  inv_stop_gyro_tc                        
000076c5  inv_enable_gyro_tc                      
00007705  inv_disable_gyro_tc                     
00007735  log                                     
00007735  logl                                    
00007735  ml_log                                  
00007d69  mpu_update                              
00007fad  UARTvprintf                             
00008545  main                                    
00008705  dmp_enable_feature                      
000088bd  __aeabi_dsub                            
000088c7  __aeabi_dadd                            
00008a75  mpu_open                                
00008c11  acosf                                   
00008da5  dmp_read_fifo                           
00008f35  mpu_read_fifo                           
000090c5  initMPU9150                             
0000923d  __kernel_sin                            
000093b1  __kernel_cos                            
0000951d  mpu_reset_fifo                          
00009681  atan2f                                  
000097d9  ml_sqrt                                 
000097d9  sqrt                                    
000097d9  sqrtl                                   
00009931  atanf                                   
00009a81  dmp_set_orientation                     
00009cfd  __aeabi_ddiv                            
00009e33  __aeabi_idiv0                           
00009e33  __aeabi_ldiv0                           
00009e35  mpu_set_sensors                         
00009f69  GPIOPadConfigSet                        
0000a09d  dmp_set_tap_thresh                      
0000a2dd  mpu_get_outputs                         
0000a3f1  SysCtlClockGet                          
0000a501  ldexp                                   
0000a501  ldexpl                                  
0000a501  scalbn                                  
0000a501  scalbnl                                 
0000a611  inv_register_data_cb                    
0000a70d  __aeabi_dmul                            
0000a809  floor                                   
0000a809  floorl                                  
0000a809  ml_floor                                
0000a901  SysCtlClockSet                          
0000a9f5  inv_get_quaternion_set                  
0000aae9  mpu_set_bypass                          
0000abd5  inv_quaternion_to_rotation              
0000acb5  inv_q_multf                             
0000ad89  inv_compass_angle                       
0000ae51  mpu_init                                
0000af19  inv_q_mult                              
0000afd9  inv_q_normalizef                        
0000b099  mpu_read_fifo_stream                    
0000b155  inv_init_mpl                            
0000b20d  cosf                                    
0000b2c1  mpu_get_compass_reg                     
0000b429  init_imu                                
0000b4d9  mpu_load_firmware                       
0000b589  i2c_read_bytes                          
0000b631  mpu_lp_accel_mode                       
0000b6d9  sinf                                    
0000b819  __aeabi_memcpy                          
0000b819  __aeabi_memcpy4                         
0000b819  __aeabi_memcpy8                         
0000b819  memcpy                                  
0000b8b5  inv_build_compass                       
0000b94d  __aeabi_uldivmod                        
0000b9e3  _MLPrintLog                             
0000ba79  mpu_get_temperature                     
0000bb09  i2c_write_bytes                         
0000bb95  inv_execute_on_data                     
0000bc21  mpu_set_sample_rate                     
0000bd35  __aeabi_cdcmpeq                         
0000bd35  __aeabi_cdcmple                         
0000bdbb  __aeabi_cdrcmple                        
0000be41  mpu_set_dmp_state                       
0000bebd  __aeabi_memclr                          
0000bebd  __aeabi_memclr4                         
0000bebd  __aeabi_memclr8                         
0000bebf  __aeabi_memset                          
0000bebf  __aeabi_memset4                         
0000bebf  __aeabi_memset8                         
0000bec5  memset                                  
0000bf39  inv_q_norm4                             
0000bfb1  inv_build_accel                         
0000c021  inv_get_sensor_type_gravity             
0000c0ff  __aeabi_d2f                             
0000c16d  __aeabi_ldivmod                         
0000c1dd  i2c_common_setup                        
0000c249  inv_register_load_store                 
0000c2b5  __aeabi_f2lz                            
0000c321  __TI_decompress_lzss                    
0000c389  inv_apply_calibration                   
0000c3f1  mpu_set_gyro_fsr                        
0000c459  mpu_set_lpf                             
0000c4c1  frexp                                   
0000c4c1  frexpl                                  
0000c525  inv_convert_to_body_with_scale          
0000c589  inv_set_gyro_bias                       
0000c5ed  inv_start_mpl                           
0000c651  mpu_get_accel_reg                       
0000c6b5  mpu_set_accel_fsr                       
0000c719  mpu_set_int_latched                     
0000c77d  UARTStdioConfig                         
0000c7dd  i2c_write_reg_lsm                       
0000c83d  dmp_set_fifo_rate                       
0000c8f5  I2CReceive                              
0000c94d  i2c_write_reg                           
0000c9a5  inv_get_gravity                         
0000c9fd  inv_reset_compass_soft_iron_matrix      
0000ca55  mpu_read_mem                            
0000caad  mpu_write_mem                           
0000cb5d  inv_set_accel_bias_mask                 
0000cbb1  inv_set_compass_soft_iron_input_data    
0000cc05  ltoa                                    
0000ccad  SysCtlPeripheralReset                   
0000ccfd  mpu_configure_fifo                      
0000cd4d  ConfigureUART                           
0000cd99  I2CMasterInitExpClk                     
0000cde5  atoi                                    
0000ce31  inv_set_compass_bias                    
0000ce7d  inv_unregister_data_cb                  
0000cec9  mpu_set_compass_sample_rate             
0000cf15  GPIOPinConfigure                        
0000cf5d  UARTwrite                               
0000cfa5  __aeabi_d2iz                            
0000cfed  __aeabi_l2f                             
0000d035  __TI_auto_init_nobinit_nopinit          
0000d0bd  inv_get_last_timestamp                  
0000d101  inv_unregister_mpl_start_notification   
0000d145  inv_q_addf                              
0000d187  dmp_set_tap_axes                        
0000d209  inv_get_linear_accel_float              
0000d249  inv_init_data_builder                   
0000d289  mpu_get_accel_fsr                       
0000d2c9  __aeabi_uidiv                           
0000d2c9  __aeabi_uidivmod                        
0000d309  sprintf                                 
0000d389  inv_get_compass_set                     
0000d3c5  inv_get_linear_accel                    
0000d401  inv_q_rotate                            
0000d43d  dmp_enable_6x_lp_quat                   
0000d477  dmp_enable_lp_quat                      
0000d4b1  _c_int00_noargs                         
0000d521  mpu_get_gyro_fsr                        
0000d559  __aeabi_f2d                             
0000d591  mag_set_scale                           
0000d5c9  SysCtlPeripheralEnable                  
0000d5fd  inv_get_accel_set                       
0000d631  inv_get_quaternion                      
0000d665  inv_set_motion_state                    
0000d699  gyro_set_scale                          
0000d6cb  mlMatrixVectorMult                      
0000d6fd  dmp_set_shake_reject_thresh             
0000d72d  gyro_setup                              
0000d75d  inv_build_gyro                          
0000d78d  inv_build_quat                          
0000d7bd  inv_init_results_holder                 
0000d7ed  inv_set_compass_sample_rate             
0000d81d  accel_lsm9_set_scale                    
0000d84b  __aeabi_i2d                             
0000d879  dmp_enable_gyro_cal                     
0000d8a5  inv_set_accel_sample_rate               
0000d8d1  GPIODirModeSet                          
0000d8fd  inv_build_temp                          
0000d925  inv_execute_mpl_start_notification      
0000d94d  inv_get_gyro_set                        
0000d975  inv_set_gyro_sample_rate                
0000d99d  sqrtf                                   
0000d9c5  vsprintf                                
0000d9ed  inv_orientation_matrix_to_scalar        
0000da15  inv_get_gyro_bias                       
0000da39  inv_get_sensor_type_quat                
0000da5d  inv_q_add                               
0000da81  inv_set_compass_correction              
0000daa5  inv_store_gaming_quaternion             
0000dac9  mag_setup                               
0000daed  memcmp                                  
0000db11  memmove                                 
0000db35  dmp_set_tap_count                       
0000db57  dmp_set_shake_reject_time               
0000db77  dmp_set_shake_reject_timeout            
0000db97  dmp_set_tap_time                        
0000dbb7  dmp_set_tap_time_multi                  
0000dbd7  init_imu_scaledStruct                   
0000dbf9  inv_register_mpl_start_notification     
0000dc19  inv_set_accel_accuracy                  
0000dc59  mpu_get_sample_rate                     
0000dc79  i2c_write                               
0000dc97  inv_q_invertf                           
0000dcb5  UARTIntHandler                          
0000dcd1  inv_get_compass_correction              
0000dced  inv_get_compass_soft_iron_output_data   
0000dd09  inv_get_gyro_bias_tc_set                
0000dd25  inv_get_mag_accuracy                    
0000dd41  inv_init_storage_manager                
0000dd5d  memccpy                                 
0000dd79  UARTprintf                              
0000dd93  inv_get_gyro_sum_of_sqr                 
0000dddd  accel_lsm9_write_reg                    
0000ddf5  delay                                   
0000de0d  delay_ms                                
0000de25  enable_systick                          
0000de3d  gyro_write_reg                          
0000de55  inv_get_sensor_type_accel               
0000de6d  inv_get_sensor_type_gyro                
0000de85  inv_q_invert                            
0000de9d  inv_start_results_holder                
0000deb5  mag_write_reg                           
0000decd  strchr                                  
0000dee5  SysTickEnable                           
0000def9  SysTickIntEnable                        
0000df0d  copysign                                
0000df0d  copysignl                               
0000df21  dmp_load_motion_driver_firmware         
0000df49  inv_enable_eMPL_outputs                 
0000df5d  inv_enable_results_holder               
0000df71  inv_generate_results                    
0000df85  inv_get_6axis_quaternion                
0000df99  inv_get_compass_bias                    
0000dfad  inv_get_sensor_type_compass             
0000dfd5  inv_init_start_manager                  
0000dfe9  inv_set_accel_orientation_and_scale     
0000dffd  inv_set_compass_orientation_and_scale   
0000e011  inv_set_gyro_orientation_and_scale      
0000e025  inv_set_message                         
0000e039  mpu_get_compass_fsr                     
0000e04d  strlen                                  
0000e061  GPIOPinTypeI2C                          
0000e073  GPIOPinTypeI2CSCL                       
0000e085  GPIOPinTypeUART                         
0000e097  wcslen                                  
0000e0a9  IntMasterEnable                         
0000e0b9  SysTickPeriodSet                        
0000e0c9  inv_get_accel_on                        
0000e0d9  inv_get_compass_on                      
0000e0e9  inv_get_gyro                            
0000e0f9  inv_get_gyro_on                         
0000e109  inv_get_local_field                     
0000e119  inv_get_motion_state                    
0000e129  inv_set_compass_bias_error              
0000e149  systick_int_handler                     
0000e159  __aeabi_dcmpeq                          
0000e167  __aeabi_dcmpgt                          
0000e175  __aeabi_dcmple                          
0000e183  __aeabi_dcmplt                          
0000e191  accel_lsm9_setup                        
0000e19f  __TI_decompress_none                    
0000e1ad  i2c_read                                
0000e1bb  CPUcpsie                                
0000e1c7  __TI_zero_init                          
0000e1d5  get_ms                                  
0000e1e1  inv_disable_compass_soft_iron_matrix    
0000e1ed  inv_get_acc_state                       
0000e1f9  inv_get_accel_accuracy                  
0000e205  inv_get_compass_state                   
0000e211  inv_get_gyro_accuracy                   
0000e21d  inv_get_large_mag_field                 
0000e229  inv_got_compass_bias                    
0000e235  inv_q29_mult                            
0000e241  inv_q30_mult                            
0000e24d  inv_set_accel_bias_found                
0000e259  inv_set_compass_bias_found              
0000e265  inv_set_compass_disturbance             
0000e271  inv_set_compass_state                   
0000e27d  I2CMasterEnable                         
0000e287  UARTIntStatus                           
0000e2a5  I2CMasterBusy                           
0000e2ad  I2CMasterSlaveAddrSet                   
0000e2b5  __aeabi_errno_addr                      
0000e2bd  ResetISR                                
0000e2c3  SysCtlDelay                             
0000e2c9  UARTClockSourceSet                      
0000e2cf  set_sensor_orientation_and_scale        
0000e2d5  I2CMasterControl                        
0000e2d9  I2CMasterDataGet                        
0000e2dd  I2CMasterDataPut                        
0000e2e1  UARTIntClear                            
0000e2e5  _system_pre_init                        
0000e2e9  C$$EXIT                                 
0000e2e9  abort                                   
0000f040  _ctypes_                                
0000f274  reg                                     
0000f2a0  test                                    
0000f2d6  hw                                      
0000f38c  __TI_Handler_Table_Base                 
0000f398  __TI_Handler_Table_Limit                
0000f3a0  __TI_CINIT_Base                         
0000f3b0  __TI_CINIT_Limit                        
200004b8  fnm                                     
200008e0  vc                                      
20000ef8  s9axis                                  
20001030  cb                                      
20001118  cb_sim                                  
20001200  cb_test                                 
200013ac  mag_disturb                             
200015ac  f                                       
200015f0  b                                       
20001658  __stack                                 
20001858  __STACK_TOP                             
20002658  __STACK_END                             
200026d4  data                                    
200026d8  data_ctr                                
200026dc  systick_n                               
200026e0  GyroMeasError                           
200026e4  GyroMeasDrift                           
200026e8  Gscale                                  
200026e9  Ascale                                  
200026fc  hal_timestamp                           
20002700  mpl_key                                 
20002710  errno                                   
ffffffff  __TI_pprof_out_hndl                     
ffffffff  __TI_prof_data_size                     
ffffffff  __TI_prof_data_start                    
ffffffff  __binit__                               
ffffffff  __c_args__                              
ffffffff  binit                                   
UNDEFED   __mpu_init                              
UNDEFED   _system_post_cinit                      

[436 symbols]
