<?xml version="1.0" encoding="ISO-8859-1" ?>
<link_info>
   <banner>TI ARM Linker Unix v18.1.1.LTS</banner>
   <copyright>Copyright (c) 1996-2017 Texas Instruments Incorporated</copyright>
   <link_time>0x5b5275c8</link_time>
   <link_errors>0x0</link_errors>
   <output_file>LM4F_TM4C_uart.out</output_file>
   <entry_point>
      <name>_c_int00_noargs</name>
      <address>0xd5d9</address>
   </entry_point>
   <input_file_list>
      <input_file id="fl-2">
         <path>./</path>
         <kind>object</kind>
         <file>startup_ccs.obj</file>
         <name>startup_ccs.obj</name>
      </input_file>
      <input_file id="fl-3">
         <path>./</path>
         <kind>object</kind>
         <file>uart_echo.obj</file>
         <name>uart_echo.obj</name>
      </input_file>
      <input_file id="fl-4">
         <path>./MPU/core/driver/eMPL/</path>
         <kind>object</kind>
         <file>inv_mpu.obj</file>
         <name>inv_mpu.obj</name>
      </input_file>
      <input_file id="fl-5">
         <path>./MPU/core/driver/eMPL/</path>
         <kind>object</kind>
         <file>inv_mpu_dmp_motion_driver.obj</file>
         <name>inv_mpu_dmp_motion_driver.obj</name>
      </input_file>
      <input_file id="fl-6">
         <path>./MPU/core/driver/stm32L/</path>
         <kind>object</kind>
         <file>log_stm32.obj</file>
         <name>log_stm32.obj</name>
      </input_file>
      <input_file id="fl-7">
         <path>./MPU/core/eMPL-hal/</path>
         <kind>object</kind>
         <file>eMPL_outputs.obj</file>
         <name>eMPL_outputs.obj</name>
      </input_file>
      <input_file id="fl-8">
         <path>./MPU/core/mllite/</path>
         <kind>object</kind>
         <file>data_builder.obj</file>
         <name>data_builder.obj</name>
      </input_file>
      <input_file id="fl-9">
         <path>./MPU/core/mllite/</path>
         <kind>object</kind>
         <file>hal_outputs.obj</file>
         <name>hal_outputs.obj</name>
      </input_file>
      <input_file id="fl-a">
         <path>./MPU/core/mllite/</path>
         <kind>object</kind>
         <file>message_layer.obj</file>
         <name>message_layer.obj</name>
      </input_file>
      <input_file id="fl-b">
         <path>./MPU/core/mllite/</path>
         <kind>object</kind>
         <file>ml_math_func.obj</file>
         <name>ml_math_func.obj</name>
      </input_file>
      <input_file id="fl-c">
         <path>./MPU/core/mllite/</path>
         <kind>object</kind>
         <file>mlmath.obj</file>
         <name>mlmath.obj</name>
      </input_file>
      <input_file id="fl-d">
         <path>./MPU/core/mllite/</path>
         <kind>object</kind>
         <file>mpl.obj</file>
         <name>mpl.obj</name>
      </input_file>
      <input_file id="fl-e">
         <path>./MPU/core/mllite/</path>
         <kind>object</kind>
         <file>results_holder.obj</file>
         <name>results_holder.obj</name>
      </input_file>
      <input_file id="fl-f">
         <path>./MPU/core/mllite/</path>
         <kind>object</kind>
         <file>start_manager.obj</file>
         <name>start_manager.obj</name>
      </input_file>
      <input_file id="fl-10">
         <path>./MPU/core/mllite/</path>
         <kind>object</kind>
         <file>storage_manager.obj</file>
         <name>storage_manager.obj</name>
      </input_file>
      <input_file id="fl-11">
         <path>./MPU_interface/</path>
         <kind>object</kind>
         <file>mpu_interface.obj</file>
         <name>mpu_interface.obj</name>
      </input_file>
      <input_file id="fl-12">
         <path>./i2c_functions/</path>
         <kind>object</kind>
         <file>i2c_TM4C.obj</file>
         <name>i2c_TM4C.obj</name>
      </input_file>
      <input_file id="fl-13">
         <path>./i2c_functions/</path>
         <kind>object</kind>
         <file>i2c_functions.obj</file>
         <name>i2c_functions.obj</name>
      </input_file>
      <input_file id="fl-14">
         <path>./include/</path>
         <kind>object</kind>
         <file>i2c_tm4c.obj</file>
         <name>i2c_tm4c.obj</name>
      </input_file>
      <input_file id="fl-15">
         <path>./include/</path>
         <kind>object</kind>
         <file>imu.obj</file>
         <name>imu.obj</name>
      </input_file>
      <input_file id="fl-16">
         <path>./include/</path>
         <kind>object</kind>
         <file>uartstdio.obj</file>
         <name>uartstdio.obj</name>
      </input_file>
      <input_file id="fl-1d">
         <kind>object</kind>
         <file>&lt;internal&gt;</file>
         <name>&lt;internal&gt;</name>
      </input_file>
      <input_file id="fl-1e">
         <path>/Applications/ti/TivaWare_C_Series-2.1.4.178/driverlib/ccs/Debug/</path>
         <kind>archive</kind>
         <file>driverlib.lib</file>
         <name>gpio.obj</name>
      </input_file>
      <input_file id="fl-1f">
         <path>/Applications/ti/TivaWare_C_Series-2.1.4.178/driverlib/ccs/Debug/</path>
         <kind>archive</kind>
         <file>driverlib.lib</file>
         <name>i2c.obj</name>
      </input_file>
      <input_file id="fl-20">
         <path>/Applications/ti/TivaWare_C_Series-2.1.4.178/driverlib/ccs/Debug/</path>
         <kind>archive</kind>
         <file>driverlib.lib</file>
         <name>interrupt.obj</name>
      </input_file>
      <input_file id="fl-21">
         <path>/Applications/ti/TivaWare_C_Series-2.1.4.178/driverlib/ccs/Debug/</path>
         <kind>archive</kind>
         <file>driverlib.lib</file>
         <name>sysctl.obj</name>
      </input_file>
      <input_file id="fl-22">
         <path>/Applications/ti/TivaWare_C_Series-2.1.4.178/driverlib/ccs/Debug/</path>
         <kind>archive</kind>
         <file>driverlib.lib</file>
         <name>systick.obj</name>
      </input_file>
      <input_file id="fl-23">
         <path>/Applications/ti/TivaWare_C_Series-2.1.4.178/driverlib/ccs/Debug/</path>
         <kind>archive</kind>
         <file>driverlib.lib</file>
         <name>uart.obj</name>
      </input_file>
      <input_file id="fl-24">
         <path>/Applications/ti/TivaWare_C_Series-2.1.4.178/driverlib/ccs/Debug/</path>
         <kind>archive</kind>
         <file>driverlib.lib</file>
         <name>cpu.obj</name>
      </input_file>
      <input_file id="fl-da">
         <path>/Applications/ti/ccsv8/tools/compiler/ti-cgt-arm_18.1.1.LTS/lib/</path>
         <kind>archive</kind>
         <file>rtsv7M4_T_le_v4SPD16_eabi.lib</file>
         <name>e_acos.c.obj</name>
      </input_file>
      <input_file id="fl-db">
         <path>/Applications/ti/ccsv8/tools/compiler/ti-cgt-arm_18.1.1.LTS/lib/</path>
         <kind>archive</kind>
         <file>rtsv7M4_T_le_v4SPD16_eabi.lib</file>
         <name>e_asin.c.obj</name>
      </input_file>
      <input_file id="fl-dc">
         <path>/Applications/ti/ccsv8/tools/compiler/ti-cgt-arm_18.1.1.LTS/lib/</path>
         <kind>archive</kind>
         <file>rtsv7M4_T_le_v4SPD16_eabi.lib</file>
         <name>e_atan2.c.obj</name>
      </input_file>
      <input_file id="fl-dd">
         <path>/Applications/ti/ccsv8/tools/compiler/ti-cgt-arm_18.1.1.LTS/lib/</path>
         <kind>archive</kind>
         <file>rtsv7M4_T_le_v4SPD16_eabi.lib</file>
         <name>e_log.c.obj</name>
      </input_file>
      <input_file id="fl-de">
         <path>/Applications/ti/ccsv8/tools/compiler/ti-cgt-arm_18.1.1.LTS/lib/</path>
         <kind>archive</kind>
         <file>rtsv7M4_T_le_v4SPD16_eabi.lib</file>
         <name>e_pow.c.obj</name>
      </input_file>
      <input_file id="fl-df">
         <path>/Applications/ti/ccsv8/tools/compiler/ti-cgt-arm_18.1.1.LTS/lib/</path>
         <kind>archive</kind>
         <file>rtsv7M4_T_le_v4SPD16_eabi.lib</file>
         <name>e_sqrt.c.obj</name>
      </input_file>
      <input_file id="fl-e0">
         <path>/Applications/ti/ccsv8/tools/compiler/ti-cgt-arm_18.1.1.LTS/lib/</path>
         <kind>archive</kind>
         <file>rtsv7M4_T_le_v4SPD16_eabi.lib</file>
         <name>s_atan.c.obj</name>
      </input_file>
      <input_file id="fl-e1">
         <path>/Applications/ti/ccsv8/tools/compiler/ti-cgt-arm_18.1.1.LTS/lib/</path>
         <kind>archive</kind>
         <file>rtsv7M4_T_le_v4SPD16_eabi.lib</file>
         <name>s_ceil.c.obj</name>
      </input_file>
      <input_file id="fl-e2">
         <path>/Applications/ti/ccsv8/tools/compiler/ti-cgt-arm_18.1.1.LTS/lib/</path>
         <kind>archive</kind>
         <file>rtsv7M4_T_le_v4SPD16_eabi.lib</file>
         <name>s_cos.c.obj</name>
      </input_file>
      <input_file id="fl-e3">
         <path>/Applications/ti/ccsv8/tools/compiler/ti-cgt-arm_18.1.1.LTS/lib/</path>
         <kind>archive</kind>
         <file>rtsv7M4_T_le_v4SPD16_eabi.lib</file>
         <name>s_floor.c.obj</name>
      </input_file>
      <input_file id="fl-e4">
         <path>/Applications/ti/ccsv8/tools/compiler/ti-cgt-arm_18.1.1.LTS/lib/</path>
         <kind>archive</kind>
         <file>rtsv7M4_T_le_v4SPD16_eabi.lib</file>
         <name>s_scalbn.c.obj</name>
      </input_file>
      <input_file id="fl-e5">
         <path>/Applications/ti/ccsv8/tools/compiler/ti-cgt-arm_18.1.1.LTS/lib/</path>
         <kind>archive</kind>
         <file>rtsv7M4_T_le_v4SPD16_eabi.lib</file>
         <name>s_sin.c.obj</name>
      </input_file>
      <input_file id="fl-e6">
         <path>/Applications/ti/ccsv8/tools/compiler/ti-cgt-arm_18.1.1.LTS/lib/</path>
         <kind>archive</kind>
         <file>rtsv7M4_T_le_v4SPD16_eabi.lib</file>
         <name>s_copysign.c.obj</name>
      </input_file>
      <input_file id="fl-e7">
         <path>/Applications/ti/ccsv8/tools/compiler/ti-cgt-arm_18.1.1.LTS/lib/</path>
         <kind>archive</kind>
         <file>rtsv7M4_T_le_v4SPD16_eabi.lib</file>
         <name>e_asinf.c.obj</name>
      </input_file>
      <input_file id="fl-e8">
         <path>/Applications/ti/ccsv8/tools/compiler/ti-cgt-arm_18.1.1.LTS/lib/</path>
         <kind>archive</kind>
         <file>rtsv7M4_T_le_v4SPD16_eabi.lib</file>
         <name>e_atan2f.c.obj</name>
      </input_file>
      <input_file id="fl-e9">
         <path>/Applications/ti/ccsv8/tools/compiler/ti-cgt-arm_18.1.1.LTS/lib/</path>
         <kind>archive</kind>
         <file>rtsv7M4_T_le_v4SPD16_eabi.lib</file>
         <name>s_atanf.c.obj</name>
      </input_file>
      <input_file id="fl-ea">
         <path>/Applications/ti/ccsv8/tools/compiler/ti-cgt-arm_18.1.1.LTS/lib/</path>
         <kind>archive</kind>
         <file>rtsv7M4_T_le_v4SPD16_eabi.lib</file>
         <name>u_divt2.asm.obj</name>
      </input_file>
      <input_file id="fl-eb">
         <path>/Applications/ti/ccsv8/tools/compiler/ti-cgt-arm_18.1.1.LTS/lib/</path>
         <kind>archive</kind>
         <file>rtsv7M4_T_le_v4SPD16_eabi.lib</file>
         <name>fd_add_t2.asm.obj</name>
      </input_file>
      <input_file id="fl-ec">
         <path>/Applications/ti/ccsv8/tools/compiler/ti-cgt-arm_18.1.1.LTS/lib/</path>
         <kind>archive</kind>
         <file>rtsv7M4_T_le_v4SPD16_eabi.lib</file>
         <name>fd_cmp_t2.asm.obj</name>
      </input_file>
      <input_file id="fl-ed">
         <path>/Applications/ti/ccsv8/tools/compiler/ti-cgt-arm_18.1.1.LTS/lib/</path>
         <kind>archive</kind>
         <file>rtsv7M4_T_le_v4SPD16_eabi.lib</file>
         <name>fd_div_t2.asm.obj</name>
      </input_file>
      <input_file id="fl-ee">
         <path>/Applications/ti/ccsv8/tools/compiler/ti-cgt-arm_18.1.1.LTS/lib/</path>
         <kind>archive</kind>
         <file>rtsv7M4_T_le_v4SPD16_eabi.lib</file>
         <name>fd_mul_t2.asm.obj</name>
      </input_file>
      <input_file id="fl-ef">
         <path>/Applications/ti/ccsv8/tools/compiler/ti-cgt-arm_18.1.1.LTS/lib/</path>
         <kind>archive</kind>
         <file>rtsv7M4_T_le_v4SPD16_eabi.lib</file>
         <name>fd_toi_t2.asm.obj</name>
      </input_file>
      <input_file id="fl-f0">
         <path>/Applications/ti/ccsv8/tools/compiler/ti-cgt-arm_18.1.1.LTS/lib/</path>
         <kind>archive</kind>
         <file>rtsv7M4_T_le_v4SPD16_eabi.lib</file>
         <name>fd_tos_t2.asm.obj</name>
      </input_file>
      <input_file id="fl-f1">
         <path>/Applications/ti/ccsv8/tools/compiler/ti-cgt-arm_18.1.1.LTS/lib/</path>
         <kind>archive</kind>
         <file>rtsv7M4_T_le_v4SPD16_eabi.lib</file>
         <name>fs_tod_t2.asm.obj</name>
      </input_file>
      <input_file id="fl-f2">
         <path>/Applications/ti/ccsv8/tools/compiler/ti-cgt-arm_18.1.1.LTS/lib/</path>
         <kind>archive</kind>
         <file>rtsv7M4_T_le_v4SPD16_eabi.lib</file>
         <name>i_tofd_t2.asm.obj</name>
      </input_file>
      <input_file id="fl-f3">
         <path>/Applications/ti/ccsv8/tools/compiler/ti-cgt-arm_18.1.1.LTS/lib/</path>
         <kind>archive</kind>
         <file>rtsv7M4_T_le_v4SPD16_eabi.lib</file>
         <name>ll_asr_t2.asm.obj</name>
      </input_file>
      <input_file id="fl-f4">
         <path>/Applications/ti/ccsv8/tools/compiler/ti-cgt-arm_18.1.1.LTS/lib/</path>
         <kind>archive</kind>
         <file>rtsv7M4_T_le_v4SPD16_eabi.lib</file>
         <name>ll_mul_t2.asm.obj</name>
      </input_file>
      <input_file id="fl-f5">
         <path>/Applications/ti/ccsv8/tools/compiler/ti-cgt-arm_18.1.1.LTS/lib/</path>
         <kind>archive</kind>
         <file>rtsv7M4_T_le_v4SPD16_eabi.lib</file>
         <name>memcpy_t2.asm.obj</name>
      </input_file>
      <input_file id="fl-f6">
         <path>/Applications/ti/ccsv8/tools/compiler/ti-cgt-arm_18.1.1.LTS/lib/</path>
         <kind>archive</kind>
         <file>rtsv7M4_T_le_v4SPD16_eabi.lib</file>
         <name>ll_div_t2.asm.obj</name>
      </input_file>
      <input_file id="fl-f7">
         <path>/Applications/ti/ccsv8/tools/compiler/ti-cgt-arm_18.1.1.LTS/lib/</path>
         <kind>archive</kind>
         <file>rtsv7M4_T_le_v4SPD16_eabi.lib</file>
         <name>ull_div_t2.asm.obj</name>
      </input_file>
      <input_file id="fl-f8">
         <path>/Applications/ti/ccsv8/tools/compiler/ti-cgt-arm_18.1.1.LTS/lib/</path>
         <kind>archive</kind>
         <file>rtsv7M4_T_le_v4SPD16_eabi.lib</file>
         <name>memset_t2.asm.obj</name>
      </input_file>
      <input_file id="fl-f9">
         <path>/Applications/ti/ccsv8/tools/compiler/ti-cgt-arm_18.1.1.LTS/lib/</path>
         <kind>archive</kind>
         <file>rtsv7M4_T_le_v4SPD16_eabi.lib</file>
         <name>copy_zero_init.c.obj</name>
      </input_file>
      <input_file id="fl-fa">
         <path>/Applications/ti/ccsv8/tools/compiler/ti-cgt-arm_18.1.1.LTS/lib/</path>
         <kind>archive</kind>
         <file>rtsv7M4_T_le_v4SPD16_eabi.lib</file>
         <name>copy_decompress_none.c.obj</name>
      </input_file>
      <input_file id="fl-fb">
         <path>/Applications/ti/ccsv8/tools/compiler/ti-cgt-arm_18.1.1.LTS/lib/</path>
         <kind>archive</kind>
         <file>rtsv7M4_T_le_v4SPD16_eabi.lib</file>
         <name>copy_decompress_lzss.c.obj</name>
      </input_file>
      <input_file id="fl-fc">
         <path>/Applications/ti/ccsv8/tools/compiler/ti-cgt-arm_18.1.1.LTS/lib/</path>
         <kind>archive</kind>
         <file>rtsv7M4_T_le_v4SPD16_eabi.lib</file>
         <name>boot_cortex_m.c.obj</name>
      </input_file>
      <input_file id="fl-fd">
         <path>/Applications/ti/ccsv8/tools/compiler/ti-cgt-arm_18.1.1.LTS/lib/</path>
         <kind>archive</kind>
         <file>rtsv7M4_T_le_v4SPD16_eabi.lib</file>
         <name>errno.c.obj</name>
      </input_file>
      <input_file id="fl-fe">
         <path>/Applications/ti/ccsv8/tools/compiler/ti-cgt-arm_18.1.1.LTS/lib/</path>
         <kind>archive</kind>
         <file>rtsv7M4_T_le_v4SPD16_eabi.lib</file>
         <name>exit.c.obj</name>
      </input_file>
      <input_file id="fl-ff">
         <path>/Applications/ti/ccsv8/tools/compiler/ti-cgt-arm_18.1.1.LTS/lib/</path>
         <kind>archive</kind>
         <file>rtsv7M4_T_le_v4SPD16_eabi.lib</file>
         <name>_lock.c.obj</name>
      </input_file>
      <input_file id="fl-100">
         <path>/Applications/ti/ccsv8/tools/compiler/ti-cgt-arm_18.1.1.LTS/lib/</path>
         <kind>archive</kind>
         <file>rtsv7M4_T_le_v4SPD16_eabi.lib</file>
         <name>args_main.c.obj</name>
      </input_file>
      <input_file id="fl-101">
         <path>/Applications/ti/ccsv8/tools/compiler/ti-cgt-arm_18.1.1.LTS/lib/</path>
         <kind>archive</kind>
         <file>rtsv7M4_T_le_v4SPD16_eabi.lib</file>
         <name>memcmp.c.obj</name>
      </input_file>
      <input_file id="fl-102">
         <path>/Applications/ti/ccsv8/tools/compiler/ti-cgt-arm_18.1.1.LTS/lib/</path>
         <kind>archive</kind>
         <file>rtsv7M4_T_le_v4SPD16_eabi.lib</file>
         <name>memmov.c.obj</name>
      </input_file>
      <input_file id="fl-103">
         <path>/Applications/ti/ccsv8/tools/compiler/ti-cgt-arm_18.1.1.LTS/lib/</path>
         <kind>archive</kind>
         <file>rtsv7M4_T_le_v4SPD16_eabi.lib</file>
         <name>sprintf.c.obj</name>
      </input_file>
      <input_file id="fl-104">
         <path>/Applications/ti/ccsv8/tools/compiler/ti-cgt-arm_18.1.1.LTS/lib/</path>
         <kind>archive</kind>
         <file>rtsv7M4_T_le_v4SPD16_eabi.lib</file>
         <name>vsprintf.c.obj</name>
      </input_file>
      <input_file id="fl-105">
         <path>/Applications/ti/ccsv8/tools/compiler/ti-cgt-arm_18.1.1.LTS/lib/</path>
         <kind>archive</kind>
         <file>rtsv7M4_T_le_v4SPD16_eabi.lib</file>
         <name>k_rem_pio2.c.obj</name>
      </input_file>
      <input_file id="fl-106">
         <path>/Applications/ti/ccsv8/tools/compiler/ti-cgt-arm_18.1.1.LTS/lib/</path>
         <kind>archive</kind>
         <file>rtsv7M4_T_le_v4SPD16_eabi.lib</file>
         <name>k_cos.c.obj</name>
      </input_file>
      <input_file id="fl-107">
         <path>/Applications/ti/ccsv8/tools/compiler/ti-cgt-arm_18.1.1.LTS/lib/</path>
         <kind>archive</kind>
         <file>rtsv7M4_T_le_v4SPD16_eabi.lib</file>
         <name>k_sin.c.obj</name>
      </input_file>
      <input_file id="fl-108">
         <path>/Applications/ti/ccsv8/tools/compiler/ti-cgt-arm_18.1.1.LTS/lib/</path>
         <kind>archive</kind>
         <file>rtsv7M4_T_le_v4SPD16_eabi.lib</file>
         <name>div0.asm.obj</name>
      </input_file>
      <input_file id="fl-109">
         <path>/Applications/ti/ccsv8/tools/compiler/ti-cgt-arm_18.1.1.LTS/lib/</path>
         <kind>archive</kind>
         <file>rtsv7M4_T_le_v4SPD16_eabi.lib</file>
         <name>autoinit.c.obj</name>
      </input_file>
      <input_file id="fl-10a">
         <path>/Applications/ti/ccsv8/tools/compiler/ti-cgt-arm_18.1.1.LTS/lib/</path>
         <kind>archive</kind>
         <file>rtsv7M4_T_le_v4SPD16_eabi.lib</file>
         <name>pre_init.c.obj</name>
      </input_file>
      <input_file id="fl-10b">
         <path>/Applications/ti/ccsv8/tools/compiler/ti-cgt-arm_18.1.1.LTS/lib/</path>
         <kind>archive</kind>
         <file>rtsv7M4_T_le_v4SPD16_eabi.lib</file>
         <name>cpy_tbl.c.obj</name>
      </input_file>
      <input_file id="fl-10c">
         <path>/Applications/ti/ccsv8/tools/compiler/ti-cgt-arm_18.1.1.LTS/lib/</path>
         <kind>archive</kind>
         <file>rtsv7M4_T_le_v4SPD16_eabi.lib</file>
         <name>_printfi.c.obj</name>
      </input_file>
      <input_file id="fl-10d">
         <path>/Applications/ti/ccsv8/tools/compiler/ti-cgt-arm_18.1.1.LTS/lib/</path>
         <kind>archive</kind>
         <file>rtsv7M4_T_le_v4SPD16_eabi.lib</file>
         <name>atoi.c.obj</name>
      </input_file>
      <input_file id="fl-10e">
         <path>/Applications/ti/ccsv8/tools/compiler/ti-cgt-arm_18.1.1.LTS/lib/</path>
         <kind>archive</kind>
         <file>rtsv7M4_T_le_v4SPD16_eabi.lib</file>
         <name>ctype.c.obj</name>
      </input_file>
      <input_file id="fl-10f">
         <path>/Applications/ti/ccsv8/tools/compiler/ti-cgt-arm_18.1.1.LTS/lib/</path>
         <kind>archive</kind>
         <file>rtsv7M4_T_le_v4SPD16_eabi.lib</file>
         <name>ltoa.c.obj</name>
      </input_file>
      <input_file id="fl-110">
         <path>/Applications/ti/ccsv8/tools/compiler/ti-cgt-arm_18.1.1.LTS/lib/</path>
         <kind>archive</kind>
         <file>rtsv7M4_T_le_v4SPD16_eabi.lib</file>
         <name>memccpy.c.obj</name>
      </input_file>
      <input_file id="fl-111">
         <path>/Applications/ti/ccsv8/tools/compiler/ti-cgt-arm_18.1.1.LTS/lib/</path>
         <kind>archive</kind>
         <file>rtsv7M4_T_le_v4SPD16_eabi.lib</file>
         <name>strchr.c.obj</name>
      </input_file>
      <input_file id="fl-112">
         <path>/Applications/ti/ccsv8/tools/compiler/ti-cgt-arm_18.1.1.LTS/lib/</path>
         <kind>archive</kind>
         <file>rtsv7M4_T_le_v4SPD16_eabi.lib</file>
         <name>strlen.c.obj</name>
      </input_file>
      <input_file id="fl-113">
         <path>/Applications/ti/ccsv8/tools/compiler/ti-cgt-arm_18.1.1.LTS/lib/</path>
         <kind>archive</kind>
         <file>rtsv7M4_T_le_v4SPD16_eabi.lib</file>
         <name>s_frexp.c.obj</name>
      </input_file>
      <input_file id="fl-114">
         <path>/Applications/ti/ccsv8/tools/compiler/ti-cgt-arm_18.1.1.LTS/lib/</path>
         <kind>archive</kind>
         <file>rtsv7M4_T_le_v4SPD16_eabi.lib</file>
         <name>wcslen.c.obj</name>
      </input_file>
      <input_file id="fl-115">
         <path>/Users/sak/workspace_v7 copy/LM4F_TM4C_uart/MPU/core/mpl/</path>
         <kind>archive</kind>
         <file>liblibmplmpu-m4-hardfp.a</file>
         <name>accel_auto_cal.o</name>
      </input_file>
      <input_file id="fl-116">
         <path>/Users/sak/workspace_v7 copy/LM4F_TM4C_uart/MPU/core/mpl/</path>
         <kind>archive</kind>
         <file>liblibmplmpu-m4-hardfp.a</file>
         <name>compass_vec_cal.o</name>
      </input_file>
      <input_file id="fl-117">
         <path>/Users/sak/workspace_v7 copy/LM4F_TM4C_uart/MPU/core/mpl/</path>
         <kind>archive</kind>
         <file>liblibmplmpu-m4-hardfp.a</file>
         <name>fast_no_motion.o</name>
      </input_file>
      <input_file id="fl-118">
         <path>/Users/sak/workspace_v7 copy/LM4F_TM4C_uart/MPU/core/mpl/</path>
         <kind>archive</kind>
         <file>liblibmplmpu-m4-hardfp.a</file>
         <name>fusion_9axis.o</name>
      </input_file>
      <input_file id="fl-119">
         <path>/Users/sak/workspace_v7 copy/LM4F_TM4C_uart/MPU/core/mpl/</path>
         <kind>archive</kind>
         <file>liblibmplmpu-m4-hardfp.a</file>
         <name>gyro_tc.o</name>
      </input_file>
      <input_file id="fl-11a">
         <path>/Users/sak/workspace_v7 copy/LM4F_TM4C_uart/MPU/core/mpl/</path>
         <kind>archive</kind>
         <file>liblibmplmpu-m4-hardfp.a</file>
         <name>mag_disturb.o</name>
      </input_file>
      <input_file id="fl-11b">
         <path>/Users/sak/workspace_v7 copy/LM4F_TM4C_uart/MPU/core/mpl/</path>
         <kind>archive</kind>
         <file>liblibmplmpu-m4-hardfp.a</file>
         <name>quaternion_supervisor.o</name>
      </input_file>
      <input_file id="fl-11c">
         <path>/Applications/ti/ccsv8/tools/compiler/ti-cgt-arm_18.1.1.LTS/lib/</path>
         <kind>archive</kind>
         <file>rtsv7M4_T_le_v4SPD16_eabi.lib</file>
         <name>e_acosf.c.obj</name>
      </input_file>
      <input_file id="fl-11d">
         <path>/Applications/ti/ccsv8/tools/compiler/ti-cgt-arm_18.1.1.LTS/lib/</path>
         <kind>archive</kind>
         <file>rtsv7M4_T_le_v4SPD16_eabi.lib</file>
         <name>e_sqrtf.c.obj</name>
      </input_file>
      <input_file id="fl-11e">
         <path>/Applications/ti/ccsv8/tools/compiler/ti-cgt-arm_18.1.1.LTS/lib/</path>
         <kind>archive</kind>
         <file>rtsv7M4_T_le_v4SPD16_eabi.lib</file>
         <name>s_cosf.c.obj</name>
      </input_file>
      <input_file id="fl-11f">
         <path>/Applications/ti/ccsv8/tools/compiler/ti-cgt-arm_18.1.1.LTS/lib/</path>
         <kind>archive</kind>
         <file>rtsv7M4_T_le_v4SPD16_eabi.lib</file>
         <name>s_sinf.c.obj</name>
      </input_file>
      <input_file id="fl-120">
         <path>/Applications/ti/ccsv8/tools/compiler/ti-cgt-arm_18.1.1.LTS/lib/</path>
         <kind>archive</kind>
         <file>rtsv7M4_T_le_v4SPD16_eabi.lib</file>
         <name>fs_toll_t2.asm.obj</name>
      </input_file>
      <input_file id="fl-121">
         <path>/Applications/ti/ccsv8/tools/compiler/ti-cgt-arm_18.1.1.LTS/lib/</path>
         <kind>archive</kind>
         <file>rtsv7M4_T_le_v4SPD16_eabi.lib</file>
         <name>ll_tofs_t2.asm.obj</name>
      </input_file>
      <input_file id="fl-122">
         <path>/Applications/ti/ccsv8/tools/compiler/ti-cgt-arm_18.1.1.LTS/lib/</path>
         <kind>archive</kind>
         <file>rtsv7M4_T_le_v4SPD16_eabi.lib</file>
         <name>fd_eabi_t2.asm.obj</name>
      </input_file>
   </input_file_list>
   <object_component_list>
      <object_component id="oc-f">
         <name>.intvecs</name>
         <load_address>0x0</load_address>
         <run_address>0x0</run_address>
         <size>0x26c</size>
         <input_file_ref idref="fl-2"/>
      </object_component>
      <object_component id="oc-25a">
         <name>.text</name>
         <load_address>0x270</load_address>
         <run_address>0x270</run_address>
         <size>0x2430</size>
         <input_file_ref idref="fl-116"/>
      </object_component>
      <object_component id="oc-255">
         <name>.text</name>
         <load_address>0x26a0</load_address>
         <run_address>0x26a0</run_address>
         <size>0xd98</size>
         <input_file_ref idref="fl-115"/>
      </object_component>
      <object_component id="oc-24b">
         <name>.text</name>
         <load_address>0x3438</load_address>
         <run_address>0x3438</run_address>
         <size>0xd90</size>
         <input_file_ref idref="fl-117"/>
      </object_component>
      <object_component id="oc-241">
         <name>.text</name>
         <load_address>0x41c8</load_address>
         <run_address>0x41c8</run_address>
         <size>0xa78</size>
         <input_file_ref idref="fl-11b"/>
      </object_component>
      <object_component id="oc-95a">
         <name>.text:__TI_printfi</name>
         <load_address>0x4c40</load_address>
         <run_address>0x4c40</run_address>
         <size>0xa5e</size>
         <input_file_ref idref="fl-10c"/>
      </object_component>
      <object_component id="oc-30">
         <name>.text:FaultISR</name>
         <load_address>0x569e</load_address>
         <run_address>0x569e</run_address>
         <size>0x2</size>
         <input_file_ref idref="fl-2"/>
      </object_component>
      <object_component id="oc-246">
         <name>.text</name>
         <load_address>0x56a0</load_address>
         <run_address>0x56a0</run_address>
         <size>0x760</size>
         <input_file_ref idref="fl-118"/>
      </object_component>
      <object_component id="oc-86f">
         <name>.text:__kernel_rem_pio2</name>
         <load_address>0x5e00</load_address>
         <run_address>0x5e00</run_address>
         <size>0x738</size>
         <input_file_ref idref="fl-105"/>
      </object_component>
      <object_component id="oc-25f">
         <name>.text</name>
         <load_address>0x6538</load_address>
         <run_address>0x6538</run_address>
         <size>0x680</size>
         <input_file_ref idref="fl-11a"/>
      </object_component>
      <object_component id="oc-572">
         <name>.text:cos</name>
         <load_address>0x6bb8</load_address>
         <run_address>0x6bb8</run_address>
         <size>0x5dc</size>
         <input_file_ref idref="fl-e2"/>
      </object_component>
      <object_component id="oc-250">
         <name>.text</name>
         <load_address>0x7194</load_address>
         <run_address>0x7194</run_address>
         <size>0x5a0</size>
         <input_file_ref idref="fl-119"/>
      </object_component>
      <object_component id="oc-5b5">
         <name>.text:log</name>
         <load_address>0x7734</load_address>
         <run_address>0x7734</run_address>
         <size>0x3c4</size>
         <input_file_ref idref="fl-dd"/>
      </object_component>
      <object_component id="oc-a13">
         <name>.text:_pconv_a</name>
         <load_address>0x7af8</load_address>
         <run_address>0x7af8</run_address>
         <size>0x270</size>
         <input_file_ref idref="fl-10c"/>
      </object_component>
      <object_component id="oc-c5">
         <name>.text:main</name>
         <load_address>0x7d68</load_address>
         <run_address>0x7d68</run_address>
         <size>0x228</size>
         <input_file_ref idref="fl-3"/>
      </object_component>
      <object_component id="oc-14b">
         <name>.text:mpu_update</name>
         <load_address>0x7f90</load_address>
         <run_address>0x7f90</run_address>
         <size>0x1f4</size>
         <input_file_ref idref="fl-11"/>
      </object_component>
      <object_component id="oc-220">
         <name>.text:UARTvprintf</name>
         <load_address>0x8184</load_address>
         <run_address>0x8184</run_address>
         <size>0x1ea</size>
         <input_file_ref idref="fl-16"/>
      </object_component>
      <object_component id="oc-36">
         <name>.text:IntDefaultHandler</name>
         <load_address>0x836e</load_address>
         <run_address>0x836e</run_address>
         <size>0x2</size>
         <input_file_ref idref="fl-2"/>
      </object_component>
      <object_component id="oc-43d">
         <name>.text:setup_compass</name>
         <load_address>0x8370</load_address>
         <run_address>0x8370</run_address>
         <size>0x1dc</size>
         <input_file_ref idref="fl-4"/>
      </object_component>
      <object_component id="oc-a01">
         <name>.text:_pconv_g</name>
         <load_address>0x854c</load_address>
         <run_address>0x854c</run_address>
         <size>0x1d0</size>
         <input_file_ref idref="fl-10c"/>
      </object_component>
      <object_component id="oc-39d">
         <name>.text:inv_get_sensor_type_euler</name>
         <load_address>0x871c</load_address>
         <run_address>0x871c</run_address>
         <size>0x1bc</size>
         <input_file_ref idref="fl-7"/>
      </object_component>
      <object_component id="oc-2d6">
         <name>.text:dmp_enable_feature</name>
         <load_address>0x88d8</load_address>
         <run_address>0x88d8</run_address>
         <size>0x1b8</size>
         <input_file_ref idref="fl-5"/>
      </object_component>
      <object_component id="oc-127">
         <name>.text:mpu_open</name>
         <load_address>0x8a90</load_address>
         <run_address>0x8a90</run_address>
         <size>0x1b8</size>
         <input_file_ref idref="fl-11"/>
      </object_component>
      <object_component id="oc-3b0">
         <name>.text</name>
         <load_address>0x8c48</load_address>
         <run_address>0x8c48</run_address>
         <size>0x1b6</size>
         <input_file_ref idref="fl-eb"/>
      </object_component>
      <object_component id="oc-2a">
         <name>.text:NmiSR</name>
         <load_address>0x8dfe</load_address>
         <run_address>0x8dfe</run_address>
         <size>0x2</size>
         <input_file_ref idref="fl-2"/>
      </object_component>
      <object_component id="oc-603">
         <name>.text:acosf</name>
         <load_address>0x8e00</load_address>
         <run_address>0x8e00</run_address>
         <size>0x194</size>
         <input_file_ref idref="fl-11c"/>
      </object_component>
      <object_component id="oc-372">
         <name>.text:dmp_read_fifo</name>
         <load_address>0x8f94</load_address>
         <run_address>0x8f94</run_address>
         <size>0x190</size>
         <input_file_ref idref="fl-5"/>
      </object_component>
      <object_component id="oc-354">
         <name>.text:mpu_read_fifo</name>
         <load_address>0x9124</load_address>
         <run_address>0x9124</run_address>
         <size>0x190</size>
         <input_file_ref idref="fl-4"/>
      </object_component>
      <object_component id="oc-875">
         <name>.text:__kernel_sin</name>
         <load_address>0x92b4</load_address>
         <run_address>0x92b4</run_address>
         <size>0x174</size>
         <input_file_ref idref="fl-107"/>
      </object_component>
      <object_component id="oc-869">
         <name>.text:__kernel_cos</name>
         <load_address>0x9428</load_address>
         <run_address>0x9428</run_address>
         <size>0x16c</size>
         <input_file_ref idref="fl-106"/>
      </object_component>
      <object_component id="oc-646">
         <name>.text:mpu_reset_fifo</name>
         <load_address>0x9594</load_address>
         <run_address>0x9594</run_address>
         <size>0x164</size>
         <input_file_ref idref="fl-4"/>
      </object_component>
      <object_component id="oc-773">
         <name>.text:atan2f</name>
         <load_address>0x96f8</load_address>
         <run_address>0x96f8</run_address>
         <size>0x158</size>
         <input_file_ref idref="fl-e8"/>
      </object_component>
      <object_component id="oc-57a">
         <name>.text:sqrt</name>
         <load_address>0x9850</load_address>
         <run_address>0x9850</run_address>
         <size>0x158</size>
         <input_file_ref idref="fl-df"/>
      </object_component>
      <object_component id="oc-923">
         <name>.text:atanf</name>
         <load_address>0x99a8</load_address>
         <run_address>0x99a8</run_address>
         <size>0x150</size>
         <input_file_ref idref="fl-e9"/>
      </object_component>
      <object_component id="oc-2d0">
         <name>.text:dmp_set_orientation</name>
         <load_address>0x9af8</load_address>
         <run_address>0x9af8</run_address>
         <size>0x140</size>
         <input_file_ref idref="fl-5"/>
      </object_component>
      <object_component id="oc-a0d">
         <name>.text:_pconv_e</name>
         <load_address>0x9c38</load_address>
         <run_address>0x9c38</run_address>
         <size>0x13c</size>
         <input_file_ref idref="fl-10c"/>
      </object_component>
      <object_component id="oc-479">
         <name>.text</name>
         <load_address>0x9d74</load_address>
         <run_address>0x9d74</run_address>
         <size>0x136</size>
         <input_file_ref idref="fl-ed"/>
      </object_component>
      <object_component id="oc-7b8">
         <name>.text</name>
         <load_address>0x9eaa</load_address>
         <run_address>0x9eaa</run_address>
         <size>0x2</size>
         <input_file_ref idref="fl-108"/>
      </object_component>
      <object_component id="oc-270">
         <name>.text:mpu_set_sensors</name>
         <load_address>0x9eac</load_address>
         <run_address>0x9eac</run_address>
         <size>0x134</size>
         <input_file_ref idref="fl-4"/>
      </object_component>
      <object_component id="oc-3ea">
         <name>.text:GPIOPadConfigSet</name>
         <load_address>0x9fe0</load_address>
         <run_address>0x9fe0</run_address>
         <size>0x132</size>
         <input_file_ref idref="fl-1e"/>
      </object_component>
      <object_component id="oc-698">
         <name>.text:dmp_set_tap_thresh</name>
         <load_address>0xa114</load_address>
         <run_address>0xa114</run_address>
         <size>0x120</size>
         <input_file_ref idref="fl-5"/>
      </object_component>
      <object_component id="oc-a98">
         <name>.text:fcvt</name>
         <load_address>0xa234</load_address>
         <run_address>0xa234</run_address>
         <size>0x120</size>
         <input_file_ref idref="fl-10c"/>
      </object_component>
      <object_component id="oc-396">
         <name>.text:mpu_get_outputs</name>
         <load_address>0xa354</load_address>
         <run_address>0xa354</run_address>
         <size>0x114</size>
         <input_file_ref idref="fl-11"/>
      </object_component>
      <object_component id="oc-213">
         <name>.text:SysCtlClockGet</name>
         <load_address>0xa468</load_address>
         <run_address>0xa468</run_address>
         <size>0x110</size>
         <input_file_ref idref="fl-21"/>
      </object_component>
      <object_component id="oc-9a7">
         <name>.text:scalbn</name>
         <load_address>0xa578</load_address>
         <run_address>0xa578</run_address>
         <size>0x110</size>
         <input_file_ref idref="fl-e4"/>
      </object_component>
      <object_component id="oc-4e0">
         <name>.text:inv_register_data_cb</name>
         <load_address>0xa688</load_address>
         <run_address>0xa688</run_address>
         <size>0xfc</size>
         <input_file_ref idref="fl-8"/>
      </object_component>
      <object_component id="oc-15c">
         <name>.text</name>
         <load_address>0xa784</load_address>
         <run_address>0xa784</run_address>
         <size>0xfc</size>
         <input_file_ref idref="fl-ee"/>
      </object_component>
      <object_component id="oc-9ad">
         <name>.text:floor</name>
         <load_address>0xa880</load_address>
         <run_address>0xa880</run_address>
         <size>0xf8</size>
         <input_file_ref idref="fl-e3"/>
      </object_component>
      <object_component id="oc-fd">
         <name>.text:SysCtlClockSet</name>
         <load_address>0xa978</load_address>
         <run_address>0xa978</run_address>
         <size>0xf4</size>
         <input_file_ref idref="fl-21"/>
      </object_component>
      <object_component id="oc-9d9">
         <name>.text:inv_get_quaternion_set</name>
         <load_address>0xaa6c</load_address>
         <run_address>0xaa6c</run_address>
         <size>0xf4</size>
         <input_file_ref idref="fl-e"/>
      </object_component>
      <object_component id="oc-6d9">
         <name>.text:mpu_set_bypass</name>
         <load_address>0xab60</load_address>
         <run_address>0xab60</run_address>
         <size>0xec</size>
         <input_file_ref idref="fl-4"/>
      </object_component>
      <object_component id="oc-51f">
         <name>.text:inv_quaternion_to_rotation</name>
         <load_address>0xac4c</load_address>
         <run_address>0xac4c</run_address>
         <size>0xe0</size>
         <input_file_ref idref="fl-b"/>
      </object_component>
      <object_component id="oc-49e">
         <name>.text:inv_q_multf</name>
         <load_address>0xad2c</load_address>
         <run_address>0xad2c</run_address>
         <size>0xd2</size>
         <input_file_ref idref="fl-b"/>
      </object_component>
      <object_component id="oc-513">
         <name>.text:inv_compass_angle</name>
         <load_address>0xae00</load_address>
         <run_address>0xae00</run_address>
         <size>0xc8</size>
         <input_file_ref idref="fl-b"/>
      </object_component>
      <object_component id="oc-235">
         <name>.text:mpu_init</name>
         <load_address>0xaec8</load_address>
         <run_address>0xaec8</run_address>
         <size>0xc8</size>
         <input_file_ref idref="fl-4"/>
      </object_component>
      <object_component id="oc-484">
         <name>.text:inv_q_mult</name>
         <load_address>0xaf90</load_address>
         <run_address>0xaf90</run_address>
         <size>0xc0</size>
         <input_file_ref idref="fl-b"/>
      </object_component>
      <object_component id="oc-52b">
         <name>.text:inv_q_normalizef</name>
         <load_address>0xb050</load_address>
         <run_address>0xb050</run_address>
         <size>0xc0</size>
         <input_file_ref idref="fl-b"/>
      </object_component>
      <object_component id="oc-730">
         <name>.text:mpu_read_fifo_stream</name>
         <load_address>0xb110</load_address>
         <run_address>0xb110</run_address>
         <size>0xbc</size>
         <input_file_ref idref="fl-4"/>
      </object_component>
      <object_component id="oc-23b">
         <name>.text:inv_init_mpl</name>
         <load_address>0xb1cc</load_address>
         <run_address>0xb1cc</run_address>
         <size>0xb8</size>
         <input_file_ref idref="fl-d"/>
      </object_component>
      <object_component id="oc-4c2">
         <name>.text:cosf</name>
         <load_address>0xb284</load_address>
         <run_address>0xb284</run_address>
         <size>0xb4</size>
         <input_file_ref idref="fl-11e"/>
      </object_component>
      <object_component id="oc-384">
         <name>.text:mpu_get_compass_reg</name>
         <load_address>0xb338</load_address>
         <run_address>0xb338</run_address>
         <size>0xb4</size>
         <input_file_ref idref="fl-4"/>
      </object_component>
      <object_component id="oc-9fb">
         <name>.text:_ltostr</name>
         <load_address>0xb3ec</load_address>
         <run_address>0xb3ec</run_address>
         <size>0xb1</size>
         <input_file_ref idref="fl-10c"/>
      </object_component>
      <object_component id="oc-13f">
         <name>.text:init_imu</name>
         <load_address>0xb4a0</load_address>
         <run_address>0xb4a0</run_address>
         <size>0xb0</size>
         <input_file_ref idref="fl-15"/>
      </object_component>
      <object_component id="oc-671">
         <name>.text:mpu_load_firmware</name>
         <load_address>0xb550</load_address>
         <run_address>0xb550</run_address>
         <size>0xb0</size>
         <input_file_ref idref="fl-4"/>
      </object_component>
      <object_component id="oc-22d">
         <name>.text:i2c_read_bytes</name>
         <load_address>0xb600</load_address>
         <run_address>0xb600</run_address>
         <size>0xa8</size>
         <input_file_ref idref="fl-12"/>
      </object_component>
      <object_component id="oc-64d">
         <name>.text:mpu_lp_accel_mode</name>
         <load_address>0xb6a8</load_address>
         <run_address>0xb6a8</run_address>
         <size>0xa8</size>
         <input_file_ref idref="fl-4"/>
      </object_component>
      <object_component id="oc-4c8">
         <name>.text:sinf</name>
         <load_address>0xb750</load_address>
         <run_address>0xb750</run_address>
         <size>0xa4</size>
         <input_file_ref idref="fl-11f"/>
      </object_component>
      <object_component id="oc-8a8">
         <name>.text:inv_generate_eMPL_outputs</name>
         <load_address>0xb7f4</load_address>
         <run_address>0xb7f4</run_address>
         <size>0x9c</size>
         <input_file_ref idref="fl-7"/>
      </object_component>
      <object_component id="oc-56">
         <name>.text</name>
         <load_address>0xb890</load_address>
         <run_address>0xb890</run_address>
         <size>0x9c</size>
         <input_file_ref idref="fl-f5"/>
      </object_component>
      <object_component id="oc-38a">
         <name>.text:inv_build_compass</name>
         <load_address>0xb92c</load_address>
         <run_address>0xb92c</run_address>
         <size>0x98</size>
         <input_file_ref idref="fl-8"/>
      </object_component>
      <object_component id="oc-861">
         <name>.text</name>
         <load_address>0xb9c4</load_address>
         <run_address>0xb9c4</run_address>
         <size>0x96</size>
         <input_file_ref idref="fl-f7"/>
      </object_component>
      <object_component id="oc-454">
         <name>.text:_MLPrintLog</name>
         <load_address>0xba5a</load_address>
         <run_address>0xba5a</run_address>
         <size>0x94</size>
         <input_file_ref idref="fl-6"/>
      </object_component>
      <object_component id="oc-360">
         <name>.text:mpu_get_temperature</name>
         <load_address>0xbaf0</load_address>
         <run_address>0xbaf0</run_address>
         <size>0x90</size>
         <input_file_ref idref="fl-4"/>
      </object_component>
      <object_component id="oc-7c6">
         <name>.text:i2c_write_bytes</name>
         <load_address>0xbb80</load_address>
         <run_address>0xbb80</run_address>
         <size>0x8c</size>
         <input_file_ref idref="fl-12"/>
      </object_component>
      <object_component id="oc-390">
         <name>.text:inv_execute_on_data</name>
         <load_address>0xbc0c</load_address>
         <run_address>0xbc0c</run_address>
         <size>0x8c</size>
         <input_file_ref idref="fl-8"/>
      </object_component>
      <object_component id="oc-27c">
         <name>.text:mpu_set_sample_rate</name>
         <load_address>0xbc98</load_address>
         <run_address>0xbc98</run_address>
         <size>0x8c</size>
         <input_file_ref idref="fl-4"/>
      </object_component>
      <object_component id="oc-74d">
         <name>.text:inv_set_contiguous</name>
         <load_address>0xbd24</load_address>
         <run_address>0xbd24</run_address>
         <size>0x88</size>
         <input_file_ref idref="fl-8"/>
      </object_component>
      <object_component id="oc-848">
         <name>.text:__aeabi_cdcmple</name>
         <load_address>0xbdac</load_address>
         <run_address>0xbdac</run_address>
         <size>0x86</size>
         <input_file_ref idref="fl-ec"/>
      </object_component>
      <object_component id="oc-9b3">
         <name>.text:__aeabi_cdrcmple</name>
         <load_address>0xbe32</load_address>
         <run_address>0xbe32</run_address>
         <size>0x86</size>
         <input_file_ref idref="fl-ec"/>
      </object_component>
      <object_component id="oc-2e2">
         <name>.text:mpu_set_dmp_state</name>
         <load_address>0xbeb8</load_address>
         <run_address>0xbeb8</run_address>
         <size>0x7c</size>
         <input_file_ref idref="fl-4"/>
      </object_component>
      <object_component id="oc-b9">
         <name>.text</name>
         <load_address>0xbf34</load_address>
         <run_address>0xbf34</run_address>
         <size>0x7a</size>
         <input_file_ref idref="fl-f8"/>
      </object_component>
      <object_component id="oc-4b0">
         <name>.text:inv_q_norm4</name>
         <load_address>0xbfb0</load_address>
         <run_address>0xbfb0</run_address>
         <size>0x78</size>
         <input_file_ref idref="fl-b"/>
      </object_component>
      <object_component id="oc-36c">
         <name>.text:inv_build_accel</name>
         <load_address>0xc028</load_address>
         <run_address>0xc028</run_address>
         <size>0x70</size>
         <input_file_ref idref="fl-8"/>
      </object_component>
      <object_component id="oc-580">
         <name>.text:inv_get_sensor_type_gravity</name>
         <load_address>0xc098</load_address>
         <run_address>0xc098</run_address>
         <size>0x70</size>
         <input_file_ref idref="fl-9"/>
      </object_component>
      <object_component id="oc-a91">
         <name>.text:_mcpy</name>
         <load_address>0xc108</load_address>
         <run_address>0xc108</run_address>
         <size>0x6e</size>
         <input_file_ref idref="fl-10c"/>
      </object_component>
      <object_component id="oc-500">
         <name>.text</name>
         <load_address>0xc176</load_address>
         <run_address>0xc176</run_address>
         <size>0x6e</size>
         <input_file_ref idref="fl-f0"/>
      </object_component>
      <object_component id="oc-564">
         <name>.text</name>
         <load_address>0xc1e4</load_address>
         <run_address>0xc1e4</run_address>
         <size>0x6e</size>
         <input_file_ref idref="fl-f6"/>
      </object_component>
      <object_component id="oc-115">
         <name>.text:i2c_common_setup</name>
         <load_address>0xc254</load_address>
         <run_address>0xc254</run_address>
         <size>0x6c</size>
         <input_file_ref idref="fl-12"/>
      </object_component>
      <object_component id="oc-569">
         <name>.text:inv_register_load_store</name>
         <load_address>0xc2c0</load_address>
         <run_address>0xc2c0</run_address>
         <size>0x6c</size>
         <input_file_ref idref="fl-10"/>
      </object_component>
      <object_component id="oc-539">
         <name>.text</name>
         <load_address>0xc32c</load_address>
         <run_address>0xc32c</run_address>
         <size>0x6c</size>
         <input_file_ref idref="fl-120"/>
      </object_component>
      <object_component id="oc-12">
         <name>.text:decompress:lzss:__TI_decompress_lzss</name>
         <load_address>0xc398</load_address>
         <run_address>0xc398</run_address>
         <size>0x68</size>
         <input_file_ref idref="fl-fb"/>
      </object_component>
      <object_component id="oc-723">
         <name>.text:inv_apply_calibration</name>
         <load_address>0xc400</load_address>
         <run_address>0xc400</run_address>
         <size>0x68</size>
         <input_file_ref idref="fl-8"/>
      </object_component>
      <object_component id="oc-42b">
         <name>.text:mpu_set_gyro_fsr</name>
         <load_address>0xc468</load_address>
         <run_address>0xc468</run_address>
         <size>0x68</size>
         <input_file_ref idref="fl-4"/>
      </object_component>
      <object_component id="oc-437">
         <name>.text:mpu_set_lpf</name>
         <load_address>0xc4d0</load_address>
         <run_address>0xc4d0</run_address>
         <size>0x68</size>
         <input_file_ref idref="fl-4"/>
      </object_component>
      <object_component id="oc-aa6">
         <name>.text:frexp</name>
         <load_address>0xc538</load_address>
         <run_address>0xc538</run_address>
         <size>0x64</size>
         <input_file_ref idref="fl-113"/>
      </object_component>
      <object_component id="oc-4bc">
         <name>.text:inv_convert_to_body_with_scale</name>
         <load_address>0xc59c</load_address>
         <run_address>0xc59c</run_address>
         <size>0x64</size>
         <input_file_ref idref="fl-b"/>
      </object_component>
      <object_component id="oc-547">
         <name>.text:inv_set_gyro_bias</name>
         <load_address>0xc600</load_address>
         <run_address>0xc600</run_address>
         <size>0x64</size>
         <input_file_ref idref="fl-8"/>
      </object_component>
      <object_component id="oc-26a">
         <name>.text:inv_start_mpl</name>
         <load_address>0xc664</load_address>
         <run_address>0xc664</run_address>
         <size>0x64</size>
         <input_file_ref idref="fl-d"/>
      </object_component>
      <object_component id="oc-37e">
         <name>.text:mpu_get_accel_reg</name>
         <load_address>0xc6c8</load_address>
         <run_address>0xc6c8</run_address>
         <size>0x64</size>
         <input_file_ref idref="fl-4"/>
      </object_component>
      <object_component id="oc-431">
         <name>.text:mpu_set_accel_fsr</name>
         <load_address>0xc72c</load_address>
         <run_address>0xc72c</run_address>
         <size>0x64</size>
         <input_file_ref idref="fl-4"/>
      </object_component>
      <object_component id="oc-639">
         <name>.text:mpu_set_int_latched</name>
         <load_address>0xc790</load_address>
         <run_address>0xc790</run_address>
         <size>0x64</size>
         <input_file_ref idref="fl-4"/>
      </object_component>
      <object_component id="oc-161">
         <name>.text:print_float</name>
         <load_address>0xc7f4</load_address>
         <run_address>0xc7f4</run_address>
         <size>0x62</size>
         <input_file_ref idref="fl-3"/>
      </object_component>
      <object_component id="oc-1e0">
         <name>.text:UARTStdioConfig</name>
         <load_address>0xc858</load_address>
         <run_address>0xc858</run_address>
         <size>0x60</size>
         <input_file_ref idref="fl-16"/>
      </object_component>
      <object_component id="oc-8fa">
         <name>.text:i2c_write_reg_lsm</name>
         <load_address>0xc8b8</load_address>
         <run_address>0xc8b8</run_address>
         <size>0x60</size>
         <input_file_ref idref="fl-14"/>
      </object_component>
      <object_component id="oc-2dc">
         <name>.text:dmp_set_fifo_rate</name>
         <load_address>0xc918</load_address>
         <run_address>0xc918</run_address>
         <size>0x5c</size>
         <input_file_ref idref="fl-5"/>
      </object_component>
      <object_component id="oc-640">
         <name>.text:set_int_enable</name>
         <load_address>0xc974</load_address>
         <run_address>0xc974</run_address>
         <size>0x5c</size>
         <input_file_ref idref="fl-4"/>
      </object_component>
      <object_component id="oc-133">
         <name>.text:I2CReceive</name>
         <load_address>0xc9d0</load_address>
         <run_address>0xc9d0</run_address>
         <size>0x58</size>
         <input_file_ref idref="fl-14"/>
      </object_component>
      <object_component id="oc-7c0">
         <name>.text:i2c_write_reg</name>
         <load_address>0xca28</load_address>
         <run_address>0xca28</run_address>
         <size>0x58</size>
         <input_file_ref idref="fl-12"/>
      </object_component>
      <object_component id="oc-50d">
         <name>.text:inv_get_gravity</name>
         <load_address>0xca80</load_address>
         <run_address>0xca80</run_address>
         <size>0x58</size>
         <input_file_ref idref="fl-e"/>
      </object_component>
      <object_component id="oc-7f8">
         <name>.text:inv_reset_compass_soft_iron_matrix</name>
         <load_address>0xcad8</load_address>
         <run_address>0xcad8</run_address>
         <size>0x58</size>
         <input_file_ref idref="fl-8"/>
      </object_component>
      <object_component id="oc-8cb">
         <name>.text:mpu_read_mem</name>
         <load_address>0xcb30</load_address>
         <run_address>0xcb30</run_address>
         <size>0x58</size>
         <input_file_ref idref="fl-4"/>
      </object_component>
      <object_component id="oc-67b">
         <name>.text:mpu_write_mem</name>
         <load_address>0xcb88</load_address>
         <run_address>0xcb88</run_address>
         <size>0x58</size>
         <input_file_ref idref="fl-4"/>
      </object_component>
      <object_component id="oc-a07">
         <name>.text:_pconv_f</name>
         <load_address>0xcbe0</load_address>
         <run_address>0xcbe0</run_address>
         <size>0x56</size>
         <input_file_ref idref="fl-10c"/>
      </object_component>
      <object_component id="oc-59d">
         <name>.text:inv_set_accel_bias_mask</name>
         <load_address>0xcc38</load_address>
         <run_address>0xcc38</run_address>
         <size>0x54</size>
         <input_file_ref idref="fl-8"/>
      </object_component>
      <object_component id="oc-740">
         <name>.text:inv_set_compass_soft_iron_input_data</name>
         <load_address>0xcc8c</load_address>
         <run_address>0xcc8c</run_address>
         <size>0x54</size>
         <input_file_ref idref="fl-8"/>
      </object_component>
      <object_component id="oc-a85">
         <name>.text:ltoa</name>
         <load_address>0xcce0</load_address>
         <run_address>0xcce0</run_address>
         <size>0x54</size>
         <input_file_ref idref="fl-10f"/>
      </object_component>
      <object_component id="oc-a8b">
         <name>.text:_ecpy</name>
         <load_address>0xcd34</load_address>
         <run_address>0xcd34</run_address>
         <size>0x52</size>
         <input_file_ref idref="fl-10c"/>
      </object_component>
      <object_component id="oc-201">
         <name>.text:SysCtlPeripheralReset</name>
         <load_address>0xcd88</load_address>
         <run_address>0xcd88</run_address>
         <size>0x50</size>
         <input_file_ref idref="fl-21"/>
      </object_component>
      <object_component id="oc-276">
         <name>.text:mpu_configure_fifo</name>
         <load_address>0xcdd8</load_address>
         <run_address>0xcdd8</run_address>
         <size>0x50</size>
         <input_file_ref idref="fl-4"/>
      </object_component>
      <object_component id="oc-103">
         <name>.text:ConfigureUART</name>
         <load_address>0xce28</load_address>
         <run_address>0xce28</run_address>
         <size>0x4c</size>
         <input_file_ref idref="fl-3"/>
      </object_component>
      <object_component id="oc-219">
         <name>.text:I2CMasterInitExpClk</name>
         <load_address>0xce74</load_address>
         <run_address>0xce74</run_address>
         <size>0x4c</size>
         <input_file_ref idref="fl-1f"/>
      </object_component>
      <object_component id="oc-9f5">
         <name>.text:atoi</name>
         <load_address>0xcec0</load_address>
         <run_address>0xcec0</run_address>
         <size>0x4c</size>
         <input_file_ref idref="fl-10d"/>
      </object_component>
      <object_component id="oc-5d4">
         <name>.text:inv_set_compass_bias</name>
         <load_address>0xcf0c</load_address>
         <run_address>0xcf0c</run_address>
         <size>0x4c</size>
         <input_file_ref idref="fl-8"/>
      </object_component>
      <object_component id="oc-4da">
         <name>.text:inv_unregister_data_cb</name>
         <load_address>0xcf58</load_address>
         <run_address>0xcf58</run_address>
         <size>0x4c</size>
         <input_file_ref idref="fl-8"/>
      </object_component>
      <object_component id="oc-151">
         <name>.text:mpu_get_euler</name>
         <load_address>0xcfa4</load_address>
         <run_address>0xcfa4</run_address>
         <size>0x4c</size>
         <input_file_ref idref="fl-11"/>
      </object_component>
      <object_component id="oc-282">
         <name>.text:mpu_set_compass_sample_rate</name>
         <load_address>0xcff0</load_address>
         <run_address>0xcff0</run_address>
         <size>0x4c</size>
         <input_file_ref idref="fl-4"/>
      </object_component>
      <object_component id="oc-1ce">
         <name>.text:GPIOPinConfigure</name>
         <load_address>0xd03c</load_address>
         <run_address>0xd03c</run_address>
         <size>0x48</size>
         <input_file_ref idref="fl-1e"/>
      </object_component>
      <object_component id="oc-413">
         <name>.text:UARTwrite</name>
         <load_address>0xd084</load_address>
         <run_address>0xd084</run_address>
         <size>0x48</size>
         <input_file_ref idref="fl-16"/>
      </object_component>
      <object_component id="oc-3a6">
         <name>.text</name>
         <load_address>0xd0cc</load_address>
         <run_address>0xd0cc</run_address>
         <size>0x48</size>
         <input_file_ref idref="fl-ef"/>
      </object_component>
      <object_component id="oc-534">
         <name>.text</name>
         <load_address>0xd114</load_address>
         <run_address>0xd114</run_address>
         <size>0x48</size>
         <input_file_ref idref="fl-121"/>
      </object_component>
      <object_component id="oc-180">
         <name>.text:__TI_auto_init_nobinit_nopinit:__TI_auto_init_nobinit_nopinit</name>
         <load_address>0xd15c</load_address>
         <run_address>0xd15c</run_address>
         <size>0x44</size>
         <input_file_ref idref="fl-109"/>
      </object_component>
      <object_component id="oc-736">
         <name>.text:decode_gesture</name>
         <load_address>0xd1a0</load_address>
         <run_address>0xd1a0</run_address>
         <size>0x44</size>
         <input_file_ref idref="fl-5"/>
      </object_component>
      <object_component id="oc-a54">
         <name>.text:inv_get_last_timestamp</name>
         <load_address>0xd1e4</load_address>
         <run_address>0xd1e4</run_address>
         <size>0x44</size>
         <input_file_ref idref="fl-8"/>
      </object_component>
      <object_component id="oc-4ec">
         <name>.text:inv_unregister_mpl_start_notification</name>
         <load_address>0xd228</load_address>
         <run_address>0xd228</run_address>
         <size>0x44</size>
         <input_file_ref idref="fl-f"/>
      </object_component>
      <object_component id="oc-4aa">
         <name>.text:inv_q_addf</name>
         <load_address>0xd26c</load_address>
         <run_address>0xd26c</run_address>
         <size>0x42</size>
         <input_file_ref idref="fl-b"/>
      </object_component>
      <object_component id="oc-69e">
         <name>.text:dmp_set_tap_axes</name>
         <load_address>0xd2ae</load_address>
         <run_address>0xd2ae</run_address>
         <size>0x40</size>
         <input_file_ref idref="fl-5"/>
      </object_component>
      <object_component id="oc-7fe">
         <name>.text:inv_db_load_func</name>
         <load_address>0xd2f0</load_address>
         <run_address>0xd2f0</run_address>
         <size>0x40</size>
         <input_file_ref idref="fl-8"/>
      </object_component>
      <object_component id="oc-591">
         <name>.text:inv_get_linear_accel_float</name>
         <load_address>0xd330</load_address>
         <run_address>0xd330</run_address>
         <size>0x40</size>
         <input_file_ref idref="fl-e"/>
      </object_component>
      <object_component id="oc-45a">
         <name>.text:inv_init_data_builder</name>
         <load_address>0xd370</load_address>
         <run_address>0xd370</run_address>
         <size>0x40</size>
         <input_file_ref idref="fl-8"/>
      </object_component>
      <object_component id="oc-294">
         <name>.text:mpu_get_accel_fsr</name>
         <load_address>0xd3b0</load_address>
         <run_address>0xd3b0</run_address>
         <size>0x40</size>
         <input_file_ref idref="fl-4"/>
      </object_component>
      <object_component id="oc-419">
         <name>.text</name>
         <load_address>0xd3f0</load_address>
         <run_address>0xd3f0</run_address>
         <size>0x40</size>
         <input_file_ref idref="fl-ea"/>
      </object_component>
      <object_component id="oc-a4e">
         <name>.text:sprintf</name>
         <load_address>0xd430</load_address>
         <run_address>0xd430</run_address>
         <size>0x40</size>
         <input_file_ref idref="fl-103"/>
      </object_component>
      <object_component id="oc-a9e">
         <name>.text:_fcpy</name>
         <load_address>0xd470</load_address>
         <run_address>0xd470</run_address>
         <size>0x3e</size>
         <input_file_ref idref="fl-10c"/>
      </object_component>
      <object_component id="oc-91b">
         <name>.text:inv_get_compass_set</name>
         <load_address>0xd4b0</load_address>
         <run_address>0xd4b0</run_address>
         <size>0x3c</size>
         <input_file_ref idref="fl-8"/>
      </object_component>
      <object_component id="oc-4ce">
         <name>.text:inv_get_linear_accel</name>
         <load_address>0xd4ec</load_address>
         <run_address>0xd4ec</run_address>
         <size>0x3c</size>
         <input_file_ref idref="fl-e"/>
      </object_component>
      <object_component id="oc-498">
         <name>.text:inv_q_rotate</name>
         <load_address>0xd528</load_address>
         <run_address>0xd528</run_address>
         <size>0x3c</size>
         <input_file_ref idref="fl-b"/>
      </object_component>
      <object_component id="oc-6ce">
         <name>.text:dmp_enable_6x_lp_quat</name>
         <load_address>0xd564</load_address>
         <run_address>0xd564</run_address>
         <size>0x3a</size>
         <input_file_ref idref="fl-5"/>
      </object_component>
      <object_component id="oc-6c8">
         <name>.text:dmp_enable_lp_quat</name>
         <load_address>0xd59e</load_address>
         <run_address>0xd59e</run_address>
         <size>0x3a</size>
         <input_file_ref idref="fl-5"/>
      </object_component>
      <object_component id="oc-74">
         <name>.text:_c_int00_noargs:_c_int00_noargs</name>
         <load_address>0xd5d8</load_address>
         <run_address>0xd5d8</run_address>
         <size>0x38</size>
         <input_file_ref idref="fl-fc"/>
      </object_component>
      <object_component id="oc-660">
         <name>.text:inv_row_2_scale</name>
         <load_address>0xd610</load_address>
         <run_address>0xd610</run_address>
         <size>0x38</size>
         <input_file_ref idref="fl-b"/>
      </object_component>
      <object_component id="oc-28e">
         <name>.text:mpu_get_gyro_fsr</name>
         <load_address>0xd648</load_address>
         <run_address>0xd648</run_address>
         <size>0x38</size>
         <input_file_ref idref="fl-4"/>
      </object_component>
      <object_component id="oc-157">
         <name>.text</name>
         <load_address>0xd680</load_address>
         <run_address>0xd680</run_address>
         <size>0x38</size>
         <input_file_ref idref="fl-f1"/>
      </object_component>
      <object_component id="oc-346">
         <name>.text:mag_set_scale</name>
         <load_address>0xd6b8</load_address>
         <run_address>0xd6b8</run_address>
         <size>0x36</size>
         <input_file_ref idref="fl-15"/>
      </object_component>
      <object_component id="oc-1c8">
         <name>.text:SysCtlPeripheralEnable</name>
         <load_address>0xd6f0</load_address>
         <run_address>0xd6f0</run_address>
         <size>0x34</size>
         <input_file_ref idref="fl-21"/>
      </object_component>
      <object_component id="oc-835">
         <name>.text:inv_get_accel_set</name>
         <load_address>0xd724</load_address>
         <run_address>0xd724</run_address>
         <size>0x34</size>
         <input_file_ref idref="fl-8"/>
      </object_component>
      <object_component id="oc-597">
         <name>.text:inv_get_quaternion</name>
         <load_address>0xd758</load_address>
         <run_address>0xd758</run_address>
         <size>0x34</size>
         <input_file_ref idref="fl-e"/>
      </object_component>
      <object_component id="oc-54d">
         <name>.text:inv_set_motion_state</name>
         <load_address>0xd78c</load_address>
         <run_address>0xd78c</run_address>
         <size>0x34</size>
         <input_file_ref idref="fl-e"/>
      </object_component>
      <object_component id="oc-32e">
         <name>.text:gyro_set_scale</name>
         <load_address>0xd7c0</load_address>
         <run_address>0xd7c0</run_address>
         <size>0x32</size>
         <input_file_ref idref="fl-15"/>
      </object_component>
      <object_component id="oc-909">
         <name>.text:mlMatrixVectorMult</name>
         <load_address>0xd7f2</load_address>
         <run_address>0xd7f2</run_address>
         <size>0x32</size>
         <input_file_ref idref="fl-b"/>
      </object_component>
      <object_component id="oc-6b6">
         <name>.text:dmp_set_shake_reject_thresh</name>
         <load_address>0xd824</load_address>
         <run_address>0xd824</run_address>
         <size>0x30</size>
         <input_file_ref idref="fl-5"/>
      </object_component>
      <object_component id="oc-328">
         <name>.text:gyro_setup</name>
         <load_address>0xd854</load_address>
         <run_address>0xd854</run_address>
         <size>0x30</size>
         <input_file_ref idref="fl-15"/>
      </object_component>
      <object_component id="oc-35a">
         <name>.text:inv_build_gyro</name>
         <load_address>0xd884</load_address>
         <run_address>0xd884</run_address>
         <size>0x30</size>
         <input_file_ref idref="fl-8"/>
      </object_component>
      <object_component id="oc-378">
         <name>.text:inv_build_quat</name>
         <load_address>0xd8b4</load_address>
         <run_address>0xd8b4</run_address>
         <size>0x30</size>
         <input_file_ref idref="fl-8"/>
      </object_component>
      <object_component id="oc-80b">
         <name>.text:inv_init_results_holder</name>
         <load_address>0xd8e4</load_address>
         <run_address>0xd8e4</run_address>
         <size>0x30</size>
         <input_file_ref idref="fl-e"/>
      </object_component>
      <object_component id="oc-2ac">
         <name>.text:inv_set_compass_sample_rate</name>
         <load_address>0xd914</load_address>
         <run_address>0xd914</run_address>
         <size>0x30</size>
         <input_file_ref idref="fl-8"/>
      </object_component>
      <object_component id="oc-33a">
         <name>.text:accel_lsm9_set_scale</name>
         <load_address>0xd944</load_address>
         <run_address>0xd944</run_address>
         <size>0x2e</size>
         <input_file_ref idref="fl-15"/>
      </object_component>
      <object_component id="oc-3ab">
         <name>.text</name>
         <load_address>0xd972</load_address>
         <run_address>0xd972</run_address>
         <size>0x2e</size>
         <input_file_ref idref="fl-f2"/>
      </object_component>
      <object_component id="oc-692">
         <name>.text:dmp_enable_gyro_cal</name>
         <load_address>0xd9a0</load_address>
         <run_address>0xd9a0</run_address>
         <size>0x2c</size>
         <input_file_ref idref="fl-5"/>
      </object_component>
      <object_component id="oc-2a6">
         <name>.text:inv_set_accel_sample_rate</name>
         <load_address>0xd9cc</load_address>
         <run_address>0xd9cc</run_address>
         <size>0x2c</size>
         <input_file_ref idref="fl-8"/>
      </object_component>
      <object_component id="oc-3e4">
         <name>.text:GPIODirModeSet</name>
         <load_address>0xd9f8</load_address>
         <run_address>0xd9f8</run_address>
         <size>0x2a</size>
         <input_file_ref idref="fl-1e"/>
      </object_component>
      <object_component id="oc-366">
         <name>.text:inv_build_temp</name>
         <load_address>0xda24</load_address>
         <run_address>0xda24</run_address>
         <size>0x28</size>
         <input_file_ref idref="fl-8"/>
      </object_component>
      <object_component id="oc-631">
         <name>.text:inv_execute_mpl_start_notification</name>
         <load_address>0xda4c</load_address>
         <run_address>0xda4c</run_address>
         <size>0x28</size>
         <input_file_ref idref="fl-f"/>
      </object_component>
      <object_component id="oc-914">
         <name>.text:inv_get_gyro_set</name>
         <load_address>0xda74</load_address>
         <run_address>0xda74</run_address>
         <size>0x28</size>
         <input_file_ref idref="fl-8"/>
      </object_component>
      <object_component id="oc-2a0">
         <name>.text:inv_set_gyro_sample_rate</name>
         <load_address>0xda9c</load_address>
         <run_address>0xda9c</run_address>
         <size>0x28</size>
         <input_file_ref idref="fl-8"/>
      </object_component>
      <object_component id="oc-469">
         <name>.text:sqrtf</name>
         <load_address>0xdac4</load_address>
         <run_address>0xdac4</run_address>
         <size>0x28</size>
         <input_file_ref idref="fl-11d"/>
      </object_component>
      <object_component id="oc-7f0">
         <name>.text:vsprintf</name>
         <load_address>0xdaec</load_address>
         <run_address>0xdaec</run_address>
         <size>0x28</size>
         <input_file_ref idref="fl-104"/>
      </object_component>
      <object_component id="oc-2b2">
         <name>.text:inv_orientation_matrix_to_scalar</name>
         <load_address>0xdb14</load_address>
         <run_address>0xdb14</run_address>
         <size>0x26</size>
         <input_file_ref idref="fl-b"/>
      </object_component>
      <object_component id="oc-4b6">
         <name>.text:inv_get_gyro_bias</name>
         <load_address>0xdb3c</load_address>
         <run_address>0xdb3c</run_address>
         <size>0x24</size>
         <input_file_ref idref="fl-8"/>
      </object_component>
      <object_component id="oc-754">
         <name>.text:inv_get_sensor_type_quat</name>
         <load_address>0xdb60</load_address>
         <run_address>0xdb60</run_address>
         <size>0x24</size>
         <input_file_ref idref="fl-7"/>
      </object_component>
      <object_component id="oc-48a">
         <name>.text:inv_q_add</name>
         <load_address>0xdb84</load_address>
         <run_address>0xdb84</run_address>
         <size>0x24</size>
         <input_file_ref idref="fl-b"/>
      </object_component>
      <object_component id="oc-525">
         <name>.text:inv_set_compass_correction</name>
         <load_address>0xdba8</load_address>
         <run_address>0xdba8</run_address>
         <size>0x24</size>
         <input_file_ref idref="fl-e"/>
      </object_component>
      <object_component id="oc-4d4">
         <name>.text:inv_store_gaming_quaternion</name>
         <load_address>0xdbcc</load_address>
         <run_address>0xdbcc</run_address>
         <size>0x24</size>
         <input_file_ref idref="fl-e"/>
      </object_component>
      <object_component id="oc-340">
         <name>.text:mag_setup</name>
         <load_address>0xdbf0</load_address>
         <run_address>0xdbf0</run_address>
         <size>0x24</size>
         <input_file_ref idref="fl-15"/>
      </object_component>
      <object_component id="oc-46f">
         <name>.text:memcmp</name>
         <load_address>0xdc14</load_address>
         <run_address>0xdc14</run_address>
         <size>0x24</size>
         <input_file_ref idref="fl-101"/>
      </object_component>
      <object_component id="oc-4f5">
         <name>.text:memmove</name>
         <load_address>0xdc38</load_address>
         <run_address>0xdc38</run_address>
         <size>0x24</size>
         <input_file_ref idref="fl-102"/>
      </object_component>
      <object_component id="oc-6a4">
         <name>.text:dmp_set_tap_count</name>
         <load_address>0xdc5c</load_address>
         <run_address>0xdc5c</run_address>
         <size>0x22</size>
         <input_file_ref idref="fl-5"/>
      </object_component>
      <object_component id="oc-6bc">
         <name>.text:dmp_set_shake_reject_time</name>
         <load_address>0xdc7e</load_address>
         <run_address>0xdc7e</run_address>
         <size>0x20</size>
         <input_file_ref idref="fl-5"/>
      </object_component>
      <object_component id="oc-6c2">
         <name>.text:dmp_set_shake_reject_timeout</name>
         <load_address>0xdc9e</load_address>
         <run_address>0xdc9e</run_address>
         <size>0x20</size>
         <input_file_ref idref="fl-5"/>
      </object_component>
      <object_component id="oc-6aa">
         <name>.text:dmp_set_tap_time</name>
         <load_address>0xdcbe</load_address>
         <run_address>0xdcbe</run_address>
         <size>0x20</size>
         <input_file_ref idref="fl-5"/>
      </object_component>
      <object_component id="oc-6b0">
         <name>.text:dmp_set_tap_time_multi</name>
         <load_address>0xdcde</load_address>
         <run_address>0xdcde</run_address>
         <size>0x20</size>
         <input_file_ref idref="fl-5"/>
      </object_component>
      <object_component id="oc-139">
         <name>.text:init_imu_scaledStruct</name>
         <load_address>0xdcfe</load_address>
         <run_address>0xdcfe</run_address>
         <size>0x20</size>
         <input_file_ref idref="fl-15"/>
      </object_component>
      <object_component id="oc-4e6">
         <name>.text:inv_register_mpl_start_notification</name>
         <load_address>0xdd20</load_address>
         <run_address>0xdd20</run_address>
         <size>0x20</size>
         <input_file_ref idref="fl-f"/>
      </object_component>
      <object_component id="oc-58b">
         <name>.text:inv_set_accel_accuracy</name>
         <load_address>0xdd40</load_address>
         <run_address>0xdd40</run_address>
         <size>0x20</size>
         <input_file_ref idref="fl-8"/>
      </object_component>
      <object_component id="oc-31f">
         <name>.text:make_disable_ptrs</name>
         <load_address>0xdd60</load_address>
         <run_address>0xdd60</run_address>
         <size>0x20</size>
         <input_file_ref idref="fl-15"/>
      </object_component>
      <object_component id="oc-288">
         <name>.text:mpu_get_sample_rate</name>
         <load_address>0xdd80</load_address>
         <run_address>0xdd80</run_address>
         <size>0x20</size>
         <input_file_ref idref="fl-4"/>
      </object_component>
      <object_component id="oc-425">
         <name>.text:i2c_write</name>
         <load_address>0xdda0</load_address>
         <run_address>0xdda0</run_address>
         <size>0x1e</size>
         <input_file_ref idref="fl-13"/>
      </object_component>
      <object_component id="oc-4a4">
         <name>.text:inv_q_invertf</name>
         <load_address>0xddbe</load_address>
         <run_address>0xddbe</run_address>
         <size>0x1e</size>
         <input_file_ref idref="fl-b"/>
      </object_component>
      <object_component id="oc-42">
         <name>.text:UARTIntHandler</name>
         <load_address>0xdddc</load_address>
         <run_address>0xdddc</run_address>
         <size>0x1c</size>
         <input_file_ref idref="fl-3"/>
      </object_component>
      <object_component id="oc-60f">
         <name>.text:inv_get_compass_correction</name>
         <load_address>0xddf8</load_address>
         <run_address>0xddf8</run_address>
         <size>0x1c</size>
         <input_file_ref idref="fl-e"/>
      </object_component>
      <object_component id="oc-746">
         <name>.text:inv_get_compass_soft_iron_output_data</name>
         <load_address>0xde14</load_address>
         <run_address>0xde14</run_address>
         <size>0x1c</size>
         <input_file_ref idref="fl-8"/>
      </object_component>
      <object_component id="oc-55c">
         <name>.text:inv_get_gyro_bias_tc_set</name>
         <load_address>0xde30</load_address>
         <run_address>0xde30</run_address>
         <size>0x1c</size>
         <input_file_ref idref="fl-8"/>
      </object_component>
      <object_component id="oc-a72">
         <name>.text:inv_get_mag_accuracy</name>
         <load_address>0xde4c</load_address>
         <run_address>0xde4c</run_address>
         <size>0x1c</size>
         <input_file_ref idref="fl-8"/>
      </object_component>
      <object_component id="oc-448">
         <name>.text:inv_init_storage_manager</name>
         <load_address>0xde68</load_address>
         <run_address>0xde68</run_address>
         <size>0x1c</size>
         <input_file_ref idref="fl-10"/>
      </object_component>
      <object_component id="oc-a19">
         <name>.text:memccpy</name>
         <load_address>0xde84</load_address>
         <run_address>0xde84</run_address>
         <size>0x1c</size>
         <input_file_ref idref="fl-110"/>
      </object_component>
      <object_component id="oc-11b">
         <name>.text:UARTprintf</name>
         <load_address>0xdea0</load_address>
         <run_address>0xdea0</run_address>
         <size>0x1a</size>
         <input_file_ref idref="fl-16"/>
      </object_component>
      <object_component id="oc-519">
         <name>.text:inv_get_gyro_sum_of_sqr</name>
         <load_address>0xdeba</load_address>
         <run_address>0xdeba</run_address>
         <size>0x1a</size>
         <input_file_ref idref="fl-b"/>
      </object_component>
      <object_component id="oc-ad2">
         <name>.text:_outs</name>
         <load_address>0xded4</load_address>
         <run_address>0xded4</run_address>
         <size>0x18</size>
         <input_file_ref idref="fl-103"/>
      </object_component>
      <object_component id="oc-960">
         <name>.text:_outs</name>
         <load_address>0xdeec</load_address>
         <run_address>0xdeec</run_address>
         <size>0x18</size>
         <input_file_ref idref="fl-104"/>
      </object_component>
      <object_component id="oc-70e">
         <name>.text:accel_lsm9_write_reg</name>
         <load_address>0xdf04</load_address>
         <run_address>0xdf04</run_address>
         <size>0x18</size>
         <input_file_ref idref="fl-15"/>
      </object_component>
      <object_component id="oc-12d">
         <name>.text:delay_ms</name>
         <load_address>0xdf1c</load_address>
         <run_address>0xdf1c</run_address>
         <size>0x18</size>
[...]
      </symbol>
      <symbol id="sm-1355">
         <name>inv_disable_in_use_auto_calibration</name>
         <value>0x340d</value>
         <object_component_ref idref="oc-255"/>
      </symbol>
      <symbol id="sm-1356">
         <name>inv_get_accel_bias_stage</name>
         <value>0x3429</value>
         <object_component_ref idref="oc-255"/>
      </symbol>
      <symbol id="sm-1396">
         <name>inv_start_vector_compass_cal</name>
         <value>0x271</value>
         <object_component_ref idref="oc-25a"/>
      </symbol>
      <symbol id="sm-1397">
         <name>inv_generate_vector_compass_cal</name>
         <value>0x254d</value>
         <object_component_ref idref="oc-25a"/>
      </symbol>
      <symbol id="sm-1398">
         <name>vc</name>
         <value>0x200008e0</value>
      </symbol>
      <symbol id="sm-1399">
         <name>cb_test</name>
         <value>0x20001200</value>
      </symbol>
      <symbol id="sm-139a">
         <name>inv_vector_compass_cal_sensitivity</name>
         <value>0x499</value>
         <object_component_ref idref="oc-25a"/>
      </symbol>
      <symbol id="sm-139b">
         <name>inv_cheap_rand</name>
         <value>0x4a5</value>
         <object_component_ref idref="oc-25a"/>
      </symbol>
      <symbol id="sm-139c">
         <name>inv_cheap_gaussian</name>
         <value>0x4dd</value>
         <object_component_ref idref="oc-25a"/>
      </symbol>
      <symbol id="sm-139d">
         <name>inv_combine_compass_data</name>
         <value>0x5a1</value>
         <object_component_ref idref="oc-25a"/>
      </symbol>
      <symbol id="sm-139e">
         <name>inv_set_terms</name>
         <value>0x715</value>
         <object_component_ref idref="oc-25a"/>
      </symbol>
      <symbol id="sm-139f">
         <name>inv_compute_bias</name>
         <value>0xa21</value>
         <object_component_ref idref="oc-25a"/>
      </symbol>
      <symbol id="sm-13a0">
         <name>inv_center_sum</name>
         <value>0x11c5</value>
         <object_component_ref idref="oc-25a"/>
      </symbol>
      <symbol id="sm-13a1">
         <name>inv_get_current_calibrated_compass</name>
         <value>0x18cd</value>
         <object_component_ref idref="oc-25a"/>
      </symbol>
      <symbol id="sm-13a2">
         <name>inv_add_compass_block_data</name>
         <value>0x1925</value>
         <object_component_ref idref="oc-25a"/>
      </symbol>
      <symbol id="sm-13a3">
         <name>inv_check_sim</name>
         <value>0x19d5</value>
         <object_component_ref idref="oc-25a"/>
      </symbol>
      <symbol id="sm-13a4">
         <name>inv_reset_data_collection</name>
         <value>0x1b41</value>
         <object_component_ref idref="oc-25a"/>
      </symbol>
      <symbol id="sm-13a5">
         <name>cb_sim</name>
         <value>0x20001118</value>
      </symbol>
      <symbol id="sm-13a6">
         <name>cb</name>
         <value>0x20001030</value>
      </symbol>
      <symbol id="sm-13a7">
         <name>inv_process_compass_only_cal</name>
         <value>0x2431</value>
         <object_component_ref idref="oc-25a"/>
      </symbol>
      <symbol id="sm-13a8">
         <name>inv_stop_vector_compass_cal</name>
         <value>0x25f5</value>
         <object_component_ref idref="oc-25a"/>
      </symbol>
      <symbol id="sm-13a9">
         <name>inv_init_vector_compass_cal</name>
         <value>0x2601</value>
         <object_component_ref idref="oc-25a"/>
      </symbol>
      <symbol id="sm-13aa">
         <name>inv_enable_vector_compass_cal</name>
         <value>0x266d</value>
         <object_component_ref idref="oc-25a"/>
      </symbol>
      <symbol id="sm-13ab">
         <name>inv_disable_vector_compass_cal</name>
         <value>0x2685</value>
         <object_component_ref idref="oc-25a"/>
      </symbol>
      <symbol id="sm-13f1">
         <name>fnm</name>
         <value>0x200004b8</value>
      </symbol>
      <symbol id="sm-13f2">
         <name>inv_init_maxmin</name>
         <value>0x35d5</value>
         <object_component_ref idref="oc-24b"/>
      </symbol>
      <symbol id="sm-13f3">
         <name>inv_start_fast_nomot</name>
         <value>0x366d</value>
         <object_component_ref idref="oc-24b"/>
      </symbol>
      <symbol id="sm-13f4">
         <name>inv_generate_fast_nomot</name>
         <value>0x3d71</value>
         <object_component_ref idref="oc-24b"/>
      </symbol>
      <symbol id="sm-13f5">
         <name>inv_fast_nomot_parameter</name>
         <value>0x36ad</value>
         <object_component_ref idref="oc-24b"/>
      </symbol>
      <symbol id="sm-13f6">
         <name>inv_fast_nomot_parameter_3rd</name>
         <value>0x36b9</value>
         <object_component_ref idref="oc-24b"/>
      </symbol>
      <symbol id="sm-13f7">
         <name>inv_fast_nomot_set_gyro_bias</name>
         <value>0x3799</value>
         <object_component_ref idref="oc-24b"/>
      </symbol>
      <symbol id="sm-13f8">
         <name>inv_set_fast_nomot_compass_threshold</name>
         <value>0x3869</value>
         <object_component_ref idref="oc-24b"/>
      </symbol>
      <symbol id="sm-13f9">
         <name>int_set_fast_nomot_gyro_threshold</name>
         <value>0x3875</value>
         <object_component_ref idref="oc-24b"/>
      </symbol>
      <symbol id="sm-13fa">
         <name>inv_set_fast_nomot_accel_threshold</name>
         <value>0x3881</value>
         <object_component_ref idref="oc-24b"/>
      </symbol>
      <symbol id="sm-13fb">
         <name>inv_get_fast_nomot_compass_param</name>
         <value>0x388d</value>
         <object_component_ref idref="oc-24b"/>
      </symbol>
      <symbol id="sm-13fc">
         <name>inv_get_fast_nomot_accel_param</name>
         <value>0x38ad</value>
         <object_component_ref idref="oc-24b"/>
      </symbol>
      <symbol id="sm-13fd">
         <name>inv_fast_nomot_store_data</name>
         <value>0x38cd</value>
         <object_component_ref idref="oc-24b"/>
      </symbol>
      <symbol id="sm-13fe">
         <name>inv_fast_nomot_store_data_compass</name>
         <value>0x396d</value>
         <object_component_ref idref="oc-24b"/>
      </symbol>
      <symbol id="sm-13ff">
         <name>inv_fast_nomot_reset_data_compass</name>
         <value>0x39b9</value>
         <object_component_ref idref="oc-24b"/>
      </symbol>
      <symbol id="sm-1400">
         <name>inv_fast_nomot_get_time_elaps</name>
         <value>0x39e5</value>
         <object_component_ref idref="oc-24b"/>
      </symbol>
      <symbol id="sm-1401">
         <name>inv_fast_nomot_parameter_compass</name>
         <value>0x39f1</value>
         <object_component_ref idref="oc-24b"/>
      </symbol>
      <symbol id="sm-1402">
         <name>inv_get_right_shift_by_rounding</name>
         <value>0x3a09</value>
         <object_component_ref idref="oc-24b"/>
      </symbol>
      <symbol id="sm-1403">
         <name>inv_reset_min_max_gyro_accel_statistics</name>
         <value>0x3a89</value>
         <object_component_ref idref="oc-24b"/>
      </symbol>
      <symbol id="sm-1404">
         <name>inv_record_max_moment_in_no_motion_gyro</name>
         <value>0x3abd</value>
         <object_component_ref idref="oc-24b"/>
      </symbol>
      <symbol id="sm-1405">
         <name>inv_record_max_moment_in_no_motion_accel</name>
         <value>0x3af1</value>
         <object_component_ref idref="oc-24b"/>
      </symbol>
      <symbol id="sm-1406">
         <name>inv_record_min_moment_in_motion_gyro</name>
         <value>0x3b25</value>
         <object_component_ref idref="oc-24b"/>
      </symbol>
      <symbol id="sm-1407">
         <name>inv_record_min_moment_in_motion_accel</name>
         <value>0x3b59</value>
         <object_component_ref idref="oc-24b"/>
      </symbol>
      <symbol id="sm-1408">
         <name>inv_detect_motion_by_gyro_accel</name>
         <value>0x3b8d</value>
         <object_component_ref idref="oc-24b"/>
      </symbol>
      <symbol id="sm-1409">
         <name>inv_sensor_data_preprocess</name>
         <value>0x3cd1</value>
         <object_component_ref idref="oc-24b"/>
      </symbol>
      <symbol id="sm-140a">
         <name>inv_set_default_number_of_samples</name>
         <value>0x40bd</value>
         <object_component_ref idref="oc-24b"/>
      </symbol>
      <symbol id="sm-140b">
         <name>inv_init_fast_nomot</name>
         <value>0x410d</value>
         <object_component_ref idref="oc-24b"/>
      </symbol>
      <symbol id="sm-140c">
         <name>inv_stop_fast_nomot</name>
         <value>0x4175</value>
         <object_component_ref idref="oc-24b"/>
      </symbol>
      <symbol id="sm-140d">
         <name>inv_enable_fast_nomot</name>
         <value>0x418d</value>
         <object_component_ref idref="oc-24b"/>
      </symbol>
      <symbol id="sm-140e">
         <name>inv_disable_fast_nomot</name>
         <value>0x41a5</value>
         <object_component_ref idref="oc-24b"/>
      </symbol>
      <symbol id="sm-140f">
         <name>inv_get_fnm_gyro_no_motion_param</name>
         <value>0x41b9</value>
         <object_component_ref idref="oc-24b"/>
      </symbol>
      <symbol id="sm-1410">
         <name>inv_fnm_debug_print</name>
         <value>0x41c5</value>
         <object_component_ref idref="oc-24b"/>
      </symbol>
      <symbol id="sm-1435">
         <name>inv_start_9x_sensor_fusion</name>
         <value>0x56a1</value>
         <object_component_ref idref="oc-246"/>
      </symbol>
      <symbol id="sm-1436">
         <name>inv_process_9x_sensor_fusion_cb</name>
         <value>0x5cbd</value>
         <object_component_ref idref="oc-246"/>
      </symbol>
      <symbol id="sm-1437">
         <name>inv_filter_correction_angle</name>
         <value>0x56b1</value>
         <object_component_ref idref="oc-246"/>
      </symbol>
      <symbol id="sm-1438">
         <name>s9axis</name>
         <value>0x20000ef8</value>
      </symbol>
      <symbol id="sm-1439">
         <name>inv_perform_9x_fusion</name>
         <value>0x58a1</value>
         <object_component_ref idref="oc-246"/>
      </symbol>
      <symbol id="sm-143a">
         <name>inv_init_9x_fusion</name>
         <value>0x5d55</value>
         <object_component_ref idref="oc-246"/>
      </symbol>
      <symbol id="sm-143b">
         <name>inv_9x_fusion_set_mag_fb</name>
         <value>0x5d91</value>
         <object_component_ref idref="oc-246"/>
      </symbol>
      <symbol id="sm-143c">
         <name>inv_9x_fusion_enable_jitter_reduction</name>
         <value>0x5da1</value>
         <object_component_ref idref="oc-246"/>
      </symbol>
      <symbol id="sm-143d">
         <name>inv_9x_fusion_use_timestamps</name>
         <value>0x5db1</value>
         <object_component_ref idref="oc-246"/>
      </symbol>
      <symbol id="sm-143e">
         <name>inv_stop_9x_sensor_fusion</name>
         <value>0x5dc1</value>
         <object_component_ref idref="oc-246"/>
      </symbol>
      <symbol id="sm-143f">
         <name>inv_enable_9x_sensor_fusion</name>
         <value>0x5dcd</value>
         <object_component_ref idref="oc-246"/>
      </symbol>
      <symbol id="sm-1440">
         <name>inv_disable_9x_sensor_fusion</name>
         <value>0x5df1</value>
         <object_component_ref idref="oc-246"/>
      </symbol>
      <symbol id="sm-146e">
         <name>inv_start_gyro_tc</name>
         <value>0x7195</value>
         <object_component_ref idref="oc-250"/>
      </symbol>
      <symbol id="sm-146f">
         <name>inv_init_gyro_ts</name>
         <value>0x760d</value>
         <object_component_ref idref="oc-250"/>
      </symbol>
      <symbol id="sm-1470">
         <name>inv_set_gtc_max_temp</name>
         <value>0x7645</value>
         <object_component_ref idref="oc-250"/>
      </symbol>
      <symbol id="sm-1471">
         <name>inv_set_gtc_min_temp</name>
         <value>0x7655</value>
         <object_component_ref idref="oc-250"/>
      </symbol>
      <symbol id="sm-1472">
         <name>inv_set_gtc_min_diff</name>
         <value>0x7665</value>
         <object_component_ref idref="oc-250"/>
      </symbol>
      <symbol id="sm-1473">
         <name>inv_get_gyro_ts</name>
         <value>0x7675</value>
         <object_component_ref idref="oc-250"/>
      </symbol>
      <symbol id="sm-1474">
         <name>inv_set_gyro_ts</name>
         <value>0x7699</value>
         <object_component_ref idref="oc-250"/>
      </symbol>
      <symbol id="sm-1475">
         <name>inv_set_gtc_order</name>
         <value>0x769d</value>
         <object_component_ref idref="oc-250"/>
      </symbol>
      <symbol id="sm-1476">
         <name>inv_print_gtc_data</name>
         <value>0x76b5</value>
         <object_component_ref idref="oc-250"/>
      </symbol>
      <symbol id="sm-1477">
         <name>inv_stop_gyro_tc</name>
         <value>0x76b9</value>
         <object_component_ref idref="oc-250"/>
      </symbol>
      <symbol id="sm-1478">
         <name>inv_enable_gyro_tc</name>
         <value>0x76c5</value>
         <object_component_ref idref="oc-250"/>
      </symbol>
      <symbol id="sm-1479">
         <name>inv_disable_gyro_tc</name>
         <value>0x7705</value>
         <object_component_ref idref="oc-250"/>
      </symbol>
      <symbol id="sm-14a3">
         <name>inv_start_magnetic_disturbance</name>
         <value>0x6539</value>
         <object_component_ref idref="oc-25f"/>
      </symbol>
      <symbol id="sm-14a4">
         <name>inv_magnetic_disturbance_process</name>
         <value>0x6b75</value>
         <object_component_ref idref="oc-25f"/>
      </symbol>
      <symbol id="sm-14a5">
         <name>inv_set_magnetic_disturbance</name>
         <value>0x6549</value>
         <object_component_ref idref="oc-25f"/>
      </symbol>
      <symbol id="sm-14a6">
         <name>inv_init_magnetic_disturbance</name>
         <value>0x6561</value>
         <object_component_ref idref="oc-25f"/>
      </symbol>
      <symbol id="sm-14a7">
         <name>inv_stop_magnetic_disturbance</name>
         <value>0x65ad</value>
         <object_component_ref idref="oc-25f"/>
      </symbol>
      <symbol id="sm-14a8">
         <name>inv_enable_magnetic_disturbance</name>
         <value>0x65b9</value>
         <object_component_ref idref="oc-25f"/>
      </symbol>
      <symbol id="sm-14a9">
         <name>inv_disable_magnetic_disturbance</name>
         <value>0x65e5</value>
         <object_component_ref idref="oc-25f"/>
      </symbol>
      <symbol id="sm-14aa">
         <name>inv_disable_dip_tracking</name>
         <value>0x65fd</value>
         <object_component_ref idref="oc-25f"/>
      </symbol>
      <symbol id="sm-14ab">
         <name>inv_enable_dip_tracking</name>
         <value>0x660d</value>
         <object_component_ref idref="oc-25f"/>
      </symbol>
      <symbol id="sm-14ac">
         <name>inv_track_dip_angle</name>
         <value>0x661d</value>
         <object_component_ref idref="oc-25f"/>
      </symbol>
      <symbol id="sm-14ad">
         <name>ComputeAngleVelocity</name>
         <value>0x66b5</value>
         <object_component_ref idref="oc-25f"/>
      </symbol>
      <symbol id="sm-14ae">
         <name>Mag3ofNormalizedLong</name>
         <value>0x6715</value>
         <object_component_ref idref="oc-25f"/>
      </symbol>
      <symbol id="sm-14af">
         <name>MagDisturbSetDisturbance</name>
         <value>0x6769</value>
         <object_component_ref idref="oc-25f"/>
      </symbol>
      <symbol id="sm-14b0">
         <name>MagDisturbCheckSettling</name>
         <value>0x67e9</value>
         <object_component_ref idref="oc-25f"/>
      </symbol>
      <symbol id="sm-14b1">
         <name>inv_check_magnetic_disturbance</name>
         <value>0x6841</value>
         <object_component_ref idref="oc-25f"/>
      </symbol>
      <symbol id="sm-14b2">
         <name>inv_get_magnetic_disturbance_state</name>
         <value>0x6bad</value>
         <object_component_ref idref="oc-25f"/>
      </symbol>
      <symbol id="sm-14b3">
         <name>mag_disturb</name>
         <value>0x200013ac</value>
         <object_component_ref idref="oc-5f5"/>
      </symbol>
      <symbol id="sm-14e0">
         <name>inv_start_quaternion</name>
         <value>0x4299</value>
         <object_component_ref idref="oc-241"/>
      </symbol>
      <symbol id="sm-14e1">
         <name>inv_generate_gyro_quaternion</name>
         <value>0x4405</value>
         <object_component_ref idref="oc-241"/>
      </symbol>
      <symbol id="sm-14e2">
         <name>inv_set_quaternion</name>
         <value>0x4411</value>
         <object_component_ref idref="oc-241"/>
      </symbol>
      <symbol id="sm-14e3">
         <name>inv_generate_accel_gyro_quaternion</name>
         <value>0x4441</value>
         <object_component_ref idref="oc-241"/>
      </symbol>
      <symbol id="sm-14e4">
         <name>inv_stop_quaternion</name>
         <value>0x4bd9</value>
         <object_component_ref idref="oc-241"/>
      </symbol>
      <symbol id="sm-14e5">
         <name>inv_init_quaternion</name>
         <value>0x4be5</value>
         <object_component_ref idref="oc-241"/>
      </symbol>
      <symbol id="sm-14e6">
         <name>inv_enable_quaternion</name>
         <value>0x4c09</value>
         <object_component_ref idref="oc-241"/>
      </symbol>
      <symbol id="sm-14e7">
         <name>inv_disable_quaternion</name>
         <value>0x4c21</value>
         <object_component_ref idref="oc-241"/>
      </symbol>
      <symbol id="sm-150a">
         <name>acosf</name>
         <value>0x8e01</value>
         <object_component_ref idref="oc-603"/>
      </symbol>
      <symbol id="sm-151a">
         <name>sqrtf</name>
         <value>0xdac5</value>
         <object_component_ref idref="oc-469"/>
      </symbol>
      <symbol id="sm-152e">
         <name>cosf</name>
         <value>0xb285</value>
         <object_component_ref idref="oc-4c2"/>
      </symbol>
      <symbol id="sm-1540">
         <name>sinf</name>
         <value>0xb751</value>
         <object_component_ref idref="oc-4c8"/>
      </symbol>
      <symbol id="sm-154b">
         <name>__aeabi_f2lz</name>
         <value>0xc32d</value>
         <object_component_ref idref="oc-539"/>
      </symbol>
      <symbol id="sm-1556">
         <name>__aeabi_l2f</name>
         <value>0xd115</value>
         <object_component_ref idref="oc-534"/>
      </symbol>
      <symbol id="sm-1574">
         <name>__aeabi_dcmpgt</name>
         <value>0xe287</value>
         <object_component_ref idref="oc-4fb"/>
      </symbol>
      <symbol id="sm-1575">
         <name>__aeabi_dcmpeq</name>
         <value>0xe279</value>
         <object_component_ref idref="oc-5bb"/>
      </symbol>
      <symbol id="sm-1576">
         <name>__aeabi_dcmple</name>
         <value>0xe295</value>
         <object_component_ref idref="oc-586"/>
      </symbol>
      <symbol id="sm-1577">
         <name>__aeabi_dcmplt</name>
         <value>0xe2a3</value>
         <object_component_ref idref="oc-5a9"/>
      </symbol>
      <symbol id="sm-1578">
         <name>__TI_static_base__</name>
         <value>0x0</value>
      </symbol>
      <symbol id="sm-157b">
         <name>__mpu_init</name>
         <value>0x0</value>
      </symbol>
      <symbol id="sm-157c">
         <name>_system_post_cinit</name>
         <value>0x0</value>
      </symbol>
      <symbol id="sm-157d">
         <name>ml_log</name>
         <value>0x7735</value>
      </symbol>
      <symbol id="sm-157e">
         <name>ml_sqrt</name>
         <value>0x9851</value>
      </symbol>
      <symbol id="sm-157f">
         <name>ml_floor</name>
         <value>0xa881</value>
      </symbol>
      <symbol id="sm-1580">
         <name>ml_cos</name>
         <value>0x6bb9</value>
      </symbol>
   </symbol_table>
   <title>Link successful</title>
</link_info>
