******************************************************************************
                  TI ARM Linker Unix v18.1.1                   
******************************************************************************
>> Linked Wed Jun  6 18:04:13 2018

OUTPUT FILE NAME:   <blinky.out>
ENTRY POINT SYMBOL: "_c_int00_noinit_noargs"  address: 00000471


MEMORY CONFIGURATION

         name            origin    length      used     unused   attr    fill
----------------------  --------  ---------  --------  --------  ----  --------
  FLASH                 00000000   00040000  000004fa  0003fb06  R  X
  SRAM                  20000000   00008000  00000200  00007e00  RW X


SEGMENT ALLOCATION MAP

run origin  load origin   length   init length attrs members
----------  ----------- ---------- ----------- ----- -------
00000000    00000000    000004fa   000004fa    r-x
  00000000    00000000    0000026c   0000026c    r-- .intvecs
  0000026c    0000026c    0000028e   0000028e    r-x .text
20000000    20000000    00000200   00000000    rw-
  20000000    20000000    00000200   00000000    rw- .stack


SECTION ALLOCATION MAP

 output                                  attributes/
section   page    origin      length       input sections
--------  ----  ----------  ----------   ----------------
.intvecs   0    00000000    0000026c     
                  00000000    0000026c     startup_ccs.obj (.intvecs)

.text      0    0000026c    0000028e     
                  0000026c    00000132     driverlib.lib : gpio.obj (.text:GPIOPadConfigSet)
                  0000039e    00000002     startup_ccs.obj (.text:FaultISR)
                  000003a0    00000064     blinky.obj (.text:main)
                  00000404    00000038     driverlib.lib : sysctl.obj (.text:SysCtlPeripheralReady)
                  0000043c    00000034                   : sysctl.obj (.text:SysCtlPeripheralEnable)
                  00000470    00000030     rtsv7M4_T_le_v4SPD16_eabi.lib : boot_cortex_m.c.obj (.text:_c_int00_noinit_noargs:_c_int00_noinit_noargs)
                  000004a0    0000002a     driverlib.lib : gpio.obj (.text:GPIODirModeSet)
                  000004ca    00000018                   : gpio.obj (.text:GPIOPinTypeGPIOOutput)
                  000004e2    00000006                   : gpio.obj (.text:GPIOPinWrite)
                  000004e8    00000006     startup_ccs.obj (.text:ResetISR)
                  000004ee    00000004     rtsv7M4_T_le_v4SPD16_eabi.lib : pre_init.c.obj (.text:_system_pre_init)
                  000004f2    00000004                                   : exit.c.obj (.text:abort:abort)
                  000004f6    00000002     startup_ccs.obj (.text:IntDefaultHandler)
                  000004f8    00000002     startup_ccs.obj (.text:NmiSR)

.cinit     0    00000000    00000000     UNINITIALIZED

.init_array 
*          0    00000000    00000000     UNINITIALIZED

.stack     0    20000000    00000200     UNINITIALIZED
                  20000000    00000004     rtsv7M4_T_le_v4SPD16_eabi.lib : boot_cortex_m.c.obj (.stack)
                  20000004    000001fc     --HOLE--

MODULE SUMMARY

       Module                code   ro data   rw data
       ------                ----   -------   -------
    ./
       startup_ccs.obj       12     620       0      
       blinky.obj            100    0         0      
    +--+---------------------+------+---------+---------+
       Total:                112    620       0      
                                                     
    /Applications/ti/TivaWare_C_Series-2.1.4.178/driverlib/ccs/Debug/driverlib.lib
       gpio.obj              378    0         0      
       sysctl.obj            108    0         0      
    +--+---------------------+------+---------+---------+
       Total:                486    0         0      
                                                     
    /Applications/ti/ccsv8/tools/compiler/ti-cgt-arm_18.1.1.LTS/lib/rtsv7M4_T_le_v4SPD16_eabi.lib
       boot_cortex_m.c.obj   48     0         0      
       exit.c.obj            4      0         0      
       pre_init.c.obj        4      0         0      
    +--+---------------------+------+---------+---------+
       Total:                56     0         0      
                                                     
       Stack:                0      0         512    
    +--+---------------------+------+---------+---------+
       Grand Total:          654    620       512    


GLOBAL SYMBOLS: SORTED ALPHABETICALLY BY Name 

address   name                  
-------   ----                  
000004f3  C$$EXIT               
000004a1  GPIODirModeSet        
0000026d  GPIOPadConfigSet      
000004cb  GPIOPinTypeGPIOOutput 
000004e3  GPIOPinWrite          
000004e9  ResetISR              
0000043d  SysCtlPeripheralEnable
00000405  SysCtlPeripheralReady 
20000200  __STACK_END           
00000200  __STACK_SIZE          
20000200  __STACK_TOP           
ffffffff  __TI_pprof_out_hndl   
ffffffff  __TI_prof_data_size   
ffffffff  __TI_prof_data_start  
00000000  __TI_static_base__    
ffffffff  __binit__             
ffffffff  __c_args__            
UNDEFED   __mpu_init            
20000000  __stack               
00000471  _c_int00_noinit_noargs
000004ef  _system_pre_init      
000004f3  abort                 
ffffffff  binit                 
00000000  g_pfnVectors          
000003a1  main                  


GLOBAL SYMBOLS: SORTED BY Symbol Address 

address   name                  
-------   ----                  
00000000  __TI_static_base__    
00000000  g_pfnVectors          
00000200  __STACK_SIZE          
0000026d  GPIOPadConfigSet      
000003a1  main                  
00000405  SysCtlPeripheralReady 
0000043d  SysCtlPeripheralEnable
00000471  _c_int00_noinit_noargs
000004a1  GPIODirModeSet        
000004cb  GPIOPinTypeGPIOOutput 
000004e3  GPIOPinWrite          
000004e9  ResetISR              
000004ef  _system_pre_init      
000004f3  C$$EXIT               
000004f3  abort                 
20000000  __stack               
20000200  __STACK_END           
20000200  __STACK_TOP           
ffffffff  __TI_pprof_out_hndl   
ffffffff  __TI_prof_data_size   
ffffffff  __TI_prof_data_start  
ffffffff  __binit__             
ffffffff  __c_args__            
ffffffff  binit                 
UNDEFED   __mpu_init            

[25 symbols]
