******************************************************************************
                  TI ARM Linker Unix v18.1.1                   
******************************************************************************
>> Linked Mon Jul 23 16:25:04 2018

OUTPUT FILE NAME:   <i2c_1.out>
ENTRY POINT SYMBOL: "_c_int00_noargs"  address: 000059c1


MEMORY CONFIGURATION

         name            origin    length      used     unused   attr    fill
----------------------  --------  ---------  --------  --------  ----  --------
  FLASH                 00000000   00020000  00005ea4  0001a15c  R  X
  SRAM                  20000000   00008000  00000348  00007cb8  RW X


SEGMENT ALLOCATION MAP

run origin  load origin   length   init length attrs members
----------  ----------- ---------- ----------- ----- -------
00000000    00000000    00005ea8   00005ea8    r-x
  00000000    00000000    0000026c   0000026c    r-- .intvecs
  0000026c    0000026c    000059dc   000059dc    r-x .text
  00005c48    00005c48    000001f4   000001f4    r-- .const
  00005e40    00005e40    00000068   00000068    r-- .cinit
20000000    20000000    00000348   00000000    rw-
  20000000    20000000    00000200   00000000    rw- .stack
  20000200    20000200    000000a4   00000000    rw- .bss
  200002a4    200002a4    000000a4   00000000    rw- .data


SECTION ALLOCATION MAP

 output                                  attributes/
section   page    origin      length       input sections
--------  ----  ----------  ----------   ----------------
.intvecs   0    00000000    0000026c     
                  00000000    0000026c     tm4c123ge6pm_startup_ccs.obj (.intvecs)

.text      0    0000026c    000059dc     
                  0000026c    00001810     main.obj (.text)
                  00001a7c    00000f34     mpu_9150.obj (.text)
                  000029b0    000009c0     rtsv7M4_T_le_v4SPD16_eabi.lib : e_pow.c.obj (.text:pow)
                  00003370    00000934     imu.obj (.text)
                  00003ca4    0000049c     uartstdio.obj (.text)
                  00004140    000003d8     rtsv7M4_T_le_v4SPD16_eabi.lib : e_asin.c.obj (.text:asin)
                  00004518    000002ec                                   : s_atan.c.obj (.text:atan)
                  00004804    000001ec                                   : e_atan2.c.obj (.text:atan2)
                  000049f0    000001b6                                   : fd_add_t2.asm.obj (.text)
                  00004ba6    00000002                                   : div0.asm.obj (.text)
                  00004ba8    00000158                                   : e_sqrt.c.obj (.text:sqrt)
                  00004d00    00000136                                   : fd_div_t2.asm.obj (.text)
                  00004e36    00000132     driverlib.lib : gpio.obj (.text:GPIOPadConfigSet)
                  00004f68    00000120     i2c_tm4c.obj (.text)
                  00005088    00000110     driverlib.lib : sysctl.obj (.text:SysCtlClockGet)
                  00005198    00000110     rtsv7M4_T_le_v4SPD16_eabi.lib : s_scalbn.c.obj (.text:scalbn)
                  000052a8    000000fc                                   : fd_mul_t2.asm.obj (.text)
                  000053a4    000000f4     driverlib.lib : sysctl.obj (.text:SysCtlClockSet)
                  00005498    0000009c     rtsv7M4_T_le_v4SPD16_eabi.lib : memcpy_t2.asm.obj (.text)
                  00005534    00000086                                   : fd_cmp_t2.asm.obj (.text:__aeabi_cdcmple)
                  000055ba    00000086                                   : fd_cmp_t2.asm.obj (.text:__aeabi_cdrcmple)
                  00005640    0000007a                                   : memset_t2.asm.obj (.text)
                  000056ba    0000006e                                   : fd_tos_t2.asm.obj (.text)
                  00005728    00000068                                   : copy_decompress_lzss.c.obj (.text:decompress:lzss:__TI_decompress_lzss)
                  00005790    00000050     driverlib.lib : sysctl.obj (.text:SysCtlPeripheralReset)
                  000057e0    0000004c                   : i2c.obj (.text:I2CMasterInitExpClk)
                  0000582c    00000048                   : gpio.obj (.text:GPIOPinConfigure)
                  00005874    00000048     rtsv7M4_T_le_v4SPD16_eabi.lib : fd_toi_t2.asm.obj (.text)
                  000058bc    00000046     driverlib.lib : uart.obj (.text:UARTConfigSetExpClk)
                  00005902    00000002     --HOLE-- [fill = 0]
                  00005904    00000044     rtsv7M4_T_le_v4SPD16_eabi.lib : autoinit.c.obj (.text:__TI_auto_init_nobinit_nopinit:__TI_auto_init_nobinit_nopinit)
                  00005948    00000040                                   : u_divt2.asm.obj (.text)
                  00005988    00000038     driverlib.lib : sysctl.obj (.text:SysCtlPeripheralPresent)
                  000059c0    00000038     rtsv7M4_T_le_v4SPD16_eabi.lib : boot_cortex_m.c.obj (.text:_c_int00_noargs:_c_int00_noargs)
                  000059f8    00000038                                   : fs_tod_t2.asm.obj (.text)
                  00005a30    00000034     driverlib.lib : sysctl.obj (.text:SysCtlPeripheralEnable)
                  00005a64    0000002e     rtsv7M4_T_le_v4SPD16_eabi.lib : i_tofd_t2.asm.obj (.text)
                  00005a92    0000002a     driverlib.lib : gpio.obj (.text:GPIODirModeSet)
                  00005abc    00000020                   : uart.obj (.text:UARTDisable)
                  00005adc    00000014                   : systick.obj (.text:SysTickEnable)
                  00005af0    00000014                   : systick.obj (.text:SysTickIntEnable)
                  00005b04    00000014                   : uart.obj (.text:UARTEnable)
                  00005b18    00000014     rtsv7M4_T_le_v4SPD16_eabi.lib : s_copysign.c.obj (.text:copysign)
                  00005b2c    00000012     driverlib.lib : gpio.obj (.text:GPIOPinTypeI2C)
                  00005b3e    00000012                   : gpio.obj (.text:GPIOPinTypeI2CSCL)
                  00005b50    00000012                   : gpio.obj (.text:GPIOPinTypeUART)
                  00005b62    00000012     rtsv7M4_T_le_v4SPD16_eabi.lib : copy_zero_init.c.obj (.text:decompress:ZI:__TI_zero_init_nomemset:__TI_zero_init_nomemset)
                  00005b74    00000010     driverlib.lib : interrupt.obj (.text:IntMasterEnable)
                  00005b84    00000010                   : systick.obj (.text:SysTickPeriodSet)
                  00005b94    0000000e                   : uart.obj (.text:UARTCharGetNonBlocking)
                  00005ba2    0000000e                   : uart.obj (.text:UARTCharPutNonBlocking)
                  00005bb0    0000000e                   : uart.obj (.text:UARTCharsAvail)
                  00005bbe    0000000e     rtsv7M4_T_le_v4SPD16_eabi.lib : copy_decompress_none.c.obj (.text:decompress:none:__TI_decompress_none)
                  00005bcc    0000000c     driverlib.lib : cpu.obj (.text:CPUcpsie)
                  00005bd8    0000000c     tm4c123ge6pm_startup_ccs.obj (.text)
                  00005be4    0000000a     driverlib.lib : i2c.obj (.text:I2CMasterEnable)
                  00005bee    0000000a                   : uart.obj (.text:UARTCharGet)
                  00005bf8    0000000a                   : uart.obj (.text:UARTCharPut)
                  00005c02    0000000a                   : uart.obj (.text:UARTIntStatus)
                  00005c0c    00000008                   : i2c.obj (.text:I2CMasterBusy)
                  00005c14    00000008                   : i2c.obj (.text:I2CMasterSlaveAddrSet)
                  00005c1c    00000008     rtsv7M4_T_le_v4SPD16_eabi.lib : errno.c.obj (.text:__aeabi_errno_addr)
                  00005c24    00000006     driverlib.lib : sysctl.obj (.text:SysCtlDelay)
                  00005c2a    00000006                   : uart.obj (.text:UARTClockSourceSet)
                  00005c30    00000004                   : i2c.obj (.text:I2CMasterControl)
                  00005c34    00000004                   : i2c.obj (.text:I2CMasterDataGet)
                  00005c38    00000004                   : i2c.obj (.text:I2CMasterDataPut)
                  00005c3c    00000004                   : uart.obj (.text:UARTIntClear)
                  00005c40    00000004     rtsv7M4_T_le_v4SPD16_eabi.lib : pre_init.c.obj (.text:_system_pre_init)
                  00005c44    00000004                                   : exit.c.obj (.text:abort:abort)

.const     0    00005c48    000001f4     
                  00005c48    00000098     rtsv7M4_T_le_v4SPD16_eabi.lib : s_atan.c.obj (.const:$O1$$)
                  00005ce0    00000090     driverlib.lib : gpio.obj (.const:g_pui32GPIOBaseAddrs)
                  00005d70    0000006c                   : sysctl.obj (.const:g_pui32Xtals)
                  00005ddc    00000004     uartstdio.obj (.const)
                  00005de0    00000030     rtsv7M4_T_le_v4SPD16_eabi.lib : e_pow.c.obj (.const:$O1$$)
                  00005e10    00000012     uartstdio.obj (.const:.string)
                  00005e22    00000002     --HOLE-- [fill = 0]
                  00005e24    0000000c     uartstdio.obj (.const:g_ui32UARTBase)
                  00005e30    0000000c     uartstdio.obj (.const:g_ui32UARTPeriph)

.cinit     0    00005e40    00000068     
                  00005e40    0000003d     (.cinit..data.load) [load image, compression = lzss]
                  00005e7d    00000003     --HOLE-- [fill = 0]
                  00005e80    0000000c     (__TI_handler_table)
                  00005e8c    00000004     --HOLE-- [fill = 0]
                  00005e90    00000008     (.cinit..bss.load) [load image, compression = zero_init]
                  00005e98    00000010     (__TI_cinit_table)

.init_array 
*          0    00000000    00000000     UNINITIALIZED

.bss       0    20000200    000000a4     UNINITIALIZED
                  20000200    00000034     (.common:b)
                  20000234    00000018     (.common:SelfTest)
                  2000024c    0000000c     imu.obj (.bss)
                  20000258    00000004     (.common:MagRate)
                  2000025c    00000004     (.common:aRes)
                  20000260    00000004     (.common:f)
                  20000264    00000004     (.common:gRes)
                  20000268    00000004     (.common:heading_lsm)
                  2000026c    00000004     (.common:i)
                  20000270    00000004     (.common:ic)
                  20000274    00000004     (.common:lsm_gx)
                  20000278    00000004     (.common:lsm_gy)
                  2000027c    00000004     (.common:lsm_gz)
                  20000280    00000004     (.common:lsm_mRes)
                  20000284    00000004     (.common:lsm_mx)
                  20000288    00000004     (.common:lsm_my)
                  2000028c    00000004     (.common:lsm_mz)
                  20000290    00000004     (.common:mRes)
                  20000294    00000004     (.common:pitch_l)
                  20000298    00000004     (.common:roll_l)
                  2000029c    00000004     (.common:systick_n)
                  200002a0    00000004     (.common:yaw_l)

.data      0    200002a4    000000a4     UNINITIALIZED
                  200002a4    00000020     main.obj (.data)
                  200002c4    00000010     main.obj (.data:q_l)
                  200002d4    00000010     main.obj (.data:q_m)
                  200002e4    0000000c     main.obj (.data:accelBias)
                  200002f0    0000000c     main.obj (.data:gyroBias)
                  200002fc    0000000c     main.obj (.data:gyro_offsets)
                  20000308    0000000c     main.obj (.data:lsm_mag_sensitivity_scale_factor)
                  20000314    0000000c     main.obj (.data:lsm_magbias)
                  20000320    0000000c     main.obj (.data:magCalibration)
                  2000032c    0000000a     mpu_9150.obj (.data)
                  20000336    00000002     --HOLE--
                  20000338    00000005     uartstdio.obj (.data)
                  2000033d    00000003     --HOLE--
                  20000340    00000004     imu.obj (.data)
                  20000344    00000004     rtsv7M4_T_le_v4SPD16_eabi.lib : errno.c.obj (.data)

.stack     0    20000000    00000200     UNINITIALIZED
                  20000000    00000004     rtsv7M4_T_le_v4SPD16_eabi.lib : boot_cortex_m.c.obj (.stack)
                  20000004    000001fc     --HOLE--

MODULE SUMMARY

       Module                         code    ro data   rw data
       ------                         ----    -------   -------
    ./
       main.obj                       6160    0         284    
       tm4c123ge6pm_startup_ccs.obj   12      620       0      
    +--+------------------------------+-------+---------+---------+
       Total:                         6172    620       284    
                                                               
    ./include/
       mpu_9150.obj                   3892    0         10     
       imu.obj                        2356    0         16     
       uartstdio.obj                  1180    46        5      
       i2c_tm4c.obj                   288     0         0      
       LPS25.obj                      0       0         4      
    +--+------------------------------+-------+---------+---------+
       Total:                         7716    46        35     
                                                               
    /Applications/ti/TivaWare_C_Series-2.1.4.178/driverlib/ccs/Debug/driverlib.lib
       sysctl.obj                     710     108       0      
       gpio.obj                       474     144       0      
       uart.obj                       204     0         0      
       i2c.obj                        114     0         0      
       systick.obj                    56      0         0      
       interrupt.obj                  16      0         0      
       cpu.obj                        12      0         0      
    +--+------------------------------+-------+---------+---------+
       Total:                         1586    252       0      
                                                               
    /Applications/ti/ccsv8/tools/compiler/ti-cgt-arm_18.1.1.LTS/lib/rtsv7M4_T_le_v4SPD16_eabi.lib
       e_pow.c.obj                    2496    48        0      
       e_asin.c.obj                   984     0         0      
       s_atan.c.obj                   748     152       0      
       e_atan2.c.obj                  492     0         0      
       fd_add_t2.asm.obj              438     0         0      
       e_sqrt.c.obj                   344     0         0      
       fd_div_t2.asm.obj              310     0         0      
       s_scalbn.c.obj                 272     0         0      
       fd_cmp_t2.asm.obj              268     0         0      
       fd_mul_t2.asm.obj              252     0         0      
       memcpy_t2.asm.obj              156     0         0      
       memset_t2.asm.obj              122     0         0      
       fd_tos_t2.asm.obj              110     0         0      
       copy_decompress_lzss.c.obj     104     0         0      
       fd_toi_t2.asm.obj              72      0         0      
       autoinit.c.obj                 68      0         0      
       u_divt2.asm.obj                64      0         0      
       boot_cortex_m.c.obj            56      0         0      
       fs_tod_t2.asm.obj              56      0         0      
       i_tofd_t2.asm.obj              46      0         0      
       s_copysign.c.obj               20      0         0      
       copy_zero_init.c.obj           18      0         0      
       copy_decompress_none.c.obj     14      0         0      
       errno.c.obj                    8       0         4      
       exit.c.obj                     4       0         0      
       pre_init.c.obj                 4       0         0      
       div0.asm.obj                   2       0         0      
    +--+------------------------------+-------+---------+---------+
       Total:                         7528    200       4      
                                                               
       Stack:                         0       0         512    
       Linker Generated:              0       97        0      
    +--+------------------------------+-------+---------+---------+
       Grand Total:                   23002   1215      835    


LINKER GENERATED COPY TABLES

__TI_cinit_table @ 00005e98 records: 2, size/record: 8, table size: 16
	.data: load addr=00005e40, load size=0000003d bytes, run addr=200002a4, run size=000000a4 bytes, compression=lzss
	.bss: load addr=00005e90, load size=00000008 bytes, run addr=20000200, run size=000000a4 bytes, compression=zero_init


LINKER GENERATED HANDLER TABLE

__TI_handler_table @ 00005e80 records: 3, size/record: 4, table size: 12
	index: 0, handler: __TI_decompress_lzss
	index: 1, handler: __TI_decompress_none
	index: 2, handler: __TI_zero_init


GLOBAL SYMBOLS: SORTED ALPHABETICALLY BY Name 

address   name                            
-------   ----                            
20000335  Ascale                          
00005c45  C$$EXIT                         
00005bcd  CPUcpsie                        
0000029d  ConfigureUART                   
00005a93  GPIODirModeSet                  
00004e37  GPIOPadConfigSet                
0000582d  GPIOPinConfigure                
00005b2d  GPIOPinTypeI2C                  
00005b3f  GPIOPinTypeI2CSCL               
00005b51  GPIOPinTypeUART                 
20000334  Gscale                          
20000330  GyroMeasDrift                   
2000032c  GyroMeasError                   
00005c0d  I2CMasterBusy                   
00005c31  I2CMasterControl                
00005c35  I2CMasterDataGet                
00005c39  I2CMasterDataPut                
00005be5  I2CMasterEnable                 
000057e1  I2CMasterInitExpClk             
00005c15  I2CMasterSlaveAddrSet           
00005011  I2CReceive                      
00004f69  InitI2C0                        
00005b75  IntMasterEnable                 
00001a97  MPU9150SelfTest                 
00000505  MadgwickQuaternionUpdate        
20000258  MagRate                         
200002bc  Now                             
00005bd9  ResetISR                        
20000234  SelfTest                        
00005089  SysCtlClockGet                  
000053a5  SysCtlClockSet                  
00005c25  SysCtlDelay                     
00005a31  SysCtlPeripheralEnable          
00005989  SysCtlPeripheralPresent         
00005791  SysCtlPeripheralReset           
00005add  SysTickEnable                   
00005af1  SysTickIntEnable                
00005b85  SysTickPeriodSet                
000002e3  SysTickbegin                    
00005bef  UARTCharGet                     
00005b95  UARTCharGetNonBlocking          
00005bf9  UARTCharPut                     
00005ba3  UARTCharPutNonBlocking          
00005bb1  UARTCharsAvail                  
00005c2b  UARTClockSourceSet              
000058bd  UARTConfigSetExpClk             
00005abd  UARTDisable                     
00005b05  UARTEnable                      
00005c3d  UARTIntClear                    
0000026d  UARTIntHandler                  
00005c03  UARTIntStatus                   
00003ca5  UARTStdioConfig                 
00003deb  UARTgetc                        
00003d31  UARTgets                        
0000410b  UARTprintf                      
00003e11  UARTvprintf                     
00003ceb  UARTwrite                       
20000200  __STACK_END                     
00000200  __STACK_SIZE                    
20000200  __STACK_TOP                     
00005e98  __TI_CINIT_Base                 
00005ea8  __TI_CINIT_Limit                
00005e80  __TI_Handler_Table_Base         
00005e8c  __TI_Handler_Table_Limit        
00005905  __TI_auto_init_nobinit_nopinit  
00005729  __TI_decompress_lzss            
00005bbf  __TI_decompress_none            
ffffffff  __TI_pprof_out_hndl             
ffffffff  __TI_prof_data_size             
ffffffff  __TI_prof_data_start            
00000000  __TI_static_base__              
00005b63  __TI_zero_init_nomemset         
00005535  __aeabi_cdcmpeq                 
00005535  __aeabi_cdcmple                 
000055bb  __aeabi_cdrcmple                
000056bb  __aeabi_d2f                     
00005875  __aeabi_d2iz                    
000049fb  __aeabi_dadd                    
00004d01  __aeabi_ddiv                    
000052a9  __aeabi_dmul                    
000049f1  __aeabi_dsub                    
00005c1d  __aeabi_errno_addr              
000059f9  __aeabi_f2d                     
00005a65  __aeabi_i2d                     
00004ba7  __aeabi_idiv0                   
00004ba7  __aeabi_ldiv0                   
00005641  __aeabi_memclr                  
00005641  __aeabi_memclr4                 
00005641  __aeabi_memclr8                 
00005499  __aeabi_memcpy                  
00005499  __aeabi_memcpy4                 
00005499  __aeabi_memcpy8                 
00005643  __aeabi_memset                  
00005643  __aeabi_memset4                 
00005643  __aeabi_memset8                 
00005949  __aeabi_uidiv                   
00005949  __aeabi_uidivmod                
ffffffff  __binit__                       
ffffffff  __c_args__                      
UNDEFED   __mpu_init                      
20000000  __stack                         
000059c1  _c_int00_noargs                 
UNDEFED   _system_post_cinit              
00005c41  _system_pre_init                
2000025c  aRes                            
00005c45  abort                           
200002e4  accelBias                       
0000397d  accel_lsm9_set_scale            
00003949  accel_lsm9_setup                
00003b57  accel_lsm9_write_reg            
00004141  asin                            
00004141  asinl                           
00004519  atan                            
00004805  atan2                           
00004805  atan2l                          
00004519  atanl                           
20000200  b                               
200002a8  beta                            
ffffffff  binit                           
00001fad  calibrateMPU9150                
00001205  calibrate_lsm_gyro              
00005b19  copysign                        
00005b19  copysignl                       
00001a7d  delay                           
00003371  delay_ms                        
200002b0  deltat                          
0000338b  disable_imu_sensor              
20000344  errno                           
20000260  f                               
200002b8  firstUpdate                     
0000043d  ftoa                            
20000264  gRes                            
00000000  g_pfnVectors                    
0000292f  getAres                         
000028f1  getGres                         
0000339b  get_disable_imu_sensor          
000002f5  get_ms                          
200002f0  gyroBias                        
200002fc  gyro_offsets                    
00003c51  gyro_read_all_data              
00003ae3  gyro_set_scale                  
00003a9b  gyro_setup                      
00003b93  gyro_write_reg                  
20000268  heading_lsm                     
2000026c  i                               
00004faf  i2c_write_reg                   
20000270  ic                              
000027d9  initAK8975A                     
00001dbd  initMPU9150                     
000033ff  init_imu                        
000035c9  init_imu_raw_data               
000033c1  init_imu_scaledStruct           
000003d3  intToStr                        
200002b4  lastUpdate                      
00005199  ldexp                           
00005199  ldexpl                          
00003bb1  lsm9_accel_read_all_data        
20000274  lsm_gx                          
20000278  lsm_gy                          
2000027c  lsm_gz                          
20000280  lsm_mRes                        
20000308  lsm_mag_sensitivity_scale_factor
20000314  lsm_magbias                     
20000284  lsm_mx                          
20000288  lsm_my                          
2000028c  lsm_mz                          
20000290  mRes                            
20000320  magCalibration                  
00003c01  mag_read_all_data               
00003a35  mag_set_scale                   
000039fd  mag_setup                       
00003b75  mag_write_reg                   
000012dd  main                            
200002a4  mcount                          
00005499  memcpy                          
00005649  memset                          
20000294  pitch_l                         
000029b1  pow                             
000029b1  powl                            
000002fb  print_float                     
200002c4  q_l                             
200002d4  q_m                             
0000263b  readAccelData                   
000026bd  readGyroData                    
0000273b  readMagData                     
000028c7  readTempData                    
000034f7  read_raw_imu_data               
0000361d  read_scaled_imu_data            
00000383  reverse                         
20000298  roll_l                          
00005199  scalbn                          
00005199  scalbnl                         
00004ba9  sqrt                            
00004ba9  sqrtl                           
000002d9  systick_int_handler             
2000029c  systick_n                       
00003889  to_signed_int_12                
000038bf  to_signed_int_16                
000038e3  twosComp_16b                    
00003907  twosComp_sensorData_16b         
200002c0  ty                              
200002a0  yaw_l                           
200002ac  zeta                            


GLOBAL SYMBOLS: SORTED BY Symbol Address 

address   name                            
-------   ----                            
00000000  __TI_static_base__              
00000000  g_pfnVectors                    
00000200  __STACK_SIZE                    
0000026d  UARTIntHandler                  
0000029d  ConfigureUART                   
000002d9  systick_int_handler             
000002e3  SysTickbegin                    
000002f5  get_ms                          
000002fb  print_float                     
00000383  reverse                         
000003d3  intToStr                        
0000043d  ftoa                            
00000505  MadgwickQuaternionUpdate        
00001205  calibrate_lsm_gyro              
000012dd  main                            
00001a7d  delay                           
00001a97  MPU9150SelfTest                 
00001dbd  initMPU9150                     
00001fad  calibrateMPU9150                
0000263b  readAccelData                   
000026bd  readGyroData                    
0000273b  readMagData                     
000027d9  initAK8975A                     
000028c7  readTempData                    
000028f1  getGres                         
0000292f  getAres                         
000029b1  pow                             
000029b1  powl                            
00003371  delay_ms                        
0000338b  disable_imu_sensor              
0000339b  get_disable_imu_sensor          
000033c1  init_imu_scaledStruct           
000033ff  init_imu                        
000034f7  read_raw_imu_data               
000035c9  init_imu_raw_data               
0000361d  read_scaled_imu_data            
00003889  to_signed_int_12                
000038bf  to_signed_int_16                
000038e3  twosComp_16b                    
00003907  twosComp_sensorData_16b         
00003949  accel_lsm9_setup                
0000397d  accel_lsm9_set_scale            
000039fd  mag_setup                       
00003a35  mag_set_scale                   
00003a9b  gyro_setup                      
00003ae3  gyro_set_scale                  
00003b57  accel_lsm9_write_reg            
00003b75  mag_write_reg                   
00003b93  gyro_write_reg                  
00003bb1  lsm9_accel_read_all_data        
00003c01  mag_read_all_data               
00003c51  gyro_read_all_data              
00003ca5  UARTStdioConfig                 
00003ceb  UARTwrite                       
00003d31  UARTgets                        
00003deb  UARTgetc                        
00003e11  UARTvprintf                     
0000410b  UARTprintf                      
00004141  asin                            
00004141  asinl                           
00004519  atan                            
00004519  atanl                           
00004805  atan2                           
00004805  atan2l                          
000049f1  __aeabi_dsub                    
000049fb  __aeabi_dadd                    
00004ba7  __aeabi_idiv0                   
00004ba7  __aeabi_ldiv0                   
00004ba9  sqrt                            
00004ba9  sqrtl                           
00004d01  __aeabi_ddiv                    
00004e37  GPIOPadConfigSet                
00004f69  InitI2C0                        
00004faf  i2c_write_reg                   
00005011  I2CReceive                      
00005089  SysCtlClockGet                  
00005199  ldexp                           
00005199  ldexpl                          
00005199  scalbn                          
00005199  scalbnl                         
000052a9  __aeabi_dmul                    
000053a5  SysCtlClockSet                  
00005499  __aeabi_memcpy                  
00005499  __aeabi_memcpy4                 
00005499  __aeabi_memcpy8                 
00005499  memcpy                          
00005535  __aeabi_cdcmpeq                 
00005535  __aeabi_cdcmple                 
000055bb  __aeabi_cdrcmple                
00005641  __aeabi_memclr                  
00005641  __aeabi_memclr4                 
00005641  __aeabi_memclr8                 
00005643  __aeabi_memset                  
00005643  __aeabi_memset4                 
00005643  __aeabi_memset8                 
00005649  memset                          
000056bb  __aeabi_d2f                     
00005729  __TI_decompress_lzss            
00005791  SysCtlPeripheralReset           
000057e1  I2CMasterInitExpClk             
0000582d  GPIOPinConfigure                
00005875  __aeabi_d2iz                    
000058bd  UARTConfigSetExpClk             
00005905  __TI_auto_init_nobinit_nopinit  
00005949  __aeabi_uidiv                   
00005949  __aeabi_uidivmod                
00005989  SysCtlPeripheralPresent         
000059c1  _c_int00_noargs                 
000059f9  __aeabi_f2d                     
00005a31  SysCtlPeripheralEnable          
00005a65  __aeabi_i2d                     
00005a93  GPIODirModeSet                  
00005abd  UARTDisable                     
00005add  SysTickEnable                   
00005af1  SysTickIntEnable                
00005b05  UARTEnable                      
00005b19  copysign                        
00005b19  copysignl                       
00005b2d  GPIOPinTypeI2C                  
00005b3f  GPIOPinTypeI2CSCL               
00005b51  GPIOPinTypeUART                 
00005b63  __TI_zero_init_nomemset         
00005b75  IntMasterEnable                 
00005b85  SysTickPeriodSet                
00005b95  UARTCharGetNonBlocking          
00005ba3  UARTCharPutNonBlocking          
00005bb1  UARTCharsAvail                  
00005bbf  __TI_decompress_none            
00005bcd  CPUcpsie                        
00005bd9  ResetISR                        
00005be5  I2CMasterEnable                 
00005bef  UARTCharGet                     
00005bf9  UARTCharPut                     
00005c03  UARTIntStatus                   
00005c0d  I2CMasterBusy                   
00005c15  I2CMasterSlaveAddrSet           
00005c1d  __aeabi_errno_addr              
00005c25  SysCtlDelay                     
00005c2b  UARTClockSourceSet              
00005c31  I2CMasterControl                
00005c35  I2CMasterDataGet                
00005c39  I2CMasterDataPut                
00005c3d  UARTIntClear                    
00005c41  _system_pre_init                
00005c45  C$$EXIT                         
00005c45  abort                           
00005e80  __TI_Handler_Table_Base         
00005e8c  __TI_Handler_Table_Limit        
00005e98  __TI_CINIT_Base                 
00005ea8  __TI_CINIT_Limit                
20000000  __stack                         
20000200  __STACK_END                     
20000200  __STACK_TOP                     
20000200  b                               
20000234  SelfTest                        
20000258  MagRate                         
2000025c  aRes                            
20000260  f                               
20000264  gRes                            
20000268  heading_lsm                     
2000026c  i                               
20000270  ic                              
20000274  lsm_gx                          
20000278  lsm_gy                          
2000027c  lsm_gz                          
20000280  lsm_mRes                        
20000284  lsm_mx                          
20000288  lsm_my                          
2000028c  lsm_mz                          
20000290  mRes                            
20000294  pitch_l                         
20000298  roll_l                          
2000029c  systick_n                       
200002a0  yaw_l                           
200002a4  mcount                          
200002a8  beta                            
200002ac  zeta                            
200002b0  deltat                          
200002b4  lastUpdate                      
200002b8  firstUpdate                     
200002bc  Now                             
200002c0  ty                              
200002c4  q_l                             
200002d4  q_m                             
200002e4  accelBias                       
200002f0  gyroBias                        
200002fc  gyro_offsets                    
20000308  lsm_mag_sensitivity_scale_factor
20000314  lsm_magbias                     
20000320  magCalibration                  
2000032c  GyroMeasError                   
20000330  GyroMeasDrift                   
20000334  Gscale                          
20000335  Ascale                          
20000344  errno                           
ffffffff  __TI_pprof_out_hndl             
ffffffff  __TI_prof_data_size             
ffffffff  __TI_prof_data_start            
ffffffff  __binit__                       
ffffffff  __c_args__                      
ffffffff  binit                           
UNDEFED   __mpu_init                      
UNDEFED   _system_post_cinit              

[203 symbols]
