******************************************************************************
                  TI ARM Linker Unix v18.1.1                   
******************************************************************************
>> Linked Tue Aug 14 16:33:40 2018

OUTPUT FILE NAME:   <LM4F_TM4C_uart_v2.out>
ENTRY POINT SYMBOL: "_c_int00_noargs"  address: 000112bd


MEMORY CONFIGURATION

         name            origin    length      used     unused   attr    fill
----------------------  --------  ---------  --------  --------  ----  --------
  FLASH                 00000000   00020000  00012bee  0000d412  R  X
  SRAM                  20000000   00008000  000029c8  00005638  RW X


SEGMENT ALLOCATION MAP

run origin  load origin   length   init length attrs members
----------  ----------- ---------- ----------- ----- -------
00000000    00000000    00012bf8   00012bf8    r-x
  00000000    00000000    0000026c   0000026c    r-- .intvecs
  00000270    00000270    00011440   00011440    r-x .text
  000116b0    000116b0    00001496   00001496    r-- .const
  00012b48    00012b48    0000000c   0000000c    r-- .rodata.str1.4
  00012b58    00012b58    000000a0   000000a0    r-- .cinit
20000000    20000000    000029d0   00000000    rw-
  20000000    20000000    0000026c   00000000    rw- .vtable
  20000270    20000270    00001674   00000000    rw- .bss
  200018e8    200018e8    00001000   00000000    rw- .stack
  200028e8    200028e8    000000e8   00000000    rw- .data


SECTION ALLOCATION MAP

 output                                  attributes/
section   page    origin      length       input sections
--------  ----  ----------  ----------   ----------------
.intvecs   0    00000000    0000026c     
                  00000000    0000026c     startup_ccs.obj (.intvecs)

.text      0    00000270    00011440     
                  00000270    00002430     liblibmplmpu-m4-hardfp.a : compass_vec_cal.o (.text)
                  000026a0    00001e44     inv_mpu.obj (.text)
                  000044e4    00000004     driverlib.lib : i2c.obj (.text:I2CMasterControl)
                  000044e8    00000d98     liblibmplmpu-m4-hardfp.a : accel_auto_cal.o (.text)
                  00005280    00000d90                              : fast_no_motion.o (.text)
                  00006010    00000d64     ml_math_func.obj (.text)
                  00006d74    00000b2c     data_builder.obj (.text)
                  000078a0    00000b0c     inv_mpu_dmp_motion_driver.obj (.text)
                  000083ac    00000004     driverlib.lib : i2c.obj (.text:I2CMasterDataGet)
                  000083b0    00000a78     liblibmplmpu-m4-hardfp.a : quaternion_supervisor.o (.text)
                  00008e28    00000a5e     rtsv7M4_T_le_v4SPD16_eabi.lib : _printfi.c.obj (.text:__TI_printfi)
                  00009886    00000002                                   : div0.asm.obj (.text)
                  00009888    0000080c     uart_echo.obj (.text)
                  0000a094    00000004     driverlib.lib : i2c.obj (.text:I2CMasterDataPut)
                  0000a098    00000760     liblibmplmpu-m4-hardfp.a : fusion_9axis.o (.text)
                  0000a7f8    00000738     rtsv7M4_T_le_v4SPD16_eabi.lib : k_rem_pio2.c.obj (.text:__kernel_rem_pio2)
                  0000af30    00000680     liblibmplmpu-m4-hardfp.a : mag_disturb.o (.text)
                  0000b5b0    00000630     mpu_interface.obj (.text)
                  0000bbe0    000005dc     rtsv7M4_T_le_v4SPD16_eabi.lib : s_cos.c.obj (.text:cos)
                  0000c1bc    000005c8     imu.obj (.text)
                  0000c784    000005bc     hal_outputs.obj (.text)
                  0000cd40    000005a0     liblibmplmpu-m4-hardfp.a : gyro_tc.o (.text)
                  0000d2e0    000004a8     results_holder.obj (.text)
                  0000d788    0000041c     rtsv7M4_T_le_v4SPD16_eabi.lib : e_acos.c.obj (.text:acos)
                  0000dba4    000003c4                                   : e_log.c.obj (.text:log)
                  0000df68    000003b8     eMPL_outputs.obj (.text)
                  0000e320    00000350     uartstdio.obj (.text)
                  0000e670    00000290     log_stm32.obj (.text)
                  0000e900    00000270     rtsv7M4_T_le_v4SPD16_eabi.lib : _printfi.c.obj (.text:_pconv_a)
                  0000eb70    0000025c     i2c_TM4C.obj (.text)
                  0000edcc    000001d0     rtsv7M4_T_le_v4SPD16_eabi.lib : _printfi.c.obj (.text:_pconv_g)
                  0000ef9c    000001c4     storage_manager.obj (.text)
                  0000f160    000001b6     rtsv7M4_T_le_v4SPD16_eabi.lib : fd_add_t2.asm.obj (.text)
                  0000f316    00000002     --HOLE-- [fill = 0]
                  0000f318    00000194                                   : e_acosf.c.obj (.text:acosf)
                  0000f4ac    00000174                                   : k_sin.c.obj (.text:__kernel_sin)
                  0000f620    00000170                                   : e_asinf.c.obj (.text:asinf)
                  0000f790    0000016c                                   : k_cos.c.obj (.text:__kernel_cos)
                  0000f8fc    00000158                                   : e_atan2f.c.obj (.text:atan2f)
                  0000fa54    00000158                                   : e_sqrt.c.obj (.text:sqrt)
                  0000fbac    00000150                                   : s_atanf.c.obj (.text:atanf)
                  0000fcfc    0000013c                                   : _printfi.c.obj (.text:_pconv_e)
                  0000fe38    00000136                                   : fd_div_t2.asm.obj (.text)
                  0000ff6e    00000132     driverlib.lib : gpio.obj (.text:GPIOPadConfigSet)
                  000100a0    00000120     rtsv7M4_T_le_v4SPD16_eabi.lib : _printfi.c.obj (.text:fcvt)
                  000101c0    00000110     driverlib.lib : sysctl.obj (.text:SysCtlClockGet)
                  000102d0    00000110     rtsv7M4_T_le_v4SPD16_eabi.lib : s_scalbn.c.obj (.text:scalbn)
                  000103e0    000000fc                                   : fd_mul_t2.asm.obj (.text)
                  000104dc    000000f8                                   : s_floor.c.obj (.text:floor)
                  000105d4    000000f4     mpl.obj (.text)
                  000106c8    000000b4     rtsv7M4_T_le_v4SPD16_eabi.lib : s_cosf.c.obj (.text:cosf)
                  0001077c    000000b1                                   : _printfi.c.obj (.text:_ltostr)
                  0001082d    00000003     --HOLE-- [fill = 0]
                  00010830    000000a4                                   : s_sinf.c.obj (.text:sinf)
                  000108d4    0000009c                                   : memcpy_t2.asm.obj (.text)
                  00010970    00000096                                   : ull_div_t2.asm.obj (.text)
                  00010a06    00000002     --HOLE-- [fill = 0]
                  00010a08    00000094     start_manager.obj (.text)
                  00010a9c    00000086     rtsv7M4_T_le_v4SPD16_eabi.lib : fd_cmp_t2.asm.obj (.text:__aeabi_cdcmple)
                  00010b22    00000086                                   : fd_cmp_t2.asm.obj (.text:__aeabi_cdrcmple)
                  00010ba8    0000007a                                   : memset_t2.asm.obj (.text)
                  00010c22    0000006e                                   : _printfi.c.obj (.text:_mcpy)
                  00010c90    0000006e                                   : fd_tos_t2.asm.obj (.text)
                  00010cfe    0000006e                                   : ll_div_t2.asm.obj (.text)
                  00010d6c    0000006c                                   : fs_toll_t2.asm.obj (.text)
                  00010dd8    00000068                                   : copy_decompress_lzss.c.obj (.text:decompress:lzss:__TI_decompress_lzss)
                  00010e40    00000064                                   : s_frexp.c.obj (.text:frexp)
                  00010ea4    00000058     i2c_functions.obj (.text)
                  00010efc    00000056     rtsv7M4_T_le_v4SPD16_eabi.lib : _printfi.c.obj (.text:_pconv_f)
                  00010f52    00000054                                   : ltoa.c.obj (.text:ltoa)
                  00010fa6    00000052                                   : _printfi.c.obj (.text:_ecpy)
                  00010ff8    00000050     driverlib.lib : sysctl.obj (.text:SysCtlPeripheralReset)
                  00011048    0000004c                   : i2c.obj (.text:I2CMasterInitExpClk)
                  00011094    0000004c     rtsv7M4_T_le_v4SPD16_eabi.lib : atoi.c.obj (.text:atoi)
                  000110e0    00000048     driverlib.lib : gpio.obj (.text:GPIOPinConfigure)
                  00011128    00000048     rtsv7M4_T_le_v4SPD16_eabi.lib : fd_toi_t2.asm.obj (.text)
                  00011170    00000048                                   : ll_tofs_t2.asm.obj (.text)
                  000111b8    00000044                                   : autoinit.c.obj (.text:__TI_auto_init_nobinit_nopinit:__TI_auto_init_nobinit_nopinit)
                  000111fc    00000040                                   : u_divt2.asm.obj (.text)
                  0001123c    00000040                                   : sprintf.c.obj (.text:sprintf)
                  0001127c    0000003e                                   : _printfi.c.obj (.text:_fcpy)
                  000112ba    00000002     --HOLE-- [fill = 0]
                  000112bc    00000038                                   : boot_cortex_m.c.obj (.text:_c_int00_noargs:_c_int00_noargs)
                  000112f4    00000038                                   : fs_tod_t2.asm.obj (.text)
                  0001132c    00000034     driverlib.lib : interrupt.obj (.text:IntRegister)
                  00011360    00000034                   : sysctl.obj (.text:SysCtlPeripheralEnable)
                  00011394    0000002e     rtsv7M4_T_le_v4SPD16_eabi.lib : i_tofd_t2.asm.obj (.text)
                  000113c2    0000002a     driverlib.lib : gpio.obj (.text:GPIODirModeSet)
                  000113ec    00000028     rtsv7M4_T_le_v4SPD16_eabi.lib : e_sqrtf.c.obj (.text:sqrtf)
                  00011414    00000028                                   : vsprintf.c.obj (.text:vsprintf)
                  0001143c    00000024                                   : memcmp.c.obj (.text:memcmp)
                  00011460    00000024                                   : memmov.c.obj (.text:memmove)
                  00011484    00000024     message_layer.obj (.text)
                  000114a8    0000001e     rtsv7M4_T_le_v4SPD16_eabi.lib : ll_asr_t2.asm.obj (.text)
                  000114c6    00000002     --HOLE-- [fill = 0]
                  000114c8    0000001c     driverlib.lib : systick.obj (.text:SysTickIntRegister)
                  000114e4    0000001c     rtsv7M4_T_le_v4SPD16_eabi.lib : memccpy.c.obj (.text:memccpy)
                  00011500    00000018                                   : sprintf.c.obj (.text:_outs)
                  00011518    00000018                                   : vsprintf.c.obj (.text:_outs)
                  00011530    00000018                                   : ll_mul_t2.asm.obj (.text)
                  00011548    00000016                                   : strchr.c.obj (.text:strchr)
                  0001155e    00000002     --HOLE-- [fill = 0]
                  00011560    00000014     driverlib.lib : systick.obj (.text:SysTickEnable)
                  00011574    00000014                   : systick.obj (.text:SysTickIntEnable)
                  00011588    00000014     rtsv7M4_T_le_v4SPD16_eabi.lib : s_copysign.c.obj (.text:copysign)
                  0001159c    00000014                                   : strlen.c.obj (.text:strlen)
                  000115b0    00000012     driverlib.lib : gpio.obj (.text:GPIOPinTypeI2C)
                  000115c2    00000012                   : gpio.obj (.text:GPIOPinTypeI2CSCL)
                  000115d4    00000012                   : gpio.obj (.text:GPIOPinTypeUART)
                  000115e6    00000012     rtsv7M4_T_le_v4SPD16_eabi.lib : wcslen.c.obj (.text:wcslen)
                  000115f8    00000010     driverlib.lib : systick.obj (.text:SysTickPeriodSet)
                  00011608    0000000e     rtsv7M4_T_le_v4SPD16_eabi.lib : fd_eabi_t2.asm.obj (.text:__aeabi_dcmpeq)
                  00011616    0000000e                                   : fd_eabi_t2.asm.obj (.text:__aeabi_dcmpgt)
                  00011624    0000000e                                   : fd_eabi_t2.asm.obj (.text:__aeabi_dcmple)
                  00011632    0000000e                                   : fd_eabi_t2.asm.obj (.text:__aeabi_dcmplt)
                  00011640    0000000e                                   : copy_decompress_none.c.obj (.text:decompress:none:__TI_decompress_none)
                  0001164e    0000000c                                   : copy_zero_init.c.obj (.text:decompress:ZI:__TI_zero_init)
                  0001165a    0000000c     startup_ccs.obj (.text)
                  00011666    0000000a     driverlib.lib : i2c.obj (.text:I2CMasterEnable)
                  00011670    0000000a     rtsv7M4_T_le_v4SPD16_eabi.lib : sprintf.c.obj (.text:_outc)
                  0001167a    0000000a                                   : vsprintf.c.obj (.text:_outc)
                  00011684    00000008     driverlib.lib : i2c.obj (.text:I2CMasterBusy)
                  0001168c    00000008                   : i2c.obj (.text:I2CMasterSlaveAddrSet)
                  00011694    00000008     rtsv7M4_T_le_v4SPD16_eabi.lib : errno.c.obj (.text:__aeabi_errno_addr)
                  0001169c    00000006     driverlib.lib : sysctl.obj (.text:SysCtlDelay)
                  000116a2    00000006                   : uart.obj (.text:UARTClockSourceSet)
                  000116a8    00000004     rtsv7M4_T_le_v4SPD16_eabi.lib : pre_init.c.obj (.text:_system_pre_init)
                  000116ac    00000004                                   : exit.c.obj (.text:abort:abort)

.const     0    000116b0    00001496     
                  000116b0    00000bf6     inv_mpu_dmp_motion_driver.obj (.const:.string:dmp_memory)
                  000122a6    00000002     --HOLE-- [fill = 0]
                  000122a8    00000400     ml_math_func.obj (.const:sin_lookup)
                  000126a8    00000158     rtsv7M4_T_le_v4SPD16_eabi.lib : k_rem_pio2.c.obj (.const:$O1$$)
                  00012800    00000101                                   : ctype.c.obj (.const:.string:_ctypes_)
                  00012901    00000003     inv_mpu_dmp_motion_driver.obj (.const:.string:$P$T0$1)
                  00012904    00000090     driverlib.lib : gpio.obj (.const:g_pui32GPIOBaseAddrs)
                  00012994    0000006c                   : sysctl.obj (.const:g_pui32Xtals)
                  00012a00    00000034     rtsv7M4_T_le_v4SPD16_eabi.lib : s_atanf.c.obj (.const:$O1$$)
                  00012a34    0000002a     inv_mpu.obj (.const:reg)
                  00012a5e    00000002     --HOLE-- [fill = 0]
                  00012a60    00000028     inv_mpu.obj (.const:test)
                  00012a88    00000020     rtsv7M4_T_le_v4SPD16_eabi.lib : e_asinf.c.obj (.const)
                  00012aa8    00000014     mpl.obj (.const:.string:ml_ver)
                  00012abc    0000000e     mpl.obj (.const:.string:$P$T1$2)
                  00012aca    0000000e     inv_mpu.obj (.const:hw)
                  00012ad8    0000000d     mpl.obj (.const:.string:$P$T0$1)
                  00012ae5    0000000c     inv_mpu_dmp_motion_driver.obj (.const:.string:$P$T4$5)
                  00012af1    00000003     inv_mpu_dmp_motion_driver.obj (.const:.string:$P$T1$2)
                  00012af4    0000000c     uartstdio.obj (.const:g_ui32UARTBase)
                  00012b00    0000000c     uartstdio.obj (.const:g_ui32UARTPeriph)
                  00012b0c    0000000b     inv_mpu_dmp_motion_driver.obj (.const:.string:$P$T7$8)
                  00012b17    0000000b     inv_mpu_dmp_motion_driver.obj (.const:.string:$P$T8$9)
                  00012b22    00000002     --HOLE-- [fill = 0]
                  00012b24    0000000a     mpu_interface.obj (.const:.string)
                  00012b2e    00000009     inv_mpu_dmp_motion_driver.obj (.const:.string:$P$T5$6)
                  00012b37    00000009     inv_mpu_dmp_motion_driver.obj (.const:.string:$P$T6$7)
                  00012b40    00000003     inv_mpu_dmp_motion_driver.obj (.const:.string:$P$T2$3)
                  00012b43    00000003     inv_mpu_dmp_motion_driver.obj (.const:.string:$P$T3$4)

.cinit     0    00012b58    000000a0     
                  00012b58    00000068     (.cinit..data.load) [load image, compression = lzss]
                  00012bc0    0000000c     (__TI_handler_table)
                  00012bcc    00000004     --HOLE-- [fill = 0]
                  00012bd0    00000008     (.cinit..bss.load) [load image, compression = zero_init]
                  00012bd8    00000008     (.cinit..vtable.load) [load image, compression = zero_init]
                  00012be0    00000018     (__TI_cinit_table)

.init_array 
*          0    00000000    00000000     UNINITIALIZED

.vtable    0    20000000    0000026c     UNINITIALIZED
                  20000000    0000026c     driverlib.lib : interrupt.obj (.vtable)

.bss       0    20000270    00001674     UNINITIALIZED
                  20000270    000004b8     liblibmplmpu-m4-hardfp.a : accel_auto_cal.o (.bss)
                  20000728    00000260     (.common:fnm)
                  20000988    000001c4                              : gyro_tc.o (.bss)
                  20000b4c    00000004     message_layer.obj (.bss:mh)
                  20000b50    000001a8     (.common:vc)
                  20000cf8    00000198     storage_manager.obj (.bss:ds)
                  20000e90    00000198     data_builder.obj (.bss:sensors)
                  20001028    00000140     data_builder.obj (.bss:inv_data_builder)
                  20001168    00000138     (.common:s9axis)
                  200012a0    000000e8     (.common:cb)
                  20001388    000000e8     (.common:cb_sim)
                  20001470    000000e8     (.common:cb_test)
                  20001558    000000c4     hal_outputs.obj (.bss:hal_out)
                  2000161c    000000b8     liblibmplmpu-m4-hardfp.a : mag_disturb.o (.bss)
                  200016d4    00000088     results_holder.obj (.bss:rh)
                  2000175c    0000006c     liblibmplmpu-m4-hardfp.a : quaternion_supervisor.o (.bss)
                  200017c8    00000054     start_manager.obj (.bss:inv_start_cb)
                  2000181c    00000004     mpu_interface.obj (.bss)
                  20001820    00000040     liblibmplmpu-m4-hardfp.a : fast_no_motion.o (.bss)
                  20001860    00000034     (.common:b)
                  20001894    00000028     eMPL_outputs.obj (.bss:eMPL_out)
                  200018bc    0000000c     imu.obj (.bss)
                  200018c8    00000004     (.common:i)
                  200018cc    00000004     (.common:lsm_gx)
                  200018d0    00000004     (.common:lsm_gy)
                  200018d4    00000004     (.common:lsm_gz)
                  200018d8    00000004     (.common:lsm_mx)
                  200018dc    00000004     (.common:lsm_my)
                  200018e0    00000004     (.common:lsm_mz)

.data      0    200028e8    000000e8     UNINITIALIZED
                  200028e8    00000038     inv_mpu.obj (.data:st)
                  20002920    00000024     mpu_interface.obj (.data:hal)
                  20002944    00000014     hal_outputs.obj (.data:compass_low_pass_filter_coeff)
                  20002958    00000010     inv_mpu_dmp_motion_driver.obj (.data:dmp)
                  20002968    00000010     liblibmplmpu-m4-hardfp.a : compass_vec_cal.o (.data)
                  20002978    0000000c     uart_echo.obj (.data:gyro_offsets)
                  20002984    0000000c     uart_echo.obj (.data:lsm_mag_sensitivity_scale_factor)
                  20002990    0000000c     uart_echo.obj (.data:lsm_magbias)
                  2000299c    00000009     mpu_interface.obj (.data:compass_pdata)
                  200029a5    00000009     mpu_interface.obj (.data:gyro_pdata)
                  200029ae    00000002     --HOLE--
                  200029b0    00000008     mpu_interface.obj (.data)
                  200029b8    00000008     uart_echo.obj (.data)
                  200029c0    00000005     uartstdio.obj (.data)
                  200029c5    00000003     --HOLE--
                  200029c8    00000004     imu.obj (.data)
                  200029cc    00000004     rtsv7M4_T_le_v4SPD16_eabi.lib : errno.c.obj (.data)

.stack     0    200018e8    00001000     UNINITIALIZED
                  200018e8    00000004     rtsv7M4_T_le_v4SPD16_eabi.lib : boot_cortex_m.c.obj (.stack)
                  200018ec    00000ffc     --HOLE--

.rodata.str1.4 
*          0    00012b48    0000000c     
                  00012b48    0000000c     liblibmplmpu-m4-hardfp.a : quaternion_supervisor.o (.rodata.str1.4)

MODULE SUMMARY

       Module                          code    ro data   rw data
       ------                          ----    -------   -------
    ./
       uart_echo.obj                   2060    0         124    
       startup_ccs.obj                 12      620       0      
    +--+-------------------------------+-------+---------+---------+
       Total:                          2072    620       124    
                                                                
    ./MPU/core/driver/eMPL/
       inv_mpu.obj                     7748    96        56     
       inv_mpu_dmp_motion_driver.obj   2828    3126      16     
    +--+-------------------------------+-------+---------+---------+
       Total:                          10576   3222      72     
                                                                
    ./MPU/core/driver/stm32L/
       log_stm32.obj                   656     0         0      
    +--+-------------------------------+-------+---------+---------+
       Total:                          656     0         0      
                                                                
    ./MPU/core/eMPL-hal/
       eMPL_outputs.obj                952     0         40     
    +--+-------------------------------+-------+---------+---------+
       Total:                          952     0         40     
                                                                
    ./MPU/core/mllite/
       ml_math_func.obj                3428    1024      0      
       data_builder.obj                2860    0         728    
       hal_outputs.obj                 1468    0         216    
       results_holder.obj              1192    0         136    
       storage_manager.obj             452     0         408    
       mpl.obj                         244     47        0      
       start_manager.obj               148     0         84     
       message_layer.obj               36      0         4      
    +--+-------------------------------+-------+---------+---------+
       Total:                          9828    1071      1576   
                                                                
    ./MPU_interface/
       mpu_interface.obj               1584    10        66     
    +--+-------------------------------+-------+---------+---------+
       Total:                          1584    10        66     
                                                                
    ./i2c_functions/
       i2c_TM4C.obj                    604     0         0      
       i2c_functions.obj               88      0         0      
    +--+-------------------------------+-------+---------+---------+
       Total:                          692     0         0      
                                                                
    ./include/
       imu.obj                         1480    0         16     
       uartstdio.obj                   848     24        5      
    +--+-------------------------------+-------+---------+---------+
       Total:                          2328    24        21     
                                                                
    ../MPU/core/mpl/liblibmplmpu-m4-hardfp.a
       compass_vec_cal.o               9264    0         1136   
       accel_auto_cal.o                3480    0         1208   
       fast_no_motion.o                3472    0         672    
       quaternion_supervisor.o         2680    12        108    
       fusion_9axis.o                  1888    0         312    
       gyro_tc.o                       1440    0         452    
       mag_disturb.o                   1664    0         184    
    +--+-------------------------------+-------+---------+---------+
       Total:                          23888   12        4072   
                                                                
    /Applications/ti/TivaWare_C_Series-2.1.4.178/driverlib/ccs/Debug/driverlib.lib
       interrupt.obj                   52      0         620    
       gpio.obj                        474     144       0      
       sysctl.obj                      410     108       0      
       i2c.obj                         114     0         0      
       systick.obj                     84      0         0      
       uart.obj                        6       0         0      
    +--+-------------------------------+-------+---------+---------+
       Total:                          1140    252       620    
                                                                
    /Applications/ti/ccsv8/tools/compiler/ti-cgt-arm_18.1.1.LTS/lib/rtsv7M4_T_le_v4SPD16_eabi.lib
       _printfi.c.obj                  4863    0         0      
       k_rem_pio2.c.obj                1848    344       0      
       s_cos.c.obj                     1500    0         0      
       e_acos.c.obj                    1052    0         0      
       e_log.c.obj                     964     0         0      
       fd_add_t2.asm.obj               438     0         0      
       e_acosf.c.obj                   404     0         0      
       e_asinf.c.obj                   368     32        0      
       s_atanf.c.obj                   336     52        0      
       k_sin.c.obj                     372     0         0      
       k_cos.c.obj                     364     0         0      
       e_atan2f.c.obj                  344     0         0      
       e_sqrt.c.obj                    344     0         0      
       fd_div_t2.asm.obj               310     0         0      
       s_scalbn.c.obj                  272     0         0      
       fd_cmp_t2.asm.obj               268     0         0      
       ctype.c.obj                     0       257       0      
       fd_mul_t2.asm.obj               252     0         0      
       s_floor.c.obj                   248     0         0      
       s_cosf.c.obj                    180     0         0      
       s_sinf.c.obj                    164     0         0      
       memcpy_t2.asm.obj               156     0         0      
       ull_div_t2.asm.obj              150     0         0      
       memset_t2.asm.obj               122     0         0      
       fd_tos_t2.asm.obj               110     0         0      
       ll_div_t2.asm.obj               110     0         0      
       fs_toll_t2.asm.obj              108     0         0      
       copy_decompress_lzss.c.obj      104     0         0      
       s_frexp.c.obj                   100     0         0      
       sprintf.c.obj                   98      0         0      
       ltoa.c.obj                      84      0         0      
       atoi.c.obj                      76      0         0      
       vsprintf.c.obj                  74      0         0      
       fd_toi_t2.asm.obj               72      0         0      
       ll_tofs_t2.asm.obj              72      0         0      
       autoinit.c.obj                  68      0         0      
       u_divt2.asm.obj                 64      0         0      
       boot_cortex_m.c.obj             56      0         0      
       fd_eabi_t2.asm.obj              56      0         0      
       fs_tod_t2.asm.obj               56      0         0      
       i_tofd_t2.asm.obj               46      0         0      
       e_sqrtf.c.obj                   40      0         0      
       memcmp.c.obj                    36      0         0      
       memmov.c.obj                    36      0         0      
       ll_asr_t2.asm.obj               30      0         0      
       memccpy.c.obj                   28      0         0      
       ll_mul_t2.asm.obj               24      0         0      
       strchr.c.obj                    22      0         0      
       s_copysign.c.obj                20      0         0      
       strlen.c.obj                    20      0         0      
       wcslen.c.obj                    18      0         0      
       copy_decompress_none.c.obj      14      0         0      
       copy_zero_init.c.obj            12      0         0      
       errno.c.obj                     8       0         4      
       exit.c.obj                      4       0         0      
       pre_init.c.obj                  4       0         0      
       div0.asm.obj                    2       0         0      
    +--+-------------------------------+-------+---------+---------+
       Total:                          16991   685       4      
                                                                
       Stack:                          0       0         4096   
       Linker Generated:               0       156       0      
    +--+-------------------------------+-------+---------+---------+
       Grand Total:                    70707   6052      10691  


LINKER GENERATED COPY TABLES

__TI_cinit_table @ 00012be0 records: 3, size/record: 8, table size: 24
	.data: load addr=00012b58, load size=00000068 bytes, run addr=200028e8, run size=000000e8 bytes, compression=lzss
	.bss: load addr=00012bd0, load size=00000008 bytes, run addr=20000270, run size=00001674 bytes, compression=zero_init
	.vtable: load addr=00012bd8, load size=00000008 bytes, run addr=20000000, run size=0000026c bytes, compression=zero_init


LINKER GENERATED HANDLER TABLE

__TI_handler_table @ 00012bc0 records: 3, size/record: 4, table size: 12
	index: 0, handler: __TI_zero_init
	index: 1, handler: __TI_decompress_lzss
	index: 2, handler: __TI_decompress_none


GLOBAL SYMBOLS: SORTED ALPHABETICALLY BY Name 

address   name                                    
-------   ----                                    
00009fdd  AP_send                                 
0000a011  AP_send_char                            
00009ffd  AP_send_msg                             
000116ad  C$$EXIT                                 
0000b0ad  ComputeAngleVelocity                    
00009e4b  ConfigureUART                           
000113c3  GPIODirModeSet                          
0000ff6f  GPIOPadConfigSet                        
000110e1  GPIOPinConfigure                        
000115b1  GPIOPinTypeI2C                          
000115c3  GPIOPinTypeI2CSCL                       
000115d5  GPIOPinTypeUART                         
00011685  I2CMasterBusy                           
000044e5  I2CMasterControl                        
000083ad  I2CMasterDataGet                        
0000a095  I2CMasterDataPut                        
00011667  I2CMasterEnable                         
00011049  I2CMasterInitExpClk                     
0001168d  I2CMasterSlaveAddrSet                   
0000ed59  I2CReceive                              
0001132d  IntRegister                             
0000b10d  Mag3ofNormalizedLong                    
0000b1e1  MagDisturbCheckSettling                 
0000b161  MagDisturbSetDisturbance                
0001165b  ResetISR                                
000101c1  SysCtlClockGet                          
0001169d  SysCtlDelay                             
00011361  SysCtlPeripheralEnable                  
00010ff9  SysCtlPeripheralReset                   
00011561  SysTickEnable                           
00011575  SysTickIntEnable                        
000114c9  SysTickIntRegister                      
000115f9  SysTickPeriodSet                        
00009f9d  UART0IntHandler                         
000116a3  UARTClockSourceSet                      
0000e5e5  UARTStdioConfig                         
0000e5cb  UARTgetc                                
0000e547  UARTgets                                
0000e52d  UARTprintf                              
0000e361  UARTvprintf                             
0000e321  UARTwrite                               
0000e85d  _MLPrintLog                             
200028e8  __STACK_END                             
00001000  __STACK_SIZE                            
20001ae8  __STACK_TOP                             
00012be0  __TI_CINIT_Base                         
00012bf8  __TI_CINIT_Limit                        
00012bc0  __TI_Handler_Table_Base                 
00012bcc  __TI_Handler_Table_Limit                
000111b9  __TI_auto_init_nobinit_nopinit          
00010dd9  __TI_decompress_lzss                    
00011641  __TI_decompress_none                    
ffffffff  __TI_pprof_out_hndl                     
00008e29  __TI_printfi                            
ffffffff  __TI_prof_data_size                     
ffffffff  __TI_prof_data_start                    
00000000  __TI_static_base__                      
0001164f  __TI_zero_init                          
00010a9d  __aeabi_cdcmpeq                         
00010a9d  __aeabi_cdcmple                         
00010b23  __aeabi_cdrcmple                        
00010c91  __aeabi_d2f                             
00011129  __aeabi_d2iz                            
0000f16b  __aeabi_dadd                            
00011609  __aeabi_dcmpeq                          
00011617  __aeabi_dcmpgt                          
00011625  __aeabi_dcmple                          
00011633  __aeabi_dcmplt                          
0000fe39  __aeabi_ddiv                            
000103e1  __aeabi_dmul                            
0000f161  __aeabi_dsub                            
00011695  __aeabi_errno_addr                      
000112f5  __aeabi_f2d                             
00010d6d  __aeabi_f2lz                            
00011395  __aeabi_i2d                             
00009887  __aeabi_idiv0                           
00011171  __aeabi_l2f                             
000114a9  __aeabi_lasr                            
00009887  __aeabi_ldiv0                           
00010cff  __aeabi_ldivmod                         
00011531  __aeabi_lmul                            
00010ba9  __aeabi_memclr                          
00010ba9  __aeabi_memclr4                         
00010ba9  __aeabi_memclr8                         
000108d5  __aeabi_memcpy                          
000108d5  __aeabi_memcpy4                         
000108d5  __aeabi_memcpy8                         
00010bab  __aeabi_memset                          
00010bab  __aeabi_memset4                         
00010bab  __aeabi_memset8                         
000111fd  __aeabi_uidiv                           
000111fd  __aeabi_uidivmod                        
00010971  __aeabi_uldivmod                        
ffffffff  __binit__                               
ffffffff  __c_args__                              
0000f791  __kernel_cos                            
0000a7f9  __kernel_rem_pio2                       
0000f4ad  __kernel_sin                            
UNDEFED   __mpu_init                              
200018e8  __stack                                 
000112bd  _c_int00_noargs                         
00012800  _ctypes_                                
UNDEFED   _system_post_cinit                      
000116a9  _system_pre_init                        
000116ad  abort                                   
0000c667  accel_lsm9_set_scale                    
0000c659  accel_lsm9_setup                        
0000c643  accel_lsm9_write_reg                    
0000d789  acos                                    
0000f319  acosf                                   
0000d789  acosl                                   
0000f621  asinf                                   
0000f8fd  atan2f                                  
0000fbad  atanf                                   
00011095  atoi                                    
20001860  b                                       
ffffffff  binit                                   
000098b7  calibrate_lsm_gyro                      
200012a0  cb                                      
20001388  cb_sim                                  
20001470  cb_test                                 
20002944  compass_low_pass_filter_coeff           
00011589  copysign                                
00011589  copysignl                               
0000bbe1  cos                                     
000106c9  cosf                                    
0000bbe1  cosl                                    
200029b8  data                                    
00009f4f  delay                                   
00009ec3  delay2                                  
000098a9  delay_ms                                
0000c76f  disable_imu_sensor                      
000081a7  dmp_enable_6x_lp_quat                   
000081e5  dmp_enable_feature                      
00008183  dmp_enable_gyro_cal                     
00008149  dmp_enable_lp_quat                      
0000813d  dmp_get_enabled_features                
00008131  dmp_get_fifo_rate                       
000080ef  dmp_get_pedometer_step_count            
000080ad  dmp_get_pedometer_walk_time             
00008099  dmp_load_motion_driver_firmware         
00007f0d  dmp_read_fifo                           
00007eaf  dmp_register_android_orient_cb          
00007ea1  dmp_register_tap_cb                     
00007db5  dmp_set_accel_bias                      
00007d55  dmp_set_fifo_rate                       
00007c93  dmp_set_gyro_bias                       
00007c51  dmp_set_interrupt_mode                  
00007b01  dmp_set_orientation                     
00007adb  dmp_set_pedometer_step_count            
00007aaf  dmp_set_pedometer_walk_time             
00007a7f  dmp_set_shake_reject_thresh             
00007a5f  dmp_set_shake_reject_time               
00007a3f  dmp_set_shake_reject_timeout            
000079ff  dmp_set_tap_axes                        
000079dd  dmp_set_tap_count                       
000078e1  dmp_set_tap_thresh                      
000078c1  dmp_set_tap_time                        
000078a1  dmp_set_tap_time_multi                  
0000e711  eMPL_send_data                          
0000e671  eMPL_send_quat                          
00009e87  enable_systick                          
200029cc  errno                                   
000104dd  floor                                   
000104dd  floorl                                  
20000728  fnm                                     
00010e41  frexp                                   
00010e41  frexpl                                  
20000000  g_pfnRAMVectors                         
00000000  g_pfnVectors                            
0000c767  get_disable_imu_sensor                  
00009973  get_ms                                  
20002978  gyro_offsets                            
0000c22b  gyro_read_all_data                      
0000c611  gyro_set_scale                          
0000c5d9  gyro_setup                              
0000c5bd  gyro_write_reg                          
200029b0  hal_timestamp                           
00012aca  hw                                      
200018c8  i                                       
0000ed07  i2c_common_setup                        
00010eef  i2c_read                                
0000ec4d  i2c_read_bytes                          
00010ee1  i2c_read_lsm                            
00010ec3  i2c_write                               
0000ebc5  i2c_write_bytes                         
00010ea5  i2c_write_lsm                           
0000eb71  i2c_write_reg                           
0000c6c5  init_imu                                
0000c215  init_imu_raw_data                       
0000c59d  init_imu_scaledStruct                   
000056bd  int_set_fast_nomot_gyro_threshold       
0000a799  inv_9x_fusion_enable_jitter_reduction   
0000a789  inv_9x_fusion_set_mag_fb                
0000a7a9  inv_9x_fusion_use_timestamps            
0000786b  inv_accel_was_turned_off                
00004791  inv_add_accel_block_data                
00001925  inv_add_compass_block_data              
00004845  inv_add_vector_block_data               
00006d09  inv_angle_diff                          
00006e0d  inv_apply_calibration                   
00004a91  inv_auto_calibrate                      
00006cfd  inv_big8_to_int16                       
00006ce7  inv_big8_to_int32                       
00006c91  inv_biquad_filter_process               
00007807  inv_build_accel                         
0000777f  inv_build_compass                       
00007757  inv_build_gyro                          
0000772d  inv_build_quat                          
00007701  inv_build_temp                          
00006c63  inv_calc_state_to_match_output          
000011c5  inv_center_sum                          
000004dd  inv_cheap_gaussian                      
000004a5  inv_cheap_rand                          
0000b239  inv_check_magnetic_disturbance          
000048f9  inv_check_sample_balance                
000019d5  inv_check_sim                           
00006c45  inv_checksum                            
000005a1  inv_combine_compass_data                
00006b85  inv_compass_angle                       
000076f1  inv_compass_was_turned_off              
00000a21  inv_compute_bias                        
00006b1d  inv_convert_to_body                     
00006ab9  inv_convert_to_body_with_scale          
00006a6d  inv_convert_to_chip                     
00006a3f  inv_cosf                                
000059d5  inv_detect_motion_by_gyro_accel         
0000a7e9  inv_disable_9x_sensor_fusion            
000070db  inv_disable_compass_soft_iron_matrix    
0000aff5  inv_disable_dip_tracking                
0000e2ed  inv_disable_eMPL_outputs                
00005fed  inv_disable_fast_nomot                  
0000d2b1  inv_disable_gyro_tc                     
0000cd15  inv_disable_hal_outputs                 
00005255  inv_disable_in_use_auto_calibration     
0000afdd  inv_disable_magnetic_disturbance        
00008e09  inv_disable_quaternion                  
00002685  inv_disable_vector_compass_cal          
0000a7c5  inv_enable_9x_sensor_fusion             
000076e9  inv_enable_compass_soft_iron_matrix     
0000b005  inv_enable_dip_tracking                 
0000e2cd  inv_enable_eMPL_outputs                 
00005fd5  inv_enable_fast_nomot                   
0000d271  inv_enable_gyro_tc                      
0000cd07  inv_enable_hal_outputs                  
0000523d  inv_enable_in_use_auto_calibration      
0000afb1  inv_enable_magnetic_disturbance         
00008df1  inv_enable_quaternion                   
0000d729  inv_enable_results_holder               
0000266d  inv_enable_vector_compass_cal           
00010a75  inv_execute_mpl_start_notification      
00007667  inv_execute_on_data                     
0000582d  inv_fast_nomot_get_time_elaps           
000054f5  inv_fast_nomot_parameter                
00005501  inv_fast_nomot_parameter_3rd            
00005839  inv_fast_nomot_parameter_compass        
00005801  inv_fast_nomot_reset_data_compass       
000055e1  inv_fast_nomot_set_gyro_bias            
00005715  inv_fast_nomot_store_data               
000057b5  inv_fast_nomot_store_data_compass       
0000a0a9  inv_filter_correction_angle             
0000600d  inv_fnm_debug_print                     
00008629  inv_generate_accel_gyro_quaternion      
00005bb9  inv_generate_fast_nomot                 
000085ed  inv_generate_gyro_quaternion            
0000cbbd  inv_generate_hal_outputs                
0000d71b  inv_generate_results                    
0000254d  inv_generate_vector_compass_cal         
0000d70d  inv_get_6axis_quaternion                
0000d701  inv_get_acc_state                       
0000d6b1  inv_get_accel                           
00007581  inv_get_accel_accuracy                  
00007561  inv_get_accel_bias                      
00005271  inv_get_accel_bias_stage                
0000d6c5  inv_get_accel_float                     
00007557  inv_get_accel_on                        
0000754b  inv_get_accel_orient                    
00007541  inv_get_accel_sample_rate_ms            
00007539  inv_get_accel_sensitivity               
00007509  inv_get_accel_set                       
000074b1  inv_get_compass_bias                    
0000d6a7  inv_get_compass_bias_error              
0000d693  inv_get_compass_correction              
000074ab  inv_get_compass_disturbance             
0000749f  inv_get_compass_on                      
00007495  inv_get_compass_sample_rate_ms          
0000748d  inv_get_compass_sensitivity             
0000745b  inv_get_compass_set                     
00007441  inv_get_compass_soft_iron_input_data    
00007427  inv_get_compass_soft_iron_matrix_d      
00007411  inv_get_compass_soft_iron_matrix_f      
000073f9  inv_get_compass_soft_iron_output_data   
0000d68d  inv_get_compass_state                   
000069e9  inv_get_cross_product_vec               
00004661  inv_get_current_calibrated_accel        
000018cd  inv_get_current_calibrated_compass      
000056f5  inv_get_fast_nomot_accel_param          
000056d5  inv_get_fast_nomot_compass_param        
00006001  inv_get_fnm_gyro_no_motion_param        
0000d56d  inv_get_gravity                         
000073ed  inv_get_gyro                            
000073e1  inv_get_gyro_accuracy                   
000073bd  inv_get_gyro_bias                       
000073a7  inv_get_gyro_bias_tc_set                
0000d64f  inv_get_gyro_float                      
0000739d  inv_get_gyro_on                         
0000738f  inv_get_gyro_orient                     
00007385  inv_get_gyro_sample_rate_ms             
0000737d  inv_get_gyro_sensitivity                
00007357  inv_get_gyro_set                        
00007331  inv_get_gyro_set_raw                    
000069cf  inv_get_gyro_sum_of_sqr                 
0000d221  inv_get_gyro_ts                         
0000d647  inv_get_heading_confidence_interval     
0000d641  inv_get_large_mag_field                 
000072e7  inv_get_last_timestamp                  
0000d5bf  inv_get_linear_accel                    
0000d605  inv_get_linear_accel_float              
0000d563  inv_get_local_field                     
000072d3  inv_get_mag_accuracy                    
0000d559  inv_get_mag_scale                       
0000b5a5  inv_get_magnetic_disturbance_state      
00011495  inv_get_message_level_0                 
0000d54d  inv_get_motion_state                    
0000f14b  inv_get_mpl_state_size                  
0000d3ed  inv_get_quaternion                      
0000d4f1  inv_get_quaternion_float                
0000d41d  inv_get_quaternion_set                  
00005851  inv_get_right_shift_by_rounding         
0000e215  inv_get_sensor_type_accel               
0000cb5d  inv_get_sensor_type_accelerometer       
0000e205  inv_get_sensor_type_compass             
0000e065  inv_get_sensor_type_euler               
0000cae9  inv_get_sensor_type_gravity             
0000e053  inv_get_sensor_type_gyro                
0000ca87  inv_get_sensor_type_gyroscope           
0000ca2f  inv_get_sensor_type_gyroscope_raw       
0000dfb5  inv_get_sensor_type_heading             
0000c9bf  inv_get_sensor_type_linear_acceleration 
0000c989  inv_get_sensor_type_magnetic_field      
0000c973  inv_get_sensor_type_orientation         
0000df95  inv_get_sensor_type_quat                
0000df75  inv_get_sensor_type_rot_mat             
0000c7bb  inv_get_sensor_type_rotation_vector     
000072b1  inv_get_temp_set                        
0001067f  inv_get_version                         
0000d3e5  inv_got_accel_bias                      
0000d3dd  inv_got_compass_bias                    
000072a5  inv_gyro_was_turned_off                 
0000a74d  inv_init_9x_fusion                      
00004609  inv_init_accel_maxmin                   
000069ab  inv_init_biquad_filter                  
00004749  inv_init_check_sample_balance           
00004765  inv_init_check_sample_balance_parameter 
00007277  inv_init_data_builder                   
00005f55  inv_init_fast_nomot                     
0000d1b9  inv_init_gyro_ts                        
0000c797  inv_init_hal_outputs                    
00005199  inv_init_in_use_auto_calibration        
0000af59  inv_init_magnetic_disturbance           
0000541d  inv_init_maxmin                         
00010601  inv_init_mpl                            
00008dcd  inv_init_quaternion                     
0000d3b5  inv_init_results_holder                 
00010a65  inv_init_start_manager                  
0000f135  inv_init_storage_manager                
00002601  inv_init_vector_compass_cal             
000069a1  inv_int16_to_big8                       
0000698f  inv_int32_to_big8                       
00006983  inv_little8_to_int16                    
0000f0ab  inv_load_mpl_states                     
0000b56d  inv_magnetic_disturbance_process        
000068f1  inv_matrix_det                          
0000688f  inv_matrix_det_inc                      
0000676f  inv_matrix_det_incd                     
000067d5  inv_matrix_detd                         
000071fd  inv_matrix_vector_mult                  
00006749  inv_orientation_matrix_to_scalar        
0000a299  inv_perform_9x_fusion                   
0000d261  inv_print_gtc_data                      
0000a6b5  inv_process_9x_sensor_fusion_cb         
00002431  inv_process_compass_only_cal            
00006215  inv_q29_mult                            
000066fb  inv_q30_div                             
0000606d  inv_q30_mult                            
000066d7  inv_q_add                               
00006695  inv_q_addf                              
000063e9  inv_q_invert                            
00006677  inv_q_invertf                           
00006319  inv_q_mult                              
000065a5  inv_q_multf                             
00006531  inv_q_norm4                             
0000651d  inv_q_normalize                         
00006461  inv_q_normalizef                        
00006411  inv_q_rotate                            
00006301  inv_q_shift_mult                        
000071ef  inv_quaternion_sensor_was_turned_off    
00006221  inv_quaternion_to_rotation              
000061e7  inv_quaternion_to_rotation_vector       
00004629  inv_record_good_accel_maxmin            
00005939  inv_record_max_moment_in_no_motion_accel
00005905  inv_record_max_moment_in_no_motion_gyro 
000059a1  inv_record_min_moment_in_motion_accel   
0000596d  inv_record_min_moment_in_motion_gyro    
00007141  inv_register_data_cb                    
0000f01b  inv_register_load_store                 
00010a49  inv_register_mpl_start_notification     
000070e9  inv_reset_compass_soft_iron_matrix      
00001b41  inv_reset_data_collection               
000058d1  inv_reset_min_max_gyro_accel_statistics 
0000ef9d  inv_save_mpl_states                     
00005b19  inv_sensor_data_preprocess              
0000d3ad  inv_set_acc_state                       
000070c5  inv_set_accel_accuracy                  
000070b7  inv_set_accel_bandwidth                 
00007075  inv_set_accel_bias                      
0000d3a5  inv_set_accel_bias_found                
0000702f  inv_set_accel_bias_mask                 
00007021  inv_set_accel_orientation_and_scale     
00006fff  inv_set_accel_sample_rate               
00006ff7  inv_set_compass_bandwidth               
00006fb7  inv_set_compass_bias                    
0000d399  inv_set_compass_bias_error              
0000d391  inv_set_compass_bias_found              
0000d373  inv_set_compass_correction              
00006faf  inv_set_compass_disturbance             
00006fa3  inv_set_compass_orientation_and_scale   
00006f7d  inv_set_compass_sample_rate             
00006f2f  inv_set_compass_soft_iron_input_data    
00006f01  inv_set_compass_soft_iron_matrix_d      
00006ed1  inv_set_compass_soft_iron_matrix_f      
0000d36b  inv_set_compass_state                   
00005f05  inv_set_default_number_of_samples       
000056c9  inv_set_fast_nomot_accel_threshold      
000056b1  inv_set_fast_nomot_compass_threshold    
0000d1f1  inv_set_gtc_max_temp                    
0000d211  inv_set_gtc_min_diff                    
0000d201  inv_set_gtc_min_temp                    
0000d249  inv_set_gtc_order                       
00006ec9  inv_set_gyro_bandwidth                  
00006e75  inv_set_gyro_bias                       
00006dff  inv_set_gyro_orientation_and_scale      
00006de1  inv_set_gyro_sample_rate                
0000d245  inv_set_gyro_ts                         
0000d361  inv_set_heading_confidence_interval     
0000d359  inv_set_large_mag_field                 
0000d34d  inv_set_local_field                     
0000d341  inv_set_mag_scale                       
0000af41  inv_set_magnetic_disturbance            
00011485  inv_set_message                         
0000d311  inv_set_motion_state                    
00006dcb  inv_set_quat_sample_rate                
000085f9  inv_set_quaternion                      
00000715  inv_set_terms                           
000061bb  inv_sinf                                
000046a5  inv_sort_order_4_T                      
0000a099  inv_start_9x_sensor_fusion              
000054b5  inv_start_fast_nomot                    
0000cd41  inv_start_gyro_tc                       
0000c78b  inv_start_hal_outputs                   
00004549  inv_start_in_use_auto_calibration       
0000af31  inv_start_magnetic_disturbance          
000105d5  inv_start_mpl                           
00008481  inv_start_quaternion                    
0000d2ff  inv_start_results_holder                
00000271  inv_start_vector_compass_cal            
0000a7b9  inv_stop_9x_sensor_fusion               
00005fbd  inv_stop_fast_nomot                     
0000d265  inv_stop_gyro_tc                        
0000c785  inv_stop_hal_outputs                    
00005231  inv_stop_in_use_auto_calibration        
0000afa5  inv_stop_magnetic_disturbance           
00008dc1  inv_stop_quaternion                     
000025f5  inv_stop_vector_compass_cal             
0000d2e1  inv_store_gaming_quaternion             
00006dc3  inv_temperature_was_turned_off          
0000b015  inv_track_dip_angle                     
00006d7b  inv_unregister_data_cb                  
00010a09  inv_unregister_mpl_start_notification   
00000499  inv_vector_compass_cal_sensitivity      
00006187  inv_vector_norm                         
000060e1  inv_vector_normalize                    
000060ab  inv_wrap_angle                          
000102d1  ldexp                                   
000102d1  ldexpl                                  
0000dba5  log                                     
0000dba5  logl                                    
0000c271  lsm9_accel_read_all_data                
200018cc  lsm_gx                                  
200018d0  lsm_gy                                  
200018d4  lsm_gz                                  
20002984  lsm_mag_sensitivity_scale_factor        
20002990  lsm_magbias                             
200018d8  lsm_mx                                  
200018dc  lsm_my                                  
200018e0  lsm_mz                                  
00010f53  ltoa                                    
2000161c  mag_disturb                             
0000c2b7  mag_read_all_data                       
0000c557  mag_set_scale                           
0000c533  mag_setup                               
0000c51d  mag_write_reg                           
00009e9f  main                                    
000114e5  memccpy                                 
0001143d  memcmp                                  
000108d5  memcpy                                  
00011461  memmove                                 
00010bb1  memset                                  
00006079  mlMatrixVectorMult                      
0000d789  ml_acos                                 
0000bbe1  ml_cos                                  
000104dd  ml_floor                                
0000dba5  ml_log                                  
0000fa55  ml_sqrt                                 
00012aa8  ml_ver                                  
200029b4  mpl_key                                 
00002aa3  mpu_configure_fifo                      
00003179  mpu_get_accel_fsr                       
00004461  mpu_get_accel_reg                       
0000441f  mpu_get_accel_sens                      
0000440f  mpu_get_compass_fsr                     
00004361  mpu_get_compass_reg                     
00004353  mpu_get_compass_sample_rate             
00004345  mpu_get_dmp_state                       
0000bb61  mpu_get_euler                           
0000320d  mpu_get_fifo_config                     
00003149  mpu_get_gyro_fsr                        
000042e3  mpu_get_gyro_reg                        
000042b7  mpu_get_gyro_sens                       
00004281  mpu_get_int_status                      
000031b3  mpu_get_lpf                             
0000b6df  mpu_get_outputs                         
0000426d  mpu_get_power_state                     
0000bb21  mpu_get_rot_mat                         
000031f1  mpu_get_sample_rate                     
000041e5  mpu_get_temperature                     
0000411d  mpu_init                                
00003eab  mpu_load_firmware                       
00002aef  mpu_lp_accel_mode                       
00003df1  mpu_lp_motion_interrupt                 
0000b5b1  mpu_open                                
0000302f  mpu_read_6050_accel_bias                
00002f13  mpu_read_6500_accel_bias                
00003d85  mpu_read_6500_gyro_bias                 
00003be5  mpu_read_fifo                           
00003b4d  mpu_read_fifo_stream                    
00003af7  mpu_read_mem                            
00003ac9  mpu_read_reg                            
00003a71  mpu_reg_dump                            
0000293b  mpu_reset_fifo                          
0000395d  mpu_run_self_test                       
0000309b  mpu_set_accel_bias_6050_reg             
00002f85  mpu_set_accel_bias_6500_reg             
00002eb5  mpu_set_accel_fsr                       
00002d4f  mpu_set_bypass                          
00002b93  mpu_set_compass_sample_rate             
00002e3f  mpu_set_dmp_state                       
00002ccb  mpu_set_gyro_bias_reg                   
00002c69  mpu_set_gyro_fsr                        
000026f3  mpu_set_int_latched                     
00002c5f  mpu_set_int_level                       
00002881  mpu_set_lpf                             
00002bd9  mpu_set_sample_rate                     
00002753  mpu_set_sensors                         
0000b861  mpu_update                              
000026a1  mpu_write_mem                           
00009df1  print_float                             
00006011  quaternion_to_rotation_angle            
0000c2fd  read_raw_imu_data                       
0000c381  read_scaled_imu_data                    
00012a34  reg                                     
20001168  s9axis                                  
000102d1  scalbn                                  
000102d1  scalbnl                                 
00009dc1  send                                    
00009d7d  send_char                               
00009899  send_msg                                
0000ba81  send_status_compass                     
00006d75  set_sensor_orientation_and_scale        
000122a8  sin_lookup                              
00010831  sinf                                    
0001123d  sprintf                                 
0000fa55  sqrt                                    
000113ed  sqrtf                                   
0000fa55  sqrtl                                   
00011549  strchr                                  
0001159d  strlen                                  
00009cc9  systick_int_handler                     
00012a60  test                                    
000099b1  test_invensense                         
0000ba57  test_mpu                                
0000c1fb  to_signed_int_12                        
0000c1ef  to_signed_int_16                        
0000c1bd  twosComp_16b                            
0000c1c9  twosComp_sensorData_16b                 
20000b50  vc                                      
00011415  vsprintf                                
00009889  wait_until                              
000115e7  wcslen                                  


GLOBAL SYMBOLS: SORTED BY Symbol Address 

address   name                                    
-------   ----                                    
00000000  __TI_static_base__                      
00000000  g_pfnVectors                            
00000271  inv_start_vector_compass_cal            
00000499  inv_vector_compass_cal_sensitivity      
000004a5  inv_cheap_rand                          
000004dd  inv_cheap_gaussian                      
000005a1  inv_combine_compass_data                
00000715  inv_set_terms                           
00000a21  inv_compute_bias                        
00001000  __STACK_SIZE                            
000011c5  inv_center_sum                          
000018cd  inv_get_current_calibrated_compass      
00001925  inv_add_compass_block_data              
000019d5  inv_check_sim                           
00001b41  inv_reset_data_collection               
00002431  inv_process_compass_only_cal            
0000254d  inv_generate_vector_compass_cal         
000025f5  inv_stop_vector_compass_cal             
00002601  inv_init_vector_compass_cal             
0000266d  inv_enable_vector_compass_cal           
00002685  inv_disable_vector_compass_cal          
000026a1  mpu_write_mem                           
000026f3  mpu_set_int_latched                     
00002753  mpu_set_sensors                         
00002881  mpu_set_lpf                             
0000293b  mpu_reset_fifo                          
00002aa3  mpu_configure_fifo                      
00002aef  mpu_lp_accel_mode                       
00002b93  mpu_set_compass_sample_rate             
00002bd9  mpu_set_sample_rate                     
00002c5f  mpu_set_int_level                       
00002c69  mpu_set_gyro_fsr                        
00002ccb  mpu_set_gyro_bias_reg                   
00002d4f  mpu_set_bypass                          
00002e3f  mpu_set_dmp_state                       
00002eb5  mpu_set_accel_fsr                       
00002f13  mpu_read_6500_accel_bias                
00002f85  mpu_set_accel_bias_6500_reg             
0000302f  mpu_read_6050_accel_bias                
0000309b  mpu_set_accel_bias_6050_reg             
00003149  mpu_get_gyro_fsr                        
00003179  mpu_get_accel_fsr                       
000031b3  mpu_get_lpf                             
000031f1  mpu_get_sample_rate                     
0000320d  mpu_get_fifo_config                     
0000395d  mpu_run_self_test                       
00003a71  mpu_reg_dump                            
00003ac9  mpu_read_reg                            
00003af7  mpu_read_mem                            
00003b4d  mpu_read_fifo_stream                    
00003be5  mpu_read_fifo                           
00003d85  mpu_read_6500_gyro_bias                 
00003df1  mpu_lp_motion_interrupt                 
00003eab  mpu_load_firmware                       
0000411d  mpu_init                                
000041e5  mpu_get_temperature                     
0000426d  mpu_get_power_state                     
00004281  mpu_get_int_status                      
000042b7  mpu_get_gyro_sens                       
000042e3  mpu_get_gyro_reg                        
00004345  mpu_get_dmp_state                       
00004353  mpu_get_compass_sample_rate             
00004361  mpu_get_compass_reg                     
0000440f  mpu_get_compass_fsr                     
0000441f  mpu_get_accel_sens                      
00004461  mpu_get_accel_reg                       
000044e5  I2CMasterControl                        
00004549  inv_start_in_use_auto_calibration       
00004609  inv_init_accel_maxmin                   
00004629  inv_record_good_accel_maxmin            
00004661  inv_get_current_calibrated_accel        
000046a5  inv_sort_order_4_T                      
00004749  inv_init_check_sample_balance           
00004765  inv_init_check_sample_balance_parameter 
00004791  inv_add_accel_block_data                
00004845  inv_add_vector_block_data               
000048f9  inv_check_sample_balance                
00004a91  inv_auto_calibrate                      
00005199  inv_init_in_use_auto_calibration        
00005231  inv_stop_in_use_auto_calibration        
0000523d  inv_enable_in_use_auto_calibration      
00005255  inv_disable_in_use_auto_calibration     
00005271  inv_get_accel_bias_stage                
0000541d  inv_init_maxmin                         
000054b5  inv_start_fast_nomot                    
000054f5  inv_fast_nomot_parameter                
00005501  inv_fast_nomot_parameter_3rd            
000055e1  inv_fast_nomot_set_gyro_bias            
000056b1  inv_set_fast_nomot_compass_threshold    
000056bd  int_set_fast_nomot_gyro_threshold       
000056c9  inv_set_fast_nomot_accel_threshold      
000056d5  inv_get_fast_nomot_compass_param        
000056f5  inv_get_fast_nomot_accel_param          
00005715  inv_fast_nomot_store_data               
000057b5  inv_fast_nomot_store_data_compass       
00005801  inv_fast_nomot_reset_data_compass       
0000582d  inv_fast_nomot_get_time_elaps           
00005839  inv_fast_nomot_parameter_compass        
00005851  inv_get_right_shift_by_rounding         
000058d1  inv_reset_min_max_gyro_accel_statistics 
00005905  inv_record_max_moment_in_no_motion_gyro 
00005939  inv_record_max_moment_in_no_motion_accel
0000596d  inv_record_min_moment_in_motion_gyro    
000059a1  inv_record_min_moment_in_motion_accel   
000059d5  inv_detect_motion_by_gyro_accel         
00005b19  inv_sensor_data_preprocess              
00005bb9  inv_generate_fast_nomot                 
00005f05  inv_set_default_number_of_samples       
00005f55  inv_init_fast_nomot                     
00005fbd  inv_stop_fast_nomot                     
00005fd5  inv_enable_fast_nomot                   
00005fed  inv_disable_fast_nomot                  
00006001  inv_get_fnm_gyro_no_motion_param        
0000600d  inv_fnm_debug_print                     
00006011  quaternion_to_rotation_angle            
0000606d  inv_q30_mult                            
00006079  mlMatrixVectorMult                      
000060ab  inv_wrap_angle                          
000060e1  inv_vector_normalize                    
00006187  inv_vector_norm                         
000061bb  inv_sinf                                
000061e7  inv_quaternion_to_rotation_vector       
00006215  inv_q29_mult                            
00006221  inv_quaternion_to_rotation              
00006301  inv_q_shift_mult                        
00006319  inv_q_mult                              
000063e9  inv_q_invert                            
00006411  inv_q_rotate                            
00006461  inv_q_normalizef                        
0000651d  inv_q_normalize                         
00006531  inv_q_norm4                             
000065a5  inv_q_multf                             
00006677  inv_q_invertf                           
00006695  inv_q_addf                              
000066d7  inv_q_add                               
000066fb  inv_q30_div                             
00006749  inv_orientation_matrix_to_scalar        
0000676f  inv_matrix_det_incd                     
000067d5  inv_matrix_detd                         
0000688f  inv_matrix_det_inc                      
000068f1  inv_matrix_det                          
00006983  inv_little8_to_int16                    
0000698f  inv_int32_to_big8                       
000069a1  inv_int16_to_big8                       
000069ab  inv_init_biquad_filter                  
000069cf  inv_get_gyro_sum_of_sqr                 
000069e9  inv_get_cross_product_vec               
00006a3f  inv_cosf                                
00006a6d  inv_convert_to_chip                     
00006ab9  inv_convert_to_body_with_scale          
00006b1d  inv_convert_to_body                     
00006b85  inv_compass_angle                       
00006c45  inv_checksum                            
00006c63  inv_calc_state_to_match_output          
00006c91  inv_biquad_filter_process               
00006ce7  inv_big8_to_int32                       
00006cfd  inv_big8_to_int16                       
00006d09  inv_angle_diff                          
00006d75  set_sensor_orientation_and_scale        
00006d7b  inv_unregister_data_cb                  
00006dc3  inv_temperature_was_turned_off          
00006dcb  inv_set_quat_sample_rate                
00006de1  inv_set_gyro_sample_rate                
00006dff  inv_set_gyro_orientation_and_scale      
00006e0d  inv_apply_calibration                   
00006e75  inv_set_gyro_bias                       
00006ec9  inv_set_gyro_bandwidth                  
00006ed1  inv_set_compass_soft_iron_matrix_f      
00006f01  inv_set_compass_soft_iron_matrix_d      
00006f2f  inv_set_compass_soft_iron_input_data    
00006f7d  inv_set_compass_sample_rate             
00006fa3  inv_set_compass_orientation_and_scale   
00006faf  inv_set_compass_disturbance             
00006fb7  inv_set_compass_bias                    
00006ff7  inv_set_compass_bandwidth               
00006fff  inv_set_accel_sample_rate               
00007021  inv_set_accel_orientation_and_scale     
0000702f  inv_set_accel_bias_mask                 
00007075  inv_set_accel_bias                      
000070b7  inv_set_accel_bandwidth                 
000070c5  inv_set_accel_accuracy                  
000070db  inv_disable_compass_soft_iron_matrix    
000070e9  inv_reset_compass_soft_iron_matrix      
00007141  inv_register_data_cb                    
000071ef  inv_quaternion_sensor_was_turned_off    
000071fd  inv_matrix_vector_mult                  
00007277  inv_init_data_builder                   
000072a5  inv_gyro_was_turned_off                 
000072b1  inv_get_temp_set                        
000072d3  inv_get_mag_accuracy                    
000072e7  inv_get_last_timestamp                  
00007331  inv_get_gyro_set_raw                    
00007357  inv_get_gyro_set                        
0000737d  inv_get_gyro_sensitivity                
00007385  inv_get_gyro_sample_rate_ms             
0000738f  inv_get_gyro_orient                     
0000739d  inv_get_gyro_on                         
000073a7  inv_get_gyro_bias_tc_set                
000073bd  inv_get_gyro_bias                       
000073e1  inv_get_gyro_accuracy                   
000073ed  inv_get_gyro                            
000073f9  inv_get_compass_soft_iron_output_data   
00007411  inv_get_compass_soft_iron_matrix_f      
00007427  inv_get_compass_soft_iron_matrix_d      
00007441  inv_get_compass_soft_iron_input_data    
0000745b  inv_get_compass_set                     
0000748d  inv_get_compass_sensitivity             
00007495  inv_get_compass_sample_rate_ms          
0000749f  inv_get_compass_on                      
000074ab  inv_get_compass_disturbance             
000074b1  inv_get_compass_bias                    
00007509  inv_get_accel_set                       
00007539  inv_get_accel_sensitivity               
00007541  inv_get_accel_sample_rate_ms            
0000754b  inv_get_accel_orient                    
00007557  inv_get_accel_on                        
00007561  inv_get_accel_bias                      
00007581  inv_get_accel_accuracy                  
00007667  inv_execute_on_data                     
000076e9  inv_enable_compass_soft_iron_matrix     
000076f1  inv_compass_was_turned_off              
00007701  inv_build_temp                          
0000772d  inv_build_quat                          
00007757  inv_build_gyro                          
0000777f  inv_build_compass                       
00007807  inv_build_accel                         
0000786b  inv_accel_was_turned_off                
000078a1  dmp_set_tap_time_multi                  
000078c1  dmp_set_tap_time                        
000078e1  dmp_set_tap_thresh                      
000079dd  dmp_set_tap_count                       
000079ff  dmp_set_tap_axes                        
00007a3f  dmp_set_shake_reject_timeout            
00007a5f  dmp_set_shake_reject_time               
00007a7f  dmp_set_shake_reject_thresh             
00007aaf  dmp_set_pedometer_walk_time             
00007adb  dmp_set_pedometer_step_count            
00007b01  dmp_set_orientation                     
00007c51  dmp_set_interrupt_mode                  
00007c93  dmp_set_gyro_bias                       
00007d55  dmp_set_fifo_rate                       
00007db5  dmp_set_accel_bias                      
00007ea1  dmp_register_tap_cb                     
00007eaf  dmp_register_android_orient_cb          
00007f0d  dmp_read_fifo                           
00008099  dmp_load_motion_driver_firmware         
000080ad  dmp_get_pedometer_walk_time             
000080ef  dmp_get_pedometer_step_count            
00008131  dmp_get_fifo_rate                       
0000813d  dmp_get_enabled_features                
00008149  dmp_enable_lp_quat                      
00008183  dmp_enable_gyro_cal                     
000081a7  dmp_enable_6x_lp_quat                   
000081e5  dmp_enable_feature                      
000083ad  I2CMasterDataGet                        
00008481  inv_start_quaternion                    
000085ed  inv_generate_gyro_quaternion            
000085f9  inv_set_quaternion                      
00008629  inv_generate_accel_gyro_quaternion      
00008dc1  inv_stop_quaternion                     
00008dcd  inv_init_quaternion                     
00008df1  inv_enable_quaternion                   
00008e09  inv_disable_quaternion                  
00008e29  __TI_printfi                            
00009887  __aeabi_idiv0                           
00009887  __aeabi_ldiv0                           
00009889  wait_until                              
00009899  send_msg                                
000098a9  delay_ms                                
000098b7  calibrate_lsm_gyro                      
00009973  get_ms                                  
000099b1  test_invensense                         
00009cc9  systick_int_handler                     
00009d7d  send_char                               
00009dc1  send                                    
00009df1  print_float                             
00009e4b  ConfigureUART                           
00009e87  enable_systick                          
00009e9f  main                                    
00009ec3  delay2                                  
00009f4f  delay                                   
00009f9d  UART0IntHandler                         
00009fdd  AP_send                                 
00009ffd  AP_send_msg                             
0000a011  AP_send_char                            
0000a095  I2CMasterDataPut                        
0000a099  inv_start_9x_sensor_fusion              
0000a0a9  inv_filter_correction_angle             
0000a299  inv_perform_9x_fusion                   
0000a6b5  inv_process_9x_sensor_fusion_cb         
0000a74d  inv_init_9x_fusion                      
0000a789  inv_9x_fusion_set_mag_fb                
0000a799  inv_9x_fusion_enable_jitter_reduction   
0000a7a9  inv_9x_fusion_use_timestamps            
0000a7b9  inv_stop_9x_sensor_fusion               
0000a7c5  inv_enable_9x_sensor_fusion             
0000a7e9  inv_disable_9x_sensor_fusion            
0000a7f9  __kernel_rem_pio2                       
0000af31  inv_start_magnetic_disturbance          
0000af41  inv_set_magnetic_disturbance            
0000af59  inv_init_magnetic_disturbance           
0000afa5  inv_stop_magnetic_disturbance           
0000afb1  inv_enable_magnetic_disturbance         
0000afdd  inv_disable_magnetic_disturbance        
0000aff5  inv_disable_dip_tracking                
0000b005  inv_enable_dip_tracking                 
0000b015  inv_track_dip_angle                     
0000b0ad  ComputeAngleVelocity                    
0000b10d  Mag3ofNormalizedLong                    
0000b161  MagDisturbSetDisturbance                
0000b1e1  MagDisturbCheckSettling                 
0000b239  inv_check_magnetic_disturbance          
0000b56d  inv_magnetic_disturbance_process        
0000b5a5  inv_get_magnetic_disturbance_state      
0000b5b1  mpu_open                                
0000b6df  mpu_get_outputs                         
0000b861  mpu_update                              
0000ba57  test_mpu                                
0000ba81  send_status_compass                     
0000bb21  mpu_get_rot_mat                         
0000bb61  mpu_get_euler                           
0000bbe1  cos                                     
0000bbe1  cosl                                    
0000bbe1  ml_cos                                  
0000c1bd  twosComp_16b                            
0000c1c9  twosComp_sensorData_16b                 
0000c1ef  to_signed_int_16                        
0000c1fb  to_signed_int_12                        
0000c215  init_imu_raw_data                       
0000c22b  gyro_read_all_data                      
0000c271  lsm9_accel_read_all_data                
0000c2b7  mag_read_all_data                       
0000c2fd  read_raw_imu_data                       
0000c381  read_scaled_imu_data                    
0000c51d  mag_write_reg                           
0000c533  mag_setup                               
0000c557  mag_set_scale                           
0000c59d  init_imu_scaledStruct                   
0000c5bd  gyro_write_reg                          
0000c5d9  gyro_setup                              
0000c611  gyro_set_scale                          
0000c643  accel_lsm9_write_reg                    
0000c659  accel_lsm9_setup                        
0000c667  accel_lsm9_set_scale                    
0000c6c5  init_imu                                
0000c767  get_disable_imu_sensor                  
0000c76f  disable_imu_sensor                      
0000c785  inv_stop_hal_outputs                    
0000c78b  inv_start_hal_outputs                   
0000c797  inv_init_hal_outputs                    
0000c7bb  inv_get_sensor_type_rotation_vector     
0000c973  inv_get_sensor_type_orientation         
0000c989  inv_get_sensor_type_magnetic_field      
0000c9bf  inv_get_sensor_type_linear_acceleration 
0000ca2f  inv_get_sensor_type_gyroscope_raw       
0000ca87  inv_get_sensor_type_gyroscope           
0000cae9  inv_get_sensor_type_gravity             
0000cb5d  inv_get_sensor_type_accelerometer       
0000cbbd  inv_generate_hal_outputs                
0000cd07  inv_enable_hal_outputs                  
0000cd15  inv_disable_hal_outputs                 
0000cd41  inv_start_gyro_tc                       
0000d1b9  inv_init_gyro_ts                        
0000d1f1  inv_set_gtc_max_temp                    
0000d201  inv_set_gtc_min_temp                    
0000d211  inv_set_gtc_min_diff                    
0000d221  inv_get_gyro_ts                         
0000d245  inv_set_gyro_ts                         
0000d249  inv_set_gtc_order                       
0000d261  inv_print_gtc_data                      
0000d265  inv_stop_gyro_tc                        
0000d271  inv_enable_gyro_tc                      
0000d2b1  inv_disable_gyro_tc                     
0000d2e1  inv_store_gaming_quaternion             
0000d2ff  inv_start_results_holder                
0000d311  inv_set_motion_state                    
0000d341  inv_set_mag_scale                       
0000d34d  inv_set_local_field                     
0000d359  inv_set_large_mag_field                 
0000d361  inv_set_heading_confidence_interval     
0000d36b  inv_set_compass_state                   
0000d373  inv_set_compass_correction              
0000d391  inv_set_compass_bias_found              
0000d399  inv_set_compass_bias_error              
0000d3a5  inv_set_accel_bias_found                
0000d3ad  inv_set_acc_state                       
0000d3b5  inv_init_results_holder                 
0000d3dd  inv_got_compass_bias                    
0000d3e5  inv_got_accel_bias                      
0000d3ed  inv_get_quaternion                      
0000d41d  inv_get_quaternion_set                  
0000d4f1  inv_get_quaternion_float                
0000d54d  inv_get_motion_state                    
0000d559  inv_get_mag_scale                       
0000d563  inv_get_local_field                     
0000d56d  inv_get_gravity                         
0000d5bf  inv_get_linear_accel                    
0000d605  inv_get_linear_accel_float              
0000d641  inv_get_large_mag_field                 
0000d647  inv_get_heading_confidence_interval     
0000d64f  inv_get_gyro_float                      
0000d68d  inv_get_compass_state                   
0000d693  inv_get_compass_correction              
0000d6a7  inv_get_compass_bias_error              
0000d6b1  inv_get_accel                           
0000d6c5  inv_get_accel_float                     
0000d701  inv_get_acc_state                       
0000d70d  inv_get_6axis_quaternion                
0000d71b  inv_generate_results                    
0000d729  inv_enable_results_holder               
0000d789  acos                                    
0000d789  acosl                                   
0000d789  ml_acos                                 
0000dba5  log                                     
0000dba5  logl                                    
0000dba5  ml_log                                  
0000df75  inv_get_sensor_type_rot_mat             
0000df95  inv_get_sensor_type_quat                
0000dfb5  inv_get_sensor_type_heading             
0000e053  inv_get_sensor_type_gyro                
0000e065  inv_get_sensor_type_euler               
0000e205  inv_get_sensor_type_compass             
0000e215  inv_get_sensor_type_accel               
0000e2cd  inv_enable_eMPL_outputs                 
0000e2ed  inv_disable_eMPL_outputs                
0000e321  UARTwrite                               
0000e361  UARTvprintf                             
0000e52d  UARTprintf                              
0000e547  UARTgets                                
0000e5cb  UARTgetc                                
0000e5e5  UARTStdioConfig                         
0000e671  eMPL_send_quat                          
0000e711  eMPL_send_data                          
0000e85d  _MLPrintLog                             
0000eb71  i2c_write_reg                           
0000ebc5  i2c_write_bytes                         
0000ec4d  i2c_read_bytes                          
0000ed07  i2c_common_setup                        
0000ed59  I2CReceive                              
0000ef9d  inv_save_mpl_states                     
0000f01b  inv_register_load_store                 
0000f0ab  inv_load_mpl_states                     
0000f135  inv_init_storage_manager                
0000f14b  inv_get_mpl_state_size                  
0000f161  __aeabi_dsub                            
0000f16b  __aeabi_dadd                            
0000f319  acosf                                   
0000f4ad  __kernel_sin                            
0000f621  asinf                                   
0000f791  __kernel_cos                            
0000f8fd  atan2f                                  
0000fa55  ml_sqrt                                 
0000fa55  sqrt                                    
0000fa55  sqrtl                                   
0000fbad  atanf                                   
0000fe39  __aeabi_ddiv                            
0000ff6f  GPIOPadConfigSet                        
000101c1  SysCtlClockGet                          
000102d1  ldexp                                   
000102d1  ldexpl                                  
000102d1  scalbn                                  
000102d1  scalbnl                                 
000103e1  __aeabi_dmul                            
000104dd  floor                                   
000104dd  floorl                                  
000104dd  ml_floor                                
000105d5  inv_start_mpl                           
00010601  inv_init_mpl                            
0001067f  inv_get_version                         
000106c9  cosf                                    
00010831  sinf                                    
000108d5  __aeabi_memcpy                          
000108d5  __aeabi_memcpy4                         
000108d5  __aeabi_memcpy8                         
000108d5  memcpy                                  
00010971  __aeabi_uldivmod                        
00010a09  inv_unregister_mpl_start_notification   
00010a49  inv_register_mpl_start_notification     
00010a65  inv_init_start_manager                  
00010a75  inv_execute_mpl_start_notification      
00010a9d  __aeabi_cdcmpeq                         
00010a9d  __aeabi_cdcmple                         
00010b23  __aeabi_cdrcmple                        
00010ba9  __aeabi_memclr                          
00010ba9  __aeabi_memclr4                         
00010ba9  __aeabi_memclr8                         
00010bab  __aeabi_memset                          
00010bab  __aeabi_memset4                         
00010bab  __aeabi_memset8                         
00010bb1  memset                                  
00010c91  __aeabi_d2f                             
00010cff  __aeabi_ldivmod                         
00010d6d  __aeabi_f2lz                            
00010dd9  __TI_decompress_lzss                    
00010e41  frexp                                   
00010e41  frexpl                                  
00010ea5  i2c_write_lsm                           
00010ec3  i2c_write                               
00010ee1  i2c_read_lsm                            
00010eef  i2c_read                                
00010f53  ltoa                                    
00010ff9  SysCtlPeripheralReset                   
00011049  I2CMasterInitExpClk                     
00011095  atoi                                    
000110e1  GPIOPinConfigure                        
00011129  __aeabi_d2iz                            
00011171  __aeabi_l2f                             
000111b9  __TI_auto_init_nobinit_nopinit          
000111fd  __aeabi_uidiv                           
000111fd  __aeabi_uidivmod                        
0001123d  sprintf                                 
000112bd  _c_int00_noargs                         
000112f5  __aeabi_f2d                             
0001132d  IntRegister                             
00011361  SysCtlPeripheralEnable                  
00011395  __aeabi_i2d                             
000113c3  GPIODirModeSet                          
000113ed  sqrtf                                   
00011415  vsprintf                                
0001143d  memcmp                                  
00011461  memmove                                 
00011485  inv_set_message                         
00011495  inv_get_message_level_0                 
000114a9  __aeabi_lasr                            
000114c9  SysTickIntRegister                      
000114e5  memccpy                                 
00011531  __aeabi_lmul                            
00011549  strchr                                  
00011561  SysTickEnable                           
00011575  SysTickIntEnable                        
00011589  copysign                                
00011589  copysignl                               
0001159d  strlen                                  
000115b1  GPIOPinTypeI2C                          
000115c3  GPIOPinTypeI2CSCL                       
000115d5  GPIOPinTypeUART                         
000115e7  wcslen                                  
000115f9  SysTickPeriodSet                        
00011609  __aeabi_dcmpeq                          
00011617  __aeabi_dcmpgt                          
00011625  __aeabi_dcmple                          
00011633  __aeabi_dcmplt                          
00011641  __TI_decompress_none                    
0001164f  __TI_zero_init                          
0001165b  ResetISR                                
00011667  I2CMasterEnable                         
00011685  I2CMasterBusy                           
0001168d  I2CMasterSlaveAddrSet                   
00011695  __aeabi_errno_addr                      
0001169d  SysCtlDelay                             
000116a3  UARTClockSourceSet                      
000116a9  _system_pre_init                        
000116ad  C$$EXIT                                 
000116ad  abort                                   
000122a8  sin_lookup                              
00012800  _ctypes_                                
00012a34  reg                                     
00012a60  test                                    
00012aa8  ml_ver                                  
00012aca  hw                                      
00012bc0  __TI_Handler_Table_Base                 
00012bcc  __TI_Handler_Table_Limit                
00012be0  __TI_CINIT_Base                         
00012bf8  __TI_CINIT_Limit                        
20000000  g_pfnRAMVectors                         
20000728  fnm                                     
20000b50  vc                                      
20001168  s9axis                                  
200012a0  cb                                      
20001388  cb_sim                                  
20001470  cb_test                                 
2000161c  mag_disturb                             
20001860  b                                       
200018c8  i                                       
200018cc  lsm_gx                                  
200018d0  lsm_gy                                  
200018d4  lsm_gz                                  
200018d8  lsm_mx                                  
200018dc  lsm_my                                  
200018e0  lsm_mz                                  
200018e8  __stack                                 
20001ae8  __STACK_TOP                             
200028e8  __STACK_END                             
20002944  compass_low_pass_filter_coeff           
20002978  gyro_offsets                            
20002984  lsm_mag_sensitivity_scale_factor        
20002990  lsm_magbias                             
200029b0  hal_timestamp                           
200029b4  mpl_key                                 
200029b8  data                                    
200029cc  errno                                   
ffffffff  __TI_pprof_out_hndl                     
ffffffff  __TI_prof_data_size                     
ffffffff  __TI_prof_data_start                    
ffffffff  __binit__                               
ffffffff  __c_args__                              
ffffffff  binit                                   
UNDEFED   __mpu_init                              
UNDEFED   _system_post_cinit                      

[599 symbols]
